Component: ARM Compiler 5.06 update 6 (build 750) Tool: armlink [4d35ed]

==============================================================================

Section Cross References

    main.o(i.main) refers to app.o(i.led_init) for led_init
    main.o(i.main) refers to thread.o(i.rt_thread_delay) for rt_thread_delay
    app.o(i.led_gpio_init) refers to stm32f10x_rcc.o(i.RCC_APB2PeriphClockCmd) for RCC_APB2PeriphClockCmd
    app.o(i.led_gpio_init) refers to stm32f10x_gpio.o(i.GPIO_SetBits) for GPIO_SetBits
    app.o(i.led_gpio_init) refers to stm32f10x_gpio.o(i.GPIO_Init) for GPIO_Init
    app.o(i.led_init) refers to app.o(i.led_gpio_init) for led_gpio_init
    app.o(i.led_init) refers to thread.o(i.rt_thread_create) for rt_thread_create
    app.o(i.led_init) refers to thread.o(i.rt_thread_startup) for rt_thread_startup
    app.o(i.led_init) refers to app.o(i.led_task) for led_task
    app.o(i.led_init) refers to app.o(.data) for .data
    app.o(i.led_task) refers to app.o(i.led_toggle) for led_toggle
    app.o(i.led_task) refers to thread.o(i.rt_thread_delay) for rt_thread_delay
    app.o(i.led_task) refers to kservice.o(i.rt_kprintf) for rt_kprintf
    board.o(i.finsh_device_init) refers to device.o(i.rt_device_find) for rt_device_find
    board.o(i.finsh_device_init) refers to kservice.o(i.rt_kprintf) for rt_kprintf
    board.o(i.rt_heap_begin_get) refers to board.o(.bss) for .bss
    board.o(i.rt_heap_end_get) refers to board.o(.bss) for .bss
    board.o(i.rt_hw_board_init) refers to delay.o(i.tim_tick_init) for tim_tick_init
    board.o(i.rt_hw_board_init) refers to components.o(i.rt_components_board_init) for rt_components_board_init
    board.o(i.rt_hw_board_init) refers to board.o(i.rt_heap_end_get) for rt_heap_end_get
    board.o(i.rt_hw_board_init) refers to board.o(i.rt_heap_begin_get) for rt_heap_begin_get
    board.o(i.rt_hw_board_init) refers to kservice.o(i.rt_system_heap_init) for rt_system_heap_init
    board.o(i.rt_hw_console_output) refers to kservice.o(i.rt_strlen) for rt_strlen
    board.o(i.rt_hw_console_output) refers to usart.o(i.USART_Send_Data) for USART_Send_Data
    board.o(i.rt_os_tick_callback) refers to irq.o(i.rt_interrupt_enter) for rt_interrupt_enter
    board.o(i.rt_os_tick_callback) refers to clock.o(i.rt_tick_increase) for rt_tick_increase
    board.o(i.rt_os_tick_callback) refers to irq.o(i.rt_interrupt_leave) for rt_interrupt_leave
    board.o(i.uart_init) refers to usart.o(i.USART1_Init) for USART1_Init
    board.o(.rti_fn.1) refers to board.o(i.uart_init) for uart_init
    board.o(.rti_fn.6) refers to board.o(i.finsh_device_init) for finsh_device_init
    delay.o(i.TIM3_IRQHandler) refers to stm32f10x_tim.o(i.TIM_GetITStatus) for TIM_GetITStatus
    delay.o(i.TIM3_IRQHandler) refers to stm32f10x_tim.o(i.TIM_ClearITPendingBit) for TIM_ClearITPendingBit
    delay.o(i.TIM3_IRQHandler) refers to board.o(i.rt_os_tick_callback) for rt_os_tick_callback
    delay.o(i.TIM3_IRQHandler) refers to delay.o(.data) for .data
    delay.o(i.function_address_passing) refers to delay.o(.data) for .data
    delay.o(i.tim_delay_ms) refers to delay.o(i.tim_now) for tim_now
    delay.o(i.tim_delay_us) refers to delay.o(i.tim_now) for tim_now
    delay.o(i.tim_get_ms) refers to delay.o(i.tim_now) for tim_now
    delay.o(i.tim_get_ms) refers to uldiv.o(.text) for __aeabi_uldivmod
    delay.o(i.tim_get_us) refers to delay.o(i.tim_now) for tim_now
    delay.o(i.tim_now) refers to stm32f10x_tim.o(i.TIM_GetCounter) for TIM_GetCounter
    delay.o(i.tim_now) refers to stm32f10x_tim.o(i.TIM_GetFlagStatus) for TIM_GetFlagStatus
    delay.o(i.tim_now) refers to delay.o(.data) for .data
    delay.o(i.tim_tick_init) refers to stm32f10x_rcc.o(i.RCC_APB1PeriphClockCmd) for RCC_APB1PeriphClockCmd
    delay.o(i.tim_tick_init) refers to stm32f10x_tim.o(i.TIM_TimeBaseInit) for TIM_TimeBaseInit
    delay.o(i.tim_tick_init) refers to stm32f10x_tim.o(i.TIM_ClearFlag) for TIM_ClearFlag
    delay.o(i.tim_tick_init) refers to stm32f10x_tim.o(i.TIM_ITConfig) for TIM_ITConfig
    delay.o(i.tim_tick_init) refers to misc.o(i.NVIC_PriorityGroupConfig) for NVIC_PriorityGroupConfig
    delay.o(i.tim_tick_init) refers to misc.o(i.NVIC_Init) for NVIC_Init
    delay.o(i.tim_tick_init) refers to stm32f10x_tim.o(i.TIM_Cmd) for TIM_Cmd
    usart.o(i.USART1_IO_Init) refers to stm32f10x_rcc.o(i.RCC_APB2PeriphClockCmd) for RCC_APB2PeriphClockCmd
    usart.o(i.USART1_IO_Init) refers to stm32f10x_gpio.o(i.GPIO_SetBits) for GPIO_SetBits
    usart.o(i.USART1_IO_Init) refers to stm32f10x_gpio.o(i.GPIO_Init) for GPIO_Init
    usart.o(i.USART1_IRQHandler) refers to irq.o(i.rt_interrupt_enter) for rt_interrupt_enter
    usart.o(i.USART1_IRQHandler) refers to stm32f10x_usart.o(i.USART_GetITStatus) for USART_GetITStatus
    usart.o(i.USART1_IRQHandler) refers to stm32f10x_usart.o(i.USART_ReceiveData) for USART_ReceiveData
    usart.o(i.USART1_IRQHandler) refers to irq.o(i.rt_interrupt_leave) for rt_interrupt_leave
    usart.o(i.USART1_IRQHandler) refers to usart.o(.bss) for .bss
    usart.o(i.USART1_IRQHandler) refers to usart.o(.data) for .data
    usart.o(i.USART1_Init) refers to usart.o(i.USART1_IO_Init) for USART1_IO_Init
    usart.o(i.USART1_Init) refers to usart.o(i.USART1_func_Init) for USART1_func_Init
    usart.o(i.USART1_func_Init) refers to stm32f10x_rcc.o(i.RCC_APB2PeriphClockCmd) for RCC_APB2PeriphClockCmd
    usart.o(i.USART1_func_Init) refers to stm32f10x_usart.o(i.USART_Init) for USART_Init
    usart.o(i.USART1_func_Init) refers to misc.o(i.NVIC_PriorityGroupConfig) for NVIC_PriorityGroupConfig
    usart.o(i.USART1_func_Init) refers to misc.o(i.NVIC_Init) for NVIC_Init
    usart.o(i.USART1_func_Init) refers to stm32f10x_usart.o(i.USART_ITConfig) for USART_ITConfig
    usart.o(i.USART1_func_Init) refers to stm32f10x_usart.o(i.USART_Cmd) for USART_Cmd
    usart.o(i.USART_Send_Data) refers to stm32f10x_usart.o(i.USART_GetFlagStatus) for USART_GetFlagStatus
    usart.o(i.USART_Send_Data) refers to stm32f10x_usart.o(i.USART_SendData) for USART_SendData
    usart.o(i.fputc) refers to stm32f10x_usart.o(i.USART_SendData) for USART_SendData
    usart.o(i.fputc) refers to stm32f10x_usart.o(i.USART_GetFlagStatus) for USART_GetFlagStatus
    usart.o(i.uart_device_register) refers to device.o(i.rt_device_create) for rt_device_create
    usart.o(i.uart_device_register) refers to device.o(i.rt_device_register) for rt_device_register
    usart.o(i.uart_device_register) refers to kservice.o(i.rt_kprintf) for rt_kprintf
    usart.o(i.uart_device_register) refers to usart.o(.data) for .data
    usart.o(i.uart_device_register) refers to usart.o(i.uart_device_init) for uart_device_init
    usart.o(i.uart_device_register) refers to usart.o(i.uart_read) for uart_read
    usart.o(i.uart_device_register) refers to usart.o(i.uart_write) for uart_write
    usart.o(i.uart_device_register) refers to usart.o(i.uart_control) for uart_control
    usart.o(i.uart_read) refers to usart.o(.data) for .data
    usart.o(i.uart_read) refers to usart.o(.bss) for .bss
    usart.o(i.uart_write) refers to usart.o(i.USART_Send_Data) for USART_Send_Data
    usart.o(.rti_fn.3) refers to usart.o(i.uart_device_register) for uart_device_register
    stm32f10x_adc.o(i.ADC_DeInit) refers to stm32f10x_rcc.o(i.RCC_APB2PeriphResetCmd) for RCC_APB2PeriphResetCmd
    stm32f10x_bkp.o(i.BKP_DeInit) refers to stm32f10x_rcc.o(i.RCC_BackupResetCmd) for RCC_BackupResetCmd
    stm32f10x_can.o(i.CAN_DeInit) refers to stm32f10x_rcc.o(i.RCC_APB1PeriphResetCmd) for RCC_APB1PeriphResetCmd
    stm32f10x_can.o(i.CAN_GetITStatus) refers to stm32f10x_can.o(i.CheckITStatus) for CheckITStatus
    stm32f10x_cec.o(i.CEC_DeInit) refers to stm32f10x_rcc.o(i.RCC_APB1PeriphResetCmd) for RCC_APB1PeriphResetCmd
    stm32f10x_dac.o(i.DAC_DeInit) refers to stm32f10x_rcc.o(i.RCC_APB1PeriphResetCmd) for RCC_APB1PeriphResetCmd
    stm32f10x_flash.o(i.FLASH_EnableWriteProtection) refers to stm32f10x_flash.o(i.FLASH_WaitForLastOperation) for FLASH_WaitForLastOperation
    stm32f10x_flash.o(i.FLASH_EraseAllBank1Pages) refers to stm32f10x_flash.o(i.FLASH_WaitForLastBank1Operation) for FLASH_WaitForLastBank1Operation
    stm32f10x_flash.o(i.FLASH_EraseAllPages) refers to stm32f10x_flash.o(i.FLASH_WaitForLastOperation) for FLASH_WaitForLastOperation
    stm32f10x_flash.o(i.FLASH_EraseOptionBytes) refers to stm32f10x_flash.o(i.FLASH_GetReadOutProtectionStatus) for FLASH_GetReadOutProtectionStatus
    stm32f10x_flash.o(i.FLASH_EraseOptionBytes) refers to stm32f10x_flash.o(i.FLASH_WaitForLastOperation) for FLASH_WaitForLastOperation
    stm32f10x_flash.o(i.FLASH_ErasePage) refers to stm32f10x_flash.o(i.FLASH_WaitForLastOperation) for FLASH_WaitForLastOperation
    stm32f10x_flash.o(i.FLASH_ProgramHalfWord) refers to stm32f10x_flash.o(i.FLASH_WaitForLastOperation) for FLASH_WaitForLastOperation
    stm32f10x_flash.o(i.FLASH_ProgramOptionByteData) refers to stm32f10x_flash.o(i.FLASH_WaitForLastOperation) for FLASH_WaitForLastOperation
    stm32f10x_flash.o(i.FLASH_ProgramWord) refers to stm32f10x_flash.o(i.FLASH_WaitForLastOperation) for FLASH_WaitForLastOperation
    stm32f10x_flash.o(i.FLASH_ReadOutProtection) refers to stm32f10x_flash.o(i.FLASH_WaitForLastOperation) for FLASH_WaitForLastOperation
    stm32f10x_flash.o(i.FLASH_UserOptionByteConfig) refers to stm32f10x_flash.o(i.FLASH_WaitForLastOperation) for FLASH_WaitForLastOperation
    stm32f10x_flash.o(i.FLASH_WaitForLastBank1Operation) refers to stm32f10x_flash.o(i.FLASH_GetBank1Status) for FLASH_GetBank1Status
    stm32f10x_flash.o(i.FLASH_WaitForLastOperation) refers to stm32f10x_flash.o(i.FLASH_GetBank1Status) for FLASH_GetBank1Status
    stm32f10x_gpio.o(i.GPIO_AFIODeInit) refers to stm32f10x_rcc.o(i.RCC_APB2PeriphResetCmd) for RCC_APB2PeriphResetCmd
    stm32f10x_gpio.o(i.GPIO_DeInit) refers to stm32f10x_rcc.o(i.RCC_APB2PeriphResetCmd) for RCC_APB2PeriphResetCmd
    stm32f10x_i2c.o(i.I2C_DeInit) refers to stm32f10x_rcc.o(i.RCC_APB1PeriphResetCmd) for RCC_APB1PeriphResetCmd
    stm32f10x_i2c.o(i.I2C_Init) refers to stm32f10x_rcc.o(i.RCC_GetClocksFreq) for RCC_GetClocksFreq
    stm32f10x_pwr.o(i.PWR_DeInit) refers to stm32f10x_rcc.o(i.RCC_APB1PeriphResetCmd) for RCC_APB1PeriphResetCmd
    stm32f10x_rcc.o(i.RCC_GetClocksFreq) refers to stm32f10x_rcc.o(.data) for .data
    stm32f10x_rcc.o(i.RCC_WaitForHSEStartUp) refers to stm32f10x_rcc.o(i.RCC_GetFlagStatus) for RCC_GetFlagStatus
    stm32f10x_rtc.o(i.RTC_SetAlarm) refers to stm32f10x_rtc.o(i.RTC_EnterConfigMode) for RTC_EnterConfigMode
    stm32f10x_rtc.o(i.RTC_SetAlarm) refers to stm32f10x_rtc.o(i.RTC_ExitConfigMode) for RTC_ExitConfigMode
    stm32f10x_rtc.o(i.RTC_SetCounter) refers to stm32f10x_rtc.o(i.RTC_EnterConfigMode) for RTC_EnterConfigMode
    stm32f10x_rtc.o(i.RTC_SetCounter) refers to stm32f10x_rtc.o(i.RTC_ExitConfigMode) for RTC_ExitConfigMode
    stm32f10x_rtc.o(i.RTC_SetPrescaler) refers to stm32f10x_rtc.o(i.RTC_EnterConfigMode) for RTC_EnterConfigMode
    stm32f10x_rtc.o(i.RTC_SetPrescaler) refers to stm32f10x_rtc.o(i.RTC_ExitConfigMode) for RTC_ExitConfigMode
    stm32f10x_spi.o(i.I2S_Init) refers to stm32f10x_rcc.o(i.RCC_GetClocksFreq) for RCC_GetClocksFreq
    stm32f10x_spi.o(i.SPI_I2S_DeInit) refers to stm32f10x_rcc.o(i.RCC_APB2PeriphResetCmd) for RCC_APB2PeriphResetCmd
    stm32f10x_spi.o(i.SPI_I2S_DeInit) refers to stm32f10x_rcc.o(i.RCC_APB1PeriphResetCmd) for RCC_APB1PeriphResetCmd
    stm32f10x_tim.o(i.TIM_DeInit) refers to stm32f10x_rcc.o(i.RCC_APB2PeriphResetCmd) for RCC_APB2PeriphResetCmd
    stm32f10x_tim.o(i.TIM_DeInit) refers to stm32f10x_rcc.o(i.RCC_APB1PeriphResetCmd) for RCC_APB1PeriphResetCmd
    stm32f10x_tim.o(i.TIM_ETRClockMode1Config) refers to stm32f10x_tim.o(i.TIM_ETRConfig) for TIM_ETRConfig
    stm32f10x_tim.o(i.TIM_ETRClockMode2Config) refers to stm32f10x_tim.o(i.TIM_ETRConfig) for TIM_ETRConfig
    stm32f10x_tim.o(i.TIM_ICInit) refers to stm32f10x_tim.o(i.TI4_Config) for TI4_Config
    stm32f10x_tim.o(i.TIM_ICInit) refers to stm32f10x_tim.o(i.TIM_SetIC4Prescaler) for TIM_SetIC4Prescaler
    stm32f10x_tim.o(i.TIM_ICInit) refers to stm32f10x_tim.o(i.TI1_Config) for TI1_Config
    stm32f10x_tim.o(i.TIM_ICInit) refers to stm32f10x_tim.o(i.TIM_SetIC1Prescaler) for TIM_SetIC1Prescaler
    stm32f10x_tim.o(i.TIM_ICInit) refers to stm32f10x_tim.o(i.TI2_Config) for TI2_Config
    stm32f10x_tim.o(i.TIM_ICInit) refers to stm32f10x_tim.o(i.TIM_SetIC2Prescaler) for TIM_SetIC2Prescaler
    stm32f10x_tim.o(i.TIM_ICInit) refers to stm32f10x_tim.o(i.TI3_Config) for TI3_Config
    stm32f10x_tim.o(i.TIM_ICInit) refers to stm32f10x_tim.o(i.TIM_SetIC3Prescaler) for TIM_SetIC3Prescaler
    stm32f10x_tim.o(i.TIM_ITRxExternalClockConfig) refers to stm32f10x_tim.o(i.TIM_SelectInputTrigger) for TIM_SelectInputTrigger
    stm32f10x_tim.o(i.TIM_PWMIConfig) refers to stm32f10x_tim.o(i.TI2_Config) for TI2_Config
    stm32f10x_tim.o(i.TIM_PWMIConfig) refers to stm32f10x_tim.o(i.TIM_SetIC2Prescaler) for TIM_SetIC2Prescaler
    stm32f10x_tim.o(i.TIM_PWMIConfig) refers to stm32f10x_tim.o(i.TI1_Config) for TI1_Config
    stm32f10x_tim.o(i.TIM_PWMIConfig) refers to stm32f10x_tim.o(i.TIM_SetIC1Prescaler) for TIM_SetIC1Prescaler
    stm32f10x_tim.o(i.TIM_TIxExternalClockConfig) refers to stm32f10x_tim.o(i.TI1_Config) for TI1_Config
    stm32f10x_tim.o(i.TIM_TIxExternalClockConfig) refers to stm32f10x_tim.o(i.TIM_SelectInputTrigger) for TIM_SelectInputTrigger
    stm32f10x_tim.o(i.TIM_TIxExternalClockConfig) refers to stm32f10x_tim.o(i.TI2_Config) for TI2_Config
    stm32f10x_usart.o(i.USART_DeInit) refers to stm32f10x_rcc.o(i.RCC_APB2PeriphResetCmd) for RCC_APB2PeriphResetCmd
    stm32f10x_usart.o(i.USART_DeInit) refers to stm32f10x_rcc.o(i.RCC_APB1PeriphResetCmd) for RCC_APB1PeriphResetCmd
    stm32f10x_usart.o(i.USART_Init) refers to stm32f10x_rcc.o(i.RCC_GetClocksFreq) for RCC_GetClocksFreq
    stm32f10x_wwdg.o(i.WWDG_DeInit) refers to stm32f10x_rcc.o(i.RCC_APB1PeriphResetCmd) for RCC_APB1PeriphResetCmd
    startup_stm32f10x_md.o(RESET) refers to startup_stm32f10x_md.o(STACK) for __initial_sp
    startup_stm32f10x_md.o(RESET) refers to startup_stm32f10x_md.o(.text) for Reset_Handler
    startup_stm32f10x_md.o(RESET) refers to stm32f10x_it.o(i.NMI_Handler) for NMI_Handler
    startup_stm32f10x_md.o(RESET) refers to context_rvds.o(.text) for HardFault_Handler
    startup_stm32f10x_md.o(RESET) refers to stm32f10x_it.o(i.MemManage_Handler) for MemManage_Handler
    startup_stm32f10x_md.o(RESET) refers to stm32f10x_it.o(i.BusFault_Handler) for BusFault_Handler
    startup_stm32f10x_md.o(RESET) refers to stm32f10x_it.o(i.UsageFault_Handler) for UsageFault_Handler
    startup_stm32f10x_md.o(RESET) refers to stm32f10x_it.o(i.DebugMon_Handler) for DebugMon_Handler
    startup_stm32f10x_md.o(RESET) refers to delay.o(i.TIM3_IRQHandler) for TIM3_IRQHandler
    startup_stm32f10x_md.o(RESET) refers to usart.o(i.USART1_IRQHandler) for USART1_IRQHandler
    startup_stm32f10x_md.o(.text) refers to system_stm32f10x.o(i.SystemInit) for SystemInit
    startup_stm32f10x_md.o(.text) refers to entry.o(.ARM.Collect$$$$00000000) for __main
    system_stm32f10x.o(i.SetSysClock) refers to system_stm32f10x.o(i.SetSysClockTo72) for SetSysClockTo72
    system_stm32f10x.o(i.SystemCoreClockUpdate) refers to system_stm32f10x.o(.data) for .data
    system_stm32f10x.o(i.SystemInit) refers to system_stm32f10x.o(i.SetSysClock) for SetSysClock
    clock.o(i.rt_tick_get) refers to clock.o(.data) for .data
    clock.o(i.rt_tick_get_millisecond) refers to clock.o(i.rt_tick_get) for rt_tick_get
    clock.o(i.rt_tick_increase) refers to context_rvds.o(.text) for rt_hw_interrupt_disable
    clock.o(i.rt_tick_increase) refers to thread.o(i.rt_thread_self) for rt_thread_self
    clock.o(i.rt_tick_increase) refers to timer.o(i.rt_timer_check) for rt_timer_check
    clock.o(i.rt_tick_increase) refers to scheduler.o(i.rt_schedule) for rt_schedule
    clock.o(i.rt_tick_increase) refers to clock.o(.data) for .data
    clock.o(i.rt_tick_set) refers to context_rvds.o(.text) for rt_hw_interrupt_disable
    clock.o(i.rt_tick_set) refers to clock.o(.data) for .data
    components.o(i.$Sub$$main) refers to components.o(i.rtthread_startup) for rtthread_startup
    components.o(i.main_thread_entry) refers to components.o(i.rt_components_init) for rt_components_init
    components.o(i.main_thread_entry) refers to main.o(i.main) for $Super$$main
    components.o(i.rt_application_init) refers to thread.o(i.rt_thread_create) for rt_thread_create
    components.o(i.rt_application_init) refers to thread.o(i.rt_thread_startup) for rt_thread_startup
    components.o(i.rt_application_init) refers to components.o(i.main_thread_entry) for main_thread_entry
    components.o(i.rt_components_board_init) refers to components.o(.rti_fn.0.end) for .rti_fn.0.end
    components.o(i.rt_components_board_init) refers to components.o(.rti_fn.1.end) for .rti_fn.1.end
    components.o(i.rt_components_init) refers to components.o(.rti_fn.1.end) for .rti_fn.1.end
    components.o(i.rt_components_init) refers to components.o(.rti_fn.6.end) for .rti_fn.6.end
    components.o(i.rtthread_startup) refers to context_rvds.o(.text) for rt_hw_interrupt_disable
    components.o(i.rtthread_startup) refers to board.o(i.rt_hw_board_init) for rt_hw_board_init
    components.o(i.rtthread_startup) refers to kservice.o(i.rt_show_version) for rt_show_version
    components.o(i.rtthread_startup) refers to timer.o(i.rt_system_timer_init) for rt_system_timer_init
    components.o(i.rtthread_startup) refers to scheduler.o(i.rt_system_scheduler_init) for rt_system_scheduler_init
    components.o(i.rtthread_startup) refers to components.o(i.rt_application_init) for rt_application_init
    components.o(i.rtthread_startup) refers to timer.o(i.rt_system_timer_thread_init) for rt_system_timer_thread_init
    components.o(i.rtthread_startup) refers to idle.o(i.rt_thread_idle_init) for rt_thread_idle_init
    components.o(i.rtthread_startup) refers to scheduler.o(i.rt_system_scheduler_start) for rt_system_scheduler_start
    components.o(.rti_fn.0) refers to components.o(i.rti_start) for rti_start
    components.o(.rti_fn.0.end) refers to components.o(i.rti_board_start) for rti_board_start
    components.o(.rti_fn.1.end) refers to components.o(i.rti_board_end) for rti_board_end
    components.o(.rti_fn.6.end) refers to components.o(i.rti_end) for rti_end
    device.o(i.rt_device_create) refers to kservice.o(i.rt_malloc) for rt_malloc
    device.o(i.rt_device_create) refers to kservice.o(i.rt_memset) for rt_memset
    device.o(i.rt_device_destroy) refers to object.o(i.rt_object_detach) for rt_object_detach
    device.o(i.rt_device_destroy) refers to kservice.o(i.rt_free) for rt_free
    device.o(i.rt_device_find) refers to object.o(i.rt_object_find) for rt_object_find
    device.o(i.rt_device_read) refers to kservice.o(i.rt_set_errno) for rt_set_errno
    device.o(i.rt_device_register) refers to device.o(i.rt_device_find) for rt_device_find
    device.o(i.rt_device_register) refers to object.o(i.rt_object_init) for rt_object_init
    device.o(i.rt_device_unregister) refers to object.o(i.rt_object_detach) for rt_object_detach
    device.o(i.rt_device_write) refers to kservice.o(i.rt_set_errno) for rt_set_errno
    idle.o(i.rt_defunct_execute) refers to object.o(i.rt_object_is_systemobject) for rt_object_is_systemobject
    idle.o(i.rt_defunct_execute) refers to object.o(i.rt_object_detach) for rt_object_detach
    idle.o(i.rt_defunct_execute) refers to kservice.o(i.rt_free) for rt_free
    idle.o(i.rt_defunct_execute) refers to object.o(i.rt_object_delete) for rt_object_delete
    idle.o(i.rt_defunct_execute) refers to idle.o(i.rt_thread_defunct_dequeue) for rt_thread_defunct_dequeue
    idle.o(i.rt_thread_defunct_dequeue) refers to context_rvds.o(.text) for rt_hw_interrupt_disable
    idle.o(i.rt_thread_defunct_dequeue) refers to idle.o(.data) for .data
    idle.o(i.rt_thread_defunct_enqueue) refers to idle.o(.data) for .data
    idle.o(i.rt_thread_idle_entry) refers to idle.o(i.rt_defunct_execute) for rt_defunct_execute
    idle.o(i.rt_thread_idle_gethandler) refers to idle.o(.bss) for .bss
    idle.o(i.rt_thread_idle_init) refers to kservice.o(i.rt_sprintf) for rt_sprintf
    idle.o(i.rt_thread_idle_init) refers to thread.o(i.rt_thread_init) for rt_thread_init
    idle.o(i.rt_thread_idle_init) refers to thread.o(i.rt_thread_startup) for rt_thread_startup
    idle.o(i.rt_thread_idle_init) refers to idle.o(.bss) for .bss
    idle.o(i.rt_thread_idle_init) refers to idle.o(i.rt_thread_idle_entry) for rt_thread_idle_entry
    ipc.o(i._ipc_list_resume) refers to thread.o(i.rt_thread_resume) for rt_thread_resume
    ipc.o(i._ipc_list_resume_all) refers to context_rvds.o(.text) for rt_hw_interrupt_disable
    ipc.o(i._ipc_list_resume_all) refers to thread.o(i.rt_thread_resume) for rt_thread_resume
    ipc.o(i._ipc_list_resume_all) refers to ipc.o(i.rt_list_isempty) for rt_list_isempty
    ipc.o(i._ipc_list_suspend) refers to thread.o(i.rt_thread_suspend) for rt_thread_suspend
    ipc.o(i._ipc_list_suspend) refers to ipc.o(i.rt_list_insert_before) for rt_list_insert_before
    ipc.o(i.rt_mb_control) refers to context_rvds.o(.text) for rt_hw_interrupt_disable
    ipc.o(i.rt_mb_control) refers to ipc.o(i._ipc_list_resume_all) for _ipc_list_resume_all
    ipc.o(i.rt_mb_control) refers to scheduler.o(i.rt_schedule) for rt_schedule
    ipc.o(i.rt_mb_create) refers to object.o(i.rt_object_allocate) for rt_object_allocate
    ipc.o(i.rt_mb_create) refers to kservice.o(i.rt_malloc) for rt_malloc
    ipc.o(i.rt_mb_create) refers to object.o(i.rt_object_delete) for rt_object_delete
    ipc.o(i.rt_mb_delete) refers to ipc.o(i._ipc_list_resume_all) for _ipc_list_resume_all
    ipc.o(i.rt_mb_delete) refers to kservice.o(i.rt_free) for rt_free
    ipc.o(i.rt_mb_delete) refers to object.o(i.rt_object_delete) for rt_object_delete
    ipc.o(i.rt_mb_detach) refers to ipc.o(i._ipc_list_resume_all) for _ipc_list_resume_all
    ipc.o(i.rt_mb_detach) refers to object.o(i.rt_object_detach) for rt_object_detach
    ipc.o(i.rt_mb_init) refers to object.o(i.rt_object_init) for rt_object_init
    ipc.o(i.rt_mb_recv) refers to thread.o(i.rt_thread_self) for rt_thread_self
    ipc.o(i.rt_mb_recv) refers to context_rvds.o(.text) for rt_hw_interrupt_disable
    ipc.o(i.rt_mb_recv) refers to ipc.o(i._ipc_list_suspend) for _ipc_list_suspend
    ipc.o(i.rt_mb_recv) refers to clock.o(i.rt_tick_get) for rt_tick_get
    ipc.o(i.rt_mb_recv) refers to timer.o(i.rt_timer_control) for rt_timer_control
    ipc.o(i.rt_mb_recv) refers to timer.o(i.rt_timer_start) for rt_timer_start
    ipc.o(i.rt_mb_recv) refers to scheduler.o(i.rt_schedule) for rt_schedule
    ipc.o(i.rt_mb_recv) refers to ipc.o(i.rt_list_isempty) for rt_list_isempty
    ipc.o(i.rt_mb_recv) refers to ipc.o(i._ipc_list_resume) for _ipc_list_resume
    ipc.o(i.rt_mb_send) refers to ipc.o(i.rt_mb_send_wait) for rt_mb_send_wait
    ipc.o(i.rt_mb_send_wait) refers to thread.o(i.rt_thread_self) for rt_thread_self
    ipc.o(i.rt_mb_send_wait) refers to context_rvds.o(.text) for rt_hw_interrupt_disable
    ipc.o(i.rt_mb_send_wait) refers to ipc.o(i._ipc_list_suspend) for _ipc_list_suspend
    ipc.o(i.rt_mb_send_wait) refers to clock.o(i.rt_tick_get) for rt_tick_get
    ipc.o(i.rt_mb_send_wait) refers to timer.o(i.rt_timer_control) for rt_timer_control
    ipc.o(i.rt_mb_send_wait) refers to timer.o(i.rt_timer_start) for rt_timer_start
    ipc.o(i.rt_mb_send_wait) refers to scheduler.o(i.rt_schedule) for rt_schedule
    ipc.o(i.rt_mb_send_wait) refers to ipc.o(i.rt_list_isempty) for rt_list_isempty
    ipc.o(i.rt_mb_send_wait) refers to ipc.o(i._ipc_list_resume) for _ipc_list_resume
    ipc.o(i.rt_mb_urgent) refers to context_rvds.o(.text) for rt_hw_interrupt_disable
    ipc.o(i.rt_mb_urgent) refers to ipc.o(i.rt_list_isempty) for rt_list_isempty
    ipc.o(i.rt_mb_urgent) refers to ipc.o(i._ipc_list_resume) for _ipc_list_resume
    ipc.o(i.rt_mb_urgent) refers to scheduler.o(i.rt_schedule) for rt_schedule
    ipc.o(i.rt_sem_control) refers to context_rvds.o(.text) for rt_hw_interrupt_disable
    ipc.o(i.rt_sem_control) refers to ipc.o(i._ipc_list_resume_all) for _ipc_list_resume_all
    ipc.o(i.rt_sem_control) refers to scheduler.o(i.rt_schedule) for rt_schedule
    ipc.o(i.rt_sem_create) refers to object.o(i.rt_object_allocate) for rt_object_allocate
    ipc.o(i.rt_sem_delete) refers to ipc.o(i._ipc_list_resume_all) for _ipc_list_resume_all
    ipc.o(i.rt_sem_delete) refers to object.o(i.rt_object_delete) for rt_object_delete
    ipc.o(i.rt_sem_detach) refers to ipc.o(i._ipc_list_resume_all) for _ipc_list_resume_all
    ipc.o(i.rt_sem_detach) refers to object.o(i.rt_object_detach) for rt_object_detach
    ipc.o(i.rt_sem_init) refers to object.o(i.rt_object_init) for rt_object_init
    ipc.o(i.rt_sem_release) refers to context_rvds.o(.text) for rt_hw_interrupt_disable
    ipc.o(i.rt_sem_release) refers to ipc.o(i.rt_list_isempty) for rt_list_isempty
    ipc.o(i.rt_sem_release) refers to ipc.o(i._ipc_list_resume) for _ipc_list_resume
    ipc.o(i.rt_sem_release) refers to scheduler.o(i.rt_schedule) for rt_schedule
    ipc.o(i.rt_sem_take) refers to context_rvds.o(.text) for rt_hw_interrupt_disable
    ipc.o(i.rt_sem_take) refers to thread.o(i.rt_thread_self) for rt_thread_self
    ipc.o(i.rt_sem_take) refers to ipc.o(i._ipc_list_suspend) for _ipc_list_suspend
    ipc.o(i.rt_sem_take) refers to timer.o(i.rt_timer_control) for rt_timer_control
    ipc.o(i.rt_sem_take) refers to timer.o(i.rt_timer_start) for rt_timer_start
    ipc.o(i.rt_sem_take) refers to scheduler.o(i.rt_schedule) for rt_schedule
    ipc.o(i.rt_sem_trytake) refers to ipc.o(i.rt_sem_take) for rt_sem_take
    irq.o(i.rt_interrupt_enter) refers to context_rvds.o(.text) for rt_hw_interrupt_disable
    irq.o(i.rt_interrupt_enter) refers to irq.o(.data) for .data
    irq.o(i.rt_interrupt_get_nest) refers to context_rvds.o(.text) for rt_hw_interrupt_disable
    irq.o(i.rt_interrupt_get_nest) refers to irq.o(.data) for .data
    irq.o(i.rt_interrupt_leave) refers to context_rvds.o(.text) for rt_hw_interrupt_disable
    irq.o(i.rt_interrupt_leave) refers to irq.o(.data) for .data
    kservice.o(i.__rt_ffs) refers to kservice.o(.constdata) for .constdata
    kservice.o(i._rt_errno) refers to irq.o(i.rt_interrupt_get_nest) for rt_interrupt_get_nest
    kservice.o(i._rt_errno) refers to thread.o(i.rt_thread_self) for rt_thread_self
    kservice.o(i._rt_errno) refers to kservice.o(.data) for .data
    kservice.o(i.print_number) refers to kservice.o(.constdata) for .constdata
    kservice.o(i.rt_calloc) refers to kservice.o(i.rt_malloc) for rt_malloc
    kservice.o(i.rt_calloc) refers to kservice.o(i.rt_memset) for rt_memset
    kservice.o(i.rt_console_get_device) refers to kservice.o(.data) for .data
    kservice.o(i.rt_console_set_device) refers to device.o(i.rt_device_find) for rt_device_find
    kservice.o(i.rt_console_set_device) refers to device.o(i.rt_device_close) for rt_device_close
    kservice.o(i.rt_console_set_device) refers to device.o(i.rt_device_open) for rt_device_open
    kservice.o(i.rt_console_set_device) refers to kservice.o(.data) for .data
    kservice.o(i.rt_free) refers to scheduler.o(i.rt_enter_critical) for rt_enter_critical
    kservice.o(i.rt_free) refers to mem.o(i.rt_smem_free) for rt_smem_free
    kservice.o(i.rt_free) refers to scheduler.o(i.rt_exit_critical) for rt_exit_critical
    kservice.o(i.rt_free_align) refers to kservice.o(i.rt_free) for rt_free
    kservice.o(i.rt_get_errno) refers to irq.o(i.rt_interrupt_get_nest) for rt_interrupt_get_nest
    kservice.o(i.rt_get_errno) refers to thread.o(i.rt_thread_self) for rt_thread_self
    kservice.o(i.rt_get_errno) refers to kservice.o(.data) for .data
    kservice.o(i.rt_kprintf) refers to kservice.o(i.rt_vsnprintf) for rt_vsnprintf
    kservice.o(i.rt_kprintf) refers to device.o(i.rt_device_write) for rt_device_write
    kservice.o(i.rt_kprintf) refers to board.o(i.rt_hw_console_output) for rt_hw_console_output
    kservice.o(i.rt_kprintf) refers to kservice.o(.bss) for .bss
    kservice.o(i.rt_kprintf) refers to kservice.o(.data) for .data
    kservice.o(i.rt_kputs) refers to kservice.o(i.rt_strlen) for rt_strlen
    kservice.o(i.rt_kputs) refers to device.o(i.rt_device_write) for rt_device_write
    kservice.o(i.rt_kputs) refers to board.o(i.rt_hw_console_output) for rt_hw_console_output
    kservice.o(i.rt_kputs) refers to kservice.o(.data) for .data
    kservice.o(i.rt_malloc) refers to scheduler.o(i.rt_enter_critical) for rt_enter_critical
    kservice.o(i.rt_malloc) refers to mem.o(i.rt_smem_alloc) for rt_smem_alloc
    kservice.o(i.rt_malloc) refers to scheduler.o(i.rt_exit_critical) for rt_exit_critical
    kservice.o(i.rt_malloc) refers to kservice.o(.data) for .data
    kservice.o(i.rt_malloc_align) refers to kservice.o(i.rt_malloc) for rt_malloc
    kservice.o(i.rt_memory_info) refers to scheduler.o(i.rt_enter_critical) for rt_enter_critical
    kservice.o(i.rt_memory_info) refers to scheduler.o(i.rt_exit_critical) for rt_exit_critical
    kservice.o(i.rt_memory_info) refers to kservice.o(.data) for .data
    kservice.o(i.rt_realloc) refers to scheduler.o(i.rt_enter_critical) for rt_enter_critical
    kservice.o(i.rt_realloc) refers to mem.o(i.rt_smem_realloc) for rt_smem_realloc
    kservice.o(i.rt_realloc) refers to scheduler.o(i.rt_exit_critical) for rt_exit_critical
    kservice.o(i.rt_realloc) refers to kservice.o(.data) for .data
    kservice.o(i.rt_set_errno) refers to irq.o(i.rt_interrupt_get_nest) for rt_interrupt_get_nest
    kservice.o(i.rt_set_errno) refers to thread.o(i.rt_thread_self) for rt_thread_self
    kservice.o(i.rt_set_errno) refers to kservice.o(.data) for .data
    kservice.o(i.rt_show_version) refers to kservice.o(i.rt_kprintf) for rt_kprintf
    kservice.o(i.rt_snprintf) refers to kservice.o(i.rt_vsnprintf) for rt_vsnprintf
    kservice.o(i.rt_sprintf) refers to kservice.o(i.rt_vsprintf) for rt_vsprintf
    kservice.o(i.rt_strdup) refers to kservice.o(i.rt_strlen) for rt_strlen
    kservice.o(i.rt_strdup) refers to kservice.o(i.rt_malloc) for rt_malloc
    kservice.o(i.rt_strdup) refers to kservice.o(i.rt_memcpy) for rt_memcpy
    kservice.o(i.rt_strerror) refers to kservice.o(.data) for .data
    kservice.o(i.rt_strstr) refers to kservice.o(i.rt_strlen) for rt_strlen
    kservice.o(i.rt_strstr) refers to kservice.o(i.rt_memcmp) for rt_memcmp
    kservice.o(i.rt_system_heap_init) refers to mem.o(i.rt_smem_init) for rt_smem_init
    kservice.o(i.rt_system_heap_init) refers to kservice.o(.data) for .data
    kservice.o(i.rt_vsnprintf) refers to kservice.o(i.skip_atoi) for skip_atoi
    kservice.o(i.rt_vsnprintf) refers to kservice.o(i.print_number) for print_number
    kservice.o(i.rt_vsprintf) refers to kservice.o(i.rt_vsnprintf) for rt_vsnprintf
    kservice.o(.data) refers to kservice.o(.conststring) for .conststring
    mem.o(i.rt_smem_detach) refers to object.o(i.rt_object_detach) for rt_object_detach
    mem.o(i.rt_smem_free) refers to mem.o(i.plug_holes) for plug_holes
    mem.o(i.rt_smem_init) refers to kservice.o(i.rt_memset) for rt_memset
    mem.o(i.rt_smem_init) refers to object.o(i.rt_object_init) for rt_object_init
    mem.o(i.rt_smem_init) refers to kservice.o(i.rt_kprintf) for rt_kprintf
    mem.o(i.rt_smem_realloc) refers to mem.o(i.rt_smem_free) for rt_smem_free
    mem.o(i.rt_smem_realloc) refers to mem.o(i.rt_smem_alloc) for rt_smem_alloc
    mem.o(i.rt_smem_realloc) refers to mem.o(i.plug_holes) for plug_holes
    mem.o(i.rt_smem_realloc) refers to kservice.o(i.rt_memcpy) for rt_memcpy
    object.o(i.rt_object_allocate) refers to object.o(i.rt_object_get_information) for rt_object_get_information
    object.o(i.rt_object_allocate) refers to kservice.o(i.rt_malloc) for rt_malloc
    object.o(i.rt_object_allocate) refers to kservice.o(i.rt_memset) for rt_memset
    object.o(i.rt_object_allocate) refers to kservice.o(i.rt_strncpy) for rt_strncpy
    object.o(i.rt_object_allocate) refers to context_rvds.o(.text) for rt_hw_interrupt_disable
    object.o(i.rt_object_allocate) refers to object.o(i.rt_list_insert_after) for rt_list_insert_after
    object.o(i.rt_object_delete) refers to context_rvds.o(.text) for rt_hw_interrupt_disable
    object.o(i.rt_object_delete) refers to object.o(i.rt_list_remove) for rt_list_remove
    object.o(i.rt_object_delete) refers to kservice.o(i.rt_free) for rt_free
    object.o(i.rt_object_detach) refers to context_rvds.o(.text) for rt_hw_interrupt_disable
    object.o(i.rt_object_detach) refers to object.o(i.rt_list_remove) for rt_list_remove
    object.o(i.rt_object_find) refers to object.o(i.rt_object_get_information) for rt_object_get_information
    object.o(i.rt_object_find) refers to scheduler.o(i.rt_enter_critical) for rt_enter_critical
    object.o(i.rt_object_find) refers to kservice.o(i.rt_strncmp) for rt_strncmp
    object.o(i.rt_object_find) refers to scheduler.o(i.rt_exit_critical) for rt_exit_critical
    object.o(i.rt_object_get_information) refers to object.o(.data) for .data
    object.o(i.rt_object_get_length) refers to object.o(i.rt_object_get_information) for rt_object_get_information
    object.o(i.rt_object_get_length) refers to context_rvds.o(.text) for rt_hw_interrupt_disable
    object.o(i.rt_object_get_pointers) refers to object.o(i.rt_object_get_information) for rt_object_get_information
    object.o(i.rt_object_get_pointers) refers to context_rvds.o(.text) for rt_hw_interrupt_disable
    object.o(i.rt_object_init) refers to object.o(i.rt_object_get_information) for rt_object_get_information
    object.o(i.rt_object_init) refers to scheduler.o(i.rt_enter_critical) for rt_enter_critical
    object.o(i.rt_object_init) refers to scheduler.o(i.rt_exit_critical) for rt_exit_critical
    object.o(i.rt_object_init) refers to kservice.o(i.rt_strncpy) for rt_strncpy
    object.o(i.rt_object_init) refers to context_rvds.o(.text) for rt_hw_interrupt_disable
    object.o(i.rt_object_init) refers to object.o(i.rt_list_insert_after) for rt_list_insert_after
    scheduler.o(i._scheduler_get_highest_priority_thread) refers to kservice.o(i.__rt_ffs) for __rt_ffs
    scheduler.o(i._scheduler_get_highest_priority_thread) refers to scheduler.o(.data) for .data
    scheduler.o(i._scheduler_get_highest_priority_thread) refers to scheduler.o(.bss) for .bss
    scheduler.o(i.rt_critical_level) refers to scheduler.o(.data) for .data
    scheduler.o(i.rt_enter_critical) refers to context_rvds.o(.text) for rt_hw_interrupt_disable
    scheduler.o(i.rt_enter_critical) refers to scheduler.o(.data) for .data
    scheduler.o(i.rt_exit_critical) refers to context_rvds.o(.text) for rt_hw_interrupt_disable
    scheduler.o(i.rt_exit_critical) refers to scheduler.o(i.rt_schedule) for rt_schedule
    scheduler.o(i.rt_exit_critical) refers to scheduler.o(.data) for .data
    scheduler.o(i.rt_schedule) refers to context_rvds.o(.text) for rt_hw_interrupt_disable
    scheduler.o(i.rt_schedule) refers to scheduler.o(i._scheduler_get_highest_priority_thread) for _scheduler_get_highest_priority_thread
    scheduler.o(i.rt_schedule) refers to scheduler.o(i.rt_schedule_insert_thread) for rt_schedule_insert_thread
    scheduler.o(i.rt_schedule) refers to scheduler.o(i.rt_schedule_remove_thread) for rt_schedule_remove_thread
    scheduler.o(i.rt_schedule) refers to scheduler.o(.data) for .data
    scheduler.o(i.rt_schedule) refers to irq.o(.data) for rt_interrupt_nest
    scheduler.o(i.rt_schedule_insert_thread) refers to context_rvds.o(.text) for rt_hw_interrupt_disable
    scheduler.o(i.rt_schedule_insert_thread) refers to scheduler.o(.data) for .data
    scheduler.o(i.rt_schedule_insert_thread) refers to scheduler.o(.bss) for .bss
    scheduler.o(i.rt_schedule_remove_thread) refers to context_rvds.o(.text) for rt_hw_interrupt_disable
    scheduler.o(i.rt_schedule_remove_thread) refers to scheduler.o(.bss) for .bss
    scheduler.o(i.rt_schedule_remove_thread) refers to scheduler.o(.data) for .data
    scheduler.o(i.rt_system_scheduler_init) refers to scheduler.o(.data) for .data
    scheduler.o(i.rt_system_scheduler_init) refers to scheduler.o(.bss) for .bss
    scheduler.o(i.rt_system_scheduler_start) refers to scheduler.o(i._scheduler_get_highest_priority_thread) for _scheduler_get_highest_priority_thread
    scheduler.o(i.rt_system_scheduler_start) refers to scheduler.o(i.rt_schedule_remove_thread) for rt_schedule_remove_thread
    scheduler.o(i.rt_system_scheduler_start) refers to context_rvds.o(.text) for rt_hw_context_switch_to
    scheduler.o(i.rt_system_scheduler_start) refers to scheduler.o(.data) for .data
    thread.o(i._thread_exit) refers to thread.o(i.rt_thread_self) for rt_thread_self
    thread.o(i._thread_exit) refers to context_rvds.o(.text) for rt_hw_interrupt_disable
    thread.o(i._thread_exit) refers to scheduler.o(i.rt_schedule_remove_thread) for rt_schedule_remove_thread
    thread.o(i._thread_exit) refers to timer.o(i.rt_timer_detach) for rt_timer_detach
    thread.o(i._thread_exit) refers to idle.o(i.rt_thread_defunct_enqueue) for rt_thread_defunct_enqueue
    thread.o(i._thread_exit) refers to scheduler.o(i.rt_schedule) for rt_schedule
    thread.o(i._thread_init) refers to kservice.o(i.rt_memset) for rt_memset
    thread.o(i._thread_init) refers to cpuport.o(i.rt_hw_stack_init) for rt_hw_stack_init
    thread.o(i._thread_init) refers to timer.o(i.rt_timer_init) for rt_timer_init
    thread.o(i._thread_init) refers to thread.o(i._thread_exit) for _thread_exit
    thread.o(i._thread_init) refers to thread.o(i._thread_timeout) for _thread_timeout
    thread.o(i._thread_timeout) refers to context_rvds.o(.text) for rt_hw_interrupt_disable
    thread.o(i._thread_timeout) refers to thread.o(i.rt_list_remove) for rt_list_remove
    thread.o(i._thread_timeout) refers to scheduler.o(i.rt_schedule_insert_thread) for rt_schedule_insert_thread
    thread.o(i._thread_timeout) refers to scheduler.o(i.rt_schedule) for rt_schedule
    thread.o(i.rt_thread_control) refers to context_rvds.o(.text) for rt_hw_interrupt_disable
    thread.o(i.rt_thread_control) refers to scheduler.o(i.rt_schedule_remove_thread) for rt_schedule_remove_thread
    thread.o(i.rt_thread_control) refers to scheduler.o(i.rt_schedule_insert_thread) for rt_schedule_insert_thread
    thread.o(i.rt_thread_control) refers to thread.o(i.rt_thread_startup) for rt_thread_startup
    thread.o(i.rt_thread_control) refers to object.o(i.rt_object_is_systemobject) for rt_object_is_systemobject
    thread.o(i.rt_thread_control) refers to thread.o(i.rt_thread_delete) for rt_thread_delete
    thread.o(i.rt_thread_control) refers to scheduler.o(i.rt_schedule) for rt_schedule
    thread.o(i.rt_thread_control) refers to thread.o(i.rt_thread_detach) for rt_thread_detach
    thread.o(i.rt_thread_create) refers to object.o(i.rt_object_allocate) for rt_object_allocate
    thread.o(i.rt_thread_create) refers to kservice.o(i.rt_malloc) for rt_malloc
    thread.o(i.rt_thread_create) refers to thread.o(i._thread_init) for _thread_init
    thread.o(i.rt_thread_create) refers to object.o(i.rt_object_delete) for rt_object_delete
    thread.o(i.rt_thread_delay) refers to thread.o(i.rt_thread_sleep) for rt_thread_sleep
    thread.o(i.rt_thread_delay_until) refers to thread.o(i.rt_thread_self) for rt_thread_self
    thread.o(i.rt_thread_delay_until) refers to context_rvds.o(.text) for rt_hw_interrupt_disable
    thread.o(i.rt_thread_delay_until) refers to clock.o(i.rt_tick_get) for rt_tick_get
    thread.o(i.rt_thread_delay_until) refers to thread.o(i.rt_thread_suspend) for rt_thread_suspend
    thread.o(i.rt_thread_delay_until) refers to timer.o(i.rt_timer_control) for rt_timer_control
    thread.o(i.rt_thread_delay_until) refers to timer.o(i.rt_timer_start) for rt_timer_start
    thread.o(i.rt_thread_delay_until) refers to scheduler.o(i.rt_schedule) for rt_schedule
    thread.o(i.rt_thread_delete) refers to scheduler.o(i.rt_schedule_remove_thread) for rt_schedule_remove_thread
    thread.o(i.rt_thread_delete) refers to context_rvds.o(.text) for rt_hw_interrupt_disable
    thread.o(i.rt_thread_delete) refers to timer.o(i.rt_timer_detach) for rt_timer_detach
    thread.o(i.rt_thread_delete) refers to idle.o(i.rt_thread_defunct_enqueue) for rt_thread_defunct_enqueue
    thread.o(i.rt_thread_detach) refers to scheduler.o(i.rt_schedule_remove_thread) for rt_schedule_remove_thread
    thread.o(i.rt_thread_detach) refers to context_rvds.o(.text) for rt_hw_interrupt_disable
    thread.o(i.rt_thread_detach) refers to timer.o(i.rt_timer_detach) for rt_timer_detach
    thread.o(i.rt_thread_detach) refers to idle.o(i.rt_thread_defunct_enqueue) for rt_thread_defunct_enqueue
    thread.o(i.rt_thread_find) refers to object.o(i.rt_object_find) for rt_object_find
    thread.o(i.rt_thread_init) refers to object.o(i.rt_object_init) for rt_object_init
    thread.o(i.rt_thread_init) refers to thread.o(i._thread_init) for _thread_init
    thread.o(i.rt_thread_mdelay) refers to clock.o(i.rt_tick_from_millisecond) for rt_tick_from_millisecond
    thread.o(i.rt_thread_mdelay) refers to thread.o(i.rt_thread_sleep) for rt_thread_sleep
    thread.o(i.rt_thread_resume) refers to context_rvds.o(.text) for rt_hw_interrupt_disable
    thread.o(i.rt_thread_resume) refers to thread.o(i.rt_list_remove) for rt_list_remove
    thread.o(i.rt_thread_resume) refers to timer.o(i.rt_timer_stop) for rt_timer_stop
    thread.o(i.rt_thread_resume) refers to scheduler.o(i.rt_schedule_insert_thread) for rt_schedule_insert_thread
    thread.o(i.rt_thread_self) refers to scheduler.o(.data) for rt_current_thread
    thread.o(i.rt_thread_sleep) refers to thread.o(i.rt_thread_self) for rt_thread_self
    thread.o(i.rt_thread_sleep) refers to context_rvds.o(.text) for rt_hw_interrupt_disable
    thread.o(i.rt_thread_sleep) refers to thread.o(i.rt_thread_suspend) for rt_thread_suspend
    thread.o(i.rt_thread_sleep) refers to timer.o(i.rt_timer_control) for rt_timer_control
    thread.o(i.rt_thread_sleep) refers to timer.o(i.rt_timer_start) for rt_timer_start
    thread.o(i.rt_thread_sleep) refers to scheduler.o(i.rt_schedule) for rt_schedule
    thread.o(i.rt_thread_startup) refers to thread.o(i.rt_thread_resume) for rt_thread_resume
    thread.o(i.rt_thread_startup) refers to thread.o(i.rt_thread_self) for rt_thread_self
    thread.o(i.rt_thread_startup) refers to scheduler.o(i.rt_schedule) for rt_schedule
    thread.o(i.rt_thread_suspend) refers to context_rvds.o(.text) for rt_hw_interrupt_disable
    thread.o(i.rt_thread_suspend) refers to scheduler.o(i.rt_schedule_remove_thread) for rt_schedule_remove_thread
    thread.o(i.rt_thread_suspend) refers to timer.o(i.rt_timer_stop) for rt_timer_stop
    thread.o(i.rt_thread_yield) refers to thread.o(i.rt_thread_self) for rt_thread_self
    thread.o(i.rt_thread_yield) refers to context_rvds.o(.text) for rt_hw_interrupt_disable
    thread.o(i.rt_thread_yield) refers to scheduler.o(i.rt_schedule) for rt_schedule
    timer.o(i._timer_list_next_timeout) refers to context_rvds.o(.text) for rt_hw_interrupt_disable
    timer.o(i._timer_list_next_timeout) refers to timer.o(i.rt_list_isempty) for rt_list_isempty
    timer.o(i._timer_remove) refers to timer.o(i.rt_list_remove) for rt_list_remove
    timer.o(i.rt_system_timer_init) refers to timer.o(.data) for .data
    timer.o(i.rt_timer_check) refers to clock.o(i.rt_tick_get) for rt_tick_get
    timer.o(i.rt_timer_check) refers to context_rvds.o(.text) for rt_hw_interrupt_disable
    timer.o(i.rt_timer_check) refers to timer.o(i._timer_remove) for _timer_remove
    timer.o(i.rt_timer_check) refers to timer.o(i.rt_list_insert_after) for rt_list_insert_after
    timer.o(i.rt_timer_check) refers to timer.o(i.rt_list_isempty) for rt_list_isempty
    timer.o(i.rt_timer_check) refers to timer.o(i.rt_list_remove) for rt_list_remove
    timer.o(i.rt_timer_check) refers to timer.o(i.rt_timer_start) for rt_timer_start
    timer.o(i.rt_timer_check) refers to timer.o(.data) for .data
    timer.o(i.rt_timer_control) refers to context_rvds.o(.text) for rt_hw_interrupt_disable
    timer.o(i.rt_timer_create) refers to object.o(i.rt_object_allocate) for rt_object_allocate
    timer.o(i.rt_timer_create) refers to timer.o(i._timer_init) for _timer_init
    timer.o(i.rt_timer_delete) refers to context_rvds.o(.text) for rt_hw_interrupt_disable
    timer.o(i.rt_timer_delete) refers to timer.o(i._timer_remove) for _timer_remove
    timer.o(i.rt_timer_delete) refers to object.o(i.rt_object_delete) for rt_object_delete
    timer.o(i.rt_timer_detach) refers to context_rvds.o(.text) for rt_hw_interrupt_disable
    timer.o(i.rt_timer_detach) refers to timer.o(i._timer_remove) for _timer_remove
    timer.o(i.rt_timer_detach) refers to object.o(i.rt_object_detach) for rt_object_detach
    timer.o(i.rt_timer_init) refers to object.o(i.rt_object_init) for rt_object_init
    timer.o(i.rt_timer_init) refers to timer.o(i._timer_init) for _timer_init
    timer.o(i.rt_timer_next_timeout_tick) refers to timer.o(i._timer_list_next_timeout) for _timer_list_next_timeout
    timer.o(i.rt_timer_next_timeout_tick) refers to timer.o(.data) for .data
    timer.o(i.rt_timer_start) refers to context_rvds.o(.text) for rt_hw_interrupt_disable
    timer.o(i.rt_timer_start) refers to timer.o(i._timer_remove) for _timer_remove
    timer.o(i.rt_timer_start) refers to clock.o(i.rt_tick_get) for rt_tick_get
    timer.o(i.rt_timer_start) refers to timer.o(i.rt_list_insert_after) for rt_list_insert_after
    timer.o(i.rt_timer_start) refers to scheduler.o(i.rt_schedule) for rt_schedule
    timer.o(i.rt_timer_start) refers to timer.o(.data) for .data
    timer.o(i.rt_timer_stop) refers to context_rvds.o(.text) for rt_hw_interrupt_disable
    timer.o(i.rt_timer_stop) refers to timer.o(i._timer_remove) for _timer_remove
    context_rvds.o(.text) refers to cpuport.o(i.rt_hw_hard_fault_exception) for rt_hw_hard_fault_exception
    context_rvds.o(.text) refers to cpuport.o(.data) for rt_thread_switch_interrupt_flag
    context_rvds.o(.text) refers to cpuport.o(.data) for rt_interrupt_from_thread
    context_rvds.o(.text) refers to cpuport.o(.data) for rt_interrupt_to_thread
    cpuport.o(i.rt_hw_cpu_shutdown) refers to kservice.o(i.rt_kprintf) for rt_kprintf
    cpuport.o(i.rt_hw_exception_install) refers to cpuport.o(.data) for .data
    cpuport.o(i.rt_hw_hard_fault_exception) refers to kservice.o(i.rt_kprintf) for rt_kprintf
    cpuport.o(i.rt_hw_hard_fault_exception) refers to thread.o(i.rt_thread_self) for rt_thread_self
    cpuport.o(i.rt_hw_hard_fault_exception) refers to cpuport.o(.data) for .data
    entry.o(.ARM.Collect$$$$00000000) refers (Special) to entry10a.o(.ARM.Collect$$$$0000000D) for __rt_final_cpp
    entry.o(.ARM.Collect$$$$00000000) refers (Special) to entry11a.o(.ARM.Collect$$$$0000000F) for __rt_final_exit
    entry.o(.ARM.Collect$$$$00000000) refers (Special) to entry7b.o(.ARM.Collect$$$$00000008) for _main_clock
    entry.o(.ARM.Collect$$$$00000000) refers (Special) to entry8b.o(.ARM.Collect$$$$0000000A) for _main_cpp_init
    entry.o(.ARM.Collect$$$$00000000) refers (Special) to entry9a.o(.ARM.Collect$$$$0000000B) for _main_init
    entry.o(.ARM.Collect$$$$00000000) refers (Special) to entry5.o(.ARM.Collect$$$$00000004) for _main_scatterload
    entry.o(.ARM.Collect$$$$00000000) refers (Special) to entry2.o(.ARM.Collect$$$$00000001) for _main_stk
    uldiv.o(.text) refers to llushr.o(.text) for __aeabi_llsr
    uldiv.o(.text) refers to llshl.o(.text) for __aeabi_llsl
    entry2.o(.ARM.Collect$$$$00000001) refers to entry2.o(.ARM.Collect$$$$00002712) for __lit__00000000
    entry2.o(.ARM.Collect$$$$00002712) refers to startup_stm32f10x_md.o(STACK) for __initial_sp
    entry2.o(__vectab_stack_and_reset_area) refers to startup_stm32f10x_md.o(STACK) for __initial_sp
    entry2.o(__vectab_stack_and_reset_area) refers to entry.o(.ARM.Collect$$$$00000000) for __main
    entry5.o(.ARM.Collect$$$$00000004) refers to init.o(.text) for __scatterload
    entry9a.o(.ARM.Collect$$$$0000000B) refers to components.o(i.$Sub$$main) for main
    entry9b.o(.ARM.Collect$$$$0000000C) refers to components.o(i.$Sub$$main) for main
    init.o(.text) refers to entry5.o(.ARM.Collect$$$$00000004) for __main_after_scatterload


==============================================================================

Removing Unused input sections from the image.

    Removing delay.o(i.function_address_passing), (12 bytes).
    Removing delay.o(i.tim_delay_ms), (42 bytes).
    Removing delay.o(i.tim_delay_us), (36 bytes).
    Removing delay.o(i.tim_get_ms), (18 bytes).
    Removing delay.o(i.tim_get_us), (4 bytes).
    Removing delay.o(i.tim_now), (92 bytes).
    Removing usart.o(i.fputc), (36 bytes).
    Removing misc.o(i.NVIC_SetVectorTable), (20 bytes).
    Removing misc.o(i.NVIC_SystemLPConfig), (28 bytes).
    Removing misc.o(i.SysTick_CLKSourceConfig), (28 bytes).
    Removing stm32f10x_adc.o(i.ADC_AnalogWatchdogCmd), (16 bytes).
    Removing stm32f10x_adc.o(i.ADC_AnalogWatchdogSingleChannelConfig), (12 bytes).
    Removing stm32f10x_adc.o(i.ADC_AnalogWatchdogThresholdsConfig), (6 bytes).
    Removing stm32f10x_adc.o(i.ADC_AutoInjectedConvCmd), (24 bytes).
    Removing stm32f10x_adc.o(i.ADC_ClearFlag), (6 bytes).
    Removing stm32f10x_adc.o(i.ADC_ClearITPendingBit), (8 bytes).
    Removing stm32f10x_adc.o(i.ADC_Cmd), (24 bytes).
    Removing stm32f10x_adc.o(i.ADC_DMACmd), (24 bytes).
    Removing stm32f10x_adc.o(i.ADC_DeInit), (100 bytes).
    Removing stm32f10x_adc.o(i.ADC_DiscModeChannelCountConfig), (16 bytes).
    Removing stm32f10x_adc.o(i.ADC_DiscModeCmd), (24 bytes).
    Removing stm32f10x_adc.o(i.ADC_ExternalTrigConvCmd), (24 bytes).
    Removing stm32f10x_adc.o(i.ADC_ExternalTrigInjectedConvCmd), (24 bytes).
    Removing stm32f10x_adc.o(i.ADC_ExternalTrigInjectedConvConfig), (12 bytes).
    Removing stm32f10x_adc.o(i.ADC_GetCalibrationStatus), (14 bytes).
    Removing stm32f10x_adc.o(i.ADC_GetConversionValue), (6 bytes).
    Removing stm32f10x_adc.o(i.ADC_GetDualModeConversionValue), (12 bytes).
    Removing stm32f10x_adc.o(i.ADC_GetFlagStatus), (14 bytes).
    Removing stm32f10x_adc.o(i.ADC_GetITStatus), (28 bytes).
    Removing stm32f10x_adc.o(i.ADC_GetInjectedConversionValue), (20 bytes).
    Removing stm32f10x_adc.o(i.ADC_GetResetCalibrationStatus), (14 bytes).
    Removing stm32f10x_adc.o(i.ADC_GetSoftwareStartConvStatus), (14 bytes).
    Removing stm32f10x_adc.o(i.ADC_GetSoftwareStartInjectedConvCmdStatus), (14 bytes).
    Removing stm32f10x_adc.o(i.ADC_ITConfig), (22 bytes).
    Removing stm32f10x_adc.o(i.ADC_Init), (72 bytes).
    Removing stm32f10x_adc.o(i.ADC_InjectedChannelConfig), (74 bytes).
    Removing stm32f10x_adc.o(i.ADC_InjectedDiscModeCmd), (24 bytes).
    Removing stm32f10x_adc.o(i.ADC_InjectedSequencerLengthConfig), (16 bytes).
    Removing stm32f10x_adc.o(i.ADC_RegularChannelConfig), (116 bytes).
    Removing stm32f10x_adc.o(i.ADC_ResetCalibration), (10 bytes).
    Removing stm32f10x_adc.o(i.ADC_SetInjectedOffset), (16 bytes).
    Removing stm32f10x_adc.o(i.ADC_SoftwareStartConvCmd), (24 bytes).
    Removing stm32f10x_adc.o(i.ADC_SoftwareStartInjectedConvCmd), (24 bytes).
    Removing stm32f10x_adc.o(i.ADC_StartCalibration), (10 bytes).
    Removing stm32f10x_adc.o(i.ADC_StructInit), (18 bytes).
    Removing stm32f10x_adc.o(i.ADC_TempSensorVrefintCmd), (32 bytes).
    Removing stm32f10x_bkp.o(i.BKP_ClearFlag), (16 bytes).
    Removing stm32f10x_bkp.o(i.BKP_ClearITPendingBit), (16 bytes).
    Removing stm32f10x_bkp.o(i.BKP_DeInit), (18 bytes).
    Removing stm32f10x_bkp.o(i.BKP_GetFlagStatus), (12 bytes).
    Removing stm32f10x_bkp.o(i.BKP_GetITStatus), (12 bytes).
    Removing stm32f10x_bkp.o(i.BKP_ITConfig), (12 bytes).
    Removing stm32f10x_bkp.o(i.BKP_RTCOutputConfig), (20 bytes).
    Removing stm32f10x_bkp.o(i.BKP_ReadBackupRegister), (20 bytes).
    Removing stm32f10x_bkp.o(i.BKP_SetRTCCalibrationValue), (20 bytes).
    Removing stm32f10x_bkp.o(i.BKP_TamperPinCmd), (12 bytes).
    Removing stm32f10x_bkp.o(i.BKP_TamperPinLevelConfig), (12 bytes).
    Removing stm32f10x_bkp.o(i.BKP_WriteBackupRegister), (20 bytes).
    Removing stm32f10x_can.o(i.CAN_CancelTransmit), (42 bytes).
    Removing stm32f10x_can.o(i.CAN_ClearFlag), (48 bytes).
    Removing stm32f10x_can.o(i.CAN_ClearITPendingBit), (136 bytes).
    Removing stm32f10x_can.o(i.CAN_DBGFreeze), (24 bytes).
    Removing stm32f10x_can.o(i.CAN_DeInit), (56 bytes).
    Removing stm32f10x_can.o(i.CAN_FIFORelease), (24 bytes).
    Removing stm32f10x_can.o(i.CAN_FilterInit), (212 bytes).
    Removing stm32f10x_can.o(i.CAN_GetFlagStatus), (82 bytes).
    Removing stm32f10x_can.o(i.CAN_GetITStatus), (204 bytes).
    Removing stm32f10x_can.o(i.CAN_GetLSBTransmitErrorCounter), (8 bytes).
    Removing stm32f10x_can.o(i.CAN_GetLastErrorCode), (10 bytes).
    Removing stm32f10x_can.o(i.CAN_GetReceiveErrorCounter), (6 bytes).
    Removing stm32f10x_can.o(i.CAN_ITConfig), (20 bytes).
    Removing stm32f10x_can.o(i.CAN_Init), (260 bytes).
    Removing stm32f10x_can.o(i.CAN_MessagePending), (28 bytes).
    Removing stm32f10x_can.o(i.CAN_OperatingModeRequest), (154 bytes).
    Removing stm32f10x_can.o(i.CAN_Receive), (130 bytes).
    Removing stm32f10x_can.o(i.CAN_SlaveStartBank), (44 bytes).
    Removing stm32f10x_can.o(i.CAN_Sleep), (30 bytes).
    Removing stm32f10x_can.o(i.CAN_StructInit), (32 bytes).
    Removing stm32f10x_can.o(i.CAN_TTComModeCmd), (96 bytes).
    Removing stm32f10x_can.o(i.CAN_Transmit), (182 bytes).
    Removing stm32f10x_can.o(i.CAN_TransmitStatus), (136 bytes).
    Removing stm32f10x_can.o(i.CAN_WakeUp), (40 bytes).
    Removing stm32f10x_can.o(i.CheckITStatus), (12 bytes).
    Removing stm32f10x_cec.o(i.CEC_ClearFlag), (32 bytes).
    Removing stm32f10x_cec.o(i.CEC_ClearITPendingBit), (32 bytes).
    Removing stm32f10x_cec.o(i.CEC_Cmd), (28 bytes).
    Removing stm32f10x_cec.o(i.CEC_DeInit), (24 bytes).
    Removing stm32f10x_cec.o(i.CEC_EndOfMessageCmd), (12 bytes).
    Removing stm32f10x_cec.o(i.CEC_GetFlagStatus), (40 bytes).
    Removing stm32f10x_cec.o(i.CEC_GetITStatus), (36 bytes).
    Removing stm32f10x_cec.o(i.CEC_ITConfig), (12 bytes).
    Removing stm32f10x_cec.o(i.CEC_Init), (24 bytes).
    Removing stm32f10x_cec.o(i.CEC_OwnAddressConfig), (12 bytes).
    Removing stm32f10x_cec.o(i.CEC_ReceiveDataByte), (12 bytes).
    Removing stm32f10x_cec.o(i.CEC_SendDataByte), (12 bytes).
    Removing stm32f10x_cec.o(i.CEC_SetPrescaler), (12 bytes).
    Removing stm32f10x_cec.o(i.CEC_StartOfMessage), (12 bytes).
    Removing stm32f10x_crc.o(i.CRC_CalcBlockCRC), (28 bytes).
    Removing stm32f10x_crc.o(i.CRC_CalcCRC), (12 bytes).
    Removing stm32f10x_crc.o(i.CRC_GetCRC), (12 bytes).
    Removing stm32f10x_crc.o(i.CRC_GetIDRegister), (12 bytes).
    Removing stm32f10x_crc.o(i.CRC_ResetDR), (12 bytes).
    Removing stm32f10x_crc.o(i.CRC_SetIDRegister), (12 bytes).
    Removing stm32f10x_dac.o(i.DAC_Cmd), (32 bytes).
    Removing stm32f10x_dac.o(i.DAC_DMACmd), (32 bytes).
    Removing stm32f10x_dac.o(i.DAC_DeInit), (24 bytes).
    Removing stm32f10x_dac.o(i.DAC_DualSoftwareTriggerCmd), (32 bytes).
    Removing stm32f10x_dac.o(i.DAC_GetDataOutputValue), (24 bytes).
    Removing stm32f10x_dac.o(i.DAC_Init), (40 bytes).
    Removing stm32f10x_dac.o(i.DAC_SetChannel1Data), (20 bytes).
    Removing stm32f10x_dac.o(i.DAC_SetChannel2Data), (20 bytes).
    Removing stm32f10x_dac.o(i.DAC_SetDualChannelData), (28 bytes).
    Removing stm32f10x_dac.o(i.DAC_SoftwareTriggerCmd), (32 bytes).
    Removing stm32f10x_dac.o(i.DAC_StructInit), (12 bytes).
    Removing stm32f10x_dac.o(i.DAC_WaveGenerationCmd), (28 bytes).
    Removing stm32f10x_dbgmcu.o(i.DBGMCU_Config), (28 bytes).
    Removing stm32f10x_dbgmcu.o(i.DBGMCU_GetDEVID), (16 bytes).
    Removing stm32f10x_dbgmcu.o(i.DBGMCU_GetREVID), (12 bytes).
    Removing stm32f10x_dma.o(i.DMA_ClearFlag), (24 bytes).
    Removing stm32f10x_dma.o(i.DMA_ClearITPendingBit), (24 bytes).
    Removing stm32f10x_dma.o(i.DMA_Cmd), (26 bytes).
    Removing stm32f10x_dma.o(i.DMA_DeInit), (248 bytes).
    Removing stm32f10x_dma.o(i.DMA_GetCurrDataCounter), (6 bytes).
    Removing stm32f10x_dma.o(i.DMA_GetFlagStatus), (36 bytes).
    Removing stm32f10x_dma.o(i.DMA_GetITStatus), (36 bytes).
    Removing stm32f10x_dma.o(i.DMA_ITConfig), (20 bytes).
    Removing stm32f10x_dma.o(i.DMA_Init), (58 bytes).
    Removing stm32f10x_dma.o(i.DMA_SetCurrDataCounter), (4 bytes).
    Removing stm32f10x_dma.o(i.DMA_StructInit), (26 bytes).
    Removing stm32f10x_exti.o(i.EXTI_ClearFlag), (12 bytes).
    Removing stm32f10x_exti.o(i.EXTI_ClearITPendingBit), (12 bytes).
    Removing stm32f10x_exti.o(i.EXTI_DeInit), (36 bytes).
    Removing stm32f10x_exti.o(i.EXTI_GenerateSWInterrupt), (16 bytes).
    Removing stm32f10x_exti.o(i.EXTI_GetFlagStatus), (20 bytes).
    Removing stm32f10x_exti.o(i.EXTI_GetITStatus), (32 bytes).
    Removing stm32f10x_exti.o(i.EXTI_Init), (116 bytes).
    Removing stm32f10x_exti.o(i.EXTI_StructInit), (14 bytes).
    Removing stm32f10x_flash.o(i.FLASH_ClearFlag), (12 bytes).
    Removing stm32f10x_flash.o(i.FLASH_EnableWriteProtection), (172 bytes).
    Removing stm32f10x_flash.o(i.FLASH_EraseAllBank1Pages), (56 bytes).
    Removing stm32f10x_flash.o(i.FLASH_EraseAllPages), (56 bytes).
    Removing stm32f10x_flash.o(i.FLASH_EraseOptionBytes), (136 bytes).
    Removing stm32f10x_flash.o(i.FLASH_ErasePage), (60 bytes).
    Removing stm32f10x_flash.o(i.FLASH_GetBank1Status), (40 bytes).
    Removing stm32f10x_flash.o(i.FLASH_GetFlagStatus), (36 bytes).
    Removing stm32f10x_flash.o(i.FLASH_GetPrefetchBufferStatus), (20 bytes).
    Removing stm32f10x_flash.o(i.FLASH_GetReadOutProtectionStatus), (20 bytes).
    Removing stm32f10x_flash.o(i.FLASH_GetStatus), (40 bytes).
    Removing stm32f10x_flash.o(i.FLASH_GetUserOptionByte), (12 bytes).
    Removing stm32f10x_flash.o(i.FLASH_GetWriteProtectionOptionByte), (12 bytes).
    Removing stm32f10x_flash.o(i.FLASH_HalfCycleAccessCmd), (24 bytes).
    Removing stm32f10x_flash.o(i.FLASH_ITConfig), (28 bytes).
    Removing stm32f10x_flash.o(i.FLASH_Lock), (16 bytes).
    Removing stm32f10x_flash.o(i.FLASH_LockBank1), (16 bytes).
    Removing stm32f10x_flash.o(i.FLASH_PrefetchBufferCmd), (24 bytes).
    Removing stm32f10x_flash.o(i.FLASH_ProgramHalfWord), (52 bytes).
    Removing stm32f10x_flash.o(i.FLASH_ProgramOptionByteData), (76 bytes).
    Removing stm32f10x_flash.o(i.FLASH_ProgramWord), (92 bytes).
    Removing stm32f10x_flash.o(i.FLASH_ReadOutProtection), (136 bytes).
    Removing stm32f10x_flash.o(i.FLASH_SetLatency), (20 bytes).
    Removing stm32f10x_flash.o(i.FLASH_Unlock), (24 bytes).
    Removing stm32f10x_flash.o(i.FLASH_UnlockBank1), (24 bytes).
    Removing stm32f10x_flash.o(i.FLASH_UserOptionByteConfig), (96 bytes).
    Removing stm32f10x_flash.o(i.FLASH_WaitForLastBank1Operation), (32 bytes).
    Removing stm32f10x_flash.o(i.FLASH_WaitForLastOperation), (32 bytes).
    Removing stm32f10x_fsmc.o(i.FSMC_ClearFlag), (42 bytes).
    Removing stm32f10x_fsmc.o(i.FSMC_ClearITPendingBit), (48 bytes).
    Removing stm32f10x_fsmc.o(i.FSMC_GetECC), (18 bytes).
    Removing stm32f10x_fsmc.o(i.FSMC_GetFlagStatus), (40 bytes).
    Removing stm32f10x_fsmc.o(i.FSMC_GetITStatus), (52 bytes).
    Removing stm32f10x_fsmc.o(i.FSMC_ITConfig), (86 bytes).
    Removing stm32f10x_fsmc.o(i.FSMC_NANDCmd), (64 bytes).
    Removing stm32f10x_fsmc.o(i.FSMC_NANDDeInit), (40 bytes).
    Removing stm32f10x_fsmc.o(i.FSMC_NANDECCCmd), (64 bytes).
    Removing stm32f10x_fsmc.o(i.FSMC_NANDInit), (104 bytes).
    Removing stm32f10x_fsmc.o(i.FSMC_NANDStructInit), (54 bytes).
    Removing stm32f10x_fsmc.o(i.FSMC_NORSRAMCmd), (36 bytes).
    Removing stm32f10x_fsmc.o(i.FSMC_NORSRAMDeInit), (48 bytes).
    Removing stm32f10x_fsmc.o(i.FSMC_NORSRAMInit), (202 bytes).
    Removing stm32f10x_fsmc.o(i.FSMC_NORSRAMStructInit), (98 bytes).
    Removing stm32f10x_fsmc.o(i.FSMC_PCCARDCmd), (36 bytes).
    Removing stm32f10x_fsmc.o(i.FSMC_PCCARDDeInit), (28 bytes).
    Removing stm32f10x_fsmc.o(i.FSMC_PCCARDInit), (104 bytes).
    Removing stm32f10x_fsmc.o(i.FSMC_PCCARDStructInit), (60 bytes).
    Removing stm32f10x_gpio.o(i.GPIO_AFIODeInit), (22 bytes).
    Removing stm32f10x_gpio.o(i.GPIO_DeInit), (216 bytes).
    Removing stm32f10x_gpio.o(i.GPIO_ETH_MediaInterfaceConfig), (12 bytes).
    Removing stm32f10x_gpio.o(i.GPIO_EXTILineConfig), (40 bytes).
    Removing stm32f10x_gpio.o(i.GPIO_EventOutputCmd), (12 bytes).
    Removing stm32f10x_gpio.o(i.GPIO_EventOutputConfig), (28 bytes).
    Removing stm32f10x_gpio.o(i.GPIO_PinLockConfig), (16 bytes).
    Removing stm32f10x_gpio.o(i.GPIO_PinRemapConfig), (92 bytes).
    Removing stm32f10x_gpio.o(i.GPIO_ReadInputData), (6 bytes).
    Removing stm32f10x_gpio.o(i.GPIO_ReadInputDataBit), (14 bytes).
    Removing stm32f10x_gpio.o(i.GPIO_ReadOutputData), (6 bytes).
    Removing stm32f10x_gpio.o(i.GPIO_ReadOutputDataBit), (14 bytes).
    Removing stm32f10x_gpio.o(i.GPIO_ResetBits), (4 bytes).
    Removing stm32f10x_gpio.o(i.GPIO_StructInit), (16 bytes).
    Removing stm32f10x_gpio.o(i.GPIO_Write), (4 bytes).
    Removing stm32f10x_gpio.o(i.GPIO_WriteBit), (12 bytes).
    Removing stm32f10x_i2c.o(i.I2C_ARPCmd), (24 bytes).
    Removing stm32f10x_i2c.o(i.I2C_AcknowledgeConfig), (24 bytes).
    Removing stm32f10x_i2c.o(i.I2C_CalculatePEC), (24 bytes).
    Removing stm32f10x_i2c.o(i.I2C_CheckEvent), (24 bytes).
    Removing stm32f10x_i2c.o(i.I2C_ClearFlag), (6 bytes).
    Removing stm32f10x_i2c.o(i.I2C_ClearITPendingBit), (6 bytes).
    Removing stm32f10x_i2c.o(i.I2C_Cmd), (24 bytes).
    Removing stm32f10x_i2c.o(i.I2C_DMACmd), (24 bytes).
    Removing stm32f10x_i2c.o(i.I2C_DMALastTransferCmd), (24 bytes).
    Removing stm32f10x_i2c.o(i.I2C_DeInit), (56 bytes).
    Removing stm32f10x_i2c.o(i.I2C_DualAddressCmd), (24 bytes).
    Removing stm32f10x_i2c.o(i.I2C_FastModeDutyCycleConfig), (26 bytes).
    Removing stm32f10x_i2c.o(i.I2C_GeneralCallCmd), (24 bytes).
    Removing stm32f10x_i2c.o(i.I2C_GenerateSTART), (24 bytes).
    Removing stm32f10x_i2c.o(i.I2C_GenerateSTOP), (24 bytes).
    Removing stm32f10x_i2c.o(i.I2C_GetFlagStatus), (50 bytes).
    Removing stm32f10x_i2c.o(i.I2C_GetITStatus), (34 bytes).
    Removing stm32f10x_i2c.o(i.I2C_GetLastEvent), (14 bytes).
    Removing stm32f10x_i2c.o(i.I2C_GetPEC), (6 bytes).
    Removing stm32f10x_i2c.o(i.I2C_ITConfig), (20 bytes).
    Removing stm32f10x_i2c.o(i.I2C_Init), (192 bytes).
    Removing stm32f10x_i2c.o(i.I2C_NACKPositionConfig), (26 bytes).
    Removing stm32f10x_i2c.o(i.I2C_OwnAddress2Config), (16 bytes).
    Removing stm32f10x_i2c.o(i.I2C_PECPositionConfig), (26 bytes).
    Removing stm32f10x_i2c.o(i.I2C_ReadRegister), (16 bytes).
    Removing stm32f10x_i2c.o(i.I2C_ReceiveData), (6 bytes).
    Removing stm32f10x_i2c.o(i.I2C_SMBusAlertConfig), (26 bytes).
    Removing stm32f10x_i2c.o(i.I2C_Send7bitAddress), (18 bytes).
    Removing stm32f10x_i2c.o(i.I2C_SendData), (4 bytes).
    Removing stm32f10x_i2c.o(i.I2C_SoftwareResetCmd), (24 bytes).
    Removing stm32f10x_i2c.o(i.I2C_StretchClockCmd), (24 bytes).
    Removing stm32f10x_i2c.o(i.I2C_StructInit), (28 bytes).
    Removing stm32f10x_i2c.o(i.I2C_TransmitPEC), (24 bytes).
    Removing stm32f10x_iwdg.o(i.IWDG_Enable), (16 bytes).
    Removing stm32f10x_iwdg.o(i.IWDG_GetFlagStatus), (20 bytes).
    Removing stm32f10x_iwdg.o(i.IWDG_ReloadCounter), (16 bytes).
    Removing stm32f10x_iwdg.o(i.IWDG_SetPrescaler), (12 bytes).
    Removing stm32f10x_iwdg.o(i.IWDG_SetReload), (12 bytes).
    Removing stm32f10x_iwdg.o(i.IWDG_WriteAccessCmd), (12 bytes).
    Removing stm32f10x_pwr.o(i.PWR_BackupAccessCmd), (12 bytes).
    Removing stm32f10x_pwr.o(i.PWR_ClearFlag), (16 bytes).
    Removing stm32f10x_pwr.o(i.PWR_DeInit), (24 bytes).
    Removing stm32f10x_pwr.o(i.PWR_EnterSTANDBYMode), (32 bytes).
    Removing stm32f10x_pwr.o(i.PWR_EnterSTOPMode), (52 bytes).
    Removing stm32f10x_pwr.o(i.PWR_GetFlagStatus), (20 bytes).
    Removing stm32f10x_pwr.o(i.PWR_PVDCmd), (12 bytes).
    Removing stm32f10x_pwr.o(i.PWR_PVDLevelConfig), (20 bytes).
    Removing stm32f10x_pwr.o(i.PWR_WakeUpPinCmd), (12 bytes).
    Removing stm32f10x_rcc.o(i.RCC_ADCCLKConfig), (20 bytes).
    Removing stm32f10x_rcc.o(i.RCC_AHBPeriphClockCmd), (28 bytes).
    Removing stm32f10x_rcc.o(i.RCC_APB1PeriphResetCmd), (28 bytes).
    Removing stm32f10x_rcc.o(i.RCC_APB2PeriphResetCmd), (28 bytes).
    Removing stm32f10x_rcc.o(i.RCC_AdjustHSICalibrationValue), (20 bytes).
    Removing stm32f10x_rcc.o(i.RCC_BackupResetCmd), (12 bytes).
    Removing stm32f10x_rcc.o(i.RCC_ClearFlag), (16 bytes).
    Removing stm32f10x_rcc.o(i.RCC_ClearITPendingBit), (12 bytes).
    Removing stm32f10x_rcc.o(i.RCC_ClockSecuritySystemCmd), (12 bytes).
    Removing stm32f10x_rcc.o(i.RCC_DeInit), (64 bytes).
    Removing stm32f10x_rcc.o(i.RCC_GetFlagStatus), (48 bytes).
    Removing stm32f10x_rcc.o(i.RCC_GetITStatus), (20 bytes).
    Removing stm32f10x_rcc.o(i.RCC_GetSYSCLKSource), (16 bytes).
    Removing stm32f10x_rcc.o(i.RCC_HCLKConfig), (20 bytes).
    Removing stm32f10x_rcc.o(i.RCC_HSEConfig), (56 bytes).
    Removing stm32f10x_rcc.o(i.RCC_HSICmd), (12 bytes).
    Removing stm32f10x_rcc.o(i.RCC_ITConfig), (28 bytes).
    Removing stm32f10x_rcc.o(i.RCC_LSEConfig), (40 bytes).
    Removing stm32f10x_rcc.o(i.RCC_LSICmd), (12 bytes).
    Removing stm32f10x_rcc.o(i.RCC_MCOConfig), (12 bytes).
    Removing stm32f10x_rcc.o(i.RCC_PCLK1Config), (20 bytes).
    Removing stm32f10x_rcc.o(i.RCC_PCLK2Config), (20 bytes).
    Removing stm32f10x_rcc.o(i.RCC_PLLCmd), (12 bytes).
    Removing stm32f10x_rcc.o(i.RCC_PLLConfig), (20 bytes).
    Removing stm32f10x_rcc.o(i.RCC_RTCCLKCmd), (12 bytes).
    Removing stm32f10x_rcc.o(i.RCC_RTCCLKConfig), (16 bytes).
    Removing stm32f10x_rcc.o(i.RCC_SYSCLKConfig), (20 bytes).
    Removing stm32f10x_rcc.o(i.RCC_USBCLKConfig), (12 bytes).
    Removing stm32f10x_rcc.o(i.RCC_WaitForHSEStartUp), (48 bytes).
    Removing stm32f10x_rtc.o(i.RTC_ClearFlag), (16 bytes).
    Removing stm32f10x_rtc.o(i.RTC_ClearITPendingBit), (16 bytes).
    Removing stm32f10x_rtc.o(i.RTC_EnterConfigMode), (16 bytes).
    Removing stm32f10x_rtc.o(i.RTC_ExitConfigMode), (16 bytes).
    Removing stm32f10x_rtc.o(i.RTC_GetCounter), (32 bytes).
    Removing stm32f10x_rtc.o(i.RTC_GetDivider), (24 bytes).
    Removing stm32f10x_rtc.o(i.RTC_GetFlagStatus), (20 bytes).
    Removing stm32f10x_rtc.o(i.RTC_GetITStatus), (32 bytes).
    Removing stm32f10x_rtc.o(i.RTC_ITConfig), (28 bytes).
    Removing stm32f10x_rtc.o(i.RTC_SetAlarm), (32 bytes).
    Removing stm32f10x_rtc.o(i.RTC_SetCounter), (32 bytes).
    Removing stm32f10x_rtc.o(i.RTC_SetPrescaler), (32 bytes).
    Removing stm32f10x_rtc.o(i.RTC_WaitForLastTask), (16 bytes).
    Removing stm32f10x_rtc.o(i.RTC_WaitForSynchro), (24 bytes).
    Removing stm32f10x_sdio.o(i.SDIO_CEATAITCmd), (16 bytes).
    Removing stm32f10x_sdio.o(i.SDIO_ClearFlag), (12 bytes).
    Removing stm32f10x_sdio.o(i.SDIO_ClearITPendingBit), (12 bytes).
    Removing stm32f10x_sdio.o(i.SDIO_ClockCmd), (12 bytes).
    Removing stm32f10x_sdio.o(i.SDIO_CmdStructInit), (14 bytes).
    Removing stm32f10x_sdio.o(i.SDIO_CommandCompletionCmd), (12 bytes).
    Removing stm32f10x_sdio.o(i.SDIO_DMACmd), (12 bytes).
    Removing stm32f10x_sdio.o(i.SDIO_DataConfig), (44 bytes).
    Removing stm32f10x_sdio.o(i.SDIO_DataStructInit), (20 bytes).
    Removing stm32f10x_sdio.o(i.SDIO_DeInit), (36 bytes).
    Removing stm32f10x_sdio.o(i.SDIO_GetCommandResponse), (12 bytes).
    Removing stm32f10x_sdio.o(i.SDIO_GetDataCounter), (12 bytes).
    Removing stm32f10x_sdio.o(i.SDIO_GetFIFOCount), (12 bytes).
    Removing stm32f10x_sdio.o(i.SDIO_GetFlagStatus), (20 bytes).
    Removing stm32f10x_sdio.o(i.SDIO_GetITStatus), (20 bytes).
    Removing stm32f10x_sdio.o(i.SDIO_GetPowerState), (16 bytes).
    Removing stm32f10x_sdio.o(i.SDIO_GetResponse), (20 bytes).
    Removing stm32f10x_sdio.o(i.SDIO_ITConfig), (28 bytes).
    Removing stm32f10x_sdio.o(i.SDIO_Init), (44 bytes).
    Removing stm32f10x_sdio.o(i.SDIO_ReadData), (12 bytes).
    Removing stm32f10x_sdio.o(i.SDIO_SendCEATACmd), (12 bytes).
    Removing stm32f10x_sdio.o(i.SDIO_SendCommand), (40 bytes).
    Removing stm32f10x_sdio.o(i.SDIO_SendSDIOSuspendCmd), (12 bytes).
    Removing stm32f10x_sdio.o(i.SDIO_SetPowerState), (12 bytes).
    Removing stm32f10x_sdio.o(i.SDIO_SetSDIOOperation), (12 bytes).
    Removing stm32f10x_sdio.o(i.SDIO_SetSDIOReadWaitMode), (12 bytes).
    Removing stm32f10x_sdio.o(i.SDIO_StartSDIOReadWait), (12 bytes).
    Removing stm32f10x_sdio.o(i.SDIO_StopSDIOReadWait), (12 bytes).
    Removing stm32f10x_sdio.o(i.SDIO_StructInit), (16 bytes).
    Removing stm32f10x_sdio.o(i.SDIO_WriteData), (12 bytes).
    Removing stm32f10x_spi.o(i.I2S_Cmd), (24 bytes).
    Removing stm32f10x_spi.o(i.I2S_Init), (168 bytes).
    Removing stm32f10x_spi.o(i.I2S_StructInit), (18 bytes).
    Removing stm32f10x_spi.o(i.SPI_BiDirectionalLineConfig), (26 bytes).
    Removing stm32f10x_spi.o(i.SPI_CalculateCRC), (24 bytes).
    Removing stm32f10x_spi.o(i.SPI_Cmd), (24 bytes).
    Removing stm32f10x_spi.o(i.SPI_DataSizeConfig), (16 bytes).
    Removing stm32f10x_spi.o(i.SPI_GetCRC), (12 bytes).
    Removing stm32f10x_spi.o(i.SPI_GetCRCPolynomial), (4 bytes).
    Removing stm32f10x_spi.o(i.SPI_I2S_ClearFlag), (6 bytes).
    Removing stm32f10x_spi.o(i.SPI_I2S_ClearITPendingBit), (14 bytes).
    Removing stm32f10x_spi.o(i.SPI_I2S_DMACmd), (20 bytes).
    Removing stm32f10x_spi.o(i.SPI_I2S_DeInit), (100 bytes).
    Removing stm32f10x_spi.o(i.SPI_I2S_GetFlagStatus), (14 bytes).
    Removing stm32f10x_spi.o(i.SPI_I2S_GetITStatus), (44 bytes).
    Removing stm32f10x_spi.o(i.SPI_I2S_ITConfig), (28 bytes).
    Removing stm32f10x_spi.o(i.SPI_I2S_ReceiveData), (4 bytes).
    Removing stm32f10x_spi.o(i.SPI_I2S_SendData), (4 bytes).
    Removing stm32f10x_spi.o(i.SPI_Init), (56 bytes).
    Removing stm32f10x_spi.o(i.SPI_NSSInternalSoftwareConfig), (28 bytes).
    Removing stm32f10x_spi.o(i.SPI_SSOutputCmd), (24 bytes).
    Removing stm32f10x_spi.o(i.SPI_StructInit), (24 bytes).
    Removing stm32f10x_spi.o(i.SPI_TransmitCRC), (10 bytes).
    Removing stm32f10x_tim.o(i.TI1_Config), (116 bytes).
    Removing stm32f10x_tim.o(i.TI2_Config), (124 bytes).
    Removing stm32f10x_tim.o(i.TI3_Config), (120 bytes).
    Removing stm32f10x_tim.o(i.TI4_Config), (124 bytes).
    Removing stm32f10x_tim.o(i.TIM_ARRPreloadConfig), (24 bytes).
    Removing stm32f10x_tim.o(i.TIM_BDTRConfig), (34 bytes).
    Removing stm32f10x_tim.o(i.TIM_BDTRStructInit), (18 bytes).
    Removing stm32f10x_tim.o(i.TIM_CCPreloadControl), (24 bytes).
    Removing stm32f10x_tim.o(i.TIM_CCxCmd), (22 bytes).
    Removing stm32f10x_tim.o(i.TIM_CCxNCmd), (22 bytes).
    Removing stm32f10x_tim.o(i.TIM_ClearOC1Ref), (12 bytes).
    Removing stm32f10x_tim.o(i.TIM_ClearOC2Ref), (20 bytes).
    Removing stm32f10x_tim.o(i.TIM_ClearOC3Ref), (12 bytes).
    Removing stm32f10x_tim.o(i.TIM_ClearOC4Ref), (20 bytes).
    Removing stm32f10x_tim.o(i.TIM_CounterModeConfig), (12 bytes).
    Removing stm32f10x_tim.o(i.TIM_CtrlPWMOutputs), (28 bytes).
    Removing stm32f10x_tim.o(i.TIM_DMACmd), (20 bytes).
    Removing stm32f10x_tim.o(i.TIM_DMAConfig), (8 bytes).
    Removing stm32f10x_tim.o(i.TIM_DeInit), (528 bytes).
    Removing stm32f10x_tim.o(i.TIM_ETRClockMode1Config), (32 bytes).
    Removing stm32f10x_tim.o(i.TIM_ETRClockMode2Config), (20 bytes).
    Removing stm32f10x_tim.o(i.TIM_ETRConfig), (24 bytes).
    Removing stm32f10x_tim.o(i.TIM_EncoderInterfaceConfig), (50 bytes).
    Removing stm32f10x_tim.o(i.TIM_ForcedOC1Config), (12 bytes).
    Removing stm32f10x_tim.o(i.TIM_ForcedOC2Config), (20 bytes).
    Removing stm32f10x_tim.o(i.TIM_ForcedOC3Config), (12 bytes).
    Removing stm32f10x_tim.o(i.TIM_ForcedOC4Config), (20 bytes).
    Removing stm32f10x_tim.o(i.TIM_GenerateEvent), (4 bytes).
    Removing stm32f10x_tim.o(i.TIM_GetCapture1), (4 bytes).
    Removing stm32f10x_tim.o(i.TIM_GetCapture2), (4 bytes).
    Removing stm32f10x_tim.o(i.TIM_GetCapture3), (4 bytes).
    Removing stm32f10x_tim.o(i.TIM_GetCapture4), (6 bytes).
    Removing stm32f10x_tim.o(i.TIM_GetCounter), (4 bytes).
    Removing stm32f10x_tim.o(i.TIM_GetFlagStatus), (14 bytes).
    Removing stm32f10x_tim.o(i.TIM_GetPrescaler), (4 bytes).
    Removing stm32f10x_tim.o(i.TIM_ICInit), (140 bytes).
    Removing stm32f10x_tim.o(i.TIM_ICStructInit), (16 bytes).
    Removing stm32f10x_tim.o(i.TIM_ITRxExternalClockConfig), (20 bytes).
    Removing stm32f10x_tim.o(i.TIM_InternalClockConfig), (10 bytes).
    Removing stm32f10x_tim.o(i.TIM_OC1FastConfig), (12 bytes).
    Removing stm32f10x_tim.o(i.TIM_OC1Init), (136 bytes).
    Removing stm32f10x_tim.o(i.TIM_OC1NPolarityConfig), (12 bytes).
    Removing stm32f10x_tim.o(i.TIM_OC1PolarityConfig), (12 bytes).
    Removing stm32f10x_tim.o(i.TIM_OC1PreloadConfig), (12 bytes).
    Removing stm32f10x_tim.o(i.TIM_OC2FastConfig), (20 bytes).
    Removing stm32f10x_tim.o(i.TIM_OC2Init), (136 bytes).
    Removing stm32f10x_tim.o(i.TIM_OC2NPolarityConfig), (20 bytes).
    Removing stm32f10x_tim.o(i.TIM_OC2PolarityConfig), (20 bytes).
    Removing stm32f10x_tim.o(i.TIM_OC2PreloadConfig), (20 bytes).
    Removing stm32f10x_tim.o(i.TIM_OC3FastConfig), (12 bytes).
    Removing stm32f10x_tim.o(i.TIM_OC3Init), (132 bytes).
    Removing stm32f10x_tim.o(i.TIM_OC3NPolarityConfig), (20 bytes).
    Removing stm32f10x_tim.o(i.TIM_OC3PolarityConfig), (20 bytes).
    Removing stm32f10x_tim.o(i.TIM_OC3PreloadConfig), (12 bytes).
    Removing stm32f10x_tim.o(i.TIM_OC4FastConfig), (20 bytes).
    Removing stm32f10x_tim.o(i.TIM_OC4Init), (104 bytes).
    Removing stm32f10x_tim.o(i.TIM_OC4PolarityConfig), (20 bytes).
    Removing stm32f10x_tim.o(i.TIM_OC4PreloadConfig), (20 bytes).
    Removing stm32f10x_tim.o(i.TIM_OCStructInit), (20 bytes).
    Removing stm32f10x_tim.o(i.TIM_PWMIConfig), (110 bytes).
    Removing stm32f10x_tim.o(i.TIM_PrescalerConfig), (6 bytes).
    Removing stm32f10x_tim.o(i.TIM_SelectCCDMA), (24 bytes).
    Removing stm32f10x_tim.o(i.TIM_SelectCOM), (24 bytes).
    Removing stm32f10x_tim.o(i.TIM_SelectHallSensor), (24 bytes).
    Removing stm32f10x_tim.o(i.TIM_SelectInputTrigger), (12 bytes).
    Removing stm32f10x_tim.o(i.TIM_SelectMasterSlaveMode), (16 bytes).
    Removing stm32f10x_tim.o(i.TIM_SelectOCxM), (76 bytes).
    Removing stm32f10x_tim.o(i.TIM_SelectOnePulseMode), (16 bytes).
    Removing stm32f10x_tim.o(i.TIM_SelectOutputTrigger), (16 bytes).
    Removing stm32f10x_tim.o(i.TIM_SelectSlaveMode), (16 bytes).
    Removing stm32f10x_tim.o(i.TIM_SetAutoreload), (4 bytes).
    Removing stm32f10x_tim.o(i.TIM_SetClockDivision), (16 bytes).
    Removing stm32f10x_tim.o(i.TIM_SetCompare1), (4 bytes).
    Removing stm32f10x_tim.o(i.TIM_SetCompare2), (4 bytes).
    Removing stm32f10x_tim.o(i.TIM_SetCompare3), (4 bytes).
    Removing stm32f10x_tim.o(i.TIM_SetCompare4), (6 bytes).
    Removing stm32f10x_tim.o(i.TIM_SetCounter), (4 bytes).
    Removing stm32f10x_tim.o(i.TIM_SetIC1Prescaler), (16 bytes).
    Removing stm32f10x_tim.o(i.TIM_SetIC2Prescaler), (24 bytes).
    Removing stm32f10x_tim.o(i.TIM_SetIC3Prescaler), (16 bytes).
    Removing stm32f10x_tim.o(i.TIM_SetIC4Prescaler), (24 bytes).
    Removing stm32f10x_tim.o(i.TIM_TIxExternalClockConfig), (48 bytes).
    Removing stm32f10x_tim.o(i.TIM_TimeBaseStructInit), (18 bytes).
    Removing stm32f10x_tim.o(i.TIM_UpdateDisableConfig), (24 bytes).
    Removing stm32f10x_tim.o(i.TIM_UpdateRequestConfig), (24 bytes).
    Removing stm32f10x_usart.o(i.USART_ClearFlag), (8 bytes).
    Removing stm32f10x_usart.o(i.USART_ClearITPendingBit), (16 bytes).
    Removing stm32f10x_usart.o(i.USART_ClockInit), (30 bytes).
    Removing stm32f10x_usart.o(i.USART_ClockStructInit), (12 bytes).
    Removing stm32f10x_usart.o(i.USART_DMACmd), (20 bytes).
    Removing stm32f10x_usart.o(i.USART_DeInit), (164 bytes).
    Removing stm32f10x_usart.o(i.USART_HalfDuplexCmd), (24 bytes).
    Removing stm32f10x_usart.o(i.USART_IrDACmd), (24 bytes).
    Removing stm32f10x_usart.o(i.USART_IrDAConfig), (16 bytes).
    Removing stm32f10x_usart.o(i.USART_LINBreakDetectLengthConfig), (16 bytes).
    Removing stm32f10x_usart.o(i.USART_LINCmd), (24 bytes).
    Removing stm32f10x_usart.o(i.USART_OneBitMethodCmd), (24 bytes).
    Removing stm32f10x_usart.o(i.USART_OverSampling8Cmd), (24 bytes).
    Removing stm32f10x_usart.o(i.USART_ReceiverWakeUpCmd), (24 bytes).
    Removing stm32f10x_usart.o(i.USART_SendBreak), (10 bytes).
    Removing stm32f10x_usart.o(i.USART_SetAddress), (16 bytes).
    Removing stm32f10x_usart.o(i.USART_SetGuardTime), (16 bytes).
    Removing stm32f10x_usart.o(i.USART_SetPrescaler), (16 bytes).
    Removing stm32f10x_usart.o(i.USART_SmartCardCmd), (24 bytes).
    Removing stm32f10x_usart.o(i.USART_SmartCardNACKCmd), (24 bytes).
    Removing stm32f10x_usart.o(i.USART_StructInit), (22 bytes).
    Removing stm32f10x_usart.o(i.USART_WakeUpConfig), (16 bytes).
    Removing stm32f10x_wwdg.o(i.WWDG_ClearFlag), (12 bytes).
    Removing stm32f10x_wwdg.o(i.WWDG_DeInit), (24 bytes).
    Removing stm32f10x_wwdg.o(i.WWDG_Enable), (16 bytes).
    Removing stm32f10x_wwdg.o(i.WWDG_EnableIT), (12 bytes).
    Removing stm32f10x_wwdg.o(i.WWDG_GetFlagStatus), (12 bytes).
    Removing stm32f10x_wwdg.o(i.WWDG_SetCounter), (16 bytes).
    Removing stm32f10x_wwdg.o(i.WWDG_SetPrescaler), (20 bytes).
    Removing stm32f10x_wwdg.o(i.WWDG_SetWindowValue), (32 bytes).
    Removing core_cm3.o(.emb_text), (32 bytes).
    Removing startup_stm32f10x_md.o(HEAP), (512 bytes).
    Removing system_stm32f10x.o(i.SystemCoreClockUpdate), (124 bytes).
    Removing system_stm32f10x.o(.data), (20 bytes).
    Removing clock.o(i.rt_tick_from_millisecond), (50 bytes).
    Removing clock.o(i.rt_tick_get_millisecond), (4 bytes).
    Removing clock.o(i.rt_tick_set), (24 bytes).
    Removing device.o(i.rt_device_close), (48 bytes).
    Removing device.o(i.rt_device_control), (14 bytes).
    Removing device.o(i.rt_device_destroy), (20 bytes).
    Removing device.o(i.rt_device_init), (36 bytes).
    Removing device.o(i.rt_device_open), (94 bytes).
    Removing device.o(i.rt_device_read), (44 bytes).
    Removing device.o(i.rt_device_set_rx_indicate), (6 bytes).
    Removing device.o(i.rt_device_set_tx_complete), (6 bytes).
    Removing device.o(i.rt_device_unregister), (10 bytes).
    Removing idle.o(i.rt_thread_idle_gethandler), (8 bytes).
    Removing ipc.o(i._ipc_list_resume), (14 bytes).
    Removing ipc.o(i._ipc_list_resume_all), (46 bytes).
    Removing ipc.o(i._ipc_list_suspend), (92 bytes).
    Removing ipc.o(i.rt_list_insert_before), (14 bytes).
    Removing ipc.o(i.rt_list_isempty), (14 bytes).
    Removing ipc.o(i.rt_mb_control), (58 bytes).
    Removing ipc.o(i.rt_mb_create), (76 bytes).
    Removing ipc.o(i.rt_mb_delete), (36 bytes).
    Removing ipc.o(i.rt_mb_detach), (30 bytes).
    Removing ipc.o(i.rt_mb_init), (54 bytes).
    Removing ipc.o(i.rt_mb_recv), (246 bytes).
    Removing ipc.o(i.rt_mb_send), (6 bytes).
    Removing ipc.o(i.rt_mb_send_wait), (260 bytes).
    Removing ipc.o(i.rt_mb_urgent), (102 bytes).
    Removing ipc.o(i.rt_sem_control), (46 bytes).
    Removing ipc.o(i.rt_sem_create), (32 bytes).
    Removing ipc.o(i.rt_sem_delete), (22 bytes).
    Removing ipc.o(i.rt_sem_detach), (22 bytes).
    Removing ipc.o(i.rt_sem_init), (38 bytes).
    Removing ipc.o(i.rt_sem_release), (84 bytes).
    Removing ipc.o(i.rt_sem_take), (110 bytes).
    Removing ipc.o(i.rt_sem_trytake), (6 bytes).
    Removing kservice.o(i._rt_errno), (32 bytes).
    Removing kservice.o(i.rt_calloc), (28 bytes).
    Removing kservice.o(i.rt_console_get_device), (12 bytes).
    Removing kservice.o(i.rt_console_set_device), (48 bytes).
    Removing kservice.o(i.rt_free_align), (16 bytes).
    Removing kservice.o(i.rt_get_errno), (32 bytes).
    Removing kservice.o(i.rt_hw_console_output), (2 bytes).
    Removing kservice.o(i.rt_hw_us_delay), (2 bytes).
    Removing kservice.o(i.rt_kputs), (48 bytes).
    Removing kservice.o(i.rt_malloc_align), (50 bytes).
    Removing kservice.o(i.rt_memcmp), (28 bytes).
    Removing kservice.o(i.rt_memcpy), (78 bytes).
    Removing kservice.o(i.rt_memmove), (52 bytes).
    Removing kservice.o(i.rt_memory_info), (52 bytes).
    Removing kservice.o(i.rt_realloc), (36 bytes).
    Removing kservice.o(i.rt_snprintf), (18 bytes).
    Removing kservice.o(i.rt_strcasecmp), (42 bytes).
    Removing kservice.o(i.rt_strcmp), (24 bytes).
    Removing kservice.o(i.rt_strcpy), (24 bytes).
    Removing kservice.o(i.rt_strdup), (40 bytes).
    Removing kservice.o(i.rt_strerror), (28 bytes).
    Removing kservice.o(i.rt_strnlen), (20 bytes).
    Removing kservice.o(i.rt_strstr), (60 bytes).
    Removing mem.o(i.rt_smem_detach), (10 bytes).
    Removing mem.o(i.rt_smem_realloc), (176 bytes).
    Removing object.o(i.rt_object_get_length), (42 bytes).
    Removing object.o(i.rt_object_get_pointers), (74 bytes).
    Removing object.o(i.rt_object_get_type), (8 bytes).
    Removing scheduler.o(i.rt_critical_level), (12 bytes).
    Removing thread.o(i.rt_thread_control), (132 bytes).
    Removing thread.o(i.rt_thread_delay_until), (106 bytes).
    Removing thread.o(i.rt_thread_delete), (66 bytes).
    Removing thread.o(i.rt_thread_detach), (66 bytes).
    Removing thread.o(i.rt_thread_find), (6 bytes).
    Removing thread.o(i.rt_thread_mdelay), (14 bytes).
    Removing thread.o(i.rt_thread_yield), (42 bytes).
    Removing timer.o(i._timer_list_next_timeout), (48 bytes).
    Removing timer.o(i.rt_timer_create), (48 bytes).
    Removing timer.o(i.rt_timer_delete), (40 bytes).
    Removing timer.o(i.rt_timer_next_timeout_tick), (24 bytes).
    Removing cpuport.o(i.rt_hw_cpu_reset), (16 bytes).
    Removing cpuport.o(i.rt_hw_cpu_shutdown), (24 bytes).
    Removing cpuport.o(i.rt_hw_exception_install), (12 bytes).

541 unused section(s) (total 19498 bytes) removed from the image.
