Component: ARM Compiler 5.06 update 6 (build 750) Tool: armlink [4d35ed]

==============================================================================

Section Cross References

    app.o(i.app_init) refers to stm32f10x_rcc.o(i.RCC_APB2PeriphClockCmd) for RCC_APB2PeriphClockCmd
    app.o(i.app_init) refers to stm32f10x_gpio.o(i.GPIO_PinRemapConfig) for GPIO_PinRemapConfig
    app.o(i.app_init) refers to soft_i2c.o(i.I2C_BusInitialize) for I2C_BusInitialize
    app.o(i.app_init) refers to ipc.o(i.rt_mutex_create) for rt_mutex_create
    app.o(i.app_init) refers to kservice.o(i.rt_kprintf) for rt_kprintf
    app.o(i.app_init) refers to bq769.o(i.BQ769X0_Initialize) for BQ769X0_Initialize
    app.o(i.app_init) refers to bms_monitor.o(i.BMS_MonitorInit) for BMS_MonitorInit
    app.o(i.app_init) refers to bms_protect.o(i.BMS_ProtectInit) for BMS_ProtectInit
    app.o(i.app_init) refers to bms_analysis.o(i.BMS_AnalysisInit) for BMS_AnalysisInit
    app.o(i.app_init) refers to bms_info.o(i.BMS_InfoInit) for BMS_InfoInit
    app.o(i.app_init) refers to bms_balance.o(i.BMS_BalanceInit) for BMS_BalanceInit
    app.o(i.app_init) refers to bms_protect.o(i.BMS_ProtectHwOCD) for BMS_ProtectHwOCD
    app.o(i.app_init) refers to bms_protect.o(i.BMS_ProtectHwSCD) for BMS_ProtectHwSCD
    app.o(i.app_init) refers to bms_protect.o(i.BMS_ProtectHwOV) for BMS_ProtectHwOV
    app.o(i.app_init) refers to bms_protect.o(i.BMS_ProtectHwUV) for BMS_ProtectHwUV
    app.o(i.app_init) refers to bms_protect.o(i.BMS_ProtectHwDevice) for BMS_ProtectHwDevice
    app.o(i.app_init) refers to bms_protect.o(i.BMS_ProtectHwOvrd) for BMS_ProtectHwOvrd
    app.o(i.app_init) refers to app.o(.data) for i2c_mutex
    app.o(i.led_gpio_init) refers to stm32f10x_rcc.o(i.RCC_APB2PeriphClockCmd) for RCC_APB2PeriphClockCmd
    app.o(i.led_gpio_init) refers to stm32f10x_gpio.o(i.GPIO_SetBits) for GPIO_SetBits
    app.o(i.led_gpio_init) refers to stm32f10x_gpio.o(i.GPIO_Init) for GPIO_Init
    app.o(i.led_init) refers to app.o(i.led_gpio_init) for led_gpio_init
    app.o(i.led_init) refers to thread.o(i.rt_thread_create) for rt_thread_create
    app.o(i.led_init) refers to thread.o(i.rt_thread_startup) for rt_thread_startup
    app.o(i.led_init) refers to app.o(i.led_task) for led_task
    app.o(i.led_init) refers to app.o(.data) for led_thread
    app.o(i.led_task) refers to app.o(i.led_toggle) for led_toggle
    app.o(i.led_task) refers to thread.o(i.rt_thread_delay) for rt_thread_delay
    app.o(i.led_task) refers to app.o(.data) for led_time
    app.o(i.shell_test) refers to atoi.o(.text) for atoi
    app.o(i.shell_test) refers to app.o(.data) for led_time
    app.o(FSymTab) refers to app.o(.rodata.name) for __fsym_shell_test_name
    app.o(FSymTab) refers to app.o(i.shell_test) for shell_test
    board.o(i.rt_heap_begin_get) refers to board.o(.bss) for rt_heap
    board.o(i.rt_heap_end_get) refers to board.o(.bss) for rt_heap
    board.o(i.rt_hw_board_init) refers to delay.o(i.tim_tick_init) for tim_tick_init
    board.o(i.rt_hw_board_init) refers to board.o(i.rt_heap_end_get) for rt_heap_end_get
    board.o(i.rt_hw_board_init) refers to board.o(i.rt_heap_begin_get) for rt_heap_begin_get
    board.o(i.rt_hw_board_init) refers to kservice.o(i.rt_system_heap_init) for rt_system_heap_init
    board.o(i.rt_hw_board_init) refers to components.o(i.rt_components_board_init) for rt_components_board_init
    board.o(i.rt_hw_console_getchar) refers to ipc.o(i.rt_sem_take) for rt_sem_take
    board.o(i.rt_hw_console_getchar) refers to context_rvds.o(.text) for rt_hw_interrupt_disable
    board.o(i.rt_hw_console_getchar) refers to usart.o(.data) for uart_rx_sem
    board.o(i.rt_hw_console_getchar) refers to usart.o(.bss) for rx_buf
    board.o(i.rt_hw_console_output) refers to stm32f10x_usart.o(i.USART_SendData) for USART_SendData
    board.o(i.rt_hw_console_output) refers to stm32f10x_usart.o(i.USART_GetFlagStatus) for USART_GetFlagStatus
    board.o(i.rt_os_tick_callback) refers to irq.o(i.rt_interrupt_enter) for rt_interrupt_enter
    board.o(i.rt_os_tick_callback) refers to clock.o(i.rt_tick_increase) for rt_tick_increase
    board.o(i.rt_os_tick_callback) refers to irq.o(i.rt_interrupt_leave) for rt_interrupt_leave
    board.o(i.uart_init) refers to usart.o(i.USART1_Init) for USART1_Init
    board.o(.rti_fn.1) refers to board.o(i.uart_init) for uart_init
    main.o(i.main) refers to app.o(i.app_init) for app_init
    main.o(i.main) refers to thread.o(i.rt_thread_delay) for rt_thread_delay
    bms_analysis.o(i.BMS_AnalysisAhIntegrateToSoc) refers to fmul.o(.text) for __aeabi_fmul
    bms_analysis.o(i.BMS_AnalysisAhIntegrateToSoc) refers to ffixi.o(.text) for __aeabi_f2iz
    bms_analysis.o(i.BMS_AnalysisAhIntegrateToSoc) refers to fflti.o(.text) for __aeabi_i2f
    bms_analysis.o(i.BMS_AnalysisAhIntegrateToSoc) refers to fdiv.o(.text) for __aeabi_fdiv
    bms_analysis.o(i.BMS_AnalysisAhIntegrateToSoc) refers to f2d.o(.text) for __aeabi_f2d
[...]
    __aeabi_uidiv                            0x080009b1   Thumb Code     0  uidiv.o(.text)
    __aeabi_uidivmod                         0x080009b1   Thumb Code    44  uidiv.o(.text)
    __aeabi_llsl                             0x080009dd   Thumb Code    30  llshl.o(.text)
    _ll_shift_l                              0x080009dd   Thumb Code     0  llshl.o(.text)
    __aeabi_llsr                             0x080009fb   Thumb Code    32  llushr.o(.text)
    _ll_ushift_r                             0x080009fb   Thumb Code     0  llushr.o(.text)
    __aeabi_lasr                             0x08000a1b   Thumb Code    36  llsshr.o(.text)
    _ll_sshift_r                             0x08000a1b   Thumb Code     0  llsshr.o(.text)
    strtol                                   0x08000a3f   Thumb Code   112  strtol.o(.text)
    __I$use$fp                               0x08000aaf   Thumb Code     0  iusefp.o(.text)
    _float_round                             0x08000aaf   Thumb Code    18  fepilogue.o(.text)
    _float_epilogue                          0x08000ac1   Thumb Code    92  fepilogue.o(.text)
    _double_round                            0x08000b1d   Thumb Code    30  depilogue.o(.text)
    _double_epilogue                         0x08000b3b   Thumb Code   156  depilogue.o(.text)
    __ARM_scalbn                             0x08000bd7   Thumb Code    46  dscalb.o(.text)
    scalbn                                   0x08000bd7   Thumb Code     0  dscalb.o(.text)
    __aeabi_d2ulz                            0x08000c05   Thumb Code    48  dfixul.o(.text)
    __scatterload                            0x08000c35   Thumb Code    28  init.o(.text)
    __scatterload_rt2                        0x08000c35   Thumb Code     0  init.o(.text)
    _strtoul                                 0x08000c59   Thumb Code   158  _strtoul.o(.text)
    _chval                                   0x08000cf7   Thumb Code    28  _chval.o(.text)
    __decompress                             0x08000d13   Thumb Code     0  __dczerorl2.o(.text)
    __decompress1                            0x08000d13   Thumb Code    86  __dczerorl2.o(.text)
    main                                     0x08000d69   Thumb Code    10  components.o(i.$Sub$$main)
    BMS_AnalysisInit                         0x08000f7d   Thumb Code    80  bms_analysis.o(i.BMS_AnalysisInit)
    BMS_BalanceInit                          0x08001529   Thumb Code   150  bms_balance.o(i.BMS_BalanceInit)
    BMS_HalCtrlCellsBalance                  0x08001ba5   Thumb Code    36  bms_control.o(i.BMS_HalCtrlCellsBalance)
    BMS_HalCtrlCharge                        0x08001bcd   Thumb Code    34  bms_control.o(i.BMS_HalCtrlCharge)
    BMS_HalCtrlDischarge                     0x08001bf5   Thumb Code    34  bms_control.o(i.BMS_HalCtrlDischarge)
    BMS_HalUpdateCellCurrent                 0x08001c81   Thumb Code    28  bms_control.o(i.BMS_HalUpdateCellCurrent)
    BMS_HalUpdateCellTemperature             0x08001ca1   Thumb Code    28  bms_control.o(i.BMS_HalUpdateCellTemperature)
    BMS_HalUpdateCellVoltage                 0x08001cc1   Thumb Code    32  bms_control.o(i.BMS_HalUpdateCellVoltage)
    BMS_InfoControlPrintf                    0x08001ce5   Thumb Code    18  bms_info.o(i.BMS_InfoControlPrintf)
    BMS_InfoInit                             0x08001cfd   Thumb Code    84  bms_info.o(i.BMS_InfoInit)
    BMS_MonitorInit                          0x08002565   Thumb Code    80  bms_monitor.o(i.BMS_MonitorInit)
    BMS_ProtectHwDevice                      0x08002695   Thumb Code     2  bms_protect.o(i.BMS_ProtectHwDevice)
    BMS_ProtectHwOCD                         0x08002699   Thumb Code    60  bms_protect.o(i.BMS_ProtectHwOCD)
    BMS_ProtectHwOV                          0x0800270d   Thumb Code    60  bms_protect.o(i.BMS_ProtectHwOV)
    BMS_ProtectHwOvrd                        0x0800277d   Thumb Code     2  bms_protect.o(i.BMS_ProtectHwOvrd)
    BMS_ProtectHwSCD                         0x08002781   Thumb Code    60  bms_protect.o(i.BMS_ProtectHwSCD)
    BMS_ProtectHwUV                          0x080027f5   Thumb Code    60  bms_protect.o(i.BMS_ProtectHwUV)
    BMS_ProtectInit                          0x08002865   Thumb Code    80  bms_protect.o(i.BMS_ProtectInit)
    BQ769X0_CellBalanceControl               0x08002e85   Thumb Code   110  bq769.o(i.BQ769X0_CellBalanceControl)
    BQ769X0_ControlDSGOrCHG                  0x08002fe9   Thumb Code    42  bq769.o(i.BQ769X0_ControlDSGOrCHG)
    BQ769X0_EntryShip                        0x08003019   Thumb Code    28  bq769.o(i.BQ769X0_EntryShip)
    BQ769X0_GetADCGainOffset                 0x08003035   Thumb Code   170  bq769.o(i.BQ769X0_GetADCGainOffset)
    BQ769X0_Initialize                       0x080030f5   Thumb Code   232  bq769.o(i.BQ769X0_Initialize)
    BQ769X0_LoadDetect                       0x08003221   Thumb Code    40  bq769.o(i.BQ769X0_LoadDetect)
    BQ769X0_UpdateBatVolt                    0x0800369d   Thumb Code   130  bq769.o(i.BQ769X0_UpdateBatVolt)
    BQ769X0_UpdateCellVolt                   0x08003765   Thumb Code   140  bq769.o(i.BQ769X0_UpdateCellVolt)
    BQ769X0_UpdateCurrent                    0x08003835   Thumb Code   140  bq769.o(i.BQ769X0_UpdateCurrent)
    BQ769X0_UpdateTsTemp                     0x08003905   Thumb Code   236  bq769.o(i.BQ769X0_UpdateTsTemp)
    BQ769X0_Wakeup                           0x08003a3d   Thumb Code    50  bq769.o(i.BQ769X0_Wakeup)
    BubbleFloat                              0x08003cdf   Thumb Code    70  bms_utils.o(i.BubbleFloat)
    BubbleSort                               0x08003d25   Thumb Code    82  bms_utils.o(i.BubbleSort)
    BusFault_Handler                         0x08003d77   Thumb Code     4  stm32f10x_it.o(i.BusFault_Handler)
    CAN1_SCE_IRQHandler                      0x08003d7b   Thumb Code     8  can.o(i.CAN1_SCE_IRQHandler)
    CAN_MessagePending                       0x08003d83   Thumb Code    30  stm32f10x_can.o(i.CAN_MessagePending)
    CAN_Receive                              0x08003da1   Thumb Code   240  stm32f10x_can.o(i.CAN_Receive)
    CAN_TransmitStatus                       0x08003e91   Thumb Code   138  stm32f10x_can.o(i.CAN_TransmitStatus)
    CanIf_ControllerBusOff                   0x08003f75   Thumb Code     2  can.o(i.CanIf_ControllerBusOff)
    CanIf_RxIndication                       0x08003f77   Thumb Code     2  can.o(i.CanIf_RxIndication)
    CanIf_TxConfirmation                     0x08003f79   Thumb Code     2  can.o(i.CanIf_TxConfirmation)
    Can_IsrError                             0x08003f7b   Thumb Code     8  can.o(i.Can_IsrError)
    Can_IsrRxFifo0                           0x08003f85   Thumb Code    16  can.o(i.Can_IsrRxFifo0)
    Can_IsrTx                                0x08003f99   Thumb Code    14  can.o(i.Can_IsrTx)
    Can_MainFunction_BusOff                  0x08003fad   Thumb Code    18  can.o(i.Can_MainFunction_BusOff)
    Can_MainFunction_Error                   0x08003fc1   Thumb Code    16  can.o(i.Can_MainFunction_Error)
    Can_MainFunction_Write                   0x08003fd5   Thumb Code    84  can.o(i.Can_MainFunction_Write)
    DebugMon_Handler                         0x080040e5   Thumb Code     2  stm32f10x_it.o(i.DebugMon_Handler)
    EXTI15_10_IRQHandler                     0x080040e7   Thumb Code    26  bq769.o(i.EXTI15_10_IRQHandler)
    EXTI_ClearITPendingBit                   0x08004101   Thumb Code     6  stm32f10x_exti.o(i.EXTI_ClearITPendingBit)
    EXTI_GetITStatus                         0x0800410d   Thumb Code    34  stm32f10x_exti.o(i.EXTI_GetITStatus)
    EXTI_Init                                0x08004135   Thumb Code   142  stm32f10x_exti.o(i.EXTI_Init)
    GPIO_EXTILineConfig                      0x080041d9   Thumb Code    60  stm32f10x_gpio.o(i.GPIO_EXTILineConfig)
    GPIO_Init                                0x08004219   Thumb Code   278  stm32f10x_gpio.o(i.GPIO_Init)
    GPIO_PinRemapConfig                      0x08004331   Thumb Code   138  stm32f10x_gpio.o(i.GPIO_PinRemapConfig)
    GPIO_ReadInputDataBit                    0x080043c1   Thumb Code    18  stm32f10x_gpio.o(i.GPIO_ReadInputDataBit)
    GPIO_SetBits                             0x080043d3   Thumb Code     4  stm32f10x_gpio.o(i.GPIO_SetBits)
    GPIO_WriteBit                            0x080043d7   Thumb Code    10  stm32f10x_gpio.o(i.GPIO_WriteBit)
    I2C_BusInitialize                        0x08004531   Thumb Code    12  soft_i2c.o(i.I2C_BusInitialize)
    I2C_TransferMessages                     0x08004717   Thumb Code   182  soft_i2c.o(i.I2C_TransferMessages)
    MemManage_Handler                        0x08004853   Thumb Code     4  stm32f10x_it.o(i.MemManage_Handler)
    NMI_Handler                              0x08004857   Thumb Code     2  stm32f10x_it.o(i.NMI_Handler)
    NVIC_Init                                0x08004859   Thumb Code   100  misc.o(i.NVIC_Init)
    NVIC_PriorityGroupConfig                 0x080048c9   Thumb Code    10  misc.o(i.NVIC_PriorityGroupConfig)
    RCC_APB1PeriphClockCmd                   0x080048dd   Thumb Code    26  stm32f10x_rcc.o(i.RCC_APB1PeriphClockCmd)
    RCC_APB2PeriphClockCmd                   0x080048fd   Thumb Code    26  stm32f10x_rcc.o(i.RCC_APB2PeriphClockCmd)
    RCC_GetClocksFreq                        0x0800491d   Thumb Code   192  stm32f10x_rcc.o(i.RCC_GetClocksFreq)
    SystemInit                               0x08004b59   Thumb Code    78  system_stm32f10x.o(i.SystemInit)
    TIM3_IRQHandler                          0x08004bb9   Thumb Code    60  delay.o(i.TIM3_IRQHandler)
    TIM_ClearFlag                            0x08004c01   Thumb Code     6  stm32f10x_tim.o(i.TIM_ClearFlag)
    TIM_ClearITPendingBit                    0x08004c07   Thumb Code     6  stm32f10x_tim.o(i.TIM_ClearITPendingBit)
    TIM_Cmd                                  0x08004c0d   Thumb Code    24  stm32f10x_tim.o(i.TIM_Cmd)
    TIM_GetITStatus                          0x08004c25   Thumb Code    34  stm32f10x_tim.o(i.TIM_GetITStatus)
    TIM_ITConfig                             0x08004c47   Thumb Code    18  stm32f10x_tim.o(i.TIM_ITConfig)
    TIM_TimeBaseInit                         0x08004c59   Thumb Code   122  stm32f10x_tim.o(i.TIM_TimeBaseInit)
    USART1_IRQHandler                        0x08004e25   Thumb Code    94  usart.o(i.USART1_IRQHandler)
    USART1_Init                              0x08004e99   Thumb Code    32  usart.o(i.USART1_Init)
    USART_Cmd                                0x08004f39   Thumb Code    24  stm32f10x_usart.o(i.USART_Cmd)
    USART_GetFlagStatus                      0x08004f51   Thumb Code    26  stm32f10x_usart.o(i.USART_GetFlagStatus)
    USART_GetITStatus                        0x08004f6b   Thumb Code    84  stm32f10x_usart.o(i.USART_GetITStatus)
    USART_ITConfig                           0x08004fbf   Thumb Code    74  stm32f10x_usart.o(i.USART_ITConfig)
    USART_Init                               0x08005009   Thumb Code   210  stm32f10x_usart.o(i.USART_Init)
    USART_ReceiveData                        0x080050e1   Thumb Code    10  stm32f10x_usart.o(i.USART_ReceiveData)
    USART_SendData                           0x080050eb   Thumb Code     8  stm32f10x_usart.o(i.USART_SendData)
    USB_HP_CAN1_TX_IRQHandler                0x080050f3   Thumb Code     8  can.o(i.USB_HP_CAN1_TX_IRQHandler)
    USB_LP_CAN1_RX0_IRQHandler               0x080050fb   Thumb Code     8  can.o(i.USB_LP_CAN1_RX0_IRQHandler)
    UsageFault_Handler                       0x08005103   Thumb Code     4  stm32f10x_it.o(i.UsageFault_Handler)
    __0sprintf                               0x08005109   Thumb Code    34  printfa.o(i.__0sprintf)
    __1sprintf                               0x08005109   Thumb Code     0  printfa.o(i.__0sprintf)
    __2sprintf                               0x08005109   Thumb Code     0  printfa.o(i.__0sprintf)
    __c89sprintf                             0x08005109   Thumb Code     0  printfa.o(i.__0sprintf)
    sprintf                                  0x08005109   Thumb Code     0  printfa.o(i.__0sprintf)
    __aeabi_errno_addr                       0x08005131   Thumb Code     4  errno.o(i.__aeabi_errno_addr)
    __rt_errno_addr                          0x08005131   Thumb Code     0  errno.o(i.__aeabi_errno_addr)
    __kernel_poly                            0x08005139   Thumb Code   170  poly.o(i.__kernel_poly)
    __mathlib_dbl_divzero                    0x080051e5   Thumb Code    12  dunder.o(i.__mathlib_dbl_divzero)
    __mathlib_dbl_infnan                     0x080051f5   Thumb Code     6  dunder.o(i.__mathlib_dbl_infnan)
    __mathlib_dbl_invalid                    0x080051fb   Thumb Code    12  dunder.o(i.__mathlib_dbl_invalid)
    __rt_ffs                                 0x08005209   Thumb Code    70  kservice.o(i.__rt_ffs)
    __scatterload_copy                       0x08005255   Thumb Code    14  handlers.o(i.__scatterload_copy)
    __scatterload_null                       0x08005263   Thumb Code     2  handlers.o(i.__scatterload_null)
    __scatterload_zeroinit                   0x08005265   Thumb Code    14  handlers.o(i.__scatterload_zeroinit)
    __set_errno                              0x08005275   Thumb Code     6  errno.o(i.__set_errno)
    app_init                                 0x08005f89   Thumb Code   196  app.o(i.app_init)
    cmd_free                                 0x080061b1   Thumb Code    64  msh.o(i.cmd_free)
    cmd_list                                 0x08006231   Thumb Code   144  cmd.o(i.cmd_list)
    cmd_ps                                   0x08006399   Thumb Code    14  msh.o(i.cmd_ps)
    finsh_get_prompt                         0x080063ed   Thumb Code    68  shell.o(i.finsh_get_prompt)
    finsh_getchar                            0x08006449   Thumb Code     8  shell.o(i.finsh_getchar)
    finsh_set_prompt_mode                    0x08006451   Thumb Code    42  shell.o(i.finsh_set_prompt_mode)
    finsh_system_function_init               0x08006499   Thumb Code    10  shell.o(i.finsh_system_function_init)
    finsh_system_init                        0x080064ad   Thumb Code    98  shell.o(i.finsh_system_init)
    finsh_thread_entry                       0x08006549   Thumb Code   930  shell.o(i.finsh_thread_entry)
    list_mailbox                             0x08006a41   Thumb Code   224  cmd.o(i.list_mailbox)
    list_mutex                               0x08006b9d   Thumb Code   168  cmd.o(i.list_mutex)
    list_sem                                 0x08006ca9   Thumb Code   216  cmd.o(i.list_sem)
    list_thread                              0x08006de1   Thumb Code   302  cmd.o(i.list_thread)
    list_timer                               0x08006fcd   Thumb Code   212  cmd.o(i.list_timer)
    log                                      0x08007175   Thumb Code   808  log.o(i.log)
    $Super$$main                             0x080074d1   Thumb Code    16  main.o(i.main)
    main_thread_entry                        0x080074e1   Thumb Code    14  components.o(i.main_thread_entry)
    msh_auto_complete                        0x080075d9   Thumb Code   120  msh.o(i.msh_auto_complete)
    msh_exec                                 0x0800765d   Thumb Code    84  msh.o(i.msh_exec)
    msh_help                                 0x08007709   Thumb Code    48  msh.o(i.msh_help)
    right_bound                              0x08007af9   Thumb Code    78  bms_utils.o(i.right_bound)
    rt_application_init                      0x08007b49   Thumb Code    46  components.o(i.rt_application_init)
    rt_assert_handler                        0x08007b99   Thumb Code    56  kservice.o(i.rt_assert_handler)
    rt_calloc                                0x08007c0d   Thumb Code    34  kservice.o(i.rt_calloc)
    rt_components_board_init                 0x08007c31   Thumb Code    20  components.o(i.rt_components_board_init)
    rt_components_init                       0x08007c4d   Thumb Code    20  components.o(i.rt_components_init)
    rt_critical_level                        0x08007c69   Thumb Code     8  scheduler.o(i.rt_critical_level)
    rt_enter_critical                        0x08007cb5   Thumb Code    28  scheduler.o(i.rt_enter_critical)
    rt_exit_critical                         0x08007cd5   Thumb Code    60  scheduler.o(i.rt_exit_critical)
    rt_free                                  0x08007d19   Thumb Code    30  kservice.o(i.rt_free)
    rt_heap_begin_get                        0x08007d39   Thumb Code     4  board.o(i.rt_heap_begin_get)
    rt_heap_end_get                          0x08007d41   Thumb Code     4  board.o(i.rt_heap_end_get)
    rt_hw_board_init                         0x08007d49   Thumb Code    30  board.o(i.rt_hw_board_init)
    rt_hw_console_getchar                    0x08007d69   Thumb Code    80  board.o(i.rt_hw_console_getchar)
    rt_hw_console_output                     0x08007dc9   Thumb Code    66  board.o(i.rt_hw_console_output)
    rt_hw_hard_fault_exception               0x08007e11   Thumb Code   198  cpuport.o(i.rt_hw_hard_fault_exception)
    rt_hw_stack_init                         0x08008019   Thumb Code    70  cpuport.o(i.rt_hw_stack_init)
    rt_interrupt_enter                       0x08008065   Thumb Code    30  irq.o(i.rt_interrupt_enter)
    rt_interrupt_get_nest                    0x08008089   Thumb Code    22  irq.o(i.rt_interrupt_get_nest)
    rt_interrupt_leave                       0x080080a5   Thumb Code    30  irq.o(i.rt_interrupt_leave)
    rt_kprintf                               0x080080c9   Thumb Code    46  kservice.o(i.rt_kprintf)
    rt_malloc                                0x080081ad   Thumb Code    32  kservice.o(i.rt_malloc)
    rt_memcpy                                0x080081d1   Thumb Code   124  kservice.o(i.rt_memcpy)
    rt_memmove                               0x0800824d   Thumb Code    66  kservice.o(i.rt_memmove)
    rt_memory_info                           0x08008291   Thumb Code    64  kservice.o(i.rt_memory_info)
    rt_memset                                0x080082d5   Thumb Code    72  kservice.o(i.rt_memset)
    rt_mutex_create                          0x0800831d   Thumb Code    98  ipc.o(i.rt_mutex_create)
    rt_mutex_init                            0x080083b1   Thumb Code    62  ipc.o(i.rt_mutex_init)
    rt_mutex_release                         0x08008409   Thumb Code   328  ipc.o(i.rt_mutex_release)
    rt_mutex_take                            0x080085d1   Thumb Code   396  ipc.o(i.rt_mutex_take)
    rt_object_allocate                       0x08008809   Thumb Code   140  object.o(i.rt_object_allocate)
    rt_object_delete                         0x080088dd   Thumb Code    70  object.o(i.rt_object_delete)
    rt_object_detach                         0x08008969   Thumb Code    44  object.o(i.rt_object_detach)
    rt_object_get_information                0x080089ad   Thumb Code    36  object.o(i.rt_object_get_information)
    rt_object_get_type                       0x080089d5   Thumb Code    26  object.o(i.rt_object_get_type)
    rt_object_init                           0x08008a09   Thumb Code   122  object.o(i.rt_object_init)
    rt_object_is_systemobject                0x08008ab1   Thumb Code    34  object.o(i.rt_object_is_systemobject)
    rt_os_tick_callback                      0x08008aed   Thumb Code    16  board.o(i.rt_os_tick_callback)
    rt_schedule                              0x08008afd   Thumb Code   270  scheduler.o(i.rt_schedule)
    rt_schedule_insert_thread                0x08008c21   Thumb Code   160  scheduler.o(i.rt_schedule_insert_thread)
    rt_schedule_remove_thread                0x08008ce5   Thumb Code    94  scheduler.o(i.rt_schedule_remove_thread)
    rt_sem_create                            0x08008d65   Thumb Code   120  ipc.o(i.rt_sem_create)
    rt_sem_init                              0x08008e5d   Thumb Code    88  ipc.o(i.rt_sem_init)
    rt_sem_release                           0x08008f19   Thumb Code   122  ipc.o(i.rt_sem_release)
    rt_sem_take                              0x08008fad   Thumb Code   294  ipc.o(i.rt_sem_take)
    rt_show_version                          0x0800917d   Thumb Code    42  kservice.o(i.rt_show_version)
    rt_smem_alloc                            0x08009241   Thumb Code   450  mem.o(i.rt_smem_alloc)
    rt_smem_free                             0x080094b9   Thumb Code   206  mem.o(i.rt_smem_free)
    rt_smem_init                             0x0800965d   Thumb Code   176  mem.o(i.rt_smem_init)
    rt_soft_timer_check                      0x08009751   Thumb Code   190  timer.o(i.rt_soft_timer_check)
    rt_sprintf                               0x08009819   Thumb Code    34  kservice.o(i.rt_sprintf)
    rt_strerror                              0x0800983d   Thumb Code    26  kservice.o(i.rt_strerror)
    rt_strncpy                               0x0800985d   Thumb Code    52  kservice.o(i.rt_strncpy)
    rt_system_heap_init                      0x08009891   Thumb Code    66  kservice.o(i.rt_system_heap_init)
    rt_system_scheduler_init                 0x08009909   Thumb Code    42  scheduler.o(i.rt_system_scheduler_init)
    rt_system_scheduler_start                0x08009941   Thumb Code    36  scheduler.o(i.rt_system_scheduler_start)
    rt_system_timer_init                     0x08009969   Thumb Code    24  timer.o(i.rt_system_timer_init)
    rt_system_timer_thread_init              0x08009985   Thumb Code    58  timer.o(i.rt_system_timer_thread_init)
    rt_thread_control                        0x080099d9   Thumb Code   182  thread.o(i.rt_thread_control)
    rt_thread_create                         0x08009aad   Thumb Code    80  thread.o(i.rt_thread_create)
    rt_thread_defunct_dequeue                0x08009afd   Thumb Code    56  idle.o(i.rt_thread_defunct_dequeue)
    rt_thread_defunct_enqueue                0x08009b39   Thumb Code    24  idle.o(i.rt_thread_defunct_enqueue)
    rt_thread_delay                          0x08009b55   Thumb Code    12  thread.o(i.rt_thread_delay)
    rt_thread_delete                         0x08009b61   Thumb Code   128  thread.o(i.rt_thread_delete)
    rt_thread_detach                         0x08009c39   Thumb Code   128  thread.o(i.rt_thread_detach)
    rt_thread_idle_init                      0x08009d0d   Thumb Code    82  idle.o(i.rt_thread_idle_init)
    rt_thread_init                           0x08009d75   Thumb Code    78  thread.o(i.rt_thread_init)
    rt_thread_mdelay                         0x08009df5   Thumb Code    20  thread.o(i.rt_thread_mdelay)
    rt_thread_resume                         0x08009e09   Thumb Code   104  thread.o(i.rt_thread_resume)
    rt_thread_self                           0x08009e8d   Thumb Code     6  thread.o(i.rt_thread_self)
    rt_thread_sleep                          0x08009e99   Thumb Code   104  thread.o(i.rt_thread_sleep)
    rt_thread_startup                        0x08009f1d   Thumb Code   102  thread.o(i.rt_thread_startup)
    rt_thread_suspend                        0x08009fd9   Thumb Code   136  thread.o(i.rt_thread_suspend)
    rt_tick_from_millisecond                 0x0800a099   Thumb Code    56  clock.o(i.rt_tick_from_millisecond)
    rt_tick_get                              0x0800a0d1   Thumb Code     6  clock.o(i.rt_tick_get)
    rt_tick_increase                         0x0800a0dd   Thumb Code    74  clock.o(i.rt_tick_increase)
    rt_timer_check                           0x0800a12d   Thumb Code   172  timer.o(i.rt_timer_check)
    rt_timer_control                         0x0800a1dd   Thumb Code   162  timer.o(i.rt_timer_control)
    rt_timer_create                          0x0800a2fd   Thumb Code    88  timer.o(i.rt_timer_create)
    rt_timer_detach                          0x0800a385   Thumb Code    96  timer.o(i.rt_timer_detach)
    rt_timer_init                            0x0800a465   Thumb Code    94  timer.o(i.rt_timer_init)
    rt_timer_start                           0x0800a509   Thumb Code   328  timer.o(i.rt_timer_start)
    rt_timer_stop                            0x0800a6b9   Thumb Code    84  timer.o(i.rt_timer_stop)
    rt_vsnprintf                             0x0800a761   Thumb Code   824  kservice.o(i.rt_vsnprintf)
    rt_vsprintf                              0x0800aaa1   Thumb Code    22  kservice.o(i.rt_vsprintf)
    rtthread_startup                         0x0800aac7   Thumb Code    42  components.o(i.rtthread_startup)
    swap                                     0x0800abcf   Thumb Code    26  bms_utils.o(i.swap)
    tim_tick_init                            0x0800abe9   Thumb Code   110  delay.o(i.tim_tick_init)
    version                                  0x0800ad51   Thumb Code    10  cmd.o(i.version)
    __lowest_bit_bitmap                      0x0800aeb6   Data         256  kservice.o(.constdata)
    __ctype_table                            0x0800b2b0   Data         129  ctype_o.o(.constdata)
    __mathlib_zero                           0x0800b338   Data           8  qnan.o(.constdata)
    __fsym_shell_test_name                   0x0800b698   Data          11  app.o(.rodata.name)
    __fsym_shell_test_desc                   0x0800b6a3   Data          24  app.o(.rodata.name)
    __fsym_BMS_CmdOpenDSG_name               0x0800b6bb   Data          15  bms_control.o(.rodata.name)
    __fsym_BMS_CmdOpenDSG_desc               0x0800b6ca   Data           9  bms_control.o(.rodata.name)
    __fsym_BMS_CmdCloseDSG_name              0x0800b6d3   Data          16  bms_control.o(.rodata.name)
    __fsym_BMS_CmdCloseDSG_desc              0x0800b6e3   Data          10  bms_control.o(.rodata.name)
    __fsym_BMS_CmdOpenCHG_name               0x0800b6ed   Data          15  bms_control.o(.rodata.name)
    __fsym_BMS_CmdOpenCHG_desc               0x0800b6fc   Data           9  bms_control.o(.rodata.name)
    __fsym_BMS_CmdCloseCHG_name              0x0800b705   Data          16  bms_control.o(.rodata.name)
    __fsym_BMS_CmdCloseCHG_desc              0x0800b715   Data          10  bms_control.o(.rodata.name)
    __fsym_BMS_CmdOpenBalance_name           0x0800b71f   Data          19  bms_control.o(.rodata.name)
    __fsym_BMS_CmdOpenBalance_desc           0x0800b732   Data          13  bms_control.o(.rodata.name)
    __fsym_BMS_CmdCloseBalance_name          0x0800b73f   Data          20  bms_control.o(.rodata.name)
    __fsym_BMS_CmdCloseBalance_desc          0x0800b753   Data          14  bms_control.o(.rodata.name)
    __fsym_BMS_CmdLoadDetect_name            0x0800b761   Data          18  bms_control.o(.rodata.name)
    __fsym_BMS_CmdLoadDetect_desc            0x0800b773   Data          12  bms_control.o(.rodata.name)
    __fsym_BMS_CmdOpenInfo_name              0x0800b77f   Data          16  bms_control.o(.rodata.name)
    __fsym_BMS_CmdOpenInfo_desc              0x0800b78f   Data          17  bms_control.o(.rodata.name)
    __fsym_BMS_CmdCloseInfo_name             0x0800b7a0   Data          17  bms_control.o(.rodata.name)
    __fsym_BMS_CmdCloseInfo_desc             0x0800b7b1   Data          18  bms_control.o(.rodata.name)
    __fsym_clear_name                        0x0800b7c3   Data           6  cmd.o(.rodata.name)
    __fsym_clear_desc                        0x0800b7c9   Data          26  cmd.o(.rodata.name)
    __fsym_version_name                      0x0800b7e3   Data           8  cmd.o(.rodata.name)
    __fsym_version_desc                      0x0800b7eb   Data          35  cmd.o(.rodata.name)
    __fsym_list_thread_name                  0x0800b80e   Data          12  cmd.o(.rodata.name)
    __fsym_list_thread_desc                  0x0800b81a   Data          12  cmd.o(.rodata.name)
    __fsym_list_sem_name                     0x0800b826   Data           9  cmd.o(.rodata.name)
    __fsym_list_sem_desc                     0x0800b82f   Data          25  cmd.o(.rodata.name)
    __fsym_list_mutex_name                   0x0800b848   Data          11  cmd.o(.rodata.name)
    __fsym_list_mutex_desc                   0x0800b853   Data          21  cmd.o(.rodata.name)
    __fsym_list_mailbox_name                 0x0800b868   Data          13  cmd.o(.rodata.name)
    __fsym_list_mailbox_desc                 0x0800b875   Data          24  cmd.o(.rodata.name)
    __fsym_list_timer_name                   0x0800b88d   Data          11  cmd.o(.rodata.name)
    __fsym_list_timer_desc                   0x0800b898   Data          21  cmd.o(.rodata.name)
    __fsym_list_name                         0x0800b8ad   Data           5  cmd.o(.rodata.name)
    __fsym_list_desc                         0x0800b8b2   Data          13  cmd.o(.rodata.name)
    __fsym_help_name                         0x0800b8bf   Data           5  msh.o(.rodata.name)
    __fsym_help_desc                         0x0800b8c4   Data          22  msh.o(.rodata.name)
    __fsym_ps_name                           0x0800b8da   Data           3  msh.o(.rodata.name)
    __fsym_ps_desc                           0x0800b8dd   Data          28  msh.o(.rodata.name)
    __fsym_free_name                         0x0800b8f9   Data           5  msh.o(.rodata.name)
    __fsym_free_desc                         0x0800b8fe   Data          37  msh.o(.rodata.name)
    __rt_init_rti_start                      0x0800b924   Data           4  components.o(.rti_fn.0)
    __rt_init_rti_board_start                0x0800b928   Data           4  components.o(.rti_fn.0.end)
    __rt_init_uart_init                      0x0800b92c   Data           4  board.o(.rti_fn.1)
    __rt_init_rti_board_end                  0x0800b930   Data           4  components.o(.rti_fn.1.end)
    __rt_init_finsh_system_init              0x0800b934   Data           4  shell.o(.rti_fn.6)
    __rt_init_rti_end                        0x0800b938   Data           4  components.o(.rti_fn.6.end)
    FSymTab$$Base                            0x0800b93c   Number         0  app.o(FSymTab)
    __fsym_shell_test                        0x0800b93c   Data          12  app.o(FSymTab)
    __fsym_BMS_CmdOpenDSG                    0x0800b948   Data          12  bms_control.o(FSymTab)
    __fsym_BMS_CmdCloseDSG                   0x0800b954   Data          12  bms_control.o(FSymTab)
    __fsym_BMS_CmdOpenCHG                    0x0800b960   Data          12  bms_control.o(FSymTab)
    __fsym_BMS_CmdCloseCHG                   0x0800b96c   Data          12  bms_control.o(FSymTab)
    __fsym_BMS_CmdOpenBalance                0x0800b978   Data          12  bms_control.o(FSymTab)
    __fsym_BMS_CmdCloseBalance               0x0800b984   Data          12  bms_control.o(FSymTab)
    __fsym_BMS_CmdLoadDetect                 0x0800b990   Data          12  bms_control.o(FSymTab)
    __fsym_BMS_CmdOpenInfo                   0x0800b99c   Data          12  bms_control.o(FSymTab)
    __fsym_BMS_CmdCloseInfo                  0x0800b9a8   Data          12  bms_control.o(FSymTab)
    __fsym_clear                             0x0800b9b4   Data          12  cmd.o(FSymTab)
    __fsym_version                           0x0800b9c0   Data          12  cmd.o(FSymTab)
    __fsym_list_thread                       0x0800b9cc   Data          12  cmd.o(FSymTab)
    __fsym_list_sem                          0x0800b9d8   Data          12  cmd.o(FSymTab)
    __fsym_list_mutex                        0x0800b9e4   Data          12  cmd.o(FSymTab)
    __fsym_list_mailbox                      0x0800b9f0   Data          12  cmd.o(FSymTab)
    __fsym_list_timer                        0x0800b9fc   Data          12  cmd.o(FSymTab)
    __fsym_list                              0x0800ba08   Data          12  cmd.o(FSymTab)
    __fsym_help                              0x0800ba14   Data          12  msh.o(FSymTab)
    __fsym_ps                                0x0800ba20   Data          12  msh.o(FSymTab)
    __fsym_free                              0x0800ba2c   Data          12  msh.o(FSymTab)
    FSymTab$$Limit                           0x0800ba38   Number         0  msh.o(FSymTab)
    Region$$Table$$Base                      0x0800ba38   Number         0  anon$$obj.o(Region$$Table)
    Region$$Table$$Limit                     0x0800ba58   Number         0  anon$$obj.o(Region$$Table)
    led_time                                 0x20000000   Data           2  app.o(.data)
    led_thread                               0x20000004   Data           4  app.o(.data)
    i2c_mutex                                0x20000008   Data           4  app.o(.data)
    BMS_AnalysisData                         0x2000000c   Data          48  bms_analysis.o(.data)
    SocOcvTab                                0x2000003c   Data         202  bms_analysis.o(.data)
    BalanceVoltRiseTime                      0x2000010c   Data           4  bms_balance.o(.data)
    BalanceTime                              0x20000110   Data           4  bms_balance.o(.data)
    BMS_BalanceData                          0x20000118   Data          32  bms_balance.o(.data)
    BMS_GlobalParam                          0x20000146   Data           6  bms_monitor.o(.data)
    BMS_Protect                              0x2000014c   Data          72  bms_protect.o(.data)
    i2c1                                     0x200001c0   Data          32  soft_i2c.o(.data)
    rx_in                                    0x200001e0   Data           2  usart.o(.data)
    rx_out                                   0x200001e2   Data           2  usart.o(.data)
    uart_rx_sem                              0x200001e4   Data           4  usart.o(.data)
    rt_interrupt_nest                        0x20000218   Data           1  irq.o(.data)
    rt_assert_hook                           0x20000254   Data           4  kservice.o(.data)
    rt_thread_ready_priority_group           0x200002b8   Data           4  scheduler.o(.data)
    rt_current_thread                        0x200002c0   Data           4  scheduler.o(.data)
    rt_current_priority                      0x200002c4   Data           1  scheduler.o(.data)
    rt_interrupt_from_thread                 0x200002e0   Data           4  cpuport.o(.data)
    rt_interrupt_to_thread                   0x200002e4   Data           4  cpuport.o(.data)
    rt_thread_switch_interrupt_flag          0x200002e8   Data           4  cpuport.o(.data)
    _syscall_table_begin                     0x200002f0   Data           4  shell.o(.data)
    _syscall_table_end                       0x200002f4   Data           4  shell.o(.data)
    shell                                    0x200002f8   Data           4  shell.o(.data)
    BMS_MonitorData                          0x20003f04   Data          76  bms_monitor.o(.bss)
    rx_buf                                   0x20003f50   Data         128  usart.o(.bss)
    BQ769X0_SampleData                       0x20004024   Data          36  bq769.o(.bss)
    rt_thread_priority_table                 0x200042e4   Data         256  scheduler.o(.bss)
    __initial_sp                             0x20004b60   Data           0  startup_stm32f10x_md.o(STACK)



==============================================================================

Memory Map of the image

  Image Entry point : 0x080000ed

  Load Region LR_IROM1 (Base: 0x08000000, Size: 0x0000bd5c, Max: 0x00010000, ABSOLUTE, COMPRESSED[0x0000bc18])

    Execution Region ER_IROM1 (Exec base: 0x08000000, Load base: 0x08000000, Size: 0x0000ba58, Max: 0x00010000, ABSOLUTE)

    Exec Addr    Load Addr    Size         Type   Attr      Idx    E Section Name        Object

    0x08000000   0x08000000   0x000000ec   Data   RO         4452    RESET               startup_stm32f10x_md.o
    0x080000ec   0x080000ec   0x00000000   Code   RO         6008  * .ARM.Collect$$$$00000000  mc_w.l(entry.o)
    0x080000ec   0x080000ec   0x00000004   Code   RO         6377    .ARM.Collect$$$$00000001  mc_w.l(entry2.o)
    0x080000f0   0x080000f0   0x00000004   Code   RO         6380    .ARM.Collect$$$$00000004  mc_w.l(entry5.o)
    0x080000f4   0x080000f4   0x00000000   Code   RO         6382    .ARM.Collect$$$$00000008  mc_w.l(entry7b.o)
    0x080000f4   0x080000f4   0x00000000   Code   RO         6384    .ARM.Collect$$$$0000000A  mc_w.l(entry8b.o)
    0x080000f4   0x080000f4   0x00000008   Code   RO         6385    .ARM.Collect$$$$0000000B  mc_w.l(entry9a.o)
    0x080000fc   0x080000fc   0x00000000   Code   RO         6387    .ARM.Collect$$$$0000000D  mc_w.l(entry10a.o)
    0x080000fc   0x080000fc   0x00000000   Code   RO         6389    .ARM.Collect$$$$0000000F  mc_w.l(entry11a.o)
    0x080000fc   0x080000fc   0x00000004   Code   RO         6378    .ARM.Collect$$$$00002712  mc_w.l(entry2.o)
    0x08000100   0x08000100   0x00000024   Code   RO         4453    .text               startup_stm32f10x_md.o
    0x08000124   0x08000124   0x000000fc   Code   RO         5661    .text               context_rvds.o
    0x08000220   0x08000220   0x00000062   Code   RO         6011    .text               mc_w.l(uldiv.o)
    0x08000282   0x08000282   0x00000002   PAD
    0x08000284   0x08000284   0x00000008   Code   RO         6013    .text               mc_w.l(ctype_o.o)
    0x0800028c   0x0800028c   0x00000024   Code   RO         6043    .text               mc_w.l(memcpya.o)
    0x080002b0   0x080002b0   0x00000024   Code   RO         6045    .text               mc_w.l(memseta.o)
    0x080002d4   0x080002d4   0x00000018   Code   RO         6047    .text               mc_w.l(strcat.o)
    0x080002ec   0x080002ec   0x00000018   Code   RO         6049    .text               mc_w.l(strncpy.o)
    0x08000304   0x08000304   0x0000000e   Code   RO         6051    .text               mc_w.l(strlen.o)
    0x08000312   0x08000312   0x0000001c   Code   RO         6053    .text               mc_w.l(strcmp.o)
    0x0800032e   0x0800032e   0x00000012   Code   RO         6055    .text               mc_w.l(strcpy.o)
    0x08000340   0x08000340   0x0000001e   Code   RO         6057    .text               mc_w.l(strncmp.o)
    0x0800035e   0x0800035e   0x0000001a   Code   RO         6322    .text               mc_w.l(atoi.o)
    0x08000378   0x08000378   0x000000b0   Code   RO         6324    .text               mf_w.l(fadd.o)
    0x08000428   0x08000428   0x00000064   Code   RO         6326    .text               mf_w.l(fmul.o)
    0x0800048c   0x0800048c   0x0000007c   Code   RO         6328    .text               mf_w.l(fdiv.o)
    0x08000508   0x08000508   0x0000014e   Code   RO         6330    .text               mf_w.l(dadd.o)
    0x08000656   0x08000656   0x000000e4   Code   RO         6332    .text               mf_w.l(dmul.o)
    0x0800073a   0x0800073a   0x000000de   Code   RO         6334    .text               mf_w.l(ddiv.o)
    0x08000818   0x08000818   0x00000012   Code   RO         6336    .text               mf_w.l(fflti.o)
    0x0800082a   0x0800082a   0x0000000a   Code   RO         6338    .text               mf_w.l(ffltui.o)
    0x08000834   0x08000834   0x00000022   Code   RO         6340    .text               mf_w.l(dflti.o)
    0x08000856   0x08000856   0x0000001a   Code   RO         6342    .text               mf_w.l(dfltui.o)
    0x08000870   0x08000870   0x00000032   Code   RO         6344    .text               mf_w.l(ffixi.o)
    0x080008a2   0x080008a2   0x00000028   Code   RO         6346    .text               mf_w.l(ffixui.o)
    0x080008ca   0x080008ca   0x00000026   Code   RO         6348    .text               mf_w.l(f2d.o)
    0x080008f0   0x080008f0   0x00000030   Code   RO         6350    .text               mf_w.l(cdcmple.o)
    0x08000920   0x08000920   0x00000030   Code   RO         6352    .text               mf_w.l(cdrcmple.o)
    0x08000950   0x08000950   0x00000038   Code   RO         6354    .text               mf_w.l(d2f.o)
    0x08000988   0x08000988   0x00000014   Code   RO         6356    .text               mf_w.l(cfcmple.o)
    0x0800099c   0x0800099c   0x00000014   Code   RO         6358    .text               mf_w.l(cfrcmple.o)
    0x080009b0   0x080009b0   0x0000002c   Code   RO         6392    .text               mc_w.l(uidiv.o)
    0x080009dc   0x080009dc   0x0000001e   Code   RO         6394    .text               mc_w.l(llshl.o)
    0x080009fa   0x080009fa   0x00000020   Code   RO         6396    .text               mc_w.l(llushr.o)
    0x08000a1a   0x08000a1a   0x00000024   Code   RO         6398    .text               mc_w.l(llsshr.o)
    0x08000a3e   0x08000a3e   0x00000070   Code   RO         6407    .text               mc_w.l(strtol.o)
    0x08000aae   0x08000aae   0x00000000   Code   RO         6409    .text               mc_w.l(iusefp.o)
    0x08000aae   0x08000aae   0x0000006e   Code   RO         6410    .text               mf_w.l(fepilogue.o)
    0x08000b1c   0x08000b1c   0x000000ba   Code   RO         6412    .text               mf_w.l(depilogue.o)
    0x08000bd6   0x08000bd6   0x0000002e   Code   RO         6414    .text               mf_w.l(dscalb.o)
    0x08000c04   0x08000c04   0x00000030   Code   RO         6416    .text               mf_w.l(dfixul.o)
    0x08000c34   0x08000c34   0x00000024   Code   RO         6418    .text               mc_w.l(init.o)
    0x08000c58   0x08000c58   0x0000009e   Code   RO         6420    .text               mc_w.l(_strtoul.o)
    0x08000cf6   0x08000cf6   0x0000001c   Code   RO         6422    .text               mc_w.l(_chval.o)
    0x08000d12   0x08000d12   0x00000056   Code   RO         6432    .text               mc_w.l(__dczerorl2.o)
    0x08000d68   0x08000d68   0x0000000a   Code   RO         4590    i.$Sub$$main        components.o
    0x08000d72   0x08000d72   0x00000002   PAD
    0x08000d74   0x08000d74   0x00000138   Code   RO          284    i.BMS_AnalysisAhIntegrateToSoc  bms_analysis.o
    0x08000eac   0x08000eac   0x0000007c   Code   RO          285    i.BMS_AnalysisCalculate  bms_analysis.o
    0x08000f28   0x08000f28   0x00000054   Code   RO          286    i.BMS_AnalysisCapAndSocInit  bms_analysis.o
    0x08000f7c   0x08000f7c   0x000000e8   Code   RO          287    i.BMS_AnalysisInit  bms_analysis.o
    0x08001064   0x08001064   0x00000070   Code   RO          288    i.BMS_AnalysisOcvSocCompensation  bms_analysis.o
    0x080010d4   0x080010d4   0x00000068   Code   RO          289    i.BMS_AnalysisOcvToSoc  bms_analysis.o
    0x0800113c   0x0800113c   0x00000020   Code   RO          290    i.BMS_AnalysisTask  bms_analysis.o
    0x0800115c   0x0800115c   0x00000100   Code   RO          291    i.BMS_AnalysisTempCompensation  bms_analysis.o
    0x0800125c   0x0800125c   0x0000008c   Code   RO          346    i.BMS_BalanceCheck  bms_balance.o
    0x080012e8   0x080012e8   0x000001bc   Code   RO          347    i.BMS_BalanceChgDsgManage  bms_balance.o
    0x080014a4   0x080014a4   0x00000070   Code   RO          348    i.BMS_BalanceControl  bms_balance.o
    0x08001514   0x08001514   0x00000012   Code   RO          349    i.BMS_BalanceEnter  bms_balance.o
    0x08001526   0x08001526   0x00000002   PAD
    0x08001528   0x08001528   0x0000019c   Code   RO          350    i.BMS_BalanceInit   bms_balance.o
    0x080016c4   0x080016c4   0x00000100   Code   RO          351    i.BMS_BalanceSelect  bms_balance.o
    0x080017c4   0x080017c4   0x00000038   Code   RO          352    i.BMS_BalanceTask   bms_balance.o
    0x080017fc   0x080017fc   0x00000078   Code   RO          353    i.BMS_BalanceTimerStart  bms_balance.o
    0x08001874   0x08001874   0x00000170   Code   RO          537    i.BMS_ChargeMonitor  bms_protect.o
    0x080019e4   0x080019e4   0x0000000c   Code   RO          694    i.BMS_CmdCloseBalance  bms_control.o
    0x080019f0   0x080019f0   0x0000000c   Code   RO          695    i.BMS_CmdCloseCHG   bms_control.o
    0x080019fc   0x080019fc   0x0000000c   Code   RO          696    i.BMS_CmdCloseDSG   bms_control.o
    0x08001a08   0x08001a08   0x0000000a   Code   RO          697    i.BMS_CmdCloseInfo  bms_control.o
    0x08001a12   0x08001a12   0x00000002   PAD
    0x08001a14   0x08001a14   0x00000070   Code   RO          698    i.BMS_CmdLoadDetect  bms_control.o
    0x08001a84   0x08001a84   0x0000000c   Code   RO          699    i.BMS_CmdOpenBalance  bms_control.o
    0x08001a90   0x08001a90   0x0000000c   Code   RO          700    i.BMS_CmdOpenCHG    bms_control.o
    0x08001a9c   0x08001a9c   0x0000000c   Code   RO          701    i.BMS_CmdOpenDSG    bms_control.o
    0x08001aa8   0x08001aa8   0x0000000a   Code   RO          702    i.BMS_CmdOpenInfo   bms_control.o
    0x08001ab2   0x08001ab2   0x00000002   PAD
    0x08001ab4   0x08001ab4   0x000000f0   Code   RO          538    i.BMS_DischargeMonitor  bms_protect.o
    0x08001ba4   0x08001ba4   0x00000028   Code   RO          703    i.BMS_HalCtrlCellsBalance  bms_control.o
    0x08001bcc   0x08001bcc   0x00000028   Code   RO          704    i.BMS_HalCtrlCharge  bms_control.o
    0x08001bf4   0x08001bf4   0x00000028   Code   RO          705    i.BMS_HalCtrlDischarge  bms_control.o
    0x08001c1c   0x08001c1c   0x00000064   Code   RO          465    i.BMS_HalMonitorBattery  bms_monitor.o
    0x08001c80   0x08001c80   0x00000020   Code   RO          708    i.BMS_HalUpdateCellCurrent  bms_control.o
    0x08001ca0   0x08001ca0   0x00000020   Code   RO          709    i.BMS_HalUpdateCellTemperature  bms_control.o
    0x08001cc0   0x08001cc0   0x00000024   Code   RO          710    i.BMS_HalUpdateCellVoltage  bms_control.o
    0x08001ce4   0x08001ce4   0x00000018   Code   RO          420    i.BMS_InfoControlPrintf  bms_info.o
    0x08001cfc   0x08001cfc   0x000000d8   Code   RO          421    i.BMS_InfoInit      bms_info.o
    0x08001dd4   0x08001dd4   0x00000194   Code   RO          422    i.BMS_InfoLed       bms_info.o
    0x08001f68   0x08001f68   0x00000030   Code   RO          423    i.BMS_InfoLedInit   bms_info.o
    0x08001f98   0x08001f98   0x0000052c   Code   RO          424    i.BMS_InfoPrintf    bms_info.o
    0x080024c4   0x080024c4   0x00000020   Code   RO          425    i.BMS_InfoTask      bms_info.o
    0x080024e4   0x080024e4   0x00000080   Code   RO          466    i.BMS_MonitorBattery  bms_monitor.o
    0x08002564   0x08002564   0x000000e4   Code   RO          467    i.BMS_MonitorInit   bms_monitor.o
    0x08002648   0x08002648   0x0000004c   Code   RO          471    i.BMS_MonitorSysMode  bms_monitor.o
    0x08002694   0x08002694   0x00000002   Code   RO          539    i.BMS_ProtectHwDevice  bms_protect.o
    0x08002696   0x08002696   0x00000002   PAD
    0x08002698   0x08002698   0x00000074   Code   RO          540    i.BMS_ProtectHwOCD  bms_protect.o
    0x0800270c   0x0800270c   0x00000070   Code   RO          541    i.BMS_ProtectHwOV   bms_protect.o
    0x0800277c   0x0800277c   0x00000002   Code   RO          542    i.BMS_ProtectHwOvrd  bms_protect.o
    0x0800277e   0x0800277e   0x00000002   PAD
    0x08002780   0x08002780   0x00000074   Code   RO          543    i.BMS_ProtectHwSCD  bms_protect.o
    0x080027f4   0x080027f4   0x00000070   Code   RO          544    i.BMS_ProtectHwUV   bms_protect.o
    0x08002864   0x08002864   0x000000e4   Code   RO          545    i.BMS_ProtectInit   bms_protect.o
    0x08002948   0x08002948   0x00000028   Code   RO          546    i.BMS_ProtectMode   bms_protect.o
    0x08002970   0x08002970   0x000003c4   Code   RO          547    i.BMS_ProtectRelieveMonitor  bms_protect.o
    0x08002d34   0x08002d34   0x00000012   Code   RO          548    i.BMS_ProtectTask   bms_protect.o
    0x08002d46   0x08002d46   0x00000002   PAD
    0x08002d48   0x08002d48   0x00000068   Code   RO         1266    i.BQ769X0_ALERT_Init  bq769.o
    0x08002db0   0x08002db0   0x000000d4   Code   RO         1267    i.BQ769X0_AlertyHandler  bq769.o
    0x08002e84   0x08002e84   0x00000074   Code   RO         1268    i.BQ769X0_CellBalanceControl  bq769.o
    0x08002ef8   0x08002ef8   0x000000f0   Code   RO         1269    i.BQ769X0_Configuration  bq769.o
    0x08002fe8   0x08002fe8   0x00000030   Code   RO         1270    i.BQ769X0_ControlDSGOrCHG  bq769.o
    0x08003018   0x08003018   0x0000001c   Code   RO         1271    i.BQ769X0_EntryShip  bq769.o
    0x08003034   0x08003034   0x000000c0   Code   RO         1272    i.BQ769X0_GetADCGainOffset  bq769.o
    0x080030f4   0x080030f4   0x0000012c   Code   RO         1273    i.BQ769X0_Initialize  bq769.o
    0x08003220   0x08003220   0x0000002c   Code   RO         1274    i.BQ769X0_LoadDetect  bq769.o
    0x0800324c   0x0800324c   0x00000188   Code   RO         1278    i.BQ769X0_ReadBlockWithCRC  bq769.o
    0x080033d4   0x080033d4   0x0000010c   Code   RO         1280    i.BQ769X0_ReadRegisterByteWithCRC  bq769.o
    0x080034e0   0x080034e0   0x00000174   Code   RO         1281    i.BQ769X0_ReadRegisterWordWithCRC  bq769.o
    0x08003654   0x08003654   0x00000024   Code   RO         1283    i.BQ769X0_TS1_SetInMode  bq769.o
    0x08003678   0x08003678   0x00000024   Code   RO         1284    i.BQ769X0_TS1_SetOutMode  bq769.o
    0x0800369c   0x0800369c   0x000000c8   Code   RO         1287    i.BQ769X0_UpdateBatVolt  bq769.o
    0x08003764   0x08003764   0x000000d0   Code   RO         1288    i.BQ769X0_UpdateCellVolt  bq769.o
    0x08003834   0x08003834   0x000000d0   Code   RO         1289    i.BQ769X0_UpdateCurrent  bq769.o
    0x08003904   0x08003904   0x00000138   Code   RO         1291    i.BQ769X0_UpdateTsTemp  bq769.o
    0x08003a3c   0x08003a3c   0x00000038   Code   RO         1292    i.BQ769X0_Wakeup    bq769.o
    0x08003a74   0x08003a74   0x000000ec   Code   RO         1293    i.BQ769X0_WriteBlockWithCRC  bq769.o
    0x08003b60   0x08003b60   0x000000b0   Code   RO         1295    i.BQ769X0_WriteRegisterByteWithCRC  bq769.o
    0x08003c10   0x08003c10   0x0000003c   Code   RO          354    i.BalanceTimerCallback  bms_balance.o
    0x08003c4c   0x08003c4c   0x00000018   Code   RO          472    i.Bms_HalMonitorBatteryCurrent  bms_monitor.o
    0x08003c64   0x08003c64   0x00000068   Code   RO          473    i.Bms_HalMonitorCellTemperature  bms_monitor.o
    0x08003ccc   0x08003ccc   0x00000012   Code   RO          474    i.Bms_MonitorTask   bms_monitor.o
    0x08003cde   0x08003cde   0x00000046   Code   RO          616    i.BubbleFloat       bms_utils.o
    0x08003d24   0x08003d24   0x00000052   Code   RO          617    i.BubbleSort        bms_utils.o
    0x08003d76   0x08003d76   0x00000004   Code   RO         4457    i.BusFault_Handler  stm32f10x_it.o
    0x08003d7a   0x08003d7a   0x00000008   Code   RO          805    i.CAN1_SCE_IRQHandler  can.o
    0x08003d82   0x08003d82   0x0000001e   Code   RO         1822    i.CAN_MessagePending  stm32f10x_can.o
    0x08003da0   0x08003da0   0x000000f0   Code   RO         1824    i.CAN_Receive       stm32f10x_can.o
    0x08003e90   0x08003e90   0x000000a0   Code   RO         1830    i.CAN_TransmitStatus  stm32f10x_can.o
    0x08003f30   0x08003f30   0x00000044   Code   RO         1297    i.CRC8              bq769.o
    0x08003f74   0x08003f74   0x00000002   Code   RO          808    i.CanIf_ControllerBusOff  can.o
    0x08003f76   0x08003f76   0x00000002   Code   RO          810    i.CanIf_RxIndication  can.o
    0x08003f78   0x08003f78   0x00000002   Code   RO          811    i.CanIf_TxConfirmation  can.o
    0x08003f7a   0x08003f7a   0x00000008   Code   RO          823    i.Can_IsrError      can.o
    0x08003f82   0x08003f82   0x00000002   PAD
    0x08003f84   0x08003f84   0x00000014   Code   RO          824    i.Can_IsrRxFifo0    can.o
    0x08003f98   0x08003f98   0x00000014   Code   RO          826    i.Can_IsrTx         can.o
    0x08003fac   0x08003fac   0x00000012   Code   RO          828    i.Can_MainFunction_BusOff  can.o
    0x08003fbe   0x08003fbe   0x00000002   PAD
    0x08003fc0   0x08003fc0   0x00000014   Code   RO          829    i.Can_MainFunction_Error  can.o
    0x08003fd4   0x08003fd4   0x00000064   Code   RO          833    i.Can_MainFunction_Write  can.o
    0x08004038   0x08004038   0x00000088   Code   RO          834    i.Can_ProcessRxFifo  can.o
    0x080040c0   0x080040c0   0x00000024   Code   RO          835    i.Can_ReadErrorState  can.o
    0x080040e4   0x080040e4   0x00000002   Code   RO         4458    i.DebugMon_Handler  stm32f10x_it.o
    0x080040e6   0x080040e6   0x0000001a   Code   RO         1298    i.EXTI15_10_IRQHandler  bq769.o
    0x08004100   0x08004100   0x0000000c   Code   RO         2270    i.EXTI_ClearITPendingBit  stm32f10x_exti.o
    0x0800410c   0x0800410c   0x00000028   Code   RO         2274    i.EXTI_GetITStatus  stm32f10x_exti.o
    0x08004134   0x08004134   0x00000094   Code   RO         2275    i.EXTI_Init         stm32f10x_exti.o
    0x080041c8   0x080041c8   0x0000000e   Code   RO         1086    i.GET_SDA           soft_i2c.o
    0x080041d6   0x080041d6   0x00000002   PAD
    0x080041d8   0x080041d8   0x00000040   Code   RO         2620    i.GPIO_EXTILineConfig  stm32f10x_gpio.o
    0x08004218   0x08004218   0x00000116   Code   RO         2623    i.GPIO_Init         stm32f10x_gpio.o
    0x0800432e   0x0800432e   0x00000002   PAD
    0x08004330   0x08004330   0x00000090   Code   RO         2625    i.GPIO_PinRemapConfig  stm32f10x_gpio.o
    0x080043c0   0x080043c0   0x00000012   Code   RO         2627    i.GPIO_ReadInputDataBit  stm32f10x_gpio.o
    0x080043d2   0x080043d2   0x00000004   Code   RO         2631    i.GPIO_SetBits      stm32f10x_gpio.o
    0x080043d6   0x080043d6   0x0000000a   Code   RO         2634    i.GPIO_WriteBit     stm32f10x_gpio.o
    0x080043e0   0x080043e0   0x00000010   Code   RO         1087    i.I2C1_Lock         soft_i2c.o
    0x080043f0   0x080043f0   0x00000002   Code   RO         1088    i.I2C1_LockInit     soft_i2c.o
    0x080043f2   0x080043f2   0x00000002   PAD
    0x080043f4   0x080043f4   0x00000010   Code   RO         1089    i.I2C1_Unlock       soft_i2c.o
    0x08004404   0x08004404   0x000000ec   Code   RO         1090    i.I2C_BitSendAddress  soft_i2c.o
    0x080044f0   0x080044f0   0x00000040   Code   RO         1091    i.I2C_BusHardwareInitialize  soft_i2c.o
    0x08004530   0x08004530   0x00000010   Code   RO         1092    i.I2C_BusInitialize  soft_i2c.o
    0x08004540   0x08004540   0x00000048   Code   RO         1093    i.I2C_ReadByte      soft_i2c.o
    0x08004588   0x08004588   0x00000068   Code   RO         1094    i.I2C_RecvBytes     soft_i2c.o
    0x080045f0   0x080045f0   0x0000002a   Code   RO         1095    i.I2C_Restart       soft_i2c.o
    0x0800461a   0x0800461a   0x00000048   Code   RO         1096    i.I2C_SendAddress   soft_i2c.o
    0x08004662   0x08004662   0x00000072   Code   RO         1097    i.I2C_SendBytes     soft_i2c.o
    0x080046d4   0x080046d4   0x00000018   Code   RO         1098    i.I2C_Start         soft_i2c.o
    0x080046ec   0x080046ec   0x0000002a   Code   RO         1099    i.I2C_Stop          soft_i2c.o
    0x08004716   0x08004716   0x000000b6   Code   RO         1100    i.I2C_TransferMessages  soft_i2c.o
    0x080047cc   0x080047cc   0x00000086   Code   RO         1101    i.I2C_WriteByte     soft_i2c.o
    0x08004852   0x08004852   0x00000004   Code   RO         4459    i.MemManage_Handler  stm32f10x_it.o
    0x08004856   0x08004856   0x00000002   Code   RO         4460    i.NMI_Handler       stm32f10x_it.o
    0x08004858   0x08004858   0x00000070   Code   RO         1472    i.NVIC_Init         misc.o
    0x080048c8   0x080048c8   0x00000014   Code   RO         1473    i.NVIC_PriorityGroupConfig  misc.o
    0x080048dc   0x080048dc   0x00000020   Code   RO         3039    i.RCC_APB1PeriphClockCmd  stm32f10x_rcc.o
    0x080048fc   0x080048fc   0x00000020   Code   RO         3041    i.RCC_APB2PeriphClockCmd  stm32f10x_rcc.o
    0x0800491c   0x0800491c   0x000000d4   Code   RO         3049    i.RCC_GetClocksFreq  stm32f10x_rcc.o
    0x080049f0   0x080049f0   0x00000010   Code   RO         1102    i.SCL_H             soft_i2c.o
    0x08004a00   0x08004a00   0x00000010   Code   RO         1103    i.SCL_L             soft_i2c.o
    0x08004a10   0x08004a10   0x00000010   Code   RO         1104    i.SDA_H             soft_i2c.o
    0x08004a20   0x08004a20   0x00000010   Code   RO         1105    i.SDA_L             soft_i2c.o
    0x08004a30   0x08004a30   0x00000020   Code   RO         1106    i.SDA_SetInMode     soft_i2c.o
    0x08004a50   0x08004a50   0x00000020   Code   RO         1107    i.SDA_SetOutMode    soft_i2c.o
    0x08004a70   0x08004a70   0x00000008   Code   RO         4518    i.SetSysClock       system_stm32f10x.o
    0x08004a78   0x08004a78   0x000000e0   Code   RO         4519    i.SetSysClockTo72   system_stm32f10x.o
    0x08004b58   0x08004b58   0x00000060   Code   RO         4521    i.SystemInit        system_stm32f10x.o
    0x08004bb8   0x08004bb8   0x00000048   Code   RO         1027    i.TIM3_IRQHandler   delay.o
    0x08004c00   0x08004c00   0x00000006   Code   RO         3667    i.TIM_ClearFlag     stm32f10x_tim.o
    0x08004c06   0x08004c06   0x00000006   Code   RO         3668    i.TIM_ClearITPendingBit  stm32f10x_tim.o
    0x08004c0c   0x08004c0c   0x00000018   Code   RO         3673    i.TIM_Cmd           stm32f10x_tim.o
    0x08004c24   0x08004c24   0x00000022   Code   RO         3694    i.TIM_GetITStatus   stm32f10x_tim.o
    0x08004c46   0x08004c46   0x00000012   Code   RO         3698    i.TIM_ITConfig      stm32f10x_tim.o
    0x08004c58   0x08004c58   0x000000a4   Code   RO         3744    i.TIM_TimeBaseInit  stm32f10x_tim.o
    0x08004cfc   0x08004cfc   0x000000bc   Code   RO         1299    i.TempChange        bq769.o
    0x08004db8   0x08004db8   0x0000006c   Code   RO         1215    i.USART1_IO_Init    usart.o
    0x08004e24   0x08004e24   0x00000074   Code   RO         1216    i.USART1_IRQHandler  usart.o
    0x08004e98   0x08004e98   0x0000002c   Code   RO         1217    i.USART1_Init       usart.o
    0x08004ec4   0x08004ec4   0x00000074   Code   RO         1218    i.USART1_func_Init  usart.o
    0x08004f38   0x08004f38   0x00000018   Code   RO         4209    i.USART_Cmd         stm32f10x_usart.o
    0x08004f50   0x08004f50   0x0000001a   Code   RO         4212    i.USART_GetFlagStatus  stm32f10x_usart.o
    0x08004f6a   0x08004f6a   0x00000054   Code   RO         4213    i.USART_GetITStatus  stm32f10x_usart.o
    0x08004fbe   0x08004fbe   0x0000004a   Code   RO         4215    i.USART_ITConfig    stm32f10x_usart.o
    0x08005008   0x08005008   0x000000d8   Code   RO         4216    i.USART_Init        stm32f10x_usart.o
    0x080050e0   0x080050e0   0x0000000a   Code   RO         4223    i.USART_ReceiveData  stm32f10x_usart.o
    0x080050ea   0x080050ea   0x00000008   Code   RO         4226    i.USART_SendData    stm32f10x_usart.o
    0x080050f2   0x080050f2   0x00000008   Code   RO          839    i.USB_HP_CAN1_TX_IRQHandler  can.o
    0x080050fa   0x080050fa   0x00000008   Code   RO          840    i.USB_LP_CAN1_RX0_IRQHandler  can.o
    0x08005102   0x08005102   0x00000004   Code   RO         4461    i.UsageFault_Handler  stm32f10x_it.o
    0x08005106   0x08005106   0x00000002   PAD
    0x08005108   0x08005108   0x00000028   Code   RO         6296    i.__0sprintf        mc_w.l(printfa.o)
    0x08005130   0x08005130   0x00000008   Code   RO         6400    i.__aeabi_errno_addr  mc_w.l(errno.o)
    0x08005138   0x08005138   0x000000aa   Code   RO         6374    i.__kernel_poly     m_ws.l(poly.o)
    0x080051e2   0x080051e2   0x00000002   PAD
    0x080051e4   0x080051e4   0x00000010   Code   RO         6360    i.__mathlib_dbl_divzero  m_ws.l(dunder.o)
    0x080051f4   0x080051f4   0x00000006   Code   RO         6361    i.__mathlib_dbl_infnan  m_ws.l(dunder.o)
    0x080051fa   0x080051fa   0x0000000c   Code   RO         6363    i.__mathlib_dbl_invalid  m_ws.l(dunder.o)
    0x08005206   0x08005206   0x00000002   PAD
    0x08005208   0x08005208   0x0000004c   Code   RO         4940    i.__rt_ffs          kservice.o
    0x08005254   0x08005254   0x0000000e   Code   RO         6426    i.__scatterload_copy  mc_w.l(handlers.o)
    0x08005262   0x08005262   0x00000002   Code   RO         6427    i.__scatterload_null  mc_w.l(handlers.o)
    0x08005264   0x08005264   0x0000000e   Code   RO         6428    i.__scatterload_zeroinit  mc_w.l(handlers.o)
    0x08005272   0x08005272   0x00000002   PAD
    0x08005274   0x08005274   0x0000000c   Code   RO         6402    i.__set_errno       mc_w.l(errno.o)
    0x08005280   0x08005280   0x00000184   Code   RO         6301    i._fp_digits        mc_w.l(printfa.o)
    0x08005404   0x08005404   0x0000001c   Code   RO         4941    i._heap_lock        kservice.o
    0x08005420   0x08005420   0x00000038   Code   RO         4942    i._heap_unlock      kservice.o
    0x08005458   0x08005458   0x00000018   Code   RO         4717    i._ipc_list_resume  ipc.o
    0x08005470   0x08005470   0x00000080   Code   RO         4719    i._ipc_list_suspend  ipc.o
    0x080054f0   0x080054f0   0x00000010   Code   RO         4720    i._ipc_object_init  ipc.o
    0x08005500   0x08005500   0x0000009c   Code   RO         5816    i._msh_exec_cmd     msh.o
    0x0800559c   0x0800559c   0x000006dc   Code   RO         6302    i._printf_core      mc_w.l(printfa.o)
    0x08005c78   0x08005c78   0x00000024   Code   RO         6303    i._printf_post_padding  mc_w.l(printfa.o)
    0x08005c9c   0x08005c9c   0x0000002e   Code   RO         6304    i._printf_pre_padding  mc_w.l(printfa.o)
    0x08005cca   0x08005cca   0x00000002   PAD
    0x08005ccc   0x08005ccc   0x00000028   Code   RO         5334    i._scheduler_get_highest_priority_thread  scheduler.o
    0x08005cf4   0x08005cf4   0x0000000a   Code   RO         6306    i._sputc            mc_w.l(printfa.o)
    0x08005cfe   0x08005cfe   0x00000034   Code   RO         5414    i._thread_exit      thread.o
    0x08005d32   0x08005d32   0x00000002   PAD
    0x08005d34   0x08005d34   0x000000b8   Code   RO         5415    i._thread_init      thread.o
    0x08005dec   0x08005dec   0x000000bc   Code   RO         5416    i._thread_timeout   thread.o
    0x08005ea8   0x08005ea8   0x00000042   Code   RO         5536    i._timer_init       timer.o
    0x08005eea   0x08005eea   0x00000038   Code   RO         5537    i._timer_list_next_timeout  timer.o
    0x08005f22   0x08005f22   0x0000001c   Code   RO         5538    i._timer_remove     timer.o
    0x08005f3e   0x08005f3e   0x00000002   PAD
    0x08005f40   0x08005f40   0x00000048   Code   RO         5539    i._timer_thread_entry  timer.o
    0x08005f88   0x08005f88   0x00000118   Code   RO            1    i.app_init          app.o
    0x080060a0   0x080060a0   0x000000fc   Code   RO         5665    i.bus_fault_track   cpuport.o
    0x0800619c   0x0800619c   0x00000014   Code   RO         5725    i.clear             cmd.o
    0x080061b0   0x080061b0   0x00000080   Code   RO         5817    i.cmd_free          msh.o
    0x08006230   0x08006230   0x00000168   Code   RO         5726    i.cmd_list          cmd.o
    0x08006398   0x08006398   0x0000000e   Code   RO         5818    i.cmd_ps            msh.o
    0x080063a6   0x080063a6   0x00000020   Code   RO          475    i.compaer_cell      bms_monitor.o
    0x080063c6   0x080063c6   0x00000026   Code   RO         1108    i.delay_us          soft_i2c.o
    0x080063ec   0x080063ec   0x0000005c   Code   RO         5917    i.finsh_get_prompt  shell.o
    0x08006448   0x08006448   0x00000008   Code   RO         5919    i.finsh_getchar     shell.o
    0x08006450   0x08006450   0x00000048   Code   RO         5922    i.finsh_set_prompt_mode  shell.o
    0x08006498   0x08006498   0x00000014   Code   RO         5923    i.finsh_system_function_init  shell.o
    0x080064ac   0x080064ac   0x0000009c   Code   RO         5924    i.finsh_system_init  shell.o
    0x08006548   0x08006548   0x000003c4   Code   RO         5925    i.finsh_thread_entry  shell.o
    0x0800690c   0x0800690c   0x00000080   Code   RO         5666    i.hard_fault_track  cpuport.o
    0x0800698c   0x0800698c   0x0000002a   Code   RO         5727    i.list_find_init    cmd.o
    0x080069b6   0x080069b6   0x00000088   Code   RO         5728    i.list_get_next     cmd.o
    0x08006a3e   0x08006a3e   0x00000002   PAD
    0x08006a40   0x08006a40   0x0000015c   Code   RO         5729    i.list_mailbox      cmd.o
    0x08006b9c   0x08006b9c   0x0000010c   Code   RO         5730    i.list_mutex        cmd.o
    0x08006ca8   0x08006ca8   0x00000138   Code   RO         5731    i.list_sem          cmd.o
    0x08006de0   0x08006de0   0x000001ec   Code   RO         5732    i.list_thread       cmd.o
    0x08006fcc   0x08006fcc   0x000001a8   Code   RO         5733    i.list_timer        cmd.o
    0x08007174   0x08007174   0x0000035c   Code   RO         5999    i.log               m_ws.l(log.o)
    0x080074d0   0x080074d0   0x00000010   Code   RO          268    i.main              main.o
    0x080074e0   0x080074e0   0x0000000e   Code   RO         4591    i.main_thread_entry  components.o
    0x080074ee   0x080074ee   0x00000002   PAD
    0x080074f0   0x080074f0   0x000000e8   Code   RO         5667    i.mem_manage_fault_track  cpuport.o
    0x080075d8   0x080075d8   0x00000084   Code   RO         5819    i.msh_auto_complete  msh.o
    0x0800765c   0x0800765c   0x0000006c   Code   RO         5820    i.msh_exec          msh.o
    0x080076c8   0x080076c8   0x00000040   Code   RO         5821    i.msh_get_cmd       msh.o
    0x08007708   0x08007708   0x00000064   Code   RO         5822    i.msh_help          msh.o
    0x0800776c   0x0800776c   0x000000f0   Code   RO         5823    i.msh_split         msh.o
    0x0800785c   0x0800785c   0x0000001c   Code   RO         5734    i.object_split      cmd.o
    0x08007878   0x08007878   0x000000e8   Code   RO         5197    i.plug_holes        mem.o
    0x08007960   0x08007960   0x00000198   Code   RO         4944    i.print_number      kservice.o
    0x08007af8   0x08007af8   0x0000004e   Code   RO          626    i.right_bound       bms_utils.o
    0x08007b46   0x08007b46   0x00000002   PAD
    0x08007b48   0x08007b48   0x00000050   Code   RO         4592    i.rt_application_init  components.o
    0x08007b98   0x08007b98   0x00000074   Code   RO         4945    i.rt_assert_handler  kservice.o
    0x08007c0c   0x08007c0c   0x00000022   Code   RO         4947    i.rt_calloc         kservice.o
    0x08007c2e   0x08007c2e   0x00000002   PAD
    0x08007c30   0x08007c30   0x0000001c   Code   RO         4593    i.rt_components_board_init  components.o
    0x08007c4c   0x08007c4c   0x0000001c   Code   RO         4594    i.rt_components_init  components.o
    0x08007c68   0x08007c68   0x0000000c   Code   RO         5335    i.rt_critical_level  scheduler.o
    0x08007c74   0x08007c74   0x0000003e   Code   RO         4671    i.rt_defunct_execute  idle.o
    0x08007cb2   0x08007cb2   0x00000002   PAD
    0x08007cb4   0x08007cb4   0x00000020   Code   RO         5336    i.rt_enter_critical  scheduler.o
    0x08007cd4   0x08007cd4   0x00000044   Code   RO         5337    i.rt_exit_critical  scheduler.o
    0x08007d18   0x08007d18   0x0000001e   Code   RO         4948    i.rt_free           kservice.o
    0x08007d36   0x08007d36   0x00000002   PAD
    0x08007d38   0x08007d38   0x00000008   Code   RO          206    i.rt_heap_begin_get  board.o
    0x08007d40   0x08007d40   0x00000008   Code   RO          207    i.rt_heap_end_get   board.o
    0x08007d48   0x08007d48   0x0000001e   Code   RO          208    i.rt_hw_board_init  board.o
    0x08007d66   0x08007d66   0x00000002   PAD
    0x08007d68   0x08007d68   0x00000060   Code   RO          209    i.rt_hw_console_getchar  board.o
    0x08007dc8   0x08007dc8   0x00000048   Code   RO          210    i.rt_hw_console_output  board.o
    0x08007e10   0x08007e10   0x00000208   Code   RO         5671    i.rt_hw_hard_fault_exception  cpuport.o
    0x08008018   0x08008018   0x0000004c   Code   RO         5672    i.rt_hw_stack_init  cpuport.o
    0x08008064   0x08008064   0x00000024   Code   RO         4913    i.rt_interrupt_enter  irq.o
    0x08008088   0x08008088   0x0000001c   Code   RO         4914    i.rt_interrupt_get_nest  irq.o
    0x080080a4   0x080080a4   0x00000024   Code   RO         4915    i.rt_interrupt_leave  irq.o
    0x080080c8   0x080080c8   0x00000034   Code   RO         4953    i.rt_kprintf        kservice.o
    0x080080fc   0x080080fc   0x00000006   Code   RO         4721    i.rt_list_init      ipc.o
    0x08008102   0x08008102   0x00000006   Code   RO         5540    i.rt_list_init      timer.o
    0x08008108   0x08008108   0x0000000e   Code   RO         5252    i.rt_list_insert_after  object.o
    0x08008116   0x08008116   0x0000000e   Code   RO         5541    i.rt_list_insert_after  timer.o
    0x08008124   0x08008124   0x0000000e   Code   RO         4722    i.rt_list_insert_before  ipc.o
    0x08008132   0x08008132   0x00000010   Code   RO         4723    i.rt_list_isempty   ipc.o
    0x08008142   0x08008142   0x00000010   Code   RO         5542    i.rt_list_isempty   timer.o
    0x08008152   0x08008152   0x00000010   Code   RO         5735    i.rt_list_isempty   cmd.o
    0x08008162   0x08008162   0x00000014   Code   RO         5736    i.rt_list_len       cmd.o
    0x08008176   0x08008176   0x00000012   Code   RO         5253    i.rt_list_remove    object.o
    0x08008188   0x08008188   0x00000012   Code   RO         5417    i.rt_list_remove    thread.o
    0x0800819a   0x0800819a   0x00000012   Code   RO         5543    i.rt_list_remove    timer.o
    0x080081ac   0x080081ac   0x00000024   Code   RO         4955    i.rt_malloc         kservice.o
    0x080081d0   0x080081d0   0x0000007c   Code   RO         4958    i.rt_memcpy         kservice.o
    0x0800824c   0x0800824c   0x00000042   Code   RO         4959    i.rt_memmove        kservice.o
    0x0800828e   0x0800828e   0x00000002   PAD
    0x08008290   0x08008290   0x00000044   Code   RO         4960    i.rt_memory_info    kservice.o
    0x080082d4   0x080082d4   0x00000048   Code   RO         4961    i.rt_memset         kservice.o
    0x0800831c   0x0800831c   0x00000094   Code   RO         4734    i.rt_mutex_create   ipc.o
    0x080083b0   0x080083b0   0x00000058   Code   RO         4737    i.rt_mutex_init     ipc.o
    0x08008408   0x08008408   0x000001c8   Code   RO         4738    i.rt_mutex_release  ipc.o
    0x080085d0   0x080085d0   0x00000238   Code   RO         4739    i.rt_mutex_take     ipc.o
    0x08008808   0x08008808   0x000000d4   Code   RO         5254    i.rt_object_allocate  object.o
    0x080088dc   0x080088dc   0x0000008c   Code   RO         5255    i.rt_object_delete  object.o
    0x08008968   0x08008968   0x00000044   Code   RO         5256    i.rt_object_detach  object.o
    0x080089ac   0x080089ac   0x00000028   Code   RO         5258    i.rt_object_get_information  object.o
    0x080089d4   0x080089d4   0x00000034   Code   RO         5261    i.rt_object_get_type  object.o
    0x08008a08   0x08008a08   0x000000a8   Code   RO         5262    i.rt_object_init    object.o
    0x08008ab0   0x08008ab0   0x0000003c   Code   RO         5263    i.rt_object_is_systemobject  object.o
    0x08008aec   0x08008aec   0x00000010   Code   RO          211    i.rt_os_tick_callback  board.o
    0x08008afc   0x08008afc   0x00000124   Code   RO         5338    i.rt_schedule       scheduler.o
    0x08008c20   0x08008c20   0x000000c4   Code   RO         5339    i.rt_schedule_insert_thread  scheduler.o
    0x08008ce4   0x08008ce4   0x00000080   Code   RO         5340    i.rt_schedule_remove_thread  scheduler.o
    0x08008d64   0x08008d64   0x000000f8   Code   RO         4742    i.rt_sem_create     ipc.o
    0x08008e5c   0x08008e5c   0x000000bc   Code   RO         4745    i.rt_sem_init       ipc.o
    0x08008f18   0x08008f18   0x00000094   Code   RO         4746    i.rt_sem_release    ipc.o
    0x08008fac   0x08008fac   0x000001d0   Code   RO         4747    i.rt_sem_take       ipc.o
    0x0800917c   0x0800917c   0x000000c4   Code   RO         4964    i.rt_show_version   kservice.o
    0x08009240   0x08009240   0x00000278   Code   RO         5198    i.rt_smem_alloc     mem.o
    0x080094b8   0x080094b8   0x000001a4   Code   RO         5200    i.rt_smem_free      mem.o
    0x0800965c   0x0800965c   0x000000f4   Code   RO         5201    i.rt_smem_init      mem.o
    0x08009750   0x08009750   0x000000c8   Code   RO         5544    i.rt_soft_timer_check  timer.o
    0x08009818   0x08009818   0x00000022   Code   RO         4966    i.rt_sprintf        kservice.o
    0x0800983a   0x0800983a   0x00000002   PAD
    0x0800983c   0x0800983c   0x00000020   Code   RO         4971    i.rt_strerror       kservice.o
    0x0800985c   0x0800985c   0x00000034   Code   RO         4974    i.rt_strncpy        kservice.o
    0x08009890   0x08009890   0x00000078   Code   RO         4977    i.rt_system_heap_init  kservice.o
    0x08009908   0x08009908   0x00000038   Code   RO         5341    i.rt_system_scheduler_init  scheduler.o
    0x08009940   0x08009940   0x00000028   Code   RO         5342    i.rt_system_scheduler_start  scheduler.o
    0x08009968   0x08009968   0x0000001c   Code   RO         5545    i.rt_system_timer_init  timer.o
    0x08009984   0x08009984   0x00000054   Code   RO         5546    i.rt_system_timer_thread_init  timer.o
    0x080099d8   0x080099d8   0x000000d4   Code   RO         5418    i.rt_thread_control  thread.o
    0x08009aac   0x08009aac   0x00000050   Code   RO         5419    i.rt_thread_create  thread.o
    0x08009afc   0x08009afc   0x0000003c   Code   RO         4672    i.rt_thread_defunct_dequeue  idle.o
    0x08009b38   0x08009b38   0x0000001c   Code   RO         4673    i.rt_thread_defunct_enqueue  idle.o
    0x08009b54   0x08009b54   0x0000000c   Code   RO         5420    i.rt_thread_delay   thread.o
    0x08009b60   0x08009b60   0x000000d8   Code   RO         5422    i.rt_thread_delete  thread.o
    0x08009c38   0x08009c38   0x000000cc   Code   RO         5423    i.rt_thread_detach  thread.o
    0x08009d04   0x08009d04   0x00000008   Code   RO         4674    i.rt_thread_idle_entry  idle.o
    0x08009d0c   0x08009d0c   0x00000068   Code   RO         4676    i.rt_thread_idle_init  idle.o
    0x08009d74   0x08009d74   0x00000080   Code   RO         5425    i.rt_thread_init    thread.o
    0x08009df4   0x08009df4   0x00000014   Code   RO         5426    i.rt_thread_mdelay  thread.o
    0x08009e08   0x08009e08   0x00000084   Code   RO         5427    i.rt_thread_resume  thread.o
    0x08009e8c   0x08009e8c   0x0000000c   Code   RO         5428    i.rt_thread_self    thread.o
    0x08009e98   0x08009e98   0x00000084   Code   RO         5429    i.rt_thread_sleep   thread.o
    0x08009f1c   0x08009f1c   0x000000bc   Code   RO         5430    i.rt_thread_startup  thread.o
    0x08009fd8   0x08009fd8   0x000000c0   Code   RO         5431    i.rt_thread_suspend  thread.o
    0x0800a098   0x0800a098   0x00000038   Code   RO         4552    i.rt_tick_from_millisecond  clock.o
    0x0800a0d0   0x0800a0d0   0x0000000c   Code   RO         4553    i.rt_tick_get       clock.o
    0x0800a0dc   0x0800a0dc   0x00000050   Code   RO         4555    i.rt_tick_increase  clock.o
    0x0800a12c   0x0800a12c   0x000000b0   Code   RO         5547    i.rt_timer_check    timer.o
    0x0800a1dc   0x0800a1dc   0x00000120   Code   RO         5548    i.rt_timer_control  timer.o
    0x0800a2fc   0x0800a2fc   0x00000088   Code   RO         5549    i.rt_timer_create   timer.o
    0x0800a384   0x0800a384   0x000000e0   Code   RO         5551    i.rt_timer_detach   timer.o
    0x0800a464   0x0800a464   0x000000a4   Code   RO         5552    i.rt_timer_init     timer.o
    0x0800a508   0x0800a508   0x000001b0   Code   RO         5554    i.rt_timer_start    timer.o
    0x0800a6b8   0x0800a6b8   0x000000a8   Code   RO         5555    i.rt_timer_stop     timer.o
    0x0800a760   0x0800a760   0x00000340   Code   RO         4978    i.rt_vsnprintf      kservice.o
    0x0800aaa0   0x0800aaa0   0x00000016   Code   RO         4979    i.rt_vsprintf       kservice.o
    0x0800aab6   0x0800aab6   0x00000004   Code   RO         4595    i.rti_board_end     components.o
    0x0800aaba   0x0800aaba   0x00000004   Code   RO         4596    i.rti_board_start   components.o
    0x0800aabe   0x0800aabe   0x00000004   Code   RO         4597    i.rti_end           components.o
    0x0800aac2   0x0800aac2   0x00000004   Code   RO         4598    i.rti_start         components.o
    0x0800aac6   0x0800aac6   0x0000002a   Code   RO         4599    i.rtthread_startup  components.o
    0x0800aaf0   0x0800aaf0   0x00000030   Code   RO         5926    i.shell_auto_complete  shell.o
    0x0800ab20   0x0800ab20   0x00000030   Code   RO            6    i.shell_test        app.o
    0x0800ab50   0x0800ab50   0x00000038   Code   RO         5737    i.show_wait_queue   cmd.o
    0x0800ab88   0x0800ab88   0x00000026   Code   RO         4980    i.skip_atoi         kservice.o
    0x0800abae   0x0800abae   0x00000020   Code   RO         5824    i.str_common        msh.o
    0x0800abce   0x0800abce   0x0000001a   Code   RO          627    i.swap              bms_utils.o
    0x0800abe8   0x0800abe8   0x00000074   Code   RO         1034    i.tim_tick_init     delay.o
    0x0800ac5c   0x0800ac5c   0x0000000a   Code   RO          212    i.uart_init         board.o
    0x0800ac66   0x0800ac66   0x00000002   PAD
    0x0800ac68   0x0800ac68   0x000000e8   Code   RO         5673    i.usage_fault_track  cpuport.o
    0x0800ad50   0x0800ad50   0x0000000a   Code   RO         5738    i.version           cmd.o
    0x0800ad5a   0x0800ad5a   0x00000014   Data   RO         4600    .constdata          components.o
    0x0800ad6e   0x0800ad6e   0x00000148   Data   RO         4749    .constdata          ipc.o
    0x0800aeb6   0x0800aeb6   0x00000143   Data   RO         4982    .constdata          kservice.o
    0x0800aff9   0x0800aff9   0x00000045   Data   RO         5203    .constdata          mem.o
    0x0800b03e   0x0800b03e   0x00000080   Data   RO         5264    .constdata          object.o
    0x0800b0be   0x0800b0be   0x00000034   Data   RO         5344    .constdata          scheduler.o
    0x0800b0f2   0x0800b0f2   0x000000bb   Data   RO         5433    .constdata          thread.o
    0x0800b1ad   0x0800b1ad   0x0000006c   Data   RO         5557    .constdata          timer.o
    0x0800b219   0x0800b219   0x0000000e   Data   RO         5825    .constdata          msh.o
    0x0800b227   0x0800b227   0x0000004a   Data   RO         5928    .constdata          shell.o
    0x0800b271   0x0800b271   0x00000007   PAD
    0x0800b278   0x0800b278   0x00000038   Data   RO         6000    .constdata          m_ws.l(log.o)
    0x0800b2b0   0x0800b2b0   0x00000081   Data   RO         6014    .constdata          mc_w.l(ctype_o.o)
    0x0800b331   0x0800b331   0x00000003   PAD
    0x0800b334   0x0800b334   0x00000004   Data   RO         6015    .constdata          mc_w.l(ctype_o.o)
    0x0800b338   0x0800b338   0x00000008   Data   RO         6376    .constdata          m_ws.l(qnan.o)
    0x0800b340   0x0800b340   0x00000044   Data   RO          426    .conststring        bms_info.o
    0x0800b384   0x0800b384   0x0000008b   Data   RO         4750    .conststring        ipc.o
    0x0800b40f   0x0800b40f   0x00000001   PAD
    0x0800b410   0x0800b410   0x00000058   Data   RO         4983    .conststring        kservice.o
    0x0800b468   0x0800b468   0x000001a8   Data   RO         5204    .conststring        mem.o
    0x0800b610   0x0800b610   0x00000042   Data   RO         5434    .conststring        thread.o
    0x0800b652   0x0800b652   0x00000002   PAD
    0x0800b654   0x0800b654   0x00000044   Data   RO         5739    .conststring        cmd.o
    0x0800b698   0x0800b698   0x00000023   Data   RO            8    .rodata.name        app.o
    0x0800b6bb   0x0800b6bb   0x00000108   Data   RO          711    .rodata.name        bms_control.o
    0x0800b7c3   0x0800b7c3   0x000000fc   Data   RO         5740    .rodata.name        cmd.o
    0x0800b8bf   0x0800b8bf   0x00000064   Data   RO         5826    .rodata.name        msh.o
    0x0800b923   0x0800b923   0x00000001   PAD
    0x0800b924   0x0800b924   0x00000004   Data   RO         4601    .rti_fn.0           components.o
    0x0800b928   0x0800b928   0x00000004   Data   RO         4602    .rti_fn.0.end       components.o
    0x0800b92c   0x0800b92c   0x00000004   Data   RO          214    .rti_fn.1           board.o
    0x0800b930   0x0800b930   0x00000004   Data   RO         4603    .rti_fn.1.end       components.o
    0x0800b934   0x0800b934   0x00000004   Data   RO         5930    .rti_fn.6           shell.o
    0x0800b938   0x0800b938   0x00000004   Data   RO         4604    .rti_fn.6.end       components.o
    0x0800b93c   0x0800b93c   0x0000000c   Data   RO            9    FSymTab             app.o
    0x0800b948   0x0800b948   0x0000006c   Data   RO          712    FSymTab             bms_control.o
    0x0800b9b4   0x0800b9b4   0x00000060   Data   RO         5741    FSymTab             cmd.o
    0x0800ba14   0x0800ba14   0x00000024   Data   RO         5827    FSymTab             msh.o
    0x0800ba38   0x0800ba38   0x00000020   Data   RO         6424    Region$$Table       anon$$obj.o


    Execution Region RW_IRAM1 (Exec base: 0x20000000, Load base: 0x0800ba58, Size: 0x00004b60, Max: 0x00005000, ABSOLUTE, COMPRESSED[0x000001c0])

    Exec Addr    Load Addr    Size         Type   Attr      Idx    E Section Name        Object

    0x20000000   COMPRESSED   0x0000000c   Data   RW            7    .data               app.o
    0x2000000c   COMPRESSED   0x000000fc   Data   RW          292    .data               bms_analysis.o
    0x20000108   COMPRESSED   0x00000030   Data   RW          355    .data               bms_balance.o
    0x20000138   COMPRESSED   0x00000001   Data   RW          427    .data               bms_info.o
    0x20000139   COMPRESSED   0x00000001   PAD
    0x2000013a   COMPRESSED   0x00000012   Data   RW          477    .data               bms_monitor.o
    0x2000014c   COMPRESSED   0x00000054   Data   RW          549    .data               bms_protect.o
    0x200001a0   COMPRESSED   0x0000000f   Data   RW          841    .data               can.o
    0x200001af   COMPRESSED   0x00000001   PAD
    0x200001b0   COMPRESSED   0x0000000c   Data   RW         1035    .data               delay.o
    0x200001bc   COMPRESSED   0x00000024   Data   RW         1109    .data               soft_i2c.o
    0x200001e0   COMPRESSED   0x00000008   Data   RW         1222    .data               usart.o
    0x200001e8   COMPRESSED   0x0000000f   Data   RW         1301    .data               bq769.o
    0x200001f7   COMPRESSED   0x00000014   Data   RW         3069    .data               stm32f10x_rcc.o
    0x2000020b   COMPRESSED   0x00000001   PAD
    0x2000020c   COMPRESSED   0x00000004   Data   RW         4557    .data               clock.o
    0x20000210   COMPRESSED   0x00000008   Data   RW         4678    .data               idle.o
    0x20000218   COMPRESSED   0x00000001   Data   RW         4916    .data               irq.o
    0x20000219   COMPRESSED   0x00000003   PAD
    0x2000021c   COMPRESSED   0x0000003c   Data   RW         4984    .data               kservice.o
    0x20000258   COMPRESSED   0x00000060   Data   RW         5265    .data               object.o
    0x200002b8   COMPRESSED   0x0000000d   Data   RW         5345    .data               scheduler.o
    0x200002c5   COMPRESSED   0x00000003   PAD
    0x200002c8   COMPRESSED   0x00000018   Data   RW         5558    .data               timer.o
    0x200002e0   COMPRESSED   0x00000010   Data   RW         5675    .data               cpuport.o
    0x200002f0   COMPRESSED   0x00000010   Data   RW         5929    .data               shell.o
    0x20000300   COMPRESSED   0x00000004   Data   RW         6403    .data               mc_w.l(errno.o)
    0x20000304        -       0x00003c00   Zero   RW          213    .bss                board.o
    0x20003f04        -       0x0000004c   Zero   RW          476    .bss                bms_monitor.o
    0x20003f50        -       0x00000080   Zero   RW         1221    .bss                usart.o
    0x20003fd0        -       0x00000078   Zero   RW         1300    .bss                bq769.o
    0x20004048        -       0x00000178   Zero   RW         4677    .bss                idle.o
    0x200041c0        -       0x00000124   Zero   RW         4981    .bss                kservice.o
    0x200042e4        -       0x00000100   Zero   RW         5343    .bss                scheduler.o
    0x200043e4        -       0x00000278   Zero   RW         5556    .bss                timer.o
    0x2000465c        -       0x00000101   Zero   RW         5927    .bss                shell.o
    0x2000475d   COMPRESSED   0x00000003   PAD
    0x20004760        -       0x00000400   Zero   RW         4450    STACK               startup_stm32f10x_md.o


==============================================================================

Image component sizes


      Code (inc. data)   RO Data    RW Data    ZI Data      Debug   Object Name

       328         88         47         12          0     301516   app.o
      1256        260          0        252          0       6012   bms_analysis.o
      1618        580          0         48          0       5784   bms_balance.o
       424        110        372          0          0      12739   bms_control.o
      2048        716         68          1          0       3459   bms_info.o
       710        238          0         18         76       5048   bms_monitor.o
      2318        824          0         84          0       7208   bms_protect.o
       256          0          0          0          0       3204   bms_utils.o
       240         30          4          0      15360       4240   board.o
      4066       1022          0         15        120      23197   bq769.o
       388         38          0         15          0       9392   can.o
       148         12          0          4          0       2180   clock.o
      2532        966        416          0          0      15034   cmd.o
       218         50         36          0          0       5744   components.o
       252         28          0          0          0        780   context_rvds.o
         0          0          0          0          0         32   core_cm3.o
      1440        724          0         16          0       5442   cpuport.o
       188         18          0         12          0       1866   delay.o
       262         30          0          8        376       6294   idle.o
      2512        808        467          0          0      22866   ipc.o
       100         18          0          1          0       2278   irq.o
      2492        338        411         60        292      17010   kservice.o
        16          0          0          0          0        403   main.o
      1528        554        493          0          0       6461   mem.o
       132         22          0          0          0       1575   misc.o
       974        216        150          0          0       8700   msh.o
       772        268        128         96          0      10298   object.o
       864        136         52         13        256       9548   scheduler.o
      1360        170         78         16        257       8416   shell.o
      1316         62          0         36          0      14722   soft_i2c.o
        36          8        236          0       1024        804   startup_stm32f10x_md.o
       430         22          0          0          0       2944   stm32f10x_can.o
       200         18          0          0          0       2124   stm32f10x_exti.o
       518         10          0          0          0       5091   stm32f10x_gpio.o
        16          0          0          0          0       2193   stm32f10x_it.o
       276         32          0         20          0       4426   stm32f10x_rcc.o
       252         42          0          0          0       4018   stm32f10x_tim.o
       442          6          0          0          0       6077   stm32f10x_usart.o
       328         28          0          0          0       2041   system_stm32f10x.o
      1970        586        253          0          0      15033   thread.o
      2176        614        108         24        632      15562   timer.o
       384         46          0          8        128       2872   usart.o

    ----------------------------------------------------------------------
     37836       9738       3362        768      18524     584633   Object Totals
         0          0         32          0          0          0   (incl. Generated)
        50          0         11          9          3          0   (incl. Padding)

    ----------------------------------------------------------------------

      Code (inc. data)   RO Data    RW Data    ZI Data      Debug   Library Member Name

        34          4          0          0          0        204   dunder.o
       860         52         56          0          0        256   log.o
       170          0          0          0          0         96   poly.o
         0          0          8          0          0          0   qnan.o
        86          0          0          0          0          0   __dczerorl2.o
        28          0          0          0          0         68   _chval.o
       158          0          0          0          0         92   _strtoul.o
        26          0          0          0          0         80   atoi.o
         8          4        133          0          0         68   ctype_o.o
         0          0          0          0          0          0   entry.o
         0          0          0          0          0          0   entry10a.o
         0          0          0          0          0          0   entry11a.o
         8          4          0          0          0          0   entry2.o
         4          0          0          0          0          0   entry5.o
         0          0          0          0          0          0   entry7b.o
         0          0          0          0          0          0   entry8b.o
         8          4          0          0          0          0   entry9a.o
        20         10          0          4          0        136   errno.o
        30          0          0          0          0          0   handlers.o
        36          8          0          0          0         68   init.o
         0          0          0          0          0          0   iusefp.o
        30          0          0          0          0         68   llshl.o
        36          0          0          0          0         68   llsshr.o
        32          0          0          0          0         68   llushr.o
        36          0          0          0          0         68   memcpya.o
        36          0          0          0          0        108   memseta.o
      2276         86          0          0          0        520   printfa.o
        24          0          0          0          0         68   strcat.o
        28          0          0          0          0         76   strcmp.o
        18          0          0          0          0         68   strcpy.o
        14          0          0          0          0         68   strlen.o
        30          0          0          0          0         80   strncmp.o
        24          0          0          0          0         76   strncpy.o
       112          0          0          0          0         88   strtol.o
        44          0          0          0          0         80   uidiv.o
        98          0          0          0          0         92   uldiv.o
        48          0          0          0          0         68   cdcmple.o
        48          0          0          0          0         68   cdrcmple.o
        20          0          0          0          0         68   cfcmple.o
        20          0          0          0          0         68   cfrcmple.o
        56          0          0          0          0         88   d2f.o
       334          0          0          0          0        148   dadd.o
       222          0          0          0          0        100   ddiv.o
       186          0          0          0          0        176   depilogue.o
        48          0          0          0          0         68   dfixul.o
        34          0          0          0          0         76   dflti.o
        26          0          0          0          0         76   dfltui.o
       228          0          0          0          0         96   dmul.o
        46          0          0          0          0         80   dscalb.o
        38          0          0          0          0         68   f2d.o
       176          0          0          0          0        140   fadd.o
       124          0          0          0          0         88   fdiv.o
       110          0          0          0          0        168   fepilogue.o
        50          0          0          0          0         68   ffixi.o
        40          0          0          0          0         68   ffixui.o
        18          0          0          0          0         68   fflti.o
        10          0          0          0          0         68   ffltui.o
       100          0          0          0          0         76   fmul.o

    ----------------------------------------------------------------------
      6306        172        200          4          0       4656   Library Totals
        10          0          3          0          0          0   (incl. Padding)

    ----------------------------------------------------------------------

      Code (inc. data)   RO Data    RW Data    ZI Data      Debug   Library Name

      1064         56         64          0          0        556   m_ws.l
      3250        116        133          4          0       2108   mc_w.l
      1982          0          0          0          0       1992   mf_w.l

    ----------------------------------------------------------------------
      6306        172        200          4          0       4656   Library Totals

    ----------------------------------------------------------------------

==============================================================================


      Code (inc. data)   RO Data    RW Data    ZI Data      Debug   

     44142       9910       3562        772      18524     570177   Grand Totals
     44142       9910       3562        448      18524     570177   ELF Image Totals (compressed)
     44142       9910       3562        448          0          0   ROM Totals

==============================================================================

    Total RO  Size (Code + RO Data)                47704 (  46.59kB)
    Total RW  Size (RW Data + ZI Data)             19296 (  18.84kB)
    Total ROM Size (Code + RO Data + RW Data)      48152 (  47.02kB)

==============================================================================

