Component: ARM Compiler 5.06 update 6 (build 750) Tool: armlink [4d35ed]

==============================================================================

Section Cross References

    main.o(i.main) refers to app.o(i.app_init) for app_init
    main.o(i.main) refers to thread.o(i.rt_thread_delay) for rt_thread_delay
    app.o(i.app_init) refers to stm32f10x_rcc.o(i.RCC_APB2PeriphClockCmd) for RCC_APB2PeriphClockCmd
    app.o(i.app_init) refers to soft_i2c.o(i.I2C_BusInitialize) for I2C_BusInitialize
    app.o(i.app_init) refers to bq769.o(i.BQ769X0_Initialize) for BQ769X0_Initialize
    app.o(i.app_init) refers to bms_monitor.o(i.BMS_MonitorInit) for BMS_MonitorInit
    app.o(i.led_gpio_init) refers to stm32f10x_rcc.o(i.RCC_APB2PeriphClockCmd) for RCC_APB2PeriphClockCmd
    app.o(i.led_gpio_init) refers to stm32f10x_gpio.o(i.GPIO_SetBits) for GPIO_SetBits
    app.o(i.led_gpio_init) refers to stm32f10x_gpio.o(i.GPIO_Init) for GPIO_Init
    app.o(i.led_init) refers to app.o(i.led_gpio_init) for led_gpio_init
    app.o(i.led_init) refers to thread.o(i.rt_thread_create) for rt_thread_create
    app.o(i.led_init) refers to thread.o(i.rt_thread_startup) for rt_thread_startup
    app.o(i.led_init) refers to app.o(i.led_task) for led_task
    app.o(i.led_init) refers to app.o(.data) for led_thread
    app.o(i.led_task) refers to app.o(i.led_toggle) for led_toggle
    app.o(i.led_task) refers to thread.o(i.rt_thread_delay) for rt_thread_delay
    app.o(i.led_task) refers to app.o(.data) for led_time
    app.o(i.shell_test) refers to atoi.o(.text) for atoi
    app.o(i.shell_test) refers to app.o(.data) for led_time
    app.o(FSymTab) refers to app.o(.rodata.name) for __fsym_shell_test_name
    app.o(FSymTab) refers to app.o(i.shell_test) for shell_test
    board.o(i.rt_heap_begin_get) refers to board.o(.bss) for rt_heap
    board.o(i.rt_heap_end_get) refers to board.o(.bss) for rt_heap
    board.o(i.rt_hw_board_init) refers to delay.o(i.tim_tick_init) for tim_tick_init
    board.o(i.rt_hw_board_init) refers to components.o(i.rt_components_board_init) for rt_components_board_init
    board.o(i.rt_hw_board_init) refers to board.o(i.rt_heap_end_get) for rt_heap_end_get
    board.o(i.rt_hw_board_init) refers to board.o(i.rt_heap_begin_get) for rt_heap_begin_get
    board.o(i.rt_hw_board_init) refers to kservice.o(i.rt_system_heap_init) for rt_system_heap_init
    board.o(i.rt_hw_console_getchar) refers to ipc.o(i.rt_sem_take) for rt_sem_take
    board.o(i.rt_hw_console_getchar) refers to context_rvds.o(.text) for rt_hw_interrupt_disable
    board.o(i.rt_hw_console_getchar) refers to usart.o(.data) for uart_rx_sem
    board.o(i.rt_hw_console_getchar) refers to usart.o(.bss) for rx_buf
    board.o(i.rt_hw_console_output) refers to stm32f10x_usart.o(i.USART_SendData) for USART_SendData
    board.o(i.rt_hw_console_output) refers to stm32f10x_usart.o(i.USART_GetFlagStatus) for USART_GetFlagStatus
    board.o(i.rt_os_tick_callback) refers to irq.o(i.rt_interrupt_enter) for rt_interrupt_enter
    board.o(i.rt_os_tick_callback) refers to clock.o(i.rt_tick_increase) for rt_tick_increase
    board.o(i.rt_os_tick_callback) refers to irq.o(i.rt_interrupt_leave) for rt_interrupt_leave
    board.o(i.uart_init) refers to usart.o(i.USART1_Init) for USART1_Init
    board.o(.rti_fn.1) refers to board.o(i.uart_init) for uart_init
    delay.o(i.TIM3_IRQHandler) refers to stm32f10x_tim.o(i.TIM_GetITStatus) for TIM_GetITStatus
    delay.o(i.TIM3_IRQHandler) refers to stm32f10x_tim.o(i.TIM_ClearITPendingBit) for TIM_ClearITPendingBit
    delay.o(i.TIM3_IRQHandler) refers to board.o(i.rt_os_tick_callback) for rt_os_tick_callback
    delay.o(i.TIM3_IRQHandler) refers to delay.o(.data) for tim_tick_count
    delay.o(i.function_address_passing) refers to delay.o(.data) for periodic_callback
    delay.o(i.tim_delay_ms) refers to delay.o(i.tim_now) for tim_now
    delay.o(i.tim_delay_us) refers to delay.o(i.tim_now) for tim_now
    delay.o(i.tim_get_ms) refers to delay.o(i.tim_now) for tim_now
    delay.o(i.tim_get_ms) refers to uldiv.o(.text) for __aeabi_uldivmod
    delay.o(i.tim_get_us) refers to delay.o(i.tim_now) for tim_now
    delay.o(i.tim_get_us) refers to uldiv.o(.text) for __aeabi_uldivmod
    delay.o(i.tim_now) refers to stm32f10x_tim.o(i.TIM_GetCounter) for TIM_GetCounter
    delay.o(i.tim_now) refers to stm32f10x_tim.o(i.TIM_GetFlagStatus) for TIM_GetFlagStatus
    delay.o(i.tim_now) refers to delay.o(.data) for tim_tick_count
    delay.o(i.tim_tick_init) refers to stm32f10x_rcc.o(i.RCC_APB1PeriphClockCmd) for RCC_APB1PeriphClockCmd
    delay.o(i.tim_tick_init) refers to stm32f10x_tim.o(i.TIM_TimeBaseInit) for TIM_TimeBaseInit
    delay.o(i.tim_tick_init) refers to stm32f10x_tim.o(i.TIM_ClearFlag) for TIM_ClearFlag
    delay.o(i.tim_tick_init) refers to stm32f10x_tim.o(i.TIM_ITConfig) for TIM_ITConfig
    delay.o(i.tim_tick_init) refers to misc.o(i.NVIC_PriorityGroupConfig) for NVIC_PriorityGroupConfig
[...]
    i.rt_tick_get                            0x08005754   Section        0  clock.o(i.rt_tick_get)
    i.rt_tick_increase                       0x08005760   Section        0  clock.o(i.rt_tick_increase)
    i.rt_timer_check                         0x080057b0   Section        0  timer.o(i.rt_timer_check)
    i.rt_timer_control                       0x08005854   Section        0  timer.o(i.rt_timer_control)
    i.rt_timer_detach                        0x080058bc   Section        0  timer.o(i.rt_timer_detach)
    i.rt_timer_init                          0x080058e4   Section        0  timer.o(i.rt_timer_init)
    i.rt_timer_start                         0x08005914   Section        0  timer.o(i.rt_timer_start)
    i.rt_timer_stop                          0x08005a4c   Section        0  timer.o(i.rt_timer_stop)
    i.rt_vsnprintf                           0x08005a7c   Section        0  kservice.o(i.rt_vsnprintf)
    i.rt_vsprintf                            0x08005dbc   Section        0  kservice.o(i.rt_vsprintf)
    i.rti_board_end                          0x08005dd2   Section        0  components.o(i.rti_board_end)
    rti_board_end                            0x08005dd3   Thumb Code     4  components.o(i.rti_board_end)
    i.rti_board_start                        0x08005dd6   Section        0  components.o(i.rti_board_start)
    rti_board_start                          0x08005dd7   Thumb Code     4  components.o(i.rti_board_start)
    i.rti_end                                0x08005dda   Section        0  components.o(i.rti_end)
    rti_end                                  0x08005ddb   Thumb Code     4  components.o(i.rti_end)
    i.rti_start                              0x08005dde   Section        0  components.o(i.rti_start)
    rti_start                                0x08005ddf   Thumb Code     4  components.o(i.rti_start)
    i.rtthread_startup                       0x08005de2   Section        0  components.o(i.rtthread_startup)
    i.shell_auto_complete                    0x08005e0c   Section        0  shell.o(i.shell_auto_complete)
    shell_auto_complete                      0x08005e0d   Thumb Code    34  shell.o(i.shell_auto_complete)
    i.shell_test                             0x08005e3c   Section        0  app.o(i.shell_test)
    shell_test                               0x08005e3d   Thumb Code    44  app.o(i.shell_test)
    i.show_wait_queue                        0x08005e6c   Section        0  cmd.o(i.show_wait_queue)
    show_wait_queue                          0x08005e6d   Thumb Code    42  cmd.o(i.show_wait_queue)
    i.skip_atoi                              0x08005ea4   Section        0  kservice.o(i.skip_atoi)
    skip_atoi                                0x08005ea5   Thumb Code    38  kservice.o(i.skip_atoi)
    i.str_common                             0x08005eca   Section        0  msh.o(i.str_common)
    str_common                               0x08005ecb   Thumb Code    32  msh.o(i.str_common)
    i.tim_tick_init                          0x08005eec   Section        0  delay.o(i.tim_tick_init)
    i.uart_init                              0x08005f60   Section        0  board.o(i.uart_init)
    uart_init                                0x08005f61   Thumb Code    10  board.o(i.uart_init)
    i.usage_fault_track                      0x08005f6c   Section        0  cpuport.o(i.usage_fault_track)
    usage_fault_track                        0x08005f6d   Thumb Code   122  cpuport.o(i.usage_fault_track)
    i.version                                0x08006054   Section        0  cmd.o(i.version)
    .constdata                               0x0800605e   Section      290  kservice.o(.constdata)
    small_digits                             0x0800615e   Data          17  kservice.o(.constdata)
    large_digits                             0x0800616f   Data          17  kservice.o(.constdata)
    .constdata                               0x08006180   Section       56  log.o(.constdata)
    Lg2                                      0x08006180   Data          24  log.o(.constdata)
    Lg                                       0x08006198   Data          32  log.o(.constdata)
    .constdata                               0x080061b8   Section      129  ctype_o.o(.constdata)
    .constdata                               0x0800623c   Section        4  ctype_o.o(.constdata)
    table                                    0x0800623c   Data           4  ctype_o.o(.constdata)
    .constdata                               0x08006240   Section        8  qnan.o(.constdata)
    .conststring                             0x08006248   Section       88  kservice.o(.conststring)
    .conststring                             0x080062a0   Section       68  cmd.o(.conststring)
    .rodata.name                             0x080062e4   Section       35  app.o(.rodata.name)
    .rodata.name                             0x08006307   Section      220  cmd.o(.rodata.name)
    .rodata.name                             0x080063e3   Section      100  msh.o(.rodata.name)
    .rti_fn.0                                0x08006448   Section        4  components.o(.rti_fn.0)
    __tagsym$$used                           0x08006448   Number         0  components.o(.rti_fn.0)
    .rti_fn.0.end                            0x0800644c   Section        4  components.o(.rti_fn.0.end)
    __tagsym$$used                           0x0800644c   Number         0  components.o(.rti_fn.0.end)
    .rti_fn.1                                0x08006450   Section        4  board.o(.rti_fn.1)
    __tagsym$$used                           0x08006450   Number         0  board.o(.rti_fn.1)
    .rti_fn.1.end                            0x08006454   Section        4  components.o(.rti_fn.1.end)
    __tagsym$$used                           0x08006454   Number         0  components.o(.rti_fn.1.end)
    .rti_fn.6                                0x08006458   Section        4  shell.o(.rti_fn.6)
    __tagsym$$used                           0x08006458   Number         0  shell.o(.rti_fn.6)
    .rti_fn.6.end                            0x0800645c   Section        4  components.o(.rti_fn.6.end)
    __tagsym$$used                           0x0800645c   Number         0  components.o(.rti_fn.6.end)
    FSymTab                                  0x08006460   Section       12  app.o(FSymTab)
    __tagsym$$used                           0x08006460   Number         0  app.o(FSymTab)
    FSymTab                                  0x0800646c   Section       84  cmd.o(FSymTab)
    __tagsym$$used                           0x0800646c   Number         0  cmd.o(FSymTab)
    __tagsym$$used                           0x08006478   Number         0  cmd.o(FSymTab)
    __tagsym$$used                           0x08006484   Number         0  cmd.o(FSymTab)
    __tagsym$$used                           0x08006490   Number         0  cmd.o(FSymTab)
    __tagsym$$used                           0x0800649c   Number         0  cmd.o(FSymTab)
    __tagsym$$used                           0x080064a8   Number         0  cmd.o(FSymTab)
    __tagsym$$used                           0x080064b4   Number         0  cmd.o(FSymTab)
    FSymTab                                  0x080064c0   Section       36  msh.o(FSymTab)
    __tagsym$$used                           0x080064c0   Number         0  msh.o(FSymTab)
    __tagsym$$used                           0x080064cc   Number         0  msh.o(FSymTab)
    __tagsym$$used                           0x080064d8   Number         0  msh.o(FSymTab)
    .data                                    0x20000000   Section        8  app.o(.data)
    .data                                    0x20000008   Section       12  delay.o(.data)
    tim_tick_count                           0x20000008   Data           8  delay.o(.data)
    periodic_callback                        0x20000010   Data           4  delay.o(.data)
    .data                                    0x20000014   Section        8  usart.o(.data)
    .data                                    0x2000001c   Section       36  soft_i2c.o(.data)
    level                                    0x2000001c   Data           4  soft_i2c.o(.data)
    .data                                    0x20000040   Section       15  bq769.o(.data)
    Gain                                     0x20000040   Data           4  bq769.o(.data)
    iGain                                    0x20000044   Data           2  bq769.o(.data)
    Adcoffset                                0x20000046   Data           1  bq769.o(.data)
    TempSampleMode                           0x20000047   Data           1  bq769.o(.data)
    RsnsValue                                0x20000048   Data           4  bq769.o(.data)
    CELL_BAL_VALUE                           0x2000004c   Data           3  bq769.o(.data)
    .data                                    0x20000050   Section       13  bms_monitor.o(.data)
    FlagVoltage                              0x20000050   Data           1  bms_monitor.o(.data)
    FlagCellTemp                             0x20000051   Data           1  bms_monitor.o(.data)
    FlagBatCurrent                           0x20000052   Data           1  bms_monitor.o(.data)
    CountVoltage                             0x20000054   Data           2  bms_monitor.o(.data)
    CountCellTemp                            0x20000056   Data           2  bms_monitor.o(.data)
    CountBatCurrent                          0x20000058   Data           2  bms_monitor.o(.data)
    CountSysModeSleep                        0x2000005a   Data           2  bms_monitor.o(.data)
    SysMode                                  0x2000005c   Data           1  bms_monitor.o(.data)
    .data                                    0x2000005d   Section       20  stm32f10x_rcc.o(.data)
    APBAHBPrescTable                         0x2000005d   Data          16  stm32f10x_rcc.o(.data)
    ADCPrescTable                            0x2000006d   Data           4  stm32f10x_rcc.o(.data)
    .data                                    0x20000074   Section        4  clock.o(.data)
    rt_tick                                  0x20000074   Data           4  clock.o(.data)
    .data                                    0x20000078   Section        8  idle.o(.data)
    _rt_thread_defunct                       0x20000078   Data           8  idle.o(.data)
    .data                                    0x20000080   Section        1  irq.o(.data)
    .data                                    0x20000084   Section       56  kservice.o(.data)
    __rt_errno                               0x20000084   Data           4  kservice.o(.data)
    rt_errno_strs                            0x20000088   Data          48  kservice.o(.data)
    system_heap                              0x200000b8   Data           4  kservice.o(.data)
    .data                                    0x200000bc   Section       80  object.o(.data)
    _object_container                        0x200000bc   Data          80  object.o(.data)
    .data                                    0x2000010c   Section       13  scheduler.o(.data)
    rt_scheduler_lock_nest                   0x20000110   Data           2  scheduler.o(.data)
    .data                                    0x2000011c   Section       24  timer.o(.data)
    _timer_list                              0x2000011c   Data           8  timer.o(.data)
    _soft_timer_status                       0x20000124   Data           1  timer.o(.data)
    _soft_timer_list                         0x20000128   Data           8  timer.o(.data)
    random_nr                                0x20000130   Data           4  timer.o(.data)
    .data                                    0x20000134   Section       16  cpuport.o(.data)
    rt_exception_hook                        0x20000140   Data           4  cpuport.o(.data)
    .data                                    0x20000144   Section       16  shell.o(.data)
    finsh_prompt_custom                      0x20000150   Data           4  shell.o(.data)
    .data                                    0x20000154   Section        4  errno.o(.data)
    _errno                                   0x20000154   Data           4  errno.o(.data)
    .bss                                     0x20000158   Section    15360  board.o(.bss)
    rt_heap                                  0x20000158   Data       15360  board.o(.bss)
    .bss                                     0x20003d58   Section      128  usart.o(.bss)
    .bss                                     0x20003dd8   Section      120  bq769.o(.bss)
    AlertOps                                 0x20003dd8   Data          28  bq769.o(.bss)
    Registers                                0x20003df4   Data          56  bq769.o(.bss)
    .bss                                     0x20003e50   Section       76  bms_monitor.o(.bss)
    .bss                                     0x20003e9c   Section      376  idle.o(.bss)
    idle                                     0x20003e9c   Data         120  idle.o(.bss)
    rt_thread_stack                          0x20003f14   Data         256  idle.o(.bss)
    .bss                                     0x20004014   Section      256  kservice.o(.bss)
    rt_log_buf                               0x20004014   Data         256  kservice.o(.bss)
    .bss                                     0x20004114   Section      256  scheduler.o(.bss)
    .bss                                     0x20004214   Section      632  timer.o(.bss)
    _timer_thread                            0x20004214   Data         120  timer.o(.bss)
    _timer_thread_stack                      0x2000428c   Data         512  timer.o(.bss)
    .bss                                     0x2000448c   Section      257  shell.o(.bss)
    finsh_prompt                             0x2000448c   Data         257  shell.o(.bss)
    STACK                                    0x20004590   Section     1024  startup_stm32f10x_md.o(STACK)

    Global Symbols

    Symbol Name                              Value     Ov Type        Size  Object(Section)

    BuildAttributes$$THM_ISAv4$P$D$K$B$S$PE$A:L22UL41UL21$X:L11$S22US41US21$IEEE1$IW$USESV6$~STKCKD$USESV7$~SHL$OTIME$ROPI$IEEEX$EBA8$MICROLIB$REQ8$PRES8$EABIv2 0x00000000   Number         0  anon$$obj.o ABSOLUTE
    __ARM_use_no_argv                        0x00000000   Number         0  main.o ABSOLUTE
    __cpp_initialize__aeabi_                  - Undefined Weak Reference
    __cxa_finalize                            - Undefined Weak Reference
    _clock_init                               - Undefined Weak Reference
    _microlib_exit                            - Undefined Weak Reference
    __Vectors_Size                           0x000000ec   Number         0  startup_stm32f10x_md.o ABSOLUTE
    __Vectors                                0x08000000   Data           4  startup_stm32f10x_md.o(RESET)
    __Vectors_End                            0x080000ec   Data           0  startup_stm32f10x_md.o(RESET)
    __main                                   0x080000ed   Thumb Code     0  entry.o(.ARM.Collect$$$$00000000)
    _main_stk                                0x080000ed   Thumb Code     0  entry2.o(.ARM.Collect$$$$00000001)
    _main_scatterload                        0x080000f1   Thumb Code     0  entry5.o(.ARM.Collect$$$$00000004)
    __main_after_scatterload                 0x080000f5   Thumb Code     0  entry5.o(.ARM.Collect$$$$00000004)
    _main_clock                              0x080000f5   Thumb Code     0  entry7b.o(.ARM.Collect$$$$00000008)
    _main_cpp_init                           0x080000f5   Thumb Code     0  entry8b.o(.ARM.Collect$$$$0000000A)
    _main_init                               0x080000f5   Thumb Code     0  entry9a.o(.ARM.Collect$$$$0000000B)
    __rt_final_cpp                           0x080000fd   Thumb Code     0  entry10a.o(.ARM.Collect$$$$0000000D)
    __rt_final_exit                          0x080000fd   Thumb Code     0  entry11a.o(.ARM.Collect$$$$0000000F)
    Reset_Handler                            0x08000101   Thumb Code     8  startup_stm32f10x_md.o(.text)
    SVC_Handler                              0x08000113   Thumb Code     2  startup_stm32f10x_md.o(.text)
    SysTick_Handler                          0x08000119   Thumb Code     2  startup_stm32f10x_md.o(.text)
    ADC1_2_IRQHandler                        0x0800011b   Thumb Code     0  startup_stm32f10x_md.o(.text)
    CAN1_RX1_IRQHandler                      0x0800011b   Thumb Code     0  startup_stm32f10x_md.o(.text)
    CAN1_SCE_IRQHandler                      0x0800011b   Thumb Code     0  startup_stm32f10x_md.o(.text)
    DMA1_Channel1_IRQHandler                 0x0800011b   Thumb Code     0  startup_stm32f10x_md.o(.text)
    DMA1_Channel2_IRQHandler                 0x0800011b   Thumb Code     0  startup_stm32f10x_md.o(.text)
    DMA1_Channel3_IRQHandler                 0x0800011b   Thumb Code     0  startup_stm32f10x_md.o(.text)
    DMA1_Channel4_IRQHandler                 0x0800011b   Thumb Code     0  startup_stm32f10x_md.o(.text)
    DMA1_Channel5_IRQHandler                 0x0800011b   Thumb Code     0  startup_stm32f10x_md.o(.text)
    DMA1_Channel6_IRQHandler                 0x0800011b   Thumb Code     0  startup_stm32f10x_md.o(.text)
    DMA1_Channel7_IRQHandler                 0x0800011b   Thumb Code     0  startup_stm32f10x_md.o(.text)
    EXTI0_IRQHandler                         0x0800011b   Thumb Code     0  startup_stm32f10x_md.o(.text)
    EXTI1_IRQHandler                         0x0800011b   Thumb Code     0  startup_stm32f10x_md.o(.text)
    EXTI2_IRQHandler                         0x0800011b   Thumb Code     0  startup_stm32f10x_md.o(.text)
    EXTI3_IRQHandler                         0x0800011b   Thumb Code     0  startup_stm32f10x_md.o(.text)
    EXTI4_IRQHandler                         0x0800011b   Thumb Code     0  startup_stm32f10x_md.o(.text)
    EXTI9_5_IRQHandler                       0x0800011b   Thumb Code     0  startup_stm32f10x_md.o(.text)
    FLASH_IRQHandler                         0x0800011b   Thumb Code     0  startup_stm32f10x_md.o(.text)
    I2C1_ER_IRQHandler                       0x0800011b   Thumb Code     0  startup_stm32f10x_md.o(.text)
    I2C1_EV_IRQHandler                       0x0800011b   Thumb Code     0  startup_stm32f10x_md.o(.text)
    I2C2_ER_IRQHandler                       0x0800011b   Thumb Code     0  startup_stm32f10x_md.o(.text)
    I2C2_EV_IRQHandler                       0x0800011b   Thumb Code     0  startup_stm32f10x_md.o(.text)
    PVD_IRQHandler                           0x0800011b   Thumb Code     0  startup_stm32f10x_md.o(.text)
    RCC_IRQHandler                           0x0800011b   Thumb Code     0  startup_stm32f10x_md.o(.text)
    RTCAlarm_IRQHandler                      0x0800011b   Thumb Code     0  startup_stm32f10x_md.o(.text)
    RTC_IRQHandler                           0x0800011b   Thumb Code     0  startup_stm32f10x_md.o(.text)
    SPI1_IRQHandler                          0x0800011b   Thumb Code     0  startup_stm32f10x_md.o(.text)
    SPI2_IRQHandler                          0x0800011b   Thumb Code     0  startup_stm32f10x_md.o(.text)
    TAMPER_IRQHandler                        0x0800011b   Thumb Code     0  startup_stm32f10x_md.o(.text)
    TIM1_BRK_IRQHandler                      0x0800011b   Thumb Code     0  startup_stm32f10x_md.o(.text)
    TIM1_CC_IRQHandler                       0x0800011b   Thumb Code     0  startup_stm32f10x_md.o(.text)
    TIM1_TRG_COM_IRQHandler                  0x0800011b   Thumb Code     0  startup_stm32f10x_md.o(.text)
    TIM1_UP_IRQHandler                       0x0800011b   Thumb Code     0  startup_stm32f10x_md.o(.text)
    TIM2_IRQHandler                          0x0800011b   Thumb Code     0  startup_stm32f10x_md.o(.text)
    TIM4_IRQHandler                          0x0800011b   Thumb Code     0  startup_stm32f10x_md.o(.text)
    USART2_IRQHandler                        0x0800011b   Thumb Code     0  startup_stm32f10x_md.o(.text)
    USART3_IRQHandler                        0x0800011b   Thumb Code     0  startup_stm32f10x_md.o(.text)
    USBWakeUp_IRQHandler                     0x0800011b   Thumb Code     0  startup_stm32f10x_md.o(.text)
    USB_HP_CAN1_TX_IRQHandler                0x0800011b   Thumb Code     0  startup_stm32f10x_md.o(.text)
    USB_LP_CAN1_RX0_IRQHandler               0x0800011b   Thumb Code     0  startup_stm32f10x_md.o(.text)
    WWDG_IRQHandler                          0x0800011b   Thumb Code     0  startup_stm32f10x_md.o(.text)
    rt_hw_interrupt_disable                  0x08000125   Thumb Code     8  context_rvds.o(.text)
    rt_hw_interrupt_enable                   0x0800012d   Thumb Code     6  context_rvds.o(.text)
    rt_hw_context_switch                     0x08000133   Thumb Code    32  context_rvds.o(.text)
    rt_hw_context_switch_interrupt           0x08000133   Thumb Code     0  context_rvds.o(.text)
    PendSV_Handler                           0x08000153   Thumb Code    60  context_rvds.o(.text)
    rt_hw_context_switch_to                  0x0800018f   Thumb Code    64  context_rvds.o(.text)
    rt_hw_interrupt_thread_switch            0x080001cf   Thumb Code     2  context_rvds.o(.text)
    HardFault_Handler                        0x080001d1   Thumb Code    52  context_rvds.o(.text)
    __rt_ctype_table                         0x08000221   Thumb Code     4  ctype_o.o(.text)
    __aeabi_memcpy                           0x08000229   Thumb Code    36  memcpya.o(.text)
    __aeabi_memcpy4                          0x08000229   Thumb Code     0  memcpya.o(.text)
    __aeabi_memcpy8                          0x08000229   Thumb Code     0  memcpya.o(.text)
    __aeabi_memset                           0x0800024d   Thumb Code    14  memseta.o(.text)
    __aeabi_memset4                          0x0800024d   Thumb Code     0  memseta.o(.text)
    __aeabi_memset8                          0x0800024d   Thumb Code     0  memseta.o(.text)
    __aeabi_memclr                           0x0800025b   Thumb Code     4  memseta.o(.text)
    __aeabi_memclr4                          0x0800025b   Thumb Code     0  memseta.o(.text)
    __aeabi_memclr8                          0x0800025b   Thumb Code     0  memseta.o(.text)
    _memset$wrapper                          0x0800025f   Thumb Code    18  memseta.o(.text)
    strcat                                   0x08000271   Thumb Code    24  strcat.o(.text)
    strncpy                                  0x08000289   Thumb Code    24  strncpy.o(.text)
    strlen                                   0x080002a1   Thumb Code    14  strlen.o(.text)
    strcmp                                   0x080002af   Thumb Code    28  strcmp.o(.text)
    strcpy                                   0x080002cb   Thumb Code    18  strcpy.o(.text)
    strncmp                                  0x080002dd   Thumb Code    30  strncmp.o(.text)
    atoi                                     0x080002fb   Thumb Code    26  atoi.o(.text)
    __aeabi_fadd                             0x08000315   Thumb Code   164  fadd.o(.text)
    __aeabi_fsub                             0x080003b9   Thumb Code     6  fadd.o(.text)
    __aeabi_frsub                            0x080003bf   Thumb Code     6  fadd.o(.text)
    __aeabi_fmul                             0x080003c5   Thumb Code   100  fmul.o(.text)
    __aeabi_fdiv                             0x08000429   Thumb Code   124  fdiv.o(.text)
    __aeabi_dadd                             0x080004a5   Thumb Code   322  dadd.o(.text)
    __aeabi_dsub                             0x080005e7   Thumb Code     6  dadd.o(.text)
    __aeabi_drsub                            0x080005ed   Thumb Code     6  dadd.o(.text)
    __aeabi_dmul                             0x080005f3   Thumb Code   228  dmul.o(.text)
    __aeabi_ddiv                             0x080006d7   Thumb Code   222  ddiv.o(.text)
    __aeabi_i2f                              0x080007b5   Thumb Code    18  fflti.o(.text)
    __aeabi_ui2f                             0x080007c7   Thumb Code    10  ffltui.o(.text)
    __aeabi_i2d                              0x080007d1   Thumb Code    34  dflti.o(.text)
    __aeabi_ui2d                             0x080007f3   Thumb Code    26  dfltui.o(.text)
    __aeabi_f2iz                             0x0800080d   Thumb Code    50  ffixi.o(.text)
    __aeabi_f2uiz                            0x0800083f   Thumb Code    40  ffixui.o(.text)
    __aeabi_f2d                              0x08000867   Thumb Code    38  f2d.o(.text)
    __aeabi_d2f                              0x0800088d   Thumb Code    56  d2f.o(.text)
    __aeabi_cfcmpeq                          0x080008c5   Thumb Code     0  cfcmple.o(.text)
    __aeabi_cfcmple                          0x080008c5   Thumb Code    20  cfcmple.o(.text)
    __aeabi_cfrcmple                         0x080008d9   Thumb Code    20  cfrcmple.o(.text)
    __aeabi_llsl                             0x080008ed   Thumb Code    30  llshl.o(.text)
    _ll_shift_l                              0x080008ed   Thumb Code     0  llshl.o(.text)
    __aeabi_llsr                             0x0800090b   Thumb Code    32  llushr.o(.text)
    _ll_ushift_r                             0x0800090b   Thumb Code     0  llushr.o(.text)
    __aeabi_lasr                             0x0800092b   Thumb Code    36  llsshr.o(.text)
    _ll_sshift_r                             0x0800092b   Thumb Code     0  llsshr.o(.text)
    strtol                                   0x0800094f   Thumb Code   112  strtol.o(.text)
    __I$use$fp                               0x080009bf   Thumb Code     0  iusefp.o(.text)
    _float_round                             0x080009bf   Thumb Code    18  fepilogue.o(.text)
    _float_epilogue                          0x080009d1   Thumb Code    92  fepilogue.o(.text)
    _double_round                            0x08000a2d   Thumb Code    30  depilogue.o(.text)
    _double_epilogue                         0x08000a4b   Thumb Code   156  depilogue.o(.text)
    __ARM_scalbn                             0x08000ae7   Thumb Code    46  dscalb.o(.text)
    scalbn                                   0x08000ae7   Thumb Code     0  dscalb.o(.text)
    __aeabi_cdcmpeq                          0x08000b15   Thumb Code     0  cdcmple.o(.text)
    __aeabi_cdcmple                          0x08000b15   Thumb Code    48  cdcmple.o(.text)
    __scatterload                            0x08000b45   Thumb Code    28  init.o(.text)
    __scatterload_rt2                        0x08000b45   Thumb Code     0  init.o(.text)
    _strtoul                                 0x08000b69   Thumb Code   158  _strtoul.o(.text)
    _chval                                   0x08000c07   Thumb Code    28  _chval.o(.text)
    __decompress                             0x08000c23   Thumb Code     0  __dczerorl2.o(.text)
    __decompress1                            0x08000c23   Thumb Code    86  __dczerorl2.o(.text)
    main                                     0x08000c79   Thumb Code    10  components.o(i.$Sub$$main)
    BMS_MonitorInit                          0x08000d6d   Thumb Code    36  bms_monitor.o(i.BMS_MonitorInit)
    BQ769X0_EntryShip                        0x08000f79   Thumb Code    28  bq769.o(i.BQ769X0_EntryShip)
    BQ769X0_GetADCGainOffset                 0x08000f95   Thumb Code   170  bq769.o(i.BQ769X0_GetADCGainOffset)
    BQ769X0_Initialize                       0x08001055   Thumb Code   206  bq769.o(i.BQ769X0_Initialize)
    BQ769X0_UpdateBatVolt                    0x080013b1   Thumb Code   106  bq769.o(i.BQ769X0_UpdateBatVolt)
    BQ769X0_UpdateCellVolt                   0x08001431   Thumb Code   116  bq769.o(i.BQ769X0_UpdateCellVolt)
    BQ769X0_UpdateCurrent                    0x080014b9   Thumb Code   116  bq769.o(i.BQ769X0_UpdateCurrent)
    BQ769X0_UpdateTsTemp                     0x08001549   Thumb Code   188  bq769.o(i.BQ769X0_UpdateTsTemp)
    BQ769X0_Wakeup                           0x08001621   Thumb Code    50  bq769.o(i.BQ769X0_Wakeup)
    BusFault_Handler                         0x0800183d   Thumb Code     4  stm32f10x_it.o(i.BusFault_Handler)
    DebugMon_Handler                         0x08001885   Thumb Code     2  stm32f10x_it.o(i.DebugMon_Handler)
    EXTI15_10_IRQHandler                     0x08001887   Thumb Code    26  bq769.o(i.EXTI15_10_IRQHandler)
    EXTI_ClearITPendingBit                   0x080018a1   Thumb Code     6  stm32f10x_exti.o(i.EXTI_ClearITPendingBit)
    EXTI_GetITStatus                         0x080018ad   Thumb Code    34  stm32f10x_exti.o(i.EXTI_GetITStatus)
    GPIO_Init                                0x080018e3   Thumb Code   278  stm32f10x_gpio.o(i.GPIO_Init)
    GPIO_ReadInputDataBit                    0x080019f9   Thumb Code    18  stm32f10x_gpio.o(i.GPIO_ReadInputDataBit)
    GPIO_SetBits                             0x08001a0b   Thumb Code     4  stm32f10x_gpio.o(i.GPIO_SetBits)
    GPIO_WriteBit                            0x08001a0f   Thumb Code    10  stm32f10x_gpio.o(i.GPIO_WriteBit)
    I2C_BusInitialize                        0x08001b69   Thumb Code    12  soft_i2c.o(i.I2C_BusInitialize)
    I2C_TransferMessages                     0x08001d4f   Thumb Code   182  soft_i2c.o(i.I2C_TransferMessages)
    MemManage_Handler                        0x08001e8b   Thumb Code     4  stm32f10x_it.o(i.MemManage_Handler)
    NMI_Handler                              0x08001e8f   Thumb Code     2  stm32f10x_it.o(i.NMI_Handler)
    NVIC_Init                                0x08001e91   Thumb Code   100  misc.o(i.NVIC_Init)
    NVIC_PriorityGroupConfig                 0x08001f01   Thumb Code    10  misc.o(i.NVIC_PriorityGroupConfig)
    RCC_APB1PeriphClockCmd                   0x08001f15   Thumb Code    26  stm32f10x_rcc.o(i.RCC_APB1PeriphClockCmd)
    RCC_APB2PeriphClockCmd                   0x08001f35   Thumb Code    26  stm32f10x_rcc.o(i.RCC_APB2PeriphClockCmd)
    RCC_GetClocksFreq                        0x08001f55   Thumb Code   192  stm32f10x_rcc.o(i.RCC_GetClocksFreq)
    SystemInit                               0x08002191   Thumb Code    78  system_stm32f10x.o(i.SystemInit)
    TIM3_IRQHandler                          0x080021f1   Thumb Code    60  delay.o(i.TIM3_IRQHandler)
    TIM_ClearFlag                            0x08002239   Thumb Code     6  stm32f10x_tim.o(i.TIM_ClearFlag)
    TIM_ClearITPendingBit                    0x0800223f   Thumb Code     6  stm32f10x_tim.o(i.TIM_ClearITPendingBit)
    TIM_Cmd                                  0x08002245   Thumb Code    24  stm32f10x_tim.o(i.TIM_Cmd)
    TIM_GetITStatus                          0x0800225d   Thumb Code    34  stm32f10x_tim.o(i.TIM_GetITStatus)
    TIM_ITConfig                             0x0800227f   Thumb Code    18  stm32f10x_tim.o(i.TIM_ITConfig)
    TIM_TimeBaseInit                         0x08002291   Thumb Code   122  stm32f10x_tim.o(i.TIM_TimeBaseInit)
    USART1_IRQHandler                        0x0800245d   Thumb Code    94  usart.o(i.USART1_IRQHandler)
    USART1_Init                              0x080024d1   Thumb Code    32  usart.o(i.USART1_Init)
    USART_Cmd                                0x08002571   Thumb Code    24  stm32f10x_usart.o(i.USART_Cmd)
    USART_GetFlagStatus                      0x08002589   Thumb Code    26  stm32f10x_usart.o(i.USART_GetFlagStatus)
    USART_GetITStatus                        0x080025a3   Thumb Code    84  stm32f10x_usart.o(i.USART_GetITStatus)
    USART_ITConfig                           0x080025f7   Thumb Code    74  stm32f10x_usart.o(i.USART_ITConfig)
    USART_Init                               0x08002641   Thumb Code   210  stm32f10x_usart.o(i.USART_Init)
    USART_ReceiveData                        0x08002719   Thumb Code    10  stm32f10x_usart.o(i.USART_ReceiveData)
    USART_SendData                           0x08002723   Thumb Code     8  stm32f10x_usart.o(i.USART_SendData)
    UsageFault_Handler                       0x0800272b   Thumb Code     4  stm32f10x_it.o(i.UsageFault_Handler)
    __aeabi_errno_addr                       0x08002731   Thumb Code     4  errno.o(i.__aeabi_errno_addr)
    __rt_errno_addr                          0x08002731   Thumb Code     0  errno.o(i.__aeabi_errno_addr)
    __kernel_poly                            0x08002739   Thumb Code   170  poly.o(i.__kernel_poly)
    __mathlib_dbl_divzero                    0x080027e5   Thumb Code    12  dunder.o(i.__mathlib_dbl_divzero)
    __mathlib_dbl_infnan                     0x080027f5   Thumb Code     6  dunder.o(i.__mathlib_dbl_infnan)
    __mathlib_dbl_invalid                    0x080027fb   Thumb Code    12  dunder.o(i.__mathlib_dbl_invalid)
    __rt_ffs                                 0x08002809   Thumb Code    70  kservice.o(i.__rt_ffs)
    __scatterload_copy                       0x08002855   Thumb Code    14  handlers.o(i.__scatterload_copy)
    __scatterload_null                       0x08002863   Thumb Code     2  handlers.o(i.__scatterload_null)
    __scatterload_zeroinit                   0x08002865   Thumb Code    14  handlers.o(i.__scatterload_zeroinit)
    __set_errno                              0x08002875   Thumb Code     6  errno.o(i.__set_errno)
    app_init                                 0x08002b7d   Thumb Code    76  app.o(i.app_init)
    cmd_free                                 0x08002cd9   Thumb Code    64  msh.o(i.cmd_free)
    cmd_list                                 0x08002d59   Thumb Code   122  cmd.o(i.cmd_list)
    cmd_ps                                   0x08002e89   Thumb Code    14  msh.o(i.cmd_ps)
    finsh_get_prompt                         0x08002ebd   Thumb Code    68  shell.o(i.finsh_get_prompt)
    finsh_getchar                            0x08002f19   Thumb Code     8  shell.o(i.finsh_getchar)
    finsh_set_prompt_mode                    0x08002f21   Thumb Code    22  shell.o(i.finsh_set_prompt_mode)
    finsh_system_function_init               0x08002f3d   Thumb Code    10  shell.o(i.finsh_system_function_init)
    finsh_system_init                        0x08002f51   Thumb Code    98  shell.o(i.finsh_system_init)
    finsh_thread_entry                       0x08002fed   Thumb Code   930  shell.o(i.finsh_thread_entry)
    list_mailbox                             0x080034e5   Thumb Code   224  cmd.o(i.list_mailbox)
    list_sem                                 0x08003641   Thumb Code   216  cmd.o(i.list_sem)
    list_thread                              0x08003779   Thumb Code   302  cmd.o(i.list_thread)
    list_timer                               0x08003965   Thumb Code   212  cmd.o(i.list_timer)
    log                                      0x08003b0d   Thumb Code   808  log.o(i.log)
    $Super$$main                             0x08003e69   Thumb Code    16  main.o(i.main)
    main_thread_entry                        0x08003e79   Thumb Code    14  components.o(i.main_thread_entry)
    msh_auto_complete                        0x08003f71   Thumb Code   120  msh.o(i.msh_auto_complete)
    msh_exec                                 0x08003ff5   Thumb Code    84  msh.o(i.msh_exec)
    msh_help                                 0x080040a1   Thumb Code    48  msh.o(i.msh_help)
    rt_application_init                      0x08004411   Thumb Code    34  components.o(i.rt_application_init)
    rt_calloc                                0x08004441   Thumb Code    34  kservice.o(i.rt_calloc)
    rt_components_board_init                 0x08004465   Thumb Code    20  components.o(i.rt_components_board_init)
    rt_components_init                       0x08004481   Thumb Code    20  components.o(i.rt_components_init)
    rt_enter_critical                        0x080044dd   Thumb Code    28  scheduler.o(i.rt_enter_critical)
    rt_exit_critical                         0x080044fd   Thumb Code    60  scheduler.o(i.rt_exit_critical)
    rt_free                                  0x08004541   Thumb Code    30  kservice.o(i.rt_free)
    rt_heap_begin_get                        0x08004561   Thumb Code     4  board.o(i.rt_heap_begin_get)
    rt_heap_end_get                          0x08004569   Thumb Code     4  board.o(i.rt_heap_end_get)
    rt_hw_board_init                         0x08004571   Thumb Code    30  board.o(i.rt_hw_board_init)
    rt_hw_console_getchar                    0x08004591   Thumb Code    80  board.o(i.rt_hw_console_getchar)
    rt_hw_console_output                     0x080045f1   Thumb Code    66  board.o(i.rt_hw_console_output)
    rt_hw_hard_fault_exception               0x08004639   Thumb Code   198  cpuport.o(i.rt_hw_hard_fault_exception)
    rt_hw_stack_init                         0x08004841   Thumb Code    70  cpuport.o(i.rt_hw_stack_init)
    rt_interrupt_enter                       0x0800488d   Thumb Code    26  irq.o(i.rt_interrupt_enter)
    rt_interrupt_leave                       0x080048ad   Thumb Code    26  irq.o(i.rt_interrupt_leave)
    rt_kprintf                               0x080048cd   Thumb Code    46  kservice.o(i.rt_kprintf)
    rt_malloc                                0x080049b1   Thumb Code    32  kservice.o(i.rt_malloc)
    rt_memcpy                                0x080049d5   Thumb Code   124  kservice.o(i.rt_memcpy)
    rt_memmove                               0x08004a51   Thumb Code    66  kservice.o(i.rt_memmove)
    rt_memory_info                           0x08004a95   Thumb Code    64  kservice.o(i.rt_memory_info)
    rt_memset                                0x08004ad9   Thumb Code    72  kservice.o(i.rt_memset)
    rt_object_allocate                       0x08004b21   Thumb Code    84  object.o(i.rt_object_allocate)
    rt_object_delete                         0x08004b75   Thumb Code    36  object.o(i.rt_object_delete)
    rt_object_detach                         0x08004b99   Thumb Code    30  object.o(i.rt_object_detach)
    rt_object_get_information                0x08004bb9   Thumb Code    36  object.o(i.rt_object_get_information)
    rt_object_init                           0x08004be1   Thumb Code    86  object.o(i.rt_object_init)
    rt_object_is_systemobject                0x08004c37   Thumb Code    18  object.o(i.rt_object_is_systemobject)
    rt_os_tick_callback                      0x08004c49   Thumb Code    16  board.o(i.rt_os_tick_callback)
    rt_schedule                              0x08004c59   Thumb Code   262  scheduler.o(i.rt_schedule)
    rt_schedule_insert_thread                0x08004d75   Thumb Code   142  scheduler.o(i.rt_schedule_insert_thread)
    rt_schedule_remove_thread                0x08004e11   Thumb Code    76  scheduler.o(i.rt_schedule_remove_thread)
    rt_sem_create                            0x08004e65   Thumb Code    42  ipc.o(i.rt_sem_create)
    rt_sem_init                              0x08004e8f   Thumb Code    38  ipc.o(i.rt_sem_init)
    rt_sem_release                           0x08004eb5   Thumb Code    82  ipc.o(i.rt_sem_release)
    rt_sem_take                              0x08004f07   Thumb Code   116  ipc.o(i.rt_sem_take)
    rt_show_version                          0x08004f7d   Thumb Code    42  kservice.o(i.rt_show_version)
    rt_smem_alloc                            0x08005041   Thumb Code   276  mem.o(i.rt_smem_alloc)
    rt_smem_free                             0x08005155   Thumb Code    58  mem.o(i.rt_smem_free)
    rt_smem_init                             0x08005191   Thumb Code   172  mem.o(i.rt_smem_init)
    rt_soft_timer_check                      0x08005281   Thumb Code   178  timer.o(i.rt_soft_timer_check)
    rt_sprintf                               0x0800533d   Thumb Code    34  kservice.o(i.rt_sprintf)
    rt_strerror                              0x08005361   Thumb Code    26  kservice.o(i.rt_strerror)
    rt_strncpy                               0x08005381   Thumb Code    52  kservice.o(i.rt_strncpy)
    rt_system_heap_init                      0x080053b5   Thumb Code    40  kservice.o(i.rt_system_heap_init)
    rt_system_scheduler_init                 0x080053e9   Thumb Code    38  scheduler.o(i.rt_system_scheduler_init)
    rt_system_scheduler_start                0x0800541d   Thumb Code    36  scheduler.o(i.rt_system_scheduler_start)
    rt_system_timer_init                     0x08005445   Thumb Code    24  timer.o(i.rt_system_timer_init)
    rt_system_timer_thread_init              0x08005461   Thumb Code    58  timer.o(i.rt_system_timer_thread_init)
    rt_thread_create                         0x080054b5   Thumb Code    80  thread.o(i.rt_thread_create)
    rt_thread_defunct_dequeue                0x08005505   Thumb Code    56  idle.o(i.rt_thread_defunct_dequeue)
    rt_thread_defunct_enqueue                0x08005541   Thumb Code    24  idle.o(i.rt_thread_defunct_enqueue)
    rt_thread_delay                          0x0800555d   Thumb Code    12  thread.o(i.rt_thread_delay)
    rt_thread_idle_init                      0x08005571   Thumb Code    82  idle.o(i.rt_thread_idle_init)
    rt_thread_init                           0x080055d9   Thumb Code    52  thread.o(i.rt_thread_init)
    rt_thread_mdelay                         0x0800560d   Thumb Code    20  thread.o(i.rt_thread_mdelay)
    rt_thread_resume                         0x08005621   Thumb Code    60  thread.o(i.rt_thread_resume)
    rt_thread_self                           0x0800565d   Thumb Code     6  thread.o(i.rt_thread_self)
    rt_thread_sleep                          0x08005669   Thumb Code    68  thread.o(i.rt_thread_sleep)
    rt_thread_startup                        0x080056ad   Thumb Code    40  thread.o(i.rt_thread_startup)
    rt_thread_suspend                        0x080056d5   Thumb Code    72  thread.o(i.rt_thread_suspend)
    rt_tick_from_millisecond                 0x0800571d   Thumb Code    56  clock.o(i.rt_tick_from_millisecond)
    rt_tick_get                              0x08005755   Thumb Code     6  clock.o(i.rt_tick_get)
    rt_tick_increase                         0x08005761   Thumb Code    74  clock.o(i.rt_tick_increase)
    rt_timer_check                           0x080057b1   Thumb Code   160  timer.o(i.rt_timer_check)
    rt_timer_control                         0x08005855   Thumb Code   104  timer.o(i.rt_timer_control)
    rt_timer_detach                          0x080058bd   Thumb Code    40  timer.o(i.rt_timer_detach)
    rt_timer_init                            0x080058e5   Thumb Code    46  timer.o(i.rt_timer_init)
    rt_timer_start                           0x08005915   Thumb Code   292  timer.o(i.rt_timer_start)
    rt_timer_stop                            0x08005a4d   Thumb Code    48  timer.o(i.rt_timer_stop)
    rt_vsnprintf                             0x08005a7d   Thumb Code   824  kservice.o(i.rt_vsnprintf)
    rt_vsprintf                              0x08005dbd   Thumb Code    22  kservice.o(i.rt_vsprintf)
    rtthread_startup                         0x08005de3   Thumb Code    42  components.o(i.rtthread_startup)
    tim_tick_init                            0x08005eed   Thumb Code   110  delay.o(i.tim_tick_init)
    version                                  0x08006055   Thumb Code    10  cmd.o(i.version)
    __lowest_bit_bitmap                      0x0800605e   Data         256  kservice.o(.constdata)
    __ctype_table                            0x080061b8   Data         129  ctype_o.o(.constdata)
    __mathlib_zero                           0x08006240   Data           8  qnan.o(.constdata)
    __fsym_shell_test_name                   0x080062e4   Data          11  app.o(.rodata.name)
    __fsym_shell_test_desc                   0x080062ef   Data          24  app.o(.rodata.name)
    __fsym_clear_name                        0x08006307   Data           6  cmd.o(.rodata.name)
    __fsym_clear_desc                        0x0800630d   Data          26  cmd.o(.rodata.name)
    __fsym_version_name                      0x08006327   Data           8  cmd.o(.rodata.name)
    __fsym_version_desc                      0x0800632f   Data          35  cmd.o(.rodata.name)
    __fsym_list_thread_name                  0x08006352   Data          12  cmd.o(.rodata.name)
    __fsym_list_thread_desc                  0x0800635e   Data          12  cmd.o(.rodata.name)
    __fsym_list_sem_name                     0x0800636a   Data           9  cmd.o(.rodata.name)
    __fsym_list_sem_desc                     0x08006373   Data          25  cmd.o(.rodata.name)
    __fsym_list_mailbox_name                 0x0800638c   Data          13  cmd.o(.rodata.name)
    __fsym_list_mailbox_desc                 0x08006399   Data          24  cmd.o(.rodata.name)
    __fsym_list_timer_name                   0x080063b1   Data          11  cmd.o(.rodata.name)
    __fsym_list_timer_desc                   0x080063bc   Data          21  cmd.o(.rodata.name)
    __fsym_list_name                         0x080063d1   Data           5  cmd.o(.rodata.name)
    __fsym_list_desc                         0x080063d6   Data          13  cmd.o(.rodata.name)
    __fsym_help_name                         0x080063e3   Data           5  msh.o(.rodata.name)
    __fsym_help_desc                         0x080063e8   Data          22  msh.o(.rodata.name)
    __fsym_ps_name                           0x080063fe   Data           3  msh.o(.rodata.name)
    __fsym_ps_desc                           0x08006401   Data          28  msh.o(.rodata.name)
    __fsym_free_name                         0x0800641d   Data           5  msh.o(.rodata.name)
    __fsym_free_desc                         0x08006422   Data          37  msh.o(.rodata.name)
    __rt_init_rti_start                      0x08006448   Data           4  components.o(.rti_fn.0)
    __rt_init_rti_board_start                0x0800644c   Data           4  components.o(.rti_fn.0.end)
    __rt_init_uart_init                      0x08006450   Data           4  board.o(.rti_fn.1)
    __rt_init_rti_board_end                  0x08006454   Data           4  components.o(.rti_fn.1.end)
    __rt_init_finsh_system_init              0x08006458   Data           4  shell.o(.rti_fn.6)
    __rt_init_rti_end                        0x0800645c   Data           4  components.o(.rti_fn.6.end)
    FSymTab$$Base                            0x08006460   Number         0  app.o(FSymTab)
    __fsym_shell_test                        0x08006460   Data          12  app.o(FSymTab)
    __fsym_clear                             0x0800646c   Data          12  cmd.o(FSymTab)
    __fsym_version                           0x08006478   Data          12  cmd.o(FSymTab)
    __fsym_list_thread                       0x08006484   Data          12  cmd.o(FSymTab)
    __fsym_list_sem                          0x08006490   Data          12  cmd.o(FSymTab)
    __fsym_list_mailbox                      0x0800649c   Data          12  cmd.o(FSymTab)
    __fsym_list_timer                        0x080064a8   Data          12  cmd.o(FSymTab)
    __fsym_list                              0x080064b4   Data          12  cmd.o(FSymTab)
    __fsym_help                              0x080064c0   Data          12  msh.o(FSymTab)
    __fsym_ps                                0x080064cc   Data          12  msh.o(FSymTab)
    __fsym_free                              0x080064d8   Data          12  msh.o(FSymTab)
    FSymTab$$Limit                           0x080064e4   Number         0  msh.o(FSymTab)
    Region$$Table$$Base                      0x080064e4   Number         0  anon$$obj.o(Region$$Table)
    Region$$Table$$Limit                     0x08006504   Number         0  anon$$obj.o(Region$$Table)
    led_time                                 0x20000000   Data           2  app.o(.data)
    led_thread                               0x20000004   Data           4  app.o(.data)
    rx_in                                    0x20000014   Data           2  usart.o(.data)
    rx_out                                   0x20000016   Data           2  usart.o(.data)
    uart_rx_sem                              0x20000018   Data           4  usart.o(.data)
    i2c1                                     0x20000020   Data          32  soft_i2c.o(.data)
    rt_interrupt_nest                        0x20000080   Data           1  irq.o(.data)
    rt_thread_ready_priority_group           0x2000010c   Data           4  scheduler.o(.data)
    rt_current_thread                        0x20000114   Data           4  scheduler.o(.data)
    rt_current_priority                      0x20000118   Data           1  scheduler.o(.data)
    rt_interrupt_from_thread                 0x20000134   Data           4  cpuport.o(.data)
    rt_interrupt_to_thread                   0x20000138   Data           4  cpuport.o(.data)
    rt_thread_switch_interrupt_flag          0x2000013c   Data           4  cpuport.o(.data)
    _syscall_table_begin                     0x20000144   Data           4  shell.o(.data)
    _syscall_table_end                       0x20000148   Data           4  shell.o(.data)
    shell                                    0x2000014c   Data           4  shell.o(.data)
    rx_buf                                   0x20003d58   Data         128  usart.o(.bss)
    BQ769X0_SampleData                       0x20003e2c   Data          36  bq769.o(.bss)
    BMS_MonitorData                          0x20003e50   Data          76  bms_monitor.o(.bss)
    rt_thread_priority_table                 0x20004114   Data         256  scheduler.o(.bss)
    __initial_sp                             0x20004990   Data           0  startup_stm32f10x_md.o(STACK)



==============================================================================

Memory Map of the image

  Image Entry point : 0x080000ed

  Load Region LR_IROM1 (Base: 0x08000000, Size: 0x0000665c, Max: 0x00010000, ABSOLUTE, COMPRESSED[0x00006598])

    Execution Region ER_IROM1 (Exec base: 0x08000000, Load base: 0x08000000, Size: 0x00006504, Max: 0x00010000, ABSOLUTE)

    Exec Addr    Load Addr    Size         Type   Attr      Idx    E Section Name        Object

    0x08000000   0x08000000   0x000000ec   Data   RO         3805    RESET               startup_stm32f10x_md.o
    0x080000ec   0x080000ec   0x00000000   Code   RO         5282  * .ARM.Collect$$$$00000000  mc_w.l(entry.o)
    0x080000ec   0x080000ec   0x00000004   Code   RO         5386    .ARM.Collect$$$$00000001  mc_w.l(entry2.o)
    0x080000f0   0x080000f0   0x00000004   Code   RO         5389    .ARM.Collect$$$$00000004  mc_w.l(entry5.o)
    0x080000f4   0x080000f4   0x00000000   Code   RO         5391    .ARM.Collect$$$$00000008  mc_w.l(entry7b.o)
    0x080000f4   0x080000f4   0x00000000   Code   RO         5393    .ARM.Collect$$$$0000000A  mc_w.l(entry8b.o)
    0x080000f4   0x080000f4   0x00000008   Code   RO         5394    .ARM.Collect$$$$0000000B  mc_w.l(entry9a.o)
    0x080000fc   0x080000fc   0x00000000   Code   RO         5396    .ARM.Collect$$$$0000000D  mc_w.l(entry10a.o)
    0x080000fc   0x080000fc   0x00000000   Code   RO         5398    .ARM.Collect$$$$0000000F  mc_w.l(entry11a.o)
    0x080000fc   0x080000fc   0x00000004   Code   RO         5387    .ARM.Collect$$$$00002712  mc_w.l(entry2.o)
    0x08000100   0x08000100   0x00000024   Code   RO         3806    .text               startup_stm32f10x_md.o
    0x08000124   0x08000124   0x000000fc   Code   RO         4944    .text               context_rvds.o
    0x08000220   0x08000220   0x00000008   Code   RO         5287    .text               mc_w.l(ctype_o.o)
    0x08000228   0x08000228   0x00000024   Code   RO         5317    .text               mc_w.l(memcpya.o)
    0x0800024c   0x0800024c   0x00000024   Code   RO         5319    .text               mc_w.l(memseta.o)
    0x08000270   0x08000270   0x00000018   Code   RO         5321    .text               mc_w.l(strcat.o)
    0x08000288   0x08000288   0x00000018   Code   RO         5323    .text               mc_w.l(strncpy.o)
    0x080002a0   0x080002a0   0x0000000e   Code   RO         5325    .text               mc_w.l(strlen.o)
    0x080002ae   0x080002ae   0x0000001c   Code   RO         5327    .text               mc_w.l(strcmp.o)
    0x080002ca   0x080002ca   0x00000012   Code   RO         5329    .text               mc_w.l(strcpy.o)
    0x080002dc   0x080002dc   0x0000001e   Code   RO         5331    .text               mc_w.l(strncmp.o)
    0x080002fa   0x080002fa   0x0000001a   Code   RO         5335    .text               mc_w.l(atoi.o)
    0x08000314   0x08000314   0x000000b0   Code   RO         5337    .text               mf_w.l(fadd.o)
    0x080003c4   0x080003c4   0x00000064   Code   RO         5339    .text               mf_w.l(fmul.o)
    0x08000428   0x08000428   0x0000007c   Code   RO         5341    .text               mf_w.l(fdiv.o)
    0x080004a4   0x080004a4   0x0000014e   Code   RO         5343    .text               mf_w.l(dadd.o)
    0x080005f2   0x080005f2   0x000000e4   Code   RO         5345    .text               mf_w.l(dmul.o)
    0x080006d6   0x080006d6   0x000000de   Code   RO         5347    .text               mf_w.l(ddiv.o)
    0x080007b4   0x080007b4   0x00000012   Code   RO         5349    .text               mf_w.l(fflti.o)
    0x080007c6   0x080007c6   0x0000000a   Code   RO         5351    .text               mf_w.l(ffltui.o)
    0x080007d0   0x080007d0   0x00000022   Code   RO         5353    .text               mf_w.l(dflti.o)
    0x080007f2   0x080007f2   0x0000001a   Code   RO         5355    .text               mf_w.l(dfltui.o)
    0x0800080c   0x0800080c   0x00000032   Code   RO         5357    .text               mf_w.l(ffixi.o)
    0x0800083e   0x0800083e   0x00000028   Code   RO         5359    .text               mf_w.l(ffixui.o)
    0x08000866   0x08000866   0x00000026   Code   RO         5361    .text               mf_w.l(f2d.o)
    0x0800088c   0x0800088c   0x00000038   Code   RO         5363    .text               mf_w.l(d2f.o)
    0x080008c4   0x080008c4   0x00000014   Code   RO         5365    .text               mf_w.l(cfcmple.o)
    0x080008d8   0x080008d8   0x00000014   Code   RO         5367    .text               mf_w.l(cfrcmple.o)
    0x080008ec   0x080008ec   0x0000001e   Code   RO         5400    .text               mc_w.l(llshl.o)
    0x0800090a   0x0800090a   0x00000020   Code   RO         5402    .text               mc_w.l(llushr.o)
    0x0800092a   0x0800092a   0x00000024   Code   RO         5404    .text               mc_w.l(llsshr.o)
    0x0800094e   0x0800094e   0x00000070   Code   RO         5413    .text               mc_w.l(strtol.o)
    0x080009be   0x080009be   0x00000000   Code   RO         5415    .text               mc_w.l(iusefp.o)
    0x080009be   0x080009be   0x0000006e   Code   RO         5416    .text               mf_w.l(fepilogue.o)
    0x08000a2c   0x08000a2c   0x000000ba   Code   RO         5418    .text               mf_w.l(depilogue.o)
    0x08000ae6   0x08000ae6   0x0000002e   Code   RO         5420    .text               mf_w.l(dscalb.o)
    0x08000b14   0x08000b14   0x00000030   Code   RO         5422    .text               mf_w.l(cdcmple.o)
    0x08000b44   0x08000b44   0x00000024   Code   RO         5424    .text               mc_w.l(init.o)
    0x08000b68   0x08000b68   0x0000009e   Code   RO         5426    .text               mc_w.l(_strtoul.o)
    0x08000c06   0x08000c06   0x0000001c   Code   RO         5428    .text               mc_w.l(_chval.o)
    0x08000c22   0x08000c22   0x00000056   Code   RO         5438    .text               mc_w.l(__dczerorl2.o)
    0x08000c78   0x08000c78   0x0000000a   Code   RO         3943    i.$Sub$$main        components.o
    0x08000c82   0x08000c82   0x00000002   PAD
    0x08000c84   0x08000c84   0x000000e8   Code   RO          758    i.BMS_MonitorBattery  bms_monitor.o
    0x08000d6c   0x08000d6c   0x00000034   Code   RO          759    i.BMS_MonitorInit   bms_monitor.o
    0x08000da0   0x08000da0   0x00000070   Code   RO          763    i.BMS_MonitorSysMode  bms_monitor.o
    0x08000e10   0x08000e10   0x000000d4   Code   RO          499    i.BQ769X0_AlertyHandler  bq769.o
    0x08000ee4   0x08000ee4   0x00000094   Code   RO          501    i.BQ769X0_Configuration  bq769.o
    0x08000f78   0x08000f78   0x0000001c   Code   RO          503    i.BQ769X0_EntryShip  bq769.o
    0x08000f94   0x08000f94   0x000000c0   Code   RO          504    i.BQ769X0_GetADCGainOffset  bq769.o
    0x08001054   0x08001054   0x000000e0   Code   RO          505    i.BQ769X0_Initialize  bq769.o
    0x08001134   0x08001134   0x000000c4   Code   RO          510    i.BQ769X0_ReadBlockWithCRC  bq769.o
    0x080011f8   0x080011f8   0x00000084   Code   RO          512    i.BQ769X0_ReadRegisterByteWithCRC  bq769.o
    0x0800127c   0x0800127c   0x000000ec   Code   RO          513    i.BQ769X0_ReadRegisterWordWithCRC  bq769.o
    0x08001368   0x08001368   0x00000024   Code   RO          515    i.BQ769X0_TS1_SetInMode  bq769.o
    0x0800138c   0x0800138c   0x00000024   Code   RO          516    i.BQ769X0_TS1_SetOutMode  bq769.o
    0x080013b0   0x080013b0   0x00000080   Code   RO          519    i.BQ769X0_UpdateBatVolt  bq769.o
    0x08001430   0x08001430   0x00000088   Code   RO          520    i.BQ769X0_UpdateCellVolt  bq769.o
    0x080014b8   0x080014b8   0x00000090   Code   RO          521    i.BQ769X0_UpdateCurrent  bq769.o
    0x08001548   0x08001548   0x000000d8   Code   RO          523    i.BQ769X0_UpdateTsTemp  bq769.o
    0x08001620   0x08001620   0x00000038   Code   RO          524    i.BQ769X0_Wakeup    bq769.o
    0x08001658   0x08001658   0x0000009c   Code   RO          525    i.BQ769X0_WriteBlockWithCRC  bq769.o
    0x080016f4   0x080016f4   0x00000064   Code   RO          527    i.BQ769X0_WriteRegisterByteWithCRC  bq769.o
    0x08001758   0x08001758   0x000000e4   Code   RO          764    i.Bms_MonitorTask   bms_monitor.o
    0x0800183c   0x0800183c   0x00000004   Code   RO         3810    i.BusFault_Handler  stm32f10x_it.o
    0x08001840   0x08001840   0x00000044   Code   RO          529    i.CRC8              bq769.o
    0x08001884   0x08001884   0x00000002   Code   RO         3811    i.DebugMon_Handler  stm32f10x_it.o
    0x08001886   0x08001886   0x0000001a   Code   RO          530    i.EXTI15_10_IRQHandler  bq769.o
    0x080018a0   0x080018a0   0x0000000c   Code   RO         1623    i.EXTI_ClearITPendingBit  stm32f10x_exti.o
    0x080018ac   0x080018ac   0x00000028   Code   RO         1627    i.EXTI_GetITStatus  stm32f10x_exti.o
    0x080018d4   0x080018d4   0x0000000e   Code   RO          370    i.GET_SDA           soft_i2c.o
    0x080018e2   0x080018e2   0x00000116   Code   RO         1976    i.GPIO_Init         stm32f10x_gpio.o
    0x080019f8   0x080019f8   0x00000012   Code   RO         1980    i.GPIO_ReadInputDataBit  stm32f10x_gpio.o
    0x08001a0a   0x08001a0a   0x00000004   Code   RO         1984    i.GPIO_SetBits      stm32f10x_gpio.o
    0x08001a0e   0x08001a0e   0x0000000a   Code   RO         1987    i.GPIO_WriteBit     stm32f10x_gpio.o
    0x08001a18   0x08001a18   0x00000010   Code   RO          371    i.I2C1_Lock         soft_i2c.o
    0x08001a28   0x08001a28   0x00000002   Code   RO          372    i.I2C1_LockInit     soft_i2c.o
    0x08001a2a   0x08001a2a   0x00000002   PAD
    0x08001a2c   0x08001a2c   0x00000010   Code   RO          373    i.I2C1_Unlock       soft_i2c.o
    0x08001a3c   0x08001a3c   0x000000ec   Code   RO          374    i.I2C_BitSendAddress  soft_i2c.o
    0x08001b28   0x08001b28   0x00000040   Code   RO          375    i.I2C_BusHardwareInitialize  soft_i2c.o
    0x08001b68   0x08001b68   0x00000010   Code   RO          376    i.I2C_BusInitialize  soft_i2c.o
    0x08001b78   0x08001b78   0x00000048   Code   RO          377    i.I2C_ReadByte      soft_i2c.o
    0x08001bc0   0x08001bc0   0x00000068   Code   RO          378    i.I2C_RecvBytes     soft_i2c.o
    0x08001c28   0x08001c28   0x0000002a   Code   RO          379    i.I2C_Restart       soft_i2c.o
    0x08001c52   0x08001c52   0x00000048   Code   RO          380    i.I2C_SendAddress   soft_i2c.o
    0x08001c9a   0x08001c9a   0x00000072   Code   RO          381    i.I2C_SendBytes     soft_i2c.o
    0x08001d0c   0x08001d0c   0x00000018   Code   RO          382    i.I2C_Start         soft_i2c.o
    0x08001d24   0x08001d24   0x0000002a   Code   RO          383    i.I2C_Stop          soft_i2c.o
    0x08001d4e   0x08001d4e   0x000000b6   Code   RO          384    i.I2C_TransferMessages  soft_i2c.o
    0x08001e04   0x08001e04   0x00000086   Code   RO          385    i.I2C_WriteByte     soft_i2c.o
    0x08001e8a   0x08001e8a   0x00000004   Code   RO         3812    i.MemManage_Handler  stm32f10x_it.o
    0x08001e8e   0x08001e8e   0x00000002   Code   RO         3813    i.NMI_Handler       stm32f10x_it.o
    0x08001e90   0x08001e90   0x00000070   Code   RO          825    i.NVIC_Init         misc.o
    0x08001f00   0x08001f00   0x00000014   Code   RO          826    i.NVIC_PriorityGroupConfig  misc.o
    0x08001f14   0x08001f14   0x00000020   Code   RO         2392    i.RCC_APB1PeriphClockCmd  stm32f10x_rcc.o
    0x08001f34   0x08001f34   0x00000020   Code   RO         2394    i.RCC_APB2PeriphClockCmd  stm32f10x_rcc.o
    0x08001f54   0x08001f54   0x000000d4   Code   RO         2402    i.RCC_GetClocksFreq  stm32f10x_rcc.o
    0x08002028   0x08002028   0x00000010   Code   RO          386    i.SCL_H             soft_i2c.o
    0x08002038   0x08002038   0x00000010   Code   RO          387    i.SCL_L             soft_i2c.o
    0x08002048   0x08002048   0x00000010   Code   RO          388    i.SDA_H             soft_i2c.o
    0x08002058   0x08002058   0x00000010   Code   RO          389    i.SDA_L             soft_i2c.o
    0x08002068   0x08002068   0x00000020   Code   RO          390    i.SDA_SetInMode     soft_i2c.o
    0x08002088   0x08002088   0x00000020   Code   RO          391    i.SDA_SetOutMode    soft_i2c.o
    0x080020a8   0x080020a8   0x00000008   Code   RO         3871    i.SetSysClock       system_stm32f10x.o
    0x080020b0   0x080020b0   0x000000e0   Code   RO         3872    i.SetSysClockTo72   system_stm32f10x.o
    0x08002190   0x08002190   0x00000060   Code   RO         3874    i.SystemInit        system_stm32f10x.o
    0x080021f0   0x080021f0   0x00000048   Code   RO          260    i.TIM3_IRQHandler   delay.o
    0x08002238   0x08002238   0x00000006   Code   RO         3020    i.TIM_ClearFlag     stm32f10x_tim.o
    0x0800223e   0x0800223e   0x00000006   Code   RO         3021    i.TIM_ClearITPendingBit  stm32f10x_tim.o
    0x08002244   0x08002244   0x00000018   Code   RO         3026    i.TIM_Cmd           stm32f10x_tim.o
    0x0800225c   0x0800225c   0x00000022   Code   RO         3047    i.TIM_GetITStatus   stm32f10x_tim.o
    0x0800227e   0x0800227e   0x00000012   Code   RO         3051    i.TIM_ITConfig      stm32f10x_tim.o
    0x08002290   0x08002290   0x000000a4   Code   RO         3097    i.TIM_TimeBaseInit  stm32f10x_tim.o
    0x08002334   0x08002334   0x000000bc   Code   RO          531    i.TempChange        bq769.o
    0x080023f0   0x080023f0   0x0000006c   Code   RO          319    i.USART1_IO_Init    usart.o
    0x0800245c   0x0800245c   0x00000074   Code   RO          320    i.USART1_IRQHandler  usart.o
    0x080024d0   0x080024d0   0x0000002c   Code   RO          321    i.USART1_Init       usart.o
    0x080024fc   0x080024fc   0x00000074   Code   RO          322    i.USART1_func_Init  usart.o
    0x08002570   0x08002570   0x00000018   Code   RO         3562    i.USART_Cmd         stm32f10x_usart.o
    0x08002588   0x08002588   0x0000001a   Code   RO         3565    i.USART_GetFlagStatus  stm32f10x_usart.o
    0x080025a2   0x080025a2   0x00000054   Code   RO         3566    i.USART_GetITStatus  stm32f10x_usart.o
    0x080025f6   0x080025f6   0x0000004a   Code   RO         3568    i.USART_ITConfig    stm32f10x_usart.o
    0x08002640   0x08002640   0x000000d8   Code   RO         3569    i.USART_Init        stm32f10x_usart.o
    0x08002718   0x08002718   0x0000000a   Code   RO         3576    i.USART_ReceiveData  stm32f10x_usart.o
    0x08002722   0x08002722   0x00000008   Code   RO         3579    i.USART_SendData    stm32f10x_usart.o
    0x0800272a   0x0800272a   0x00000004   Code   RO         3814    i.UsageFault_Handler  stm32f10x_it.o
    0x0800272e   0x0800272e   0x00000002   PAD
    0x08002730   0x08002730   0x00000008   Code   RO         5406    i.__aeabi_errno_addr  mc_w.l(errno.o)
    0x08002738   0x08002738   0x000000aa   Code   RO         5383    i.__kernel_poly     m_ws.l(poly.o)
    0x080027e2   0x080027e2   0x00000002   PAD
    0x080027e4   0x080027e4   0x00000010   Code   RO         5369    i.__mathlib_dbl_divzero  m_ws.l(dunder.o)
    0x080027f4   0x080027f4   0x00000006   Code   RO         5370    i.__mathlib_dbl_infnan  m_ws.l(dunder.o)
    0x080027fa   0x080027fa   0x0000000c   Code   RO         5372    i.__mathlib_dbl_invalid  m_ws.l(dunder.o)
    0x08002806   0x08002806   0x00000002   PAD
    0x08002808   0x08002808   0x0000004c   Code   RO         4242    i.__rt_ffs          kservice.o
    0x08002854   0x08002854   0x0000000e   Code   RO         5432    i.__scatterload_copy  mc_w.l(handlers.o)
    0x08002862   0x08002862   0x00000002   Code   RO         5433    i.__scatterload_null  mc_w.l(handlers.o)
    0x08002864   0x08002864   0x0000000e   Code   RO         5434    i.__scatterload_zeroinit  mc_w.l(handlers.o)
    0x08002872   0x08002872   0x00000002   PAD
    0x08002874   0x08002874   0x0000000c   Code   RO         5408    i.__set_errno       mc_w.l(errno.o)
    0x08002880   0x08002880   0x0000000a   Code   RO         4243    i._heap_lock        kservice.o
    0x0800288a   0x0800288a   0x0000000a   Code   RO         4244    i._heap_unlock      kservice.o
    0x08002894   0x08002894   0x00000014   Code   RO         4069    i._ipc_list_resume  ipc.o
    0x080028a8   0x080028a8   0x0000006e   Code   RO         4071    i._ipc_list_suspend  ipc.o
    0x08002916   0x08002916   0x00000010   Code   RO         4072    i._ipc_object_init  ipc.o
    0x08002926   0x08002926   0x0000006c   Code   RO         5092    i._msh_exec_cmd     msh.o
    0x08002992   0x08002992   0x00000002   PAD
    0x08002994   0x08002994   0x00000028   Code   RO         4618    i._scheduler_get_highest_priority_thread  scheduler.o
    0x080029bc   0x080029bc   0x00000034   Code   RO         4697    i._thread_exit      thread.o
    0x080029f0   0x080029f0   0x00000080   Code   RO         4698    i._thread_init      thread.o
    0x08002a70   0x08002a70   0x0000002c   Code   RO         4699    i._thread_timeout   thread.o
    0x08002a9c   0x08002a9c   0x00000042   Code   RO         4820    i._timer_init       timer.o
    0x08002ade   0x08002ade   0x00000038   Code   RO         4821    i._timer_list_next_timeout  timer.o
    0x08002b16   0x08002b16   0x0000001c   Code   RO         4822    i._timer_remove     timer.o
    0x08002b32   0x08002b32   0x00000002   PAD
    0x08002b34   0x08002b34   0x00000048   Code   RO         4823    i._timer_thread_entry  timer.o
    0x08002b7c   0x08002b7c   0x0000004c   Code   RO           50    i.app_init          app.o
    0x08002bc8   0x08002bc8   0x000000fc   Code   RO         4948    i.bus_fault_track   cpuport.o
    0x08002cc4   0x08002cc4   0x00000014   Code   RO         5007    i.clear             cmd.o
    0x08002cd8   0x08002cd8   0x00000080   Code   RO         5093    i.cmd_free          msh.o
    0x08002d58   0x08002d58   0x00000130   Code   RO         5008    i.cmd_list          cmd.o
    0x08002e88   0x08002e88   0x0000000e   Code   RO         5094    i.cmd_ps            msh.o
    0x08002e96   0x08002e96   0x00000026   Code   RO          392    i.delay_us          soft_i2c.o
    0x08002ebc   0x08002ebc   0x0000005c   Code   RO         5192    i.finsh_get_prompt  shell.o
    0x08002f18   0x08002f18   0x00000008   Code   RO         5194    i.finsh_getchar     shell.o
    0x08002f20   0x08002f20   0x0000001c   Code   RO         5197    i.finsh_set_prompt_mode  shell.o
    0x08002f3c   0x08002f3c   0x00000014   Code   RO         5198    i.finsh_system_function_init  shell.o
    0x08002f50   0x08002f50   0x0000009c   Code   RO         5199    i.finsh_system_init  shell.o
    0x08002fec   0x08002fec   0x000003c4   Code   RO         5200    i.finsh_thread_entry  shell.o
    0x080033b0   0x080033b0   0x00000080   Code   RO         4949    i.hard_fault_track  cpuport.o
    0x08003430   0x08003430   0x0000002a   Code   RO         5009    i.list_find_init    cmd.o
    0x0800345a   0x0800345a   0x00000088   Code   RO         5010    i.list_get_next     cmd.o
    0x080034e2   0x080034e2   0x00000002   PAD
    0x080034e4   0x080034e4   0x0000015c   Code   RO         5011    i.list_mailbox      cmd.o
    0x08003640   0x08003640   0x00000138   Code   RO         5012    i.list_sem          cmd.o
    0x08003778   0x08003778   0x000001ec   Code   RO         5013    i.list_thread       cmd.o
    0x08003964   0x08003964   0x000001a8   Code   RO         5014    i.list_timer        cmd.o
    0x08003b0c   0x08003b0c   0x0000035c   Code   RO         5273    i.log               m_ws.l(log.o)
    0x08003e68   0x08003e68   0x00000010   Code   RO            1    i.main              main.o
    0x08003e78   0x08003e78   0x0000000e   Code   RO         3944    i.main_thread_entry  components.o
    0x08003e86   0x08003e86   0x00000002   PAD
    0x08003e88   0x08003e88   0x000000e8   Code   RO         4950    i.mem_manage_fault_track  cpuport.o
    0x08003f70   0x08003f70   0x00000084   Code   RO         5095    i.msh_auto_complete  msh.o
    0x08003ff4   0x08003ff4   0x0000006c   Code   RO         5096    i.msh_exec          msh.o
    0x08004060   0x08004060   0x00000040   Code   RO         5097    i.msh_get_cmd       msh.o
    0x080040a0   0x080040a0   0x00000064   Code   RO         5098    i.msh_help          msh.o
    0x08004104   0x08004104   0x000000f0   Code   RO         5099    i.msh_split         msh.o
    0x080041f4   0x080041f4   0x0000001c   Code   RO         5015    i.object_split      cmd.o
    0x08004210   0x08004210   0x00000066   Code   RO         4484    i.plug_holes        mem.o
    0x08004276   0x08004276   0x00000002   PAD
    0x08004278   0x08004278   0x00000198   Code   RO         4246    i.print_number      kservice.o
    0x08004410   0x08004410   0x00000030   Code   RO         3945    i.rt_application_init  components.o
    0x08004440   0x08004440   0x00000022   Code   RO         4247    i.rt_calloc         kservice.o
    0x08004462   0x08004462   0x00000002   PAD
    0x08004464   0x08004464   0x0000001c   Code   RO         3946    i.rt_components_board_init  components.o
    0x08004480   0x08004480   0x0000001c   Code   RO         3947    i.rt_components_init  components.o
    0x0800449c   0x0800449c   0x0000003e   Code   RO         4023    i.rt_defunct_execute  idle.o
    0x080044da   0x080044da   0x00000002   PAD
    0x080044dc   0x080044dc   0x00000020   Code   RO         4620    i.rt_enter_critical  scheduler.o
    0x080044fc   0x080044fc   0x00000044   Code   RO         4621    i.rt_exit_critical  scheduler.o
    0x08004540   0x08004540   0x0000001e   Code   RO         4248    i.rt_free           kservice.o
    0x0800455e   0x0800455e   0x00000002   PAD
    0x08004560   0x08004560   0x00000008   Code   RO          202    i.rt_heap_begin_get  board.o
    0x08004568   0x08004568   0x00000008   Code   RO          203    i.rt_heap_end_get   board.o
    0x08004570   0x08004570   0x0000001e   Code   RO          204    i.rt_hw_board_init  board.o
    0x0800458e   0x0800458e   0x00000002   PAD
    0x08004590   0x08004590   0x00000060   Code   RO          205    i.rt_hw_console_getchar  board.o
    0x080045f0   0x080045f0   0x00000048   Code   RO          206    i.rt_hw_console_output  board.o
    0x08004638   0x08004638   0x00000208   Code   RO         4954    i.rt_hw_hard_fault_exception  cpuport.o
    0x08004840   0x08004840   0x0000004c   Code   RO         4955    i.rt_hw_stack_init  cpuport.o
    0x0800488c   0x0800488c   0x00000020   Code   RO         4215    i.rt_interrupt_enter  irq.o
    0x080048ac   0x080048ac   0x00000020   Code   RO         4217    i.rt_interrupt_leave  irq.o
    0x080048cc   0x080048cc   0x00000034   Code   RO         4253    i.rt_kprintf        kservice.o
    0x08004900   0x08004900   0x00000006   Code   RO         4073    i.rt_list_init      ipc.o
    0x08004906   0x08004906   0x00000006   Code   RO         4824    i.rt_list_init      timer.o
    0x0800490c   0x0800490c   0x0000000e   Code   RO         4537    i.rt_list_insert_after  object.o
    0x0800491a   0x0800491a   0x0000000e   Code   RO         4825    i.rt_list_insert_after  timer.o
    0x08004928   0x08004928   0x0000000e   Code   RO         4074    i.rt_list_insert_before  ipc.o
    0x08004936   0x08004936   0x00000010   Code   RO         4075    i.rt_list_isempty   ipc.o
    0x08004946   0x08004946   0x00000010   Code   RO         4826    i.rt_list_isempty   timer.o
    0x08004956   0x08004956   0x00000010   Code   RO         5016    i.rt_list_isempty   cmd.o
    0x08004966   0x08004966   0x00000014   Code   RO         5017    i.rt_list_len       cmd.o
    0x0800497a   0x0800497a   0x00000012   Code   RO         4538    i.rt_list_remove    object.o
    0x0800498c   0x0800498c   0x00000012   Code   RO         4700    i.rt_list_remove    thread.o
    0x0800499e   0x0800499e   0x00000012   Code   RO         4827    i.rt_list_remove    timer.o
    0x080049b0   0x080049b0   0x00000024   Code   RO         4255    i.rt_malloc         kservice.o
    0x080049d4   0x080049d4   0x0000007c   Code   RO         4258    i.rt_memcpy         kservice.o
    0x08004a50   0x08004a50   0x00000042   Code   RO         4259    i.rt_memmove        kservice.o
    0x08004a92   0x08004a92   0x00000002   PAD
    0x08004a94   0x08004a94   0x00000044   Code   RO         4260    i.rt_memory_info    kservice.o
    0x08004ad8   0x08004ad8   0x00000048   Code   RO         4261    i.rt_memset         kservice.o
    0x08004b20   0x08004b20   0x00000054   Code   RO         4539    i.rt_object_allocate  object.o
    0x08004b74   0x08004b74   0x00000024   Code   RO         4540    i.rt_object_delete  object.o
    0x08004b98   0x08004b98   0x0000001e   Code   RO         4541    i.rt_object_detach  object.o
    0x08004bb6   0x08004bb6   0x00000002   PAD
    0x08004bb8   0x08004bb8   0x00000028   Code   RO         4543    i.rt_object_get_information  object.o
    0x08004be0   0x08004be0   0x00000056   Code   RO         4547    i.rt_object_init    object.o
    0x08004c36   0x08004c36   0x00000012   Code   RO         4548    i.rt_object_is_systemobject  object.o
    0x08004c48   0x08004c48   0x00000010   Code   RO          207    i.rt_os_tick_callback  board.o
    0x08004c58   0x08004c58   0x0000011c   Code   RO         4622    i.rt_schedule       scheduler.o
    0x08004d74   0x08004d74   0x0000009c   Code   RO         4623    i.rt_schedule_insert_thread  scheduler.o
    0x08004e10   0x08004e10   0x00000054   Code   RO         4624    i.rt_schedule_remove_thread  scheduler.o
    0x08004e64   0x08004e64   0x0000002a   Code   RO         4086    i.rt_sem_create     ipc.o
    0x08004e8e   0x08004e8e   0x00000026   Code   RO         4089    i.rt_sem_init       ipc.o
    0x08004eb4   0x08004eb4   0x00000052   Code   RO         4090    i.rt_sem_release    ipc.o
    0x08004f06   0x08004f06   0x00000074   Code   RO         4091    i.rt_sem_take       ipc.o
    0x08004f7a   0x08004f7a   0x00000002   PAD
    0x08004f7c   0x08004f7c   0x000000c4   Code   RO         4264    i.rt_show_version   kservice.o
    0x08005040   0x08005040   0x00000114   Code   RO         4485    i.rt_smem_alloc     mem.o
    0x08005154   0x08005154   0x0000003a   Code   RO         4487    i.rt_smem_free      mem.o
    0x0800518e   0x0800518e   0x00000002   PAD
    0x08005190   0x08005190   0x000000f0   Code   RO         4488    i.rt_smem_init      mem.o
    0x08005280   0x08005280   0x000000bc   Code   RO         4828    i.rt_soft_timer_check  timer.o
    0x0800533c   0x0800533c   0x00000022   Code   RO         4266    i.rt_sprintf        kservice.o
    0x0800535e   0x0800535e   0x00000002   PAD
    0x08005360   0x08005360   0x00000020   Code   RO         4271    i.rt_strerror       kservice.o
    0x08005380   0x08005380   0x00000034   Code   RO         4274    i.rt_strncpy        kservice.o
    0x080053b4   0x080053b4   0x00000034   Code   RO         4277    i.rt_system_heap_init  kservice.o
    0x080053e8   0x080053e8   0x00000034   Code   RO         4625    i.rt_system_scheduler_init  scheduler.o
    0x0800541c   0x0800541c   0x00000028   Code   RO         4626    i.rt_system_scheduler_start  scheduler.o
    0x08005444   0x08005444   0x0000001c   Code   RO         4829    i.rt_system_timer_init  timer.o
    0x08005460   0x08005460   0x00000054   Code   RO         4830    i.rt_system_timer_thread_init  timer.o
    0x080054b4   0x080054b4   0x00000050   Code   RO         4702    i.rt_thread_create  thread.o
    0x08005504   0x08005504   0x0000003c   Code   RO         4024    i.rt_thread_defunct_dequeue  idle.o
    0x08005540   0x08005540   0x0000001c   Code   RO         4025    i.rt_thread_defunct_enqueue  idle.o
    0x0800555c   0x0800555c   0x0000000c   Code   RO         4703    i.rt_thread_delay   thread.o
    0x08005568   0x08005568   0x00000008   Code   RO         4026    i.rt_thread_idle_entry  idle.o
    0x08005570   0x08005570   0x00000068   Code   RO         4028    i.rt_thread_idle_init  idle.o
    0x080055d8   0x080055d8   0x00000034   Code   RO         4708    i.rt_thread_init    thread.o
    0x0800560c   0x0800560c   0x00000014   Code   RO         4709    i.rt_thread_mdelay  thread.o
    0x08005620   0x08005620   0x0000003c   Code   RO         4710    i.rt_thread_resume  thread.o
    0x0800565c   0x0800565c   0x0000000c   Code   RO         4711    i.rt_thread_self    thread.o
    0x08005668   0x08005668   0x00000044   Code   RO         4712    i.rt_thread_sleep   thread.o
    0x080056ac   0x080056ac   0x00000028   Code   RO         4713    i.rt_thread_startup  thread.o
    0x080056d4   0x080056d4   0x00000048   Code   RO         4714    i.rt_thread_suspend  thread.o
    0x0800571c   0x0800571c   0x00000038   Code   RO         3905    i.rt_tick_from_millisecond  clock.o
    0x08005754   0x08005754   0x0000000c   Code   RO         3906    i.rt_tick_get       clock.o
    0x08005760   0x08005760   0x00000050   Code   RO         3908    i.rt_tick_increase  clock.o
    0x080057b0   0x080057b0   0x000000a4   Code   RO         4831    i.rt_timer_check    timer.o
    0x08005854   0x08005854   0x00000068   Code   RO         4832    i.rt_timer_control  timer.o
    0x080058bc   0x080058bc   0x00000028   Code   RO         4835    i.rt_timer_detach   timer.o
    0x080058e4   0x080058e4   0x0000002e   Code   RO         4836    i.rt_timer_init     timer.o
    0x08005912   0x08005912   0x00000002   PAD
    0x08005914   0x08005914   0x00000138   Code   RO         4838    i.rt_timer_start    timer.o
    0x08005a4c   0x08005a4c   0x00000030   Code   RO         4839    i.rt_timer_stop     timer.o
    0x08005a7c   0x08005a7c   0x00000340   Code   RO         4278    i.rt_vsnprintf      kservice.o
    0x08005dbc   0x08005dbc   0x00000016   Code   RO         4279    i.rt_vsprintf       kservice.o
    0x08005dd2   0x08005dd2   0x00000004   Code   RO         3948    i.rti_board_end     components.o
    0x08005dd6   0x08005dd6   0x00000004   Code   RO         3949    i.rti_board_start   components.o
    0x08005dda   0x08005dda   0x00000004   Code   RO         3950    i.rti_end           components.o
    0x08005dde   0x08005dde   0x00000004   Code   RO         3951    i.rti_start         components.o
    0x08005de2   0x08005de2   0x0000002a   Code   RO         3952    i.rtthread_startup  components.o
    0x08005e0c   0x08005e0c   0x00000030   Code   RO         5201    i.shell_auto_complete  shell.o
    0x08005e3c   0x08005e3c   0x00000030   Code   RO           55    i.shell_test        app.o
    0x08005e6c   0x08005e6c   0x00000038   Code   RO         5018    i.show_wait_queue   cmd.o
    0x08005ea4   0x08005ea4   0x00000026   Code   RO         4280    i.skip_atoi         kservice.o
    0x08005eca   0x08005eca   0x00000020   Code   RO         5100    i.str_common        msh.o
    0x08005eea   0x08005eea   0x00000002   PAD
    0x08005eec   0x08005eec   0x00000074   Code   RO          267    i.tim_tick_init     delay.o
    0x08005f60   0x08005f60   0x0000000a   Code   RO          208    i.uart_init         board.o
    0x08005f6a   0x08005f6a   0x00000002   PAD
    0x08005f6c   0x08005f6c   0x000000e8   Code   RO         4956    i.usage_fault_track  cpuport.o
    0x08006054   0x08006054   0x0000000a   Code   RO         5019    i.version           cmd.o
    0x0800605e   0x0800605e   0x00000122   Data   RO         4282    .constdata          kservice.o
    0x08006180   0x08006180   0x00000038   Data   RO         5274    .constdata          m_ws.l(log.o)
    0x080061b8   0x080061b8   0x00000081   Data   RO         5288    .constdata          mc_w.l(ctype_o.o)
    0x08006239   0x08006239   0x00000003   PAD
    0x0800623c   0x0800623c   0x00000004   Data   RO         5289    .constdata          mc_w.l(ctype_o.o)
    0x08006240   0x08006240   0x00000008   Data   RO         5385    .constdata          m_ws.l(qnan.o)
    0x08006248   0x08006248   0x00000058   Data   RO         4283    .conststring        kservice.o
    0x080062a0   0x080062a0   0x00000044   Data   RO         5020    .conststring        cmd.o
    0x080062e4   0x080062e4   0x00000023   Data   RO           57    .rodata.name        app.o
    0x08006307   0x08006307   0x000000dc   Data   RO         5021    .rodata.name        cmd.o
    0x080063e3   0x080063e3   0x00000064   Data   RO         5101    .rodata.name        msh.o
    0x08006447   0x08006447   0x00000001   PAD
    0x08006448   0x08006448   0x00000004   Data   RO         3953    .rti_fn.0           components.o
    0x0800644c   0x0800644c   0x00000004   Data   RO         3954    .rti_fn.0.end       components.o
    0x08006450   0x08006450   0x00000004   Data   RO          210    .rti_fn.1           board.o
    0x08006454   0x08006454   0x00000004   Data   RO         3955    .rti_fn.1.end       components.o
    0x08006458   0x08006458   0x00000004   Data   RO         5204    .rti_fn.6           shell.o
    0x0800645c   0x0800645c   0x00000004   Data   RO         3956    .rti_fn.6.end       components.o
    0x08006460   0x08006460   0x0000000c   Data   RO           58    FSymTab             app.o
    0x0800646c   0x0800646c   0x00000054   Data   RO         5022    FSymTab             cmd.o
    0x080064c0   0x080064c0   0x00000024   Data   RO         5102    FSymTab             msh.o
    0x080064e4   0x080064e4   0x00000020   Data   RO         5430    Region$$Table       anon$$obj.o


    Execution Region RW_IRAM1 (Exec base: 0x20000000, Load base: 0x08006504, Size: 0x00004990, Max: 0x00005000, ABSOLUTE, COMPRESSED[0x00000094])

    Exec Addr    Load Addr    Size         Type   Attr      Idx    E Section Name        Object

    0x20000000   COMPRESSED   0x00000008   Data   RW           56    .data               app.o
    0x20000008   COMPRESSED   0x0000000c   Data   RW          268    .data               delay.o
    0x20000014   COMPRESSED   0x00000008   Data   RW          326    .data               usart.o
    0x2000001c   COMPRESSED   0x00000024   Data   RW          393    .data               soft_i2c.o
    0x20000040   COMPRESSED   0x0000000f   Data   RW          533    .data               bq769.o
    0x2000004f   COMPRESSED   0x00000001   PAD
    0x20000050   COMPRESSED   0x0000000d   Data   RW          766    .data               bms_monitor.o
    0x2000005d   COMPRESSED   0x00000014   Data   RW         2422    .data               stm32f10x_rcc.o
    0x20000071   COMPRESSED   0x00000003   PAD
    0x20000074   COMPRESSED   0x00000004   Data   RW         3910    .data               clock.o
    0x20000078   COMPRESSED   0x00000008   Data   RW         4030    .data               idle.o
    0x20000080   COMPRESSED   0x00000001   Data   RW         4218    .data               irq.o
    0x20000081   COMPRESSED   0x00000003   PAD
    0x20000084   COMPRESSED   0x00000038   Data   RW         4284    .data               kservice.o
    0x200000bc   COMPRESSED   0x00000050   Data   RW         4549    .data               object.o
    0x2000010c   COMPRESSED   0x0000000d   Data   RW         4628    .data               scheduler.o
    0x20000119   COMPRESSED   0x00000003   PAD
    0x2000011c   COMPRESSED   0x00000018   Data   RW         4841    .data               timer.o
    0x20000134   COMPRESSED   0x00000010   Data   RW         4957    .data               cpuport.o
    0x20000144   COMPRESSED   0x00000010   Data   RW         5203    .data               shell.o
    0x20000154   COMPRESSED   0x00000004   Data   RW         5409    .data               mc_w.l(errno.o)
    0x20000158        -       0x00003c00   Zero   RW          209    .bss                board.o
    0x20003d58        -       0x00000080   Zero   RW          325    .bss                usart.o
    0x20003dd8        -       0x00000078   Zero   RW          532    .bss                bq769.o
    0x20003e50        -       0x0000004c   Zero   RW          765    .bss                bms_monitor.o
    0x20003e9c        -       0x00000178   Zero   RW         4029    .bss                idle.o
    0x20004014        -       0x00000100   Zero   RW         4281    .bss                kservice.o
    0x20004114        -       0x00000100   Zero   RW         4627    .bss                scheduler.o
    0x20004214        -       0x00000278   Zero   RW         4840    .bss                timer.o
    0x2000448c        -       0x00000101   Zero   RW         5202    .bss                shell.o
    0x2000458d   COMPRESSED   0x00000003   PAD
    0x20004590        -       0x00000400   Zero   RW         3803    STACK               startup_stm32f10x_md.o


==============================================================================

Image component sizes


      Code (inc. data)   RO Data    RW Data    ZI Data      Debug   Object Name

       124          4         47          8          0     263493   app.o
       624        116          0         13         76       3232   bms_monitor.o
       240         30          4          0      15360       4236   board.o
      2658        272          0         15        120      21210   bq769.o
       148         12          0          4          0       2180   clock.o
      2208        832        372          0          0      13933   cmd.o
       186         30         16          0          0       5684   components.o
       252         28          0          0          0        780   context_rvds.o
         0          0          0          0          0         32   core_cm3.o
      1440        724          0         16          0       5430   cpuport.o
       188         18          0         12          0       1842   delay.o
       262         30          0          8        376       6294   idle.o
       460          0          0          0          0       9129   ipc.o
        64         12          0          1          0       1750   irq.o
      2244        208        378         56        256      16095   kservice.o
        16          0          0          0          0      12477   main.o
       676         68          0          0          0       4590   mem.o
       132         22          0          0          0       1575   misc.o
       926        198        136          0          0       8656   msh.o
       326          4          0         80          0       8536   object.o
       756         84          0         13        256       8980   scheduler.o
      1316        146          4         16        257       6850   shell.o
      1316         62          0         36          0      14658   soft_i2c.o
        36          8        236          0       1024        804   startup_stm32f10x_md.o
        52         12          0          0          0       1080   stm32f10x_exti.o
       310          0          0          0          0       3691   stm32f10x_gpio.o
        16          0          0          0          0       2193   stm32f10x_it.o
       276         32          0         20          0       4426   stm32f10x_rcc.o
       252         42          0          0          0       4018   stm32f10x_tim.o
       442          6          0          0          0       6077   stm32f10x_usart.o
       328         28          0          0          0       2041   system_stm32f10x.o
       658         14          0          0          0      10787   thread.o
      1290         74          0         24        632      13866   timer.o
       384         46          0          8        128       2856   usart.o

    ----------------------------------------------------------------------
     20646       3162       1226        340      18488     473481   Object Totals
         0          0         32          0          0          0   (incl. Generated)
        40          0          1         10          3          0   (incl. Padding)

    ----------------------------------------------------------------------

      Code (inc. data)   RO Data    RW Data    ZI Data      Debug   Library Member Name

        34          4          0          0          0        204   dunder.o
       860         52         56          0          0        256   log.o
       170          0          0          0          0         96   poly.o
         0          0          8          0          0          0   qnan.o
        86          0          0          0          0          0   __dczerorl2.o
        28          0          0          0          0         68   _chval.o
       158          0          0          0          0         92   _strtoul.o
        26          0          0          0          0         80   atoi.o
         8          4        133          0          0         68   ctype_o.o
         0          0          0          0          0          0   entry.o
         0          0          0          0          0          0   entry10a.o
         0          0          0          0          0          0   entry11a.o
         8          4          0          0          0          0   entry2.o
         4          0          0          0          0          0   entry5.o
         0          0          0          0          0          0   entry7b.o
         0          0          0          0          0          0   entry8b.o
         8          4          0          0          0          0   entry9a.o
        20         10          0          4          0        136   errno.o
        30          0          0          0          0          0   handlers.o
        36          8          0          0          0         68   init.o
         0          0          0          0          0          0   iusefp.o
        30          0          0          0          0         68   llshl.o
        36          0          0          0          0         68   llsshr.o
        32          0          0          0          0         68   llushr.o
        36          0          0          0          0         68   memcpya.o
        36          0          0          0          0        108   memseta.o
        24          0          0          0          0         68   strcat.o
        28          0          0          0          0         76   strcmp.o
        18          0          0          0          0         68   strcpy.o
        14          0          0          0          0         68   strlen.o
        30          0          0          0          0         80   strncmp.o
        24          0          0          0          0         76   strncpy.o
       112          0          0          0          0         88   strtol.o
        48          0          0          0          0         68   cdcmple.o
        20          0          0          0          0         68   cfcmple.o
        20          0          0          0          0         68   cfrcmple.o
        56          0          0          0          0         88   d2f.o
       334          0          0          0          0        148   dadd.o
       222          0          0          0          0        100   ddiv.o
       186          0          0          0          0        176   depilogue.o
        34          0          0          0          0         76   dflti.o
        26          0          0          0          0         76   dfltui.o
       228          0          0          0          0         96   dmul.o
        46          0          0          0          0         80   dscalb.o
        38          0          0          0          0         68   f2d.o
       176          0          0          0          0        140   fadd.o
       124          0          0          0          0         88   fdiv.o
       110          0          0          0          0        168   fepilogue.o
        50          0          0          0          0         68   ffixi.o
        40          0          0          0          0         68   ffixui.o
        18          0          0          0          0         68   fflti.o
        10          0          0          0          0         68   ffltui.o
       100          0          0          0          0         76   fmul.o

    ----------------------------------------------------------------------
      3788         86        200          4          0       3828   Library Totals
         6          0          3          0          0          0   (incl. Padding)

    ----------------------------------------------------------------------

      Code (inc. data)   RO Data    RW Data    ZI Data      Debug   Library Name

      1064         56         64          0          0        556   m_ws.l
       832         30        133          4          0       1416   mc_w.l
      1886          0          0          0          0       1856   mf_w.l

    ----------------------------------------------------------------------
      3788         86        200          4          0       3828   Library Totals

    ----------------------------------------------------------------------

==============================================================================


      Code (inc. data)   RO Data    RW Data    ZI Data      Debug   

     24434       3248       1426        344      18488     463657   Grand Totals
     24434       3248       1426        148      18488     463657   ELF Image Totals (compressed)
     24434       3248       1426        148          0          0   ROM Totals

==============================================================================

    Total RO  Size (Code + RO Data)                25860 (  25.25kB)
    Total RW  Size (RW Data + ZI Data)             18832 (  18.39kB)
    Total ROM Size (Code + RO Data + RW Data)      26008 (  25.40kB)

==============================================================================

