Component: ARM Compiler 5.06 update 6 (build 750) Tool: armlink [4d35ed]

==============================================================================

Section Cross References

    main.o(i.main) refers to app.o(i.app_init) for app_init
    main.o(i.main) refers to thread.o(i.rt_thread_delay) for rt_thread_delay
    app.o(i.app_init) refers to stm32f10x_rcc.o(i.RCC_APB2PeriphClockCmd) for RCC_APB2PeriphClockCmd
    app.o(i.app_init) refers to stm32f10x_gpio.o(i.GPIO_PinRemapConfig) for GPIO_PinRemapConfig
    app.o(i.app_init) refers to soft_i2c.o(i.I2C_BusInitialize) for I2C_BusInitialize
    app.o(i.app_init) refers to ipc.o(i.rt_mutex_create) for rt_mutex_create
    app.o(i.app_init) refers to kservice.o(i.rt_kprintf) for rt_kprintf
    app.o(i.app_init) refers to bq769.o(i.BQ769X0_Initialize) for BQ769X0_Initialize
    app.o(i.app_init) refers to bms_monitor.o(i.BMS_MonitorInit) for BMS_MonitorInit
    app.o(i.app_init) refers to bms_protect.o(i.BMS_ProtectInit) for BMS_ProtectInit
    app.o(i.app_init) refers to bms_analysis.o(i.BMS_AnalysisInit) for BMS_AnalysisInit
    app.o(i.app_init) refers to bms_info.o(i.BMS_InfoInit) for BMS_InfoInit
    app.o(i.app_init) refers to bms_balance.o(i.BMS_BalanceInit) for BMS_BalanceInit
    app.o(i.app_init) refers to bms_protect.o(i.BMS_ProtectHwOCD) for BMS_ProtectHwOCD
    app.o(i.app_init) refers to bms_protect.o(i.BMS_ProtectHwSCD) for BMS_ProtectHwSCD
    app.o(i.app_init) refers to bms_protect.o(i.BMS_ProtectHwOV) for BMS_ProtectHwOV
    app.o(i.app_init) refers to bms_protect.o(i.BMS_ProtectHwUV) for BMS_ProtectHwUV
    app.o(i.app_init) refers to bms_protect.o(i.BMS_ProtectHwDevice) for BMS_ProtectHwDevice
    app.o(i.app_init) refers to bms_protect.o(i.BMS_ProtectHwOvrd) for BMS_ProtectHwOvrd
    app.o(i.app_init) refers to app.o(.data) for i2c_mutex
    app.o(i.led_gpio_init) refers to stm32f10x_rcc.o(i.RCC_APB2PeriphClockCmd) for RCC_APB2PeriphClockCmd
    app.o(i.led_gpio_init) refers to stm32f10x_gpio.o(i.GPIO_SetBits) for GPIO_SetBits
    app.o(i.led_gpio_init) refers to stm32f10x_gpio.o(i.GPIO_Init) for GPIO_Init
    app.o(i.led_init) refers to app.o(i.led_gpio_init) for led_gpio_init
    app.o(i.led_init) refers to thread.o(i.rt_thread_create) for rt_thread_create
    app.o(i.led_init) refers to thread.o(i.rt_thread_startup) for rt_thread_startup
    app.o(i.led_init) refers to app.o(i.led_task) for led_task
    app.o(i.led_init) refers to app.o(.data) for led_thread
    app.o(i.led_task) refers to app.o(i.led_toggle) for led_toggle
    app.o(i.led_task) refers to thread.o(i.rt_thread_delay) for rt_thread_delay
    app.o(i.led_task) refers to app.o(.data) for led_time
    app.o(i.shell_test) refers to atoi.o(.text) for atoi
    app.o(i.shell_test) refers to app.o(.data) for led_time
    app.o(FSymTab) refers to app.o(.rodata.name) for __fsym_shell_test_name
    app.o(FSymTab) refers to app.o(i.shell_test) for shell_test
    board.o(i.rt_heap_begin_get) refers to board.o(.bss) for rt_heap
    board.o(i.rt_heap_end_get) refers to board.o(.bss) for rt_heap
    board.o(i.rt_hw_board_init) refers to delay.o(i.tim_tick_init) for tim_tick_init
    board.o(i.rt_hw_board_init) refers to board.o(i.rt_heap_end_get) for rt_heap_end_get
    board.o(i.rt_hw_board_init) refers to board.o(i.rt_heap_begin_get) for rt_heap_begin_get
    board.o(i.rt_hw_board_init) refers to kservice.o(i.rt_system_heap_init) for rt_system_heap_init
    board.o(i.rt_hw_board_init) refers to components.o(i.rt_components_board_init) for rt_components_board_init
    board.o(i.rt_hw_console_getchar) refers to ipc.o(i.rt_sem_take) for rt_sem_take
    board.o(i.rt_hw_console_getchar) refers to context_rvds.o(.text) for rt_hw_interrupt_disable
    board.o(i.rt_hw_console_getchar) refers to usart.o(.data) for uart_rx_sem
    board.o(i.rt_hw_console_getchar) refers to usart.o(.bss) for rx_buf
    board.o(i.rt_hw_console_output) refers to stm32f10x_usart.o(i.USART_SendData) for USART_SendData
    board.o(i.rt_hw_console_output) refers to stm32f10x_usart.o(i.USART_GetFlagStatus) for USART_GetFlagStatus
    board.o(i.rt_os_tick_callback) refers to irq.o(i.rt_interrupt_enter) for rt_interrupt_enter
    board.o(i.rt_os_tick_callback) refers to clock.o(i.rt_tick_increase) for rt_tick_increase
    board.o(i.rt_os_tick_callback) refers to irq.o(i.rt_interrupt_leave) for rt_interrupt_leave
    board.o(i.uart_init) refers to usart.o(i.USART1_Init) for USART1_Init
    board.o(.rti_fn.1) refers to board.o(i.uart_init) for uart_init
    delay.o(i.TIM3_IRQHandler) refers to stm32f10x_tim.o(i.TIM_GetITStatus) for TIM_GetITStatus
    delay.o(i.TIM3_IRQHandler) refers to stm32f10x_tim.o(i.TIM_ClearITPendingBit) for TIM_ClearITPendingBit
    delay.o(i.TIM3_IRQHandler) refers to board.o(i.rt_os_tick_callback) for rt_os_tick_callback
    delay.o(i.TIM3_IRQHandler) refers to delay.o(.data) for tim_tick_count
    delay.o(i.function_address_passing) refers to delay.o(.data) for periodic_callback
[...]
    __aeabi_memcpy4                          0x0800028d   Thumb Code     0  memcpya.o(.text)
    __aeabi_memcpy8                          0x0800028d   Thumb Code     0  memcpya.o(.text)
    __aeabi_memset                           0x080002b1   Thumb Code    14  memseta.o(.text)
    __aeabi_memset4                          0x080002b1   Thumb Code     0  memseta.o(.text)
    __aeabi_memset8                          0x080002b1   Thumb Code     0  memseta.o(.text)
    __aeabi_memclr                           0x080002bf   Thumb Code     4  memseta.o(.text)
    __aeabi_memclr4                          0x080002bf   Thumb Code     0  memseta.o(.text)
    __aeabi_memclr8                          0x080002bf   Thumb Code     0  memseta.o(.text)
    _memset$wrapper                          0x080002c3   Thumb Code    18  memseta.o(.text)
    strcat                                   0x080002d5   Thumb Code    24  strcat.o(.text)
    strncpy                                  0x080002ed   Thumb Code    24  strncpy.o(.text)
    strlen                                   0x08000305   Thumb Code    14  strlen.o(.text)
    strcmp                                   0x08000313   Thumb Code    28  strcmp.o(.text)
    strcpy                                   0x0800032f   Thumb Code    18  strcpy.o(.text)
    strncmp                                  0x08000341   Thumb Code    30  strncmp.o(.text)
    atoi                                     0x0800035f   Thumb Code    26  atoi.o(.text)
    __aeabi_fadd                             0x08000379   Thumb Code   164  fadd.o(.text)
    __aeabi_fsub                             0x0800041d   Thumb Code     6  fadd.o(.text)
    __aeabi_frsub                            0x08000423   Thumb Code     6  fadd.o(.text)
    __aeabi_fmul                             0x08000429   Thumb Code   100  fmul.o(.text)
    __aeabi_fdiv                             0x0800048d   Thumb Code   124  fdiv.o(.text)
    __aeabi_dadd                             0x08000509   Thumb Code   322  dadd.o(.text)
    __aeabi_dsub                             0x0800064b   Thumb Code     6  dadd.o(.text)
    __aeabi_drsub                            0x08000651   Thumb Code     6  dadd.o(.text)
    __aeabi_dmul                             0x08000657   Thumb Code   228  dmul.o(.text)
    __aeabi_ddiv                             0x0800073b   Thumb Code   222  ddiv.o(.text)
    __aeabi_i2f                              0x08000819   Thumb Code    18  fflti.o(.text)
    __aeabi_ui2f                             0x0800082b   Thumb Code    10  ffltui.o(.text)
    __aeabi_i2d                              0x08000835   Thumb Code    34  dflti.o(.text)
    __aeabi_ui2d                             0x08000857   Thumb Code    26  dfltui.o(.text)
    __aeabi_f2iz                             0x08000871   Thumb Code    50  ffixi.o(.text)
    __aeabi_f2uiz                            0x080008a3   Thumb Code    40  ffixui.o(.text)
    __aeabi_f2d                              0x080008cb   Thumb Code    38  f2d.o(.text)
    __aeabi_cdcmpeq                          0x080008f1   Thumb Code     0  cdcmple.o(.text)
    __aeabi_cdcmple                          0x080008f1   Thumb Code    48  cdcmple.o(.text)
    __aeabi_cdrcmple                         0x08000921   Thumb Code    48  cdrcmple.o(.text)
    __aeabi_d2f                              0x08000951   Thumb Code    56  d2f.o(.text)
    __aeabi_cfcmpeq                          0x08000989   Thumb Code     0  cfcmple.o(.text)
    __aeabi_cfcmple                          0x08000989   Thumb Code    20  cfcmple.o(.text)
    __aeabi_cfrcmple                         0x0800099d   Thumb Code    20  cfrcmple.o(.text)
    __aeabi_uidiv                            0x080009b1   Thumb Code     0  uidiv.o(.text)
    __aeabi_uidivmod                         0x080009b1   Thumb Code    44  uidiv.o(.text)
    __aeabi_llsl                             0x080009dd   Thumb Code    30  llshl.o(.text)
    _ll_shift_l                              0x080009dd   Thumb Code     0  llshl.o(.text)
    __aeabi_llsr                             0x080009fb   Thumb Code    32  llushr.o(.text)
    _ll_ushift_r                             0x080009fb   Thumb Code     0  llushr.o(.text)
    __aeabi_lasr                             0x08000a1b   Thumb Code    36  llsshr.o(.text)
    _ll_sshift_r                             0x08000a1b   Thumb Code     0  llsshr.o(.text)
    strtol                                   0x08000a3f   Thumb Code   112  strtol.o(.text)
    __I$use$fp                               0x08000aaf   Thumb Code     0  iusefp.o(.text)
    _float_round                             0x08000aaf   Thumb Code    18  fepilogue.o(.text)
    _float_epilogue                          0x08000ac1   Thumb Code    92  fepilogue.o(.text)
    _double_round                            0x08000b1d   Thumb Code    30  depilogue.o(.text)
    _double_epilogue                         0x08000b3b   Thumb Code   156  depilogue.o(.text)
    __ARM_scalbn                             0x08000bd7   Thumb Code    46  dscalb.o(.text)
    scalbn                                   0x08000bd7   Thumb Code     0  dscalb.o(.text)
    __aeabi_d2ulz                            0x08000c05   Thumb Code    48  dfixul.o(.text)
    __scatterload                            0x08000c35   Thumb Code    28  init.o(.text)
    __scatterload_rt2                        0x08000c35   Thumb Code     0  init.o(.text)
    _strtoul                                 0x08000c59   Thumb Code   158  _strtoul.o(.text)
    _chval                                   0x08000cf7   Thumb Code    28  _chval.o(.text)
    __decompress                             0x08000d13   Thumb Code     0  __dczerorl2.o(.text)
    __decompress1                            0x08000d13   Thumb Code    86  __dczerorl2.o(.text)
    main                                     0x08000d69   Thumb Code    10  components.o(i.$Sub$$main)
    BMS_AnalysisInit                         0x08000f7d   Thumb Code    80  bms_analysis.o(i.BMS_AnalysisInit)
    BMS_BalanceInit                          0x08001529   Thumb Code   150  bms_balance.o(i.BMS_BalanceInit)
    BMS_HalCtrlCellsBalance                  0x08001ba5   Thumb Code    36  bms_control.o(i.BMS_HalCtrlCellsBalance)
    BMS_HalCtrlCharge                        0x08001bcd   Thumb Code    34  bms_control.o(i.BMS_HalCtrlCharge)
    BMS_HalCtrlDischarge                     0x08001bf5   Thumb Code    34  bms_control.o(i.BMS_HalCtrlDischarge)
    BMS_HalUpdateCellCurrent                 0x08001c81   Thumb Code    28  bms_control.o(i.BMS_HalUpdateCellCurrent)
    BMS_HalUpdateCellTemperature             0x08001ca1   Thumb Code    28  bms_control.o(i.BMS_HalUpdateCellTemperature)
    BMS_HalUpdateCellVoltage                 0x08001cc1   Thumb Code    32  bms_control.o(i.BMS_HalUpdateCellVoltage)
    BMS_InfoControlPrintf                    0x08001ce5   Thumb Code    18  bms_info.o(i.BMS_InfoControlPrintf)
    BMS_InfoInit                             0x08001cfd   Thumb Code    84  bms_info.o(i.BMS_InfoInit)
    BMS_MonitorInit                          0x08002565   Thumb Code    80  bms_monitor.o(i.BMS_MonitorInit)
    BMS_ProtectHwDevice                      0x08002695   Thumb Code     2  bms_protect.o(i.BMS_ProtectHwDevice)
    BMS_ProtectHwOCD                         0x08002699   Thumb Code    60  bms_protect.o(i.BMS_ProtectHwOCD)
    BMS_ProtectHwOV                          0x0800270d   Thumb Code    60  bms_protect.o(i.BMS_ProtectHwOV)
    BMS_ProtectHwOvrd                        0x0800277d   Thumb Code     2  bms_protect.o(i.BMS_ProtectHwOvrd)
    BMS_ProtectHwSCD                         0x08002781   Thumb Code    60  bms_protect.o(i.BMS_ProtectHwSCD)
    BMS_ProtectHwUV                          0x080027f5   Thumb Code    60  bms_protect.o(i.BMS_ProtectHwUV)
    BMS_ProtectInit                          0x08002865   Thumb Code    80  bms_protect.o(i.BMS_ProtectInit)
    BQ769X0_CellBalanceControl               0x08002e85   Thumb Code   110  bq769.o(i.BQ769X0_CellBalanceControl)
    BQ769X0_ControlDSGOrCHG                  0x08002fe9   Thumb Code    42  bq769.o(i.BQ769X0_ControlDSGOrCHG)
    BQ769X0_EntryShip                        0x08003019   Thumb Code    28  bq769.o(i.BQ769X0_EntryShip)
    BQ769X0_GetADCGainOffset                 0x08003035   Thumb Code   170  bq769.o(i.BQ769X0_GetADCGainOffset)
    BQ769X0_Initialize                       0x080030f5   Thumb Code   232  bq769.o(i.BQ769X0_Initialize)
    BQ769X0_LoadDetect                       0x08003221   Thumb Code    40  bq769.o(i.BQ769X0_LoadDetect)
    BQ769X0_UpdateBatVolt                    0x0800369d   Thumb Code   130  bq769.o(i.BQ769X0_UpdateBatVolt)
    BQ769X0_UpdateCellVolt                   0x08003765   Thumb Code   140  bq769.o(i.BQ769X0_UpdateCellVolt)
    BQ769X0_UpdateCurrent                    0x08003835   Thumb Code   140  bq769.o(i.BQ769X0_UpdateCurrent)
    BQ769X0_UpdateTsTemp                     0x08003905   Thumb Code   236  bq769.o(i.BQ769X0_UpdateTsTemp)
    BQ769X0_Wakeup                           0x08003a3d   Thumb Code    50  bq769.o(i.BQ769X0_Wakeup)
    BubbleFloat                              0x08003cdf   Thumb Code    70  bms_utils.o(i.BubbleFloat)
    BubbleSort                               0x08003d25   Thumb Code    82  bms_utils.o(i.BubbleSort)
    BusFault_Handler                         0x08003d77   Thumb Code     4  stm32f10x_it.o(i.BusFault_Handler)
    DebugMon_Handler                         0x08003dbf   Thumb Code     2  stm32f10x_it.o(i.DebugMon_Handler)
    EXTI15_10_IRQHandler                     0x08003dc1   Thumb Code    26  bq769.o(i.EXTI15_10_IRQHandler)
    EXTI_ClearITPendingBit                   0x08003ddd   Thumb Code     6  stm32f10x_exti.o(i.EXTI_ClearITPendingBit)
    EXTI_GetITStatus                         0x08003de9   Thumb Code    34  stm32f10x_exti.o(i.EXTI_GetITStatus)
    EXTI_Init                                0x08003e11   Thumb Code   142  stm32f10x_exti.o(i.EXTI_Init)
    GPIO_EXTILineConfig                      0x08003eb5   Thumb Code    60  stm32f10x_gpio.o(i.GPIO_EXTILineConfig)
    GPIO_Init                                0x08003ef5   Thumb Code   278  stm32f10x_gpio.o(i.GPIO_Init)
    GPIO_PinRemapConfig                      0x0800400d   Thumb Code   138  stm32f10x_gpio.o(i.GPIO_PinRemapConfig)
    GPIO_ReadInputDataBit                    0x0800409d   Thumb Code    18  stm32f10x_gpio.o(i.GPIO_ReadInputDataBit)
    GPIO_SetBits                             0x080040af   Thumb Code     4  stm32f10x_gpio.o(i.GPIO_SetBits)
    GPIO_WriteBit                            0x080040b3   Thumb Code    10  stm32f10x_gpio.o(i.GPIO_WriteBit)
    I2C_BusInitialize                        0x0800420d   Thumb Code    12  soft_i2c.o(i.I2C_BusInitialize)
    I2C_TransferMessages                     0x080043f3   Thumb Code   182  soft_i2c.o(i.I2C_TransferMessages)
    MemManage_Handler                        0x0800452f   Thumb Code     4  stm32f10x_it.o(i.MemManage_Handler)
    NMI_Handler                              0x08004533   Thumb Code     2  stm32f10x_it.o(i.NMI_Handler)
    NVIC_Init                                0x08004535   Thumb Code   100  misc.o(i.NVIC_Init)
    NVIC_PriorityGroupConfig                 0x080045a5   Thumb Code    10  misc.o(i.NVIC_PriorityGroupConfig)
    RCC_APB1PeriphClockCmd                   0x080045b9   Thumb Code    26  stm32f10x_rcc.o(i.RCC_APB1PeriphClockCmd)
    RCC_APB2PeriphClockCmd                   0x080045d9   Thumb Code    26  stm32f10x_rcc.o(i.RCC_APB2PeriphClockCmd)
    RCC_GetClocksFreq                        0x080045f9   Thumb Code   192  stm32f10x_rcc.o(i.RCC_GetClocksFreq)
    SystemInit                               0x08004835   Thumb Code    78  system_stm32f10x.o(i.SystemInit)
    TIM3_IRQHandler                          0x08004895   Thumb Code    60  delay.o(i.TIM3_IRQHandler)
    TIM_ClearFlag                            0x080048dd   Thumb Code     6  stm32f10x_tim.o(i.TIM_ClearFlag)
    TIM_ClearITPendingBit                    0x080048e3   Thumb Code     6  stm32f10x_tim.o(i.TIM_ClearITPendingBit)
    TIM_Cmd                                  0x080048e9   Thumb Code    24  stm32f10x_tim.o(i.TIM_Cmd)
    TIM_GetITStatus                          0x08004901   Thumb Code    34  stm32f10x_tim.o(i.TIM_GetITStatus)
    TIM_ITConfig                             0x08004923   Thumb Code    18  stm32f10x_tim.o(i.TIM_ITConfig)
    TIM_TimeBaseInit                         0x08004935   Thumb Code   122  stm32f10x_tim.o(i.TIM_TimeBaseInit)
    USART1_IRQHandler                        0x08004b01   Thumb Code    94  usart.o(i.USART1_IRQHandler)
    USART1_Init                              0x08004b75   Thumb Code    32  usart.o(i.USART1_Init)
    USART_Cmd                                0x08004c15   Thumb Code    24  stm32f10x_usart.o(i.USART_Cmd)
    USART_GetFlagStatus                      0x08004c2d   Thumb Code    26  stm32f10x_usart.o(i.USART_GetFlagStatus)
    USART_GetITStatus                        0x08004c47   Thumb Code    84  stm32f10x_usart.o(i.USART_GetITStatus)
    USART_ITConfig                           0x08004c9b   Thumb Code    74  stm32f10x_usart.o(i.USART_ITConfig)
    USART_Init                               0x08004ce5   Thumb Code   210  stm32f10x_usart.o(i.USART_Init)
    USART_ReceiveData                        0x08004dbd   Thumb Code    10  stm32f10x_usart.o(i.USART_ReceiveData)
    USART_SendData                           0x08004dc7   Thumb Code     8  stm32f10x_usart.o(i.USART_SendData)
    UsageFault_Handler                       0x08004dcf   Thumb Code     4  stm32f10x_it.o(i.UsageFault_Handler)
    __0sprintf                               0x08004dd5   Thumb Code    34  printfa.o(i.__0sprintf)
    __1sprintf                               0x08004dd5   Thumb Code     0  printfa.o(i.__0sprintf)
    __2sprintf                               0x08004dd5   Thumb Code     0  printfa.o(i.__0sprintf)
    __c89sprintf                             0x08004dd5   Thumb Code     0  printfa.o(i.__0sprintf)
    sprintf                                  0x08004dd5   Thumb Code     0  printfa.o(i.__0sprintf)
    __aeabi_errno_addr                       0x08004dfd   Thumb Code     4  errno.o(i.__aeabi_errno_addr)
    __rt_errno_addr                          0x08004dfd   Thumb Code     0  errno.o(i.__aeabi_errno_addr)
    __kernel_poly                            0x08004e05   Thumb Code   170  poly.o(i.__kernel_poly)
    __mathlib_dbl_divzero                    0x08004eb1   Thumb Code    12  dunder.o(i.__mathlib_dbl_divzero)
    __mathlib_dbl_infnan                     0x08004ec1   Thumb Code     6  dunder.o(i.__mathlib_dbl_infnan)
    __mathlib_dbl_invalid                    0x08004ec7   Thumb Code    12  dunder.o(i.__mathlib_dbl_invalid)
    __rt_ffs                                 0x08004ed5   Thumb Code    70  kservice.o(i.__rt_ffs)
    __scatterload_copy                       0x08004f21   Thumb Code    14  handlers.o(i.__scatterload_copy)
    __scatterload_null                       0x08004f2f   Thumb Code     2  handlers.o(i.__scatterload_null)
    __scatterload_zeroinit                   0x08004f31   Thumb Code    14  handlers.o(i.__scatterload_zeroinit)
    __set_errno                              0x08004f41   Thumb Code     6  errno.o(i.__set_errno)
    app_init                                 0x08005c55   Thumb Code   196  app.o(i.app_init)
    cmd_free                                 0x08005e7d   Thumb Code    64  msh.o(i.cmd_free)
    cmd_list                                 0x08005efd   Thumb Code   144  cmd.o(i.cmd_list)
    cmd_ps                                   0x08006065   Thumb Code    14  msh.o(i.cmd_ps)
    finsh_get_prompt                         0x080060b9   Thumb Code    68  shell.o(i.finsh_get_prompt)
    finsh_getchar                            0x08006115   Thumb Code     8  shell.o(i.finsh_getchar)
    finsh_set_prompt_mode                    0x0800611d   Thumb Code    42  shell.o(i.finsh_set_prompt_mode)
    finsh_system_function_init               0x08006165   Thumb Code    10  shell.o(i.finsh_system_function_init)
    finsh_system_init                        0x08006179   Thumb Code    98  shell.o(i.finsh_system_init)
    finsh_thread_entry                       0x08006215   Thumb Code   930  shell.o(i.finsh_thread_entry)
    list_mailbox                             0x0800670d   Thumb Code   224  cmd.o(i.list_mailbox)
    list_mutex                               0x08006869   Thumb Code   168  cmd.o(i.list_mutex)
    list_sem                                 0x08006975   Thumb Code   216  cmd.o(i.list_sem)
    list_thread                              0x08006aad   Thumb Code   302  cmd.o(i.list_thread)
    list_timer                               0x08006c99   Thumb Code   212  cmd.o(i.list_timer)
    log                                      0x08006e41   Thumb Code   808  log.o(i.log)
    $Super$$main                             0x0800719d   Thumb Code    16  main.o(i.main)
    main_thread_entry                        0x080071ad   Thumb Code    14  components.o(i.main_thread_entry)
    msh_auto_complete                        0x080072a5   Thumb Code   120  msh.o(i.msh_auto_complete)
    msh_exec                                 0x08007329   Thumb Code    84  msh.o(i.msh_exec)
    msh_help                                 0x080073d5   Thumb Code    48  msh.o(i.msh_help)
    right_bound                              0x080077c5   Thumb Code    78  bms_utils.o(i.right_bound)
    rt_application_init                      0x08007815   Thumb Code    46  components.o(i.rt_application_init)
    rt_assert_handler                        0x08007865   Thumb Code    56  kservice.o(i.rt_assert_handler)
    rt_calloc                                0x080078d9   Thumb Code    34  kservice.o(i.rt_calloc)
    rt_components_board_init                 0x080078fd   Thumb Code    20  components.o(i.rt_components_board_init)
    rt_components_init                       0x08007919   Thumb Code    20  components.o(i.rt_components_init)
    rt_critical_level                        0x08007935   Thumb Code     8  scheduler.o(i.rt_critical_level)
    rt_enter_critical                        0x08007981   Thumb Code    28  scheduler.o(i.rt_enter_critical)
    rt_exit_critical                         0x080079a1   Thumb Code    60  scheduler.o(i.rt_exit_critical)
    rt_free                                  0x080079e5   Thumb Code    30  kservice.o(i.rt_free)
    rt_heap_begin_get                        0x08007a05   Thumb Code     4  board.o(i.rt_heap_begin_get)
    rt_heap_end_get                          0x08007a0d   Thumb Code     4  board.o(i.rt_heap_end_get)
    rt_hw_board_init                         0x08007a15   Thumb Code    30  board.o(i.rt_hw_board_init)
    rt_hw_console_getchar                    0x08007a35   Thumb Code    80  board.o(i.rt_hw_console_getchar)
    rt_hw_console_output                     0x08007a95   Thumb Code    66  board.o(i.rt_hw_console_output)
    rt_hw_hard_fault_exception               0x08007add   Thumb Code   198  cpuport.o(i.rt_hw_hard_fault_exception)
    rt_hw_stack_init                         0x08007ce5   Thumb Code    70  cpuport.o(i.rt_hw_stack_init)
    rt_interrupt_enter                       0x08007d31   Thumb Code    30  irq.o(i.rt_interrupt_enter)
    rt_interrupt_get_nest                    0x08007d55   Thumb Code    22  irq.o(i.rt_interrupt_get_nest)
    rt_interrupt_leave                       0x08007d71   Thumb Code    30  irq.o(i.rt_interrupt_leave)
    rt_kprintf                               0x08007d95   Thumb Code    46  kservice.o(i.rt_kprintf)
    rt_malloc                                0x08007e79   Thumb Code    32  kservice.o(i.rt_malloc)
    rt_memcpy                                0x08007e9d   Thumb Code   124  kservice.o(i.rt_memcpy)
    rt_memmove                               0x08007f19   Thumb Code    66  kservice.o(i.rt_memmove)
    rt_memory_info                           0x08007f5d   Thumb Code    64  kservice.o(i.rt_memory_info)
    rt_memset                                0x08007fa1   Thumb Code    72  kservice.o(i.rt_memset)
    rt_mutex_create                          0x08007fe9   Thumb Code    98  ipc.o(i.rt_mutex_create)
    rt_mutex_init                            0x0800807d   Thumb Code    62  ipc.o(i.rt_mutex_init)
    rt_mutex_release                         0x080080d5   Thumb Code   328  ipc.o(i.rt_mutex_release)
    rt_mutex_take                            0x0800829d   Thumb Code   396  ipc.o(i.rt_mutex_take)
    rt_object_allocate                       0x080084d5   Thumb Code   140  object.o(i.rt_object_allocate)
    rt_object_delete                         0x080085a9   Thumb Code    70  object.o(i.rt_object_delete)
    rt_object_detach                         0x08008635   Thumb Code    44  object.o(i.rt_object_detach)
    rt_object_get_information                0x08008679   Thumb Code    36  object.o(i.rt_object_get_information)
    rt_object_get_type                       0x080086a1   Thumb Code    26  object.o(i.rt_object_get_type)
    rt_object_init                           0x080086d5   Thumb Code   122  object.o(i.rt_object_init)
    rt_object_is_systemobject                0x0800877d   Thumb Code    34  object.o(i.rt_object_is_systemobject)
    rt_os_tick_callback                      0x080087b9   Thumb Code    16  board.o(i.rt_os_tick_callback)
    rt_schedule                              0x080087c9   Thumb Code   270  scheduler.o(i.rt_schedule)
    rt_schedule_insert_thread                0x080088ed   Thumb Code   160  scheduler.o(i.rt_schedule_insert_thread)
    rt_schedule_remove_thread                0x080089b1   Thumb Code    94  scheduler.o(i.rt_schedule_remove_thread)
    rt_sem_create                            0x08008a31   Thumb Code   120  ipc.o(i.rt_sem_create)
    rt_sem_init                              0x08008b29   Thumb Code    88  ipc.o(i.rt_sem_init)
    rt_sem_release                           0x08008be5   Thumb Code   122  ipc.o(i.rt_sem_release)
    rt_sem_take                              0x08008c79   Thumb Code   294  ipc.o(i.rt_sem_take)
    rt_show_version                          0x08008e49   Thumb Code    42  kservice.o(i.rt_show_version)
    rt_smem_alloc                            0x08008f0d   Thumb Code   450  mem.o(i.rt_smem_alloc)
    rt_smem_free                             0x08009185   Thumb Code   206  mem.o(i.rt_smem_free)
    rt_smem_init                             0x08009329   Thumb Code   176  mem.o(i.rt_smem_init)
    rt_soft_timer_check                      0x0800941d   Thumb Code   190  timer.o(i.rt_soft_timer_check)
    rt_sprintf                               0x080094e5   Thumb Code    34  kservice.o(i.rt_sprintf)
    rt_strerror                              0x08009509   Thumb Code    26  kservice.o(i.rt_strerror)
    rt_strncpy                               0x08009529   Thumb Code    52  kservice.o(i.rt_strncpy)
    rt_system_heap_init                      0x0800955d   Thumb Code    66  kservice.o(i.rt_system_heap_init)
    rt_system_scheduler_init                 0x080095d5   Thumb Code    42  scheduler.o(i.rt_system_scheduler_init)
    rt_system_scheduler_start                0x0800960d   Thumb Code    36  scheduler.o(i.rt_system_scheduler_start)
    rt_system_timer_init                     0x08009635   Thumb Code    24  timer.o(i.rt_system_timer_init)
    rt_system_timer_thread_init              0x08009651   Thumb Code    58  timer.o(i.rt_system_timer_thread_init)
    rt_thread_control                        0x080096a5   Thumb Code   182  thread.o(i.rt_thread_control)
    rt_thread_create                         0x08009779   Thumb Code    80  thread.o(i.rt_thread_create)
    rt_thread_defunct_dequeue                0x080097c9   Thumb Code    56  idle.o(i.rt_thread_defunct_dequeue)
    rt_thread_defunct_enqueue                0x08009805   Thumb Code    24  idle.o(i.rt_thread_defunct_enqueue)
    rt_thread_delay                          0x08009821   Thumb Code    12  thread.o(i.rt_thread_delay)
    rt_thread_delete                         0x0800982d   Thumb Code   128  thread.o(i.rt_thread_delete)
    rt_thread_detach                         0x08009905   Thumb Code   128  thread.o(i.rt_thread_detach)
    rt_thread_idle_init                      0x080099d9   Thumb Code    82  idle.o(i.rt_thread_idle_init)
    rt_thread_init                           0x08009a41   Thumb Code    78  thread.o(i.rt_thread_init)
    rt_thread_mdelay                         0x08009ac1   Thumb Code    20  thread.o(i.rt_thread_mdelay)
    rt_thread_resume                         0x08009ad5   Thumb Code   104  thread.o(i.rt_thread_resume)
    rt_thread_self                           0x08009b59   Thumb Code     6  thread.o(i.rt_thread_self)
    rt_thread_sleep                          0x08009b65   Thumb Code   104  thread.o(i.rt_thread_sleep)
    rt_thread_startup                        0x08009be9   Thumb Code   102  thread.o(i.rt_thread_startup)
    rt_thread_suspend                        0x08009ca5   Thumb Code   136  thread.o(i.rt_thread_suspend)
    rt_tick_from_millisecond                 0x08009d65   Thumb Code    56  clock.o(i.rt_tick_from_millisecond)
    rt_tick_get                              0x08009d9d   Thumb Code     6  clock.o(i.rt_tick_get)
    rt_tick_increase                         0x08009da9   Thumb Code    74  clock.o(i.rt_tick_increase)
    rt_timer_check                           0x08009df9   Thumb Code   172  timer.o(i.rt_timer_check)
    rt_timer_control                         0x08009ea9   Thumb Code   162  timer.o(i.rt_timer_control)
    rt_timer_create                          0x08009fc9   Thumb Code    88  timer.o(i.rt_timer_create)
    rt_timer_detach                          0x0800a051   Thumb Code    96  timer.o(i.rt_timer_detach)
    rt_timer_init                            0x0800a131   Thumb Code    94  timer.o(i.rt_timer_init)
    rt_timer_start                           0x0800a1d5   Thumb Code   328  timer.o(i.rt_timer_start)
    rt_timer_stop                            0x0800a385   Thumb Code    84  timer.o(i.rt_timer_stop)
    rt_vsnprintf                             0x0800a42d   Thumb Code   824  kservice.o(i.rt_vsnprintf)
    rt_vsprintf                              0x0800a76d   Thumb Code    22  kservice.o(i.rt_vsprintf)
    rtthread_startup                         0x0800a793   Thumb Code    42  components.o(i.rtthread_startup)
    swap                                     0x0800a89b   Thumb Code    26  bms_utils.o(i.swap)
    tim_tick_init                            0x0800a8b5   Thumb Code   110  delay.o(i.tim_tick_init)
    version                                  0x0800aa1d   Thumb Code    10  cmd.o(i.version)
    __lowest_bit_bitmap                      0x0800ab82   Data         256  kservice.o(.constdata)
    __ctype_table                            0x0800af78   Data         129  ctype_o.o(.constdata)
    __mathlib_zero                           0x0800b000   Data           8  qnan.o(.constdata)
    __fsym_shell_test_name                   0x0800b360   Data          11  app.o(.rodata.name)
    __fsym_shell_test_desc                   0x0800b36b   Data          24  app.o(.rodata.name)
    __fsym_BMS_CmdOpenDSG_name               0x0800b383   Data          15  bms_control.o(.rodata.name)
    __fsym_BMS_CmdOpenDSG_desc               0x0800b392   Data           9  bms_control.o(.rodata.name)
    __fsym_BMS_CmdCloseDSG_name              0x0800b39b   Data          16  bms_control.o(.rodata.name)
    __fsym_BMS_CmdCloseDSG_desc              0x0800b3ab   Data          10  bms_control.o(.rodata.name)
    __fsym_BMS_CmdOpenCHG_name               0x0800b3b5   Data          15  bms_control.o(.rodata.name)
    __fsym_BMS_CmdOpenCHG_desc               0x0800b3c4   Data           9  bms_control.o(.rodata.name)
    __fsym_BMS_CmdCloseCHG_name              0x0800b3cd   Data          16  bms_control.o(.rodata.name)
    __fsym_BMS_CmdCloseCHG_desc              0x0800b3dd   Data          10  bms_control.o(.rodata.name)
    __fsym_BMS_CmdOpenBalance_name           0x0800b3e7   Data          19  bms_control.o(.rodata.name)
    __fsym_BMS_CmdOpenBalance_desc           0x0800b3fa   Data          13  bms_control.o(.rodata.name)
    __fsym_BMS_CmdCloseBalance_name          0x0800b407   Data          20  bms_control.o(.rodata.name)
    __fsym_BMS_CmdCloseBalance_desc          0x0800b41b   Data          14  bms_control.o(.rodata.name)
    __fsym_BMS_CmdLoadDetect_name            0x0800b429   Data          18  bms_control.o(.rodata.name)
    __fsym_BMS_CmdLoadDetect_desc            0x0800b43b   Data          12  bms_control.o(.rodata.name)
    __fsym_BMS_CmdOpenInfo_name              0x0800b447   Data          16  bms_control.o(.rodata.name)
    __fsym_BMS_CmdOpenInfo_desc              0x0800b457   Data          17  bms_control.o(.rodata.name)
    __fsym_BMS_CmdCloseInfo_name             0x0800b468   Data          17  bms_control.o(.rodata.name)
    __fsym_BMS_CmdCloseInfo_desc             0x0800b479   Data          18  bms_control.o(.rodata.name)
    __fsym_clear_name                        0x0800b48b   Data           6  cmd.o(.rodata.name)
    __fsym_clear_desc                        0x0800b491   Data          26  cmd.o(.rodata.name)
    __fsym_version_name                      0x0800b4ab   Data           8  cmd.o(.rodata.name)
    __fsym_version_desc                      0x0800b4b3   Data          35  cmd.o(.rodata.name)
    __fsym_list_thread_name                  0x0800b4d6   Data          12  cmd.o(.rodata.name)
    __fsym_list_thread_desc                  0x0800b4e2   Data          12  cmd.o(.rodata.name)
    __fsym_list_sem_name                     0x0800b4ee   Data           9  cmd.o(.rodata.name)
    __fsym_list_sem_desc                     0x0800b4f7   Data          25  cmd.o(.rodata.name)
    __fsym_list_mutex_name                   0x0800b510   Data          11  cmd.o(.rodata.name)
    __fsym_list_mutex_desc                   0x0800b51b   Data          21  cmd.o(.rodata.name)
    __fsym_list_mailbox_name                 0x0800b530   Data          13  cmd.o(.rodata.name)
    __fsym_list_mailbox_desc                 0x0800b53d   Data          24  cmd.o(.rodata.name)
    __fsym_list_timer_name                   0x0800b555   Data          11  cmd.o(.rodata.name)
    __fsym_list_timer_desc                   0x0800b560   Data          21  cmd.o(.rodata.name)
    __fsym_list_name                         0x0800b575   Data           5  cmd.o(.rodata.name)
    __fsym_list_desc                         0x0800b57a   Data          13  cmd.o(.rodata.name)
    __fsym_help_name                         0x0800b587   Data           5  msh.o(.rodata.name)
    __fsym_help_desc                         0x0800b58c   Data          22  msh.o(.rodata.name)
    __fsym_ps_name                           0x0800b5a2   Data           3  msh.o(.rodata.name)
    __fsym_ps_desc                           0x0800b5a5   Data          28  msh.o(.rodata.name)
    __fsym_free_name                         0x0800b5c1   Data           5  msh.o(.rodata.name)
    __fsym_free_desc                         0x0800b5c6   Data          37  msh.o(.rodata.name)
    __rt_init_rti_start                      0x0800b5ec   Data           4  components.o(.rti_fn.0)
    __rt_init_rti_board_start                0x0800b5f0   Data           4  components.o(.rti_fn.0.end)
    __rt_init_uart_init                      0x0800b5f4   Data           4  board.o(.rti_fn.1)
    __rt_init_rti_board_end                  0x0800b5f8   Data           4  components.o(.rti_fn.1.end)
    __rt_init_finsh_system_init              0x0800b5fc   Data           4  shell.o(.rti_fn.6)
    __rt_init_rti_end                        0x0800b600   Data           4  components.o(.rti_fn.6.end)
    FSymTab$$Base                            0x0800b604   Number         0  app.o(FSymTab)
    __fsym_shell_test                        0x0800b604   Data          12  app.o(FSymTab)
    __fsym_BMS_CmdOpenDSG                    0x0800b610   Data          12  bms_control.o(FSymTab)
    __fsym_BMS_CmdCloseDSG                   0x0800b61c   Data          12  bms_control.o(FSymTab)
    __fsym_BMS_CmdOpenCHG                    0x0800b628   Data          12  bms_control.o(FSymTab)
    __fsym_BMS_CmdCloseCHG                   0x0800b634   Data          12  bms_control.o(FSymTab)
    __fsym_BMS_CmdOpenBalance                0x0800b640   Data          12  bms_control.o(FSymTab)
    __fsym_BMS_CmdCloseBalance               0x0800b64c   Data          12  bms_control.o(FSymTab)
    __fsym_BMS_CmdLoadDetect                 0x0800b658   Data          12  bms_control.o(FSymTab)
    __fsym_BMS_CmdOpenInfo                   0x0800b664   Data          12  bms_control.o(FSymTab)
    __fsym_BMS_CmdCloseInfo                  0x0800b670   Data          12  bms_control.o(FSymTab)
    __fsym_clear                             0x0800b67c   Data          12  cmd.o(FSymTab)
    __fsym_version                           0x0800b688   Data          12  cmd.o(FSymTab)
    __fsym_list_thread                       0x0800b694   Data          12  cmd.o(FSymTab)
    __fsym_list_sem                          0x0800b6a0   Data          12  cmd.o(FSymTab)
    __fsym_list_mutex                        0x0800b6ac   Data          12  cmd.o(FSymTab)
    __fsym_list_mailbox                      0x0800b6b8   Data          12  cmd.o(FSymTab)
    __fsym_list_timer                        0x0800b6c4   Data          12  cmd.o(FSymTab)
    __fsym_list                              0x0800b6d0   Data          12  cmd.o(FSymTab)
    __fsym_help                              0x0800b6dc   Data          12  msh.o(FSymTab)
    __fsym_ps                                0x0800b6e8   Data          12  msh.o(FSymTab)
    __fsym_free                              0x0800b6f4   Data          12  msh.o(FSymTab)
    FSymTab$$Limit                           0x0800b700   Number         0  msh.o(FSymTab)
    Region$$Table$$Base                      0x0800b700   Number         0  anon$$obj.o(Region$$Table)
    Region$$Table$$Limit                     0x0800b720   Number         0  anon$$obj.o(Region$$Table)
    led_time                                 0x20000000   Data           2  app.o(.data)
    led_thread                               0x20000004   Data           4  app.o(.data)
    i2c_mutex                                0x20000008   Data           4  app.o(.data)
    rx_in                                    0x2000001c   Data           2  usart.o(.data)
    rx_out                                   0x2000001e   Data           2  usart.o(.data)
    uart_rx_sem                              0x20000020   Data           4  usart.o(.data)
    i2c1                                     0x20000028   Data          32  soft_i2c.o(.data)
    BMS_AnalysisData                         0x20000058   Data          48  bms_analysis.o(.data)
    SocOcvTab                                0x20000088   Data         202  bms_analysis.o(.data)
    BMS_GlobalParam                          0x20000162   Data           6  bms_monitor.o(.data)
    BMS_Protect                              0x20000168   Data          72  bms_protect.o(.data)
    BalanceVoltRiseTime                      0x200001c0   Data           4  bms_balance.o(.data)
    BalanceTime                              0x200001c4   Data           4  bms_balance.o(.data)
    BMS_BalanceData                          0x200001cc   Data          32  bms_balance.o(.data)
    rt_interrupt_nest                        0x2000020c   Data           1  irq.o(.data)
    rt_assert_hook                           0x20000248   Data           4  kservice.o(.data)
    rt_thread_ready_priority_group           0x200002ac   Data           4  scheduler.o(.data)
    rt_current_thread                        0x200002b4   Data           4  scheduler.o(.data)
    rt_current_priority                      0x200002b8   Data           1  scheduler.o(.data)
    rt_interrupt_from_thread                 0x200002d4   Data           4  cpuport.o(.data)
    rt_interrupt_to_thread                   0x200002d8   Data           4  cpuport.o(.data)
    rt_thread_switch_interrupt_flag          0x200002dc   Data           4  cpuport.o(.data)
    _syscall_table_begin                     0x200002e4   Data           4  shell.o(.data)
    _syscall_table_end                       0x200002e8   Data           4  shell.o(.data)
    shell                                    0x200002ec   Data           4  shell.o(.data)
    rx_buf                                   0x20003ef8   Data         128  usart.o(.bss)
    BQ769X0_SampleData                       0x20003fcc   Data          36  bq769.o(.bss)
    BMS_MonitorData                          0x20003ff0   Data          76  bms_monitor.o(.bss)
    rt_thread_priority_table                 0x200042d8   Data         256  scheduler.o(.bss)
    __initial_sp                             0x20004b58   Data           0  startup_stm32f10x_md.o(STACK)



==============================================================================

Memory Map of the image

  Image Entry point : 0x080000ed

  Load Region LR_IROM1 (Base: 0x08000000, Size: 0x0000ba18, Max: 0x00010000, ABSOLUTE, COMPRESSED[0x0000b8e0])

    Execution Region ER_IROM1 (Exec base: 0x08000000, Load base: 0x08000000, Size: 0x0000b720, Max: 0x00010000, ABSOLUTE)

    Exec Addr    Load Addr    Size         Type   Attr      Idx    E Section Name        Object

    0x08000000   0x08000000   0x000000ec   Data   RO         4215    RESET               startup_stm32f10x_md.o
    0x080000ec   0x080000ec   0x00000000   Code   RO         5774  * .ARM.Collect$$$$00000000  mc_w.l(entry.o)
    0x080000ec   0x080000ec   0x00000004   Code   RO         6143    .ARM.Collect$$$$00000001  mc_w.l(entry2.o)
    0x080000f0   0x080000f0   0x00000004   Code   RO         6146    .ARM.Collect$$$$00000004  mc_w.l(entry5.o)
    0x080000f4   0x080000f4   0x00000000   Code   RO         6148    .ARM.Collect$$$$00000008  mc_w.l(entry7b.o)
    0x080000f4   0x080000f4   0x00000000   Code   RO         6150    .ARM.Collect$$$$0000000A  mc_w.l(entry8b.o)
    0x080000f4   0x080000f4   0x00000008   Code   RO         6151    .ARM.Collect$$$$0000000B  mc_w.l(entry9a.o)
    0x080000fc   0x080000fc   0x00000000   Code   RO         6153    .ARM.Collect$$$$0000000D  mc_w.l(entry10a.o)
    0x080000fc   0x080000fc   0x00000000   Code   RO         6155    .ARM.Collect$$$$0000000F  mc_w.l(entry11a.o)
    0x080000fc   0x080000fc   0x00000004   Code   RO         6144    .ARM.Collect$$$$00002712  mc_w.l(entry2.o)
    0x08000100   0x08000100   0x00000024   Code   RO         4216    .text               startup_stm32f10x_md.o
    0x08000124   0x08000124   0x000000fc   Code   RO         5427    .text               context_rvds.o
    0x08000220   0x08000220   0x00000062   Code   RO         5777    .text               mc_w.l(uldiv.o)
    0x08000282   0x08000282   0x00000002   PAD
    0x08000284   0x08000284   0x00000008   Code   RO         5779    .text               mc_w.l(ctype_o.o)
    0x0800028c   0x0800028c   0x00000024   Code   RO         5809    .text               mc_w.l(memcpya.o)
    0x080002b0   0x080002b0   0x00000024   Code   RO         5811    .text               mc_w.l(memseta.o)
    0x080002d4   0x080002d4   0x00000018   Code   RO         5813    .text               mc_w.l(strcat.o)
    0x080002ec   0x080002ec   0x00000018   Code   RO         5815    .text               mc_w.l(strncpy.o)
    0x08000304   0x08000304   0x0000000e   Code   RO         5817    .text               mc_w.l(strlen.o)
    0x08000312   0x08000312   0x0000001c   Code   RO         5819    .text               mc_w.l(strcmp.o)
    0x0800032e   0x0800032e   0x00000012   Code   RO         5821    .text               mc_w.l(strcpy.o)
    0x08000340   0x08000340   0x0000001e   Code   RO         5823    .text               mc_w.l(strncmp.o)
    0x0800035e   0x0800035e   0x0000001a   Code   RO         6088    .text               mc_w.l(atoi.o)
    0x08000378   0x08000378   0x000000b0   Code   RO         6090    .text               mf_w.l(fadd.o)
    0x08000428   0x08000428   0x00000064   Code   RO         6092    .text               mf_w.l(fmul.o)
    0x0800048c   0x0800048c   0x0000007c   Code   RO         6094    .text               mf_w.l(fdiv.o)
    0x08000508   0x08000508   0x0000014e   Code   RO         6096    .text               mf_w.l(dadd.o)
    0x08000656   0x08000656   0x000000e4   Code   RO         6098    .text               mf_w.l(dmul.o)
    0x0800073a   0x0800073a   0x000000de   Code   RO         6100    .text               mf_w.l(ddiv.o)
    0x08000818   0x08000818   0x00000012   Code   RO         6102    .text               mf_w.l(fflti.o)
    0x0800082a   0x0800082a   0x0000000a   Code   RO         6104    .text               mf_w.l(ffltui.o)
    0x08000834   0x08000834   0x00000022   Code   RO         6106    .text               mf_w.l(dflti.o)
    0x08000856   0x08000856   0x0000001a   Code   RO         6108    .text               mf_w.l(dfltui.o)
    0x08000870   0x08000870   0x00000032   Code   RO         6110    .text               mf_w.l(ffixi.o)
    0x080008a2   0x080008a2   0x00000028   Code   RO         6112    .text               mf_w.l(ffixui.o)
    0x080008ca   0x080008ca   0x00000026   Code   RO         6114    .text               mf_w.l(f2d.o)
    0x080008f0   0x080008f0   0x00000030   Code   RO         6116    .text               mf_w.l(cdcmple.o)
    0x08000920   0x08000920   0x00000030   Code   RO         6118    .text               mf_w.l(cdrcmple.o)
    0x08000950   0x08000950   0x00000038   Code   RO         6120    .text               mf_w.l(d2f.o)
    0x08000988   0x08000988   0x00000014   Code   RO         6122    .text               mf_w.l(cfcmple.o)
    0x0800099c   0x0800099c   0x00000014   Code   RO         6124    .text               mf_w.l(cfrcmple.o)
    0x080009b0   0x080009b0   0x0000002c   Code   RO         6158    .text               mc_w.l(uidiv.o)
    0x080009dc   0x080009dc   0x0000001e   Code   RO         6160    .text               mc_w.l(llshl.o)
    0x080009fa   0x080009fa   0x00000020   Code   RO         6162    .text               mc_w.l(llushr.o)
    0x08000a1a   0x08000a1a   0x00000024   Code   RO         6164    .text               mc_w.l(llsshr.o)
    0x08000a3e   0x08000a3e   0x00000070   Code   RO         6173    .text               mc_w.l(strtol.o)
    0x08000aae   0x08000aae   0x00000000   Code   RO         6175    .text               mc_w.l(iusefp.o)
    0x08000aae   0x08000aae   0x0000006e   Code   RO         6176    .text               mf_w.l(fepilogue.o)
    0x08000b1c   0x08000b1c   0x000000ba   Code   RO         6178    .text               mf_w.l(depilogue.o)
    0x08000bd6   0x08000bd6   0x0000002e   Code   RO         6180    .text               mf_w.l(dscalb.o)
    0x08000c04   0x08000c04   0x00000030   Code   RO         6182    .text               mf_w.l(dfixul.o)
    0x08000c34   0x08000c34   0x00000024   Code   RO         6184    .text               mc_w.l(init.o)
    0x08000c58   0x08000c58   0x0000009e   Code   RO         6186    .text               mc_w.l(_strtoul.o)
    0x08000cf6   0x08000cf6   0x0000001c   Code   RO         6188    .text               mc_w.l(_chval.o)
    0x08000d12   0x08000d12   0x00000056   Code   RO         6198    .text               mc_w.l(__dczerorl2.o)
    0x08000d68   0x08000d68   0x0000000a   Code   RO         4353    i.$Sub$$main        components.o
    0x08000d72   0x08000d72   0x00000002   PAD
    0x08000d74   0x08000d74   0x00000138   Code   RO          842    i.BMS_AnalysisAhIntegrateToSoc  bms_analysis.o
    0x08000eac   0x08000eac   0x0000007c   Code   RO          843    i.BMS_AnalysisCalculate  bms_analysis.o
    0x08000f28   0x08000f28   0x00000054   Code   RO          844    i.BMS_AnalysisCapAndSocInit  bms_analysis.o
    0x08000f7c   0x08000f7c   0x000000e8   Code   RO          845    i.BMS_AnalysisInit  bms_analysis.o
    0x08001064   0x08001064   0x00000070   Code   RO          846    i.BMS_AnalysisOcvSocCompensation  bms_analysis.o
    0x080010d4   0x080010d4   0x00000068   Code   RO          847    i.BMS_AnalysisOcvToSoc  bms_analysis.o
    0x0800113c   0x0800113c   0x00000020   Code   RO          848    i.BMS_AnalysisTask  bms_analysis.o
    0x0800115c   0x0800115c   0x00000100   Code   RO          849    i.BMS_AnalysisTempCompensation  bms_analysis.o
    0x0800125c   0x0800125c   0x0000008c   Code   RO         1172    i.BMS_BalanceCheck  bms_balance.o
    0x080012e8   0x080012e8   0x000001bc   Code   RO         1173    i.BMS_BalanceChgDsgManage  bms_balance.o
    0x080014a4   0x080014a4   0x00000070   Code   RO         1174    i.BMS_BalanceControl  bms_balance.o
    0x08001514   0x08001514   0x00000012   Code   RO         1175    i.BMS_BalanceEnter  bms_balance.o
    0x08001526   0x08001526   0x00000002   PAD
    0x08001528   0x08001528   0x0000019c   Code   RO         1176    i.BMS_BalanceInit   bms_balance.o
    0x080016c4   0x080016c4   0x00000100   Code   RO         1177    i.BMS_BalanceSelect  bms_balance.o
    0x080017c4   0x080017c4   0x00000038   Code   RO         1178    i.BMS_BalanceTask   bms_balance.o
    0x080017fc   0x080017fc   0x00000078   Code   RO         1179    i.BMS_BalanceTimerStart  bms_balance.o
    0x08001874   0x08001874   0x00000170   Code   RO         1015    i.BMS_ChargeMonitor  bms_protect.o
    0x080019e4   0x080019e4   0x0000000c   Code   RO          735    i.BMS_CmdCloseBalance  bms_control.o
    0x080019f0   0x080019f0   0x0000000c   Code   RO          736    i.BMS_CmdCloseCHG   bms_control.o
    0x080019fc   0x080019fc   0x0000000c   Code   RO          737    i.BMS_CmdCloseDSG   bms_control.o
    0x08001a08   0x08001a08   0x0000000a   Code   RO          738    i.BMS_CmdCloseInfo  bms_control.o
    0x08001a12   0x08001a12   0x00000002   PAD
    0x08001a14   0x08001a14   0x00000070   Code   RO          739    i.BMS_CmdLoadDetect  bms_control.o
    0x08001a84   0x08001a84   0x0000000c   Code   RO          740    i.BMS_CmdOpenBalance  bms_control.o
    0x08001a90   0x08001a90   0x0000000c   Code   RO          741    i.BMS_CmdOpenCHG    bms_control.o
    0x08001a9c   0x08001a9c   0x0000000c   Code   RO          742    i.BMS_CmdOpenDSG    bms_control.o
    0x08001aa8   0x08001aa8   0x0000000a   Code   RO          743    i.BMS_CmdOpenInfo   bms_control.o
    0x08001ab2   0x08001ab2   0x00000002   PAD
    0x08001ab4   0x08001ab4   0x000000f0   Code   RO         1016    i.BMS_DischargeMonitor  bms_protect.o
    0x08001ba4   0x08001ba4   0x00000028   Code   RO          744    i.BMS_HalCtrlCellsBalance  bms_control.o
    0x08001bcc   0x08001bcc   0x00000028   Code   RO          745    i.BMS_HalCtrlCharge  bms_control.o
    0x08001bf4   0x08001bf4   0x00000028   Code   RO          746    i.BMS_HalCtrlDischarge  bms_control.o
    0x08001c1c   0x08001c1c   0x00000064   Code   RO          943    i.BMS_HalMonitorBattery  bms_monitor.o
    0x08001c80   0x08001c80   0x00000020   Code   RO          749    i.BMS_HalUpdateCellCurrent  bms_control.o
    0x08001ca0   0x08001ca0   0x00000020   Code   RO          750    i.BMS_HalUpdateCellTemperature  bms_control.o
    0x08001cc0   0x08001cc0   0x00000024   Code   RO          751    i.BMS_HalUpdateCellVoltage  bms_control.o
    0x08001ce4   0x08001ce4   0x00000018   Code   RO          898    i.BMS_InfoControlPrintf  bms_info.o
    0x08001cfc   0x08001cfc   0x000000d8   Code   RO          899    i.BMS_InfoInit      bms_info.o
    0x08001dd4   0x08001dd4   0x00000194   Code   RO          900    i.BMS_InfoLed       bms_info.o
    0x08001f68   0x08001f68   0x00000030   Code   RO          901    i.BMS_InfoLedInit   bms_info.o
    0x08001f98   0x08001f98   0x0000052c   Code   RO          902    i.BMS_InfoPrintf    bms_info.o
    0x080024c4   0x080024c4   0x00000020   Code   RO          903    i.BMS_InfoTask      bms_info.o
    0x080024e4   0x080024e4   0x00000080   Code   RO          944    i.BMS_MonitorBattery  bms_monitor.o
    0x08002564   0x08002564   0x000000e4   Code   RO          945    i.BMS_MonitorInit   bms_monitor.o
    0x08002648   0x08002648   0x0000004c   Code   RO          949    i.BMS_MonitorSysMode  bms_monitor.o
    0x08002694   0x08002694   0x00000002   Code   RO         1017    i.BMS_ProtectHwDevice  bms_protect.o
    0x08002696   0x08002696   0x00000002   PAD
    0x08002698   0x08002698   0x00000074   Code   RO         1018    i.BMS_ProtectHwOCD  bms_protect.o
    0x0800270c   0x0800270c   0x00000070   Code   RO         1019    i.BMS_ProtectHwOV   bms_protect.o
    0x0800277c   0x0800277c   0x00000002   Code   RO         1020    i.BMS_ProtectHwOvrd  bms_protect.o
    0x0800277e   0x0800277e   0x00000002   PAD
    0x08002780   0x08002780   0x00000074   Code   RO         1021    i.BMS_ProtectHwSCD  bms_protect.o
    0x080027f4   0x080027f4   0x00000070   Code   RO         1022    i.BMS_ProtectHwUV   bms_protect.o
    0x08002864   0x08002864   0x000000e4   Code   RO         1023    i.BMS_ProtectInit   bms_protect.o
    0x08002948   0x08002948   0x00000028   Code   RO         1024    i.BMS_ProtectMode   bms_protect.o
    0x08002970   0x08002970   0x000003c4   Code   RO         1025    i.BMS_ProtectRelieveMonitor  bms_protect.o
    0x08002d34   0x08002d34   0x00000012   Code   RO         1026    i.BMS_ProtectTask   bms_protect.o
    0x08002d46   0x08002d46   0x00000002   PAD
    0x08002d48   0x08002d48   0x00000068   Code   RO          523    i.BQ769X0_ALERT_Init  bq769.o
    0x08002db0   0x08002db0   0x000000d4   Code   RO          524    i.BQ769X0_AlertyHandler  bq769.o
    0x08002e84   0x08002e84   0x00000074   Code   RO          525    i.BQ769X0_CellBalanceControl  bq769.o
    0x08002ef8   0x08002ef8   0x000000f0   Code   RO          526    i.BQ769X0_Configuration  bq769.o
    0x08002fe8   0x08002fe8   0x00000030   Code   RO          527    i.BQ769X0_ControlDSGOrCHG  bq769.o
    0x08003018   0x08003018   0x0000001c   Code   RO          528    i.BQ769X0_EntryShip  bq769.o
    0x08003034   0x08003034   0x000000c0   Code   RO          529    i.BQ769X0_GetADCGainOffset  bq769.o
    0x080030f4   0x080030f4   0x0000012c   Code   RO          530    i.BQ769X0_Initialize  bq769.o
    0x08003220   0x08003220   0x0000002c   Code   RO          531    i.BQ769X0_LoadDetect  bq769.o
    0x0800324c   0x0800324c   0x00000188   Code   RO          535    i.BQ769X0_ReadBlockWithCRC  bq769.o
    0x080033d4   0x080033d4   0x0000010c   Code   RO          537    i.BQ769X0_ReadRegisterByteWithCRC  bq769.o
    0x080034e0   0x080034e0   0x00000174   Code   RO          538    i.BQ769X0_ReadRegisterWordWithCRC  bq769.o
    0x08003654   0x08003654   0x00000024   Code   RO          540    i.BQ769X0_TS1_SetInMode  bq769.o
    0x08003678   0x08003678   0x00000024   Code   RO          541    i.BQ769X0_TS1_SetOutMode  bq769.o
    0x0800369c   0x0800369c   0x000000c8   Code   RO          544    i.BQ769X0_UpdateBatVolt  bq769.o
    0x08003764   0x08003764   0x000000d0   Code   RO          545    i.BQ769X0_UpdateCellVolt  bq769.o
    0x08003834   0x08003834   0x000000d0   Code   RO          546    i.BQ769X0_UpdateCurrent  bq769.o
    0x08003904   0x08003904   0x00000138   Code   RO          548    i.BQ769X0_UpdateTsTemp  bq769.o
    0x08003a3c   0x08003a3c   0x00000038   Code   RO          549    i.BQ769X0_Wakeup    bq769.o
    0x08003a74   0x08003a74   0x000000ec   Code   RO          550    i.BQ769X0_WriteBlockWithCRC  bq769.o
    0x08003b60   0x08003b60   0x000000b0   Code   RO          552    i.BQ769X0_WriteRegisterByteWithCRC  bq769.o
    0x08003c10   0x08003c10   0x0000003c   Code   RO         1180    i.BalanceTimerCallback  bms_balance.o
    0x08003c4c   0x08003c4c   0x00000018   Code   RO          950    i.Bms_HalMonitorBatteryCurrent  bms_monitor.o
    0x08003c64   0x08003c64   0x00000068   Code   RO          951    i.Bms_HalMonitorCellTemperature  bms_monitor.o
    0x08003ccc   0x08003ccc   0x00000012   Code   RO          952    i.Bms_MonitorTask   bms_monitor.o
    0x08003cde   0x08003cde   0x00000046   Code   RO         1094    i.BubbleFloat       bms_utils.o
    0x08003d24   0x08003d24   0x00000052   Code   RO         1095    i.BubbleSort        bms_utils.o
    0x08003d76   0x08003d76   0x00000004   Code   RO         4220    i.BusFault_Handler  stm32f10x_it.o
    0x08003d7a   0x08003d7a   0x00000044   Code   RO          554    i.CRC8              bq769.o
    0x08003dbe   0x08003dbe   0x00000002   Code   RO         4221    i.DebugMon_Handler  stm32f10x_it.o
    0x08003dc0   0x08003dc0   0x0000001a   Code   RO          555    i.EXTI15_10_IRQHandler  bq769.o
    0x08003dda   0x08003dda   0x00000002   PAD
    0x08003ddc   0x08003ddc   0x0000000c   Code   RO         2033    i.EXTI_ClearITPendingBit  stm32f10x_exti.o
    0x08003de8   0x08003de8   0x00000028   Code   RO         2037    i.EXTI_GetITStatus  stm32f10x_exti.o
    0x08003e10   0x08003e10   0x00000094   Code   RO         2038    i.EXTI_Init         stm32f10x_exti.o
    0x08003ea4   0x08003ea4   0x0000000e   Code   RO          394    i.GET_SDA           soft_i2c.o
    0x08003eb2   0x08003eb2   0x00000002   PAD
    0x08003eb4   0x08003eb4   0x00000040   Code   RO         2383    i.GPIO_EXTILineConfig  stm32f10x_gpio.o
    0x08003ef4   0x08003ef4   0x00000116   Code   RO         2386    i.GPIO_Init         stm32f10x_gpio.o
    0x0800400a   0x0800400a   0x00000002   PAD
    0x0800400c   0x0800400c   0x00000090   Code   RO         2388    i.GPIO_PinRemapConfig  stm32f10x_gpio.o
    0x0800409c   0x0800409c   0x00000012   Code   RO         2390    i.GPIO_ReadInputDataBit  stm32f10x_gpio.o
    0x080040ae   0x080040ae   0x00000004   Code   RO         2394    i.GPIO_SetBits      stm32f10x_gpio.o
    0x080040b2   0x080040b2   0x0000000a   Code   RO         2397    i.GPIO_WriteBit     stm32f10x_gpio.o
    0x080040bc   0x080040bc   0x00000010   Code   RO          395    i.I2C1_Lock         soft_i2c.o
    0x080040cc   0x080040cc   0x00000002   Code   RO          396    i.I2C1_LockInit     soft_i2c.o
    0x080040ce   0x080040ce   0x00000002   PAD
    0x080040d0   0x080040d0   0x00000010   Code   RO          397    i.I2C1_Unlock       soft_i2c.o
    0x080040e0   0x080040e0   0x000000ec   Code   RO          398    i.I2C_BitSendAddress  soft_i2c.o
    0x080041cc   0x080041cc   0x00000040   Code   RO          399    i.I2C_BusHardwareInitialize  soft_i2c.o
    0x0800420c   0x0800420c   0x00000010   Code   RO          400    i.I2C_BusInitialize  soft_i2c.o
    0x0800421c   0x0800421c   0x00000048   Code   RO          401    i.I2C_ReadByte      soft_i2c.o
    0x08004264   0x08004264   0x00000068   Code   RO          402    i.I2C_RecvBytes     soft_i2c.o
    0x080042cc   0x080042cc   0x0000002a   Code   RO          403    i.I2C_Restart       soft_i2c.o
    0x080042f6   0x080042f6   0x00000048   Code   RO          404    i.I2C_SendAddress   soft_i2c.o
    0x0800433e   0x0800433e   0x00000072   Code   RO          405    i.I2C_SendBytes     soft_i2c.o
    0x080043b0   0x080043b0   0x00000018   Code   RO          406    i.I2C_Start         soft_i2c.o
    0x080043c8   0x080043c8   0x0000002a   Code   RO          407    i.I2C_Stop          soft_i2c.o
    0x080043f2   0x080043f2   0x000000b6   Code   RO          408    i.I2C_TransferMessages  soft_i2c.o
    0x080044a8   0x080044a8   0x00000086   Code   RO          409    i.I2C_WriteByte     soft_i2c.o
    0x0800452e   0x0800452e   0x00000004   Code   RO         4222    i.MemManage_Handler  stm32f10x_it.o
    0x08004532   0x08004532   0x00000002   Code   RO         4223    i.NMI_Handler       stm32f10x_it.o
    0x08004534   0x08004534   0x00000070   Code   RO         1235    i.NVIC_Init         misc.o
    0x080045a4   0x080045a4   0x00000014   Code   RO         1236    i.NVIC_PriorityGroupConfig  misc.o
    0x080045b8   0x080045b8   0x00000020   Code   RO         2802    i.RCC_APB1PeriphClockCmd  stm32f10x_rcc.o
    0x080045d8   0x080045d8   0x00000020   Code   RO         2804    i.RCC_APB2PeriphClockCmd  stm32f10x_rcc.o
    0x080045f8   0x080045f8   0x000000d4   Code   RO         2812    i.RCC_GetClocksFreq  stm32f10x_rcc.o
    0x080046cc   0x080046cc   0x00000010   Code   RO          410    i.SCL_H             soft_i2c.o
    0x080046dc   0x080046dc   0x00000010   Code   RO          411    i.SCL_L             soft_i2c.o
    0x080046ec   0x080046ec   0x00000010   Code   RO          412    i.SDA_H             soft_i2c.o
    0x080046fc   0x080046fc   0x00000010   Code   RO          413    i.SDA_L             soft_i2c.o
    0x0800470c   0x0800470c   0x00000020   Code   RO          414    i.SDA_SetInMode     soft_i2c.o
    0x0800472c   0x0800472c   0x00000020   Code   RO          415    i.SDA_SetOutMode    soft_i2c.o
    0x0800474c   0x0800474c   0x00000008   Code   RO         4281    i.SetSysClock       system_stm32f10x.o
    0x08004754   0x08004754   0x000000e0   Code   RO         4282    i.SetSysClockTo72   system_stm32f10x.o
    0x08004834   0x08004834   0x00000060   Code   RO         4284    i.SystemInit        system_stm32f10x.o
    0x08004894   0x08004894   0x00000048   Code   RO          284    i.TIM3_IRQHandler   delay.o
    0x080048dc   0x080048dc   0x00000006   Code   RO         3430    i.TIM_ClearFlag     stm32f10x_tim.o
    0x080048e2   0x080048e2   0x00000006   Code   RO         3431    i.TIM_ClearITPendingBit  stm32f10x_tim.o
    0x080048e8   0x080048e8   0x00000018   Code   RO         3436    i.TIM_Cmd           stm32f10x_tim.o
    0x08004900   0x08004900   0x00000022   Code   RO         3457    i.TIM_GetITStatus   stm32f10x_tim.o
    0x08004922   0x08004922   0x00000012   Code   RO         3461    i.TIM_ITConfig      stm32f10x_tim.o
    0x08004934   0x08004934   0x000000a4   Code   RO         3507    i.TIM_TimeBaseInit  stm32f10x_tim.o
    0x080049d8   0x080049d8   0x000000bc   Code   RO          556    i.TempChange        bq769.o
    0x08004a94   0x08004a94   0x0000006c   Code   RO          343    i.USART1_IO_Init    usart.o
    0x08004b00   0x08004b00   0x00000074   Code   RO          344    i.USART1_IRQHandler  usart.o
    0x08004b74   0x08004b74   0x0000002c   Code   RO          345    i.USART1_Init       usart.o
    0x08004ba0   0x08004ba0   0x00000074   Code   RO          346    i.USART1_func_Init  usart.o
    0x08004c14   0x08004c14   0x00000018   Code   RO         3972    i.USART_Cmd         stm32f10x_usart.o
    0x08004c2c   0x08004c2c   0x0000001a   Code   RO         3975    i.USART_GetFlagStatus  stm32f10x_usart.o
    0x08004c46   0x08004c46   0x00000054   Code   RO         3976    i.USART_GetITStatus  stm32f10x_usart.o
    0x08004c9a   0x08004c9a   0x0000004a   Code   RO         3978    i.USART_ITConfig    stm32f10x_usart.o
    0x08004ce4   0x08004ce4   0x000000d8   Code   RO         3979    i.USART_Init        stm32f10x_usart.o
    0x08004dbc   0x08004dbc   0x0000000a   Code   RO         3986    i.USART_ReceiveData  stm32f10x_usart.o
    0x08004dc6   0x08004dc6   0x00000008   Code   RO         3989    i.USART_SendData    stm32f10x_usart.o
    0x08004dce   0x08004dce   0x00000004   Code   RO         4224    i.UsageFault_Handler  stm32f10x_it.o
    0x08004dd2   0x08004dd2   0x00000002   PAD
    0x08004dd4   0x08004dd4   0x00000028   Code   RO         6062    i.__0sprintf        mc_w.l(printfa.o)
    0x08004dfc   0x08004dfc   0x00000008   Code   RO         6166    i.__aeabi_errno_addr  mc_w.l(errno.o)
    0x08004e04   0x08004e04   0x000000aa   Code   RO         6140    i.__kernel_poly     m_ws.l(poly.o)
    0x08004eae   0x08004eae   0x00000002   PAD
    0x08004eb0   0x08004eb0   0x00000010   Code   RO         6126    i.__mathlib_dbl_divzero  m_ws.l(dunder.o)
    0x08004ec0   0x08004ec0   0x00000006   Code   RO         6127    i.__mathlib_dbl_infnan  m_ws.l(dunder.o)
    0x08004ec6   0x08004ec6   0x0000000c   Code   RO         6129    i.__mathlib_dbl_invalid  m_ws.l(dunder.o)
    0x08004ed2   0x08004ed2   0x00000002   PAD
    0x08004ed4   0x08004ed4   0x0000004c   Code   RO         4703    i.__rt_ffs          kservice.o
    0x08004f20   0x08004f20   0x0000000e   Code   RO         6192    i.__scatterload_copy  mc_w.l(handlers.o)
    0x08004f2e   0x08004f2e   0x00000002   Code   RO         6193    i.__scatterload_null  mc_w.l(handlers.o)
    0x08004f30   0x08004f30   0x0000000e   Code   RO         6194    i.__scatterload_zeroinit  mc_w.l(handlers.o)
    0x08004f3e   0x08004f3e   0x00000002   PAD
    0x08004f40   0x08004f40   0x0000000c   Code   RO         6168    i.__set_errno       mc_w.l(errno.o)
    0x08004f4c   0x08004f4c   0x00000184   Code   RO         6067    i._fp_digits        mc_w.l(printfa.o)
    0x080050d0   0x080050d0   0x0000001c   Code   RO         4704    i._heap_lock        kservice.o
    0x080050ec   0x080050ec   0x00000038   Code   RO         4705    i._heap_unlock      kservice.o
    0x08005124   0x08005124   0x00000018   Code   RO         4480    i._ipc_list_resume  ipc.o
    0x0800513c   0x0800513c   0x00000080   Code   RO         4482    i._ipc_list_suspend  ipc.o
    0x080051bc   0x080051bc   0x00000010   Code   RO         4483    i._ipc_object_init  ipc.o
    0x080051cc   0x080051cc   0x0000009c   Code   RO         5582    i._msh_exec_cmd     msh.o
    0x08005268   0x08005268   0x000006dc   Code   RO         6068    i._printf_core      mc_w.l(printfa.o)
    0x08005944   0x08005944   0x00000024   Code   RO         6069    i._printf_post_padding  mc_w.l(printfa.o)
    0x08005968   0x08005968   0x0000002e   Code   RO         6070    i._printf_pre_padding  mc_w.l(printfa.o)
    0x08005996   0x08005996   0x00000002   PAD
    0x08005998   0x08005998   0x00000028   Code   RO         5097    i._scheduler_get_highest_priority_thread  scheduler.o
    0x080059c0   0x080059c0   0x0000000a   Code   RO         6072    i._sputc            mc_w.l(printfa.o)
    0x080059ca   0x080059ca   0x00000034   Code   RO         5177    i._thread_exit      thread.o
    0x080059fe   0x080059fe   0x00000002   PAD
    0x08005a00   0x08005a00   0x000000b8   Code   RO         5178    i._thread_init      thread.o
    0x08005ab8   0x08005ab8   0x000000bc   Code   RO         5179    i._thread_timeout   thread.o
    0x08005b74   0x08005b74   0x00000042   Code   RO         5302    i._timer_init       timer.o
    0x08005bb6   0x08005bb6   0x00000038   Code   RO         5303    i._timer_list_next_timeout  timer.o
    0x08005bee   0x08005bee   0x0000001c   Code   RO         5304    i._timer_remove     timer.o
    0x08005c0a   0x08005c0a   0x00000002   PAD
    0x08005c0c   0x08005c0c   0x00000048   Code   RO         5305    i._timer_thread_entry  timer.o
    0x08005c54   0x08005c54   0x00000118   Code   RO           52    i.app_init          app.o
    0x08005d6c   0x08005d6c   0x000000fc   Code   RO         5431    i.bus_fault_track   cpuport.o
    0x08005e68   0x08005e68   0x00000014   Code   RO         5491    i.clear             cmd.o
    0x08005e7c   0x08005e7c   0x00000080   Code   RO         5583    i.cmd_free          msh.o
    0x08005efc   0x08005efc   0x00000168   Code   RO         5492    i.cmd_list          cmd.o
    0x08006064   0x08006064   0x0000000e   Code   RO         5584    i.cmd_ps            msh.o
    0x08006072   0x08006072   0x00000020   Code   RO          953    i.compaer_cell      bms_monitor.o
    0x08006092   0x08006092   0x00000026   Code   RO          416    i.delay_us          soft_i2c.o
    0x080060b8   0x080060b8   0x0000005c   Code   RO         5683    i.finsh_get_prompt  shell.o
    0x08006114   0x08006114   0x00000008   Code   RO         5685    i.finsh_getchar     shell.o
    0x0800611c   0x0800611c   0x00000048   Code   RO         5688    i.finsh_set_prompt_mode  shell.o
    0x08006164   0x08006164   0x00000014   Code   RO         5689    i.finsh_system_function_init  shell.o
    0x08006178   0x08006178   0x0000009c   Code   RO         5690    i.finsh_system_init  shell.o
    0x08006214   0x08006214   0x000003c4   Code   RO         5691    i.finsh_thread_entry  shell.o
    0x080065d8   0x080065d8   0x00000080   Code   RO         5432    i.hard_fault_track  cpuport.o
    0x08006658   0x08006658   0x0000002a   Code   RO         5493    i.list_find_init    cmd.o
    0x08006682   0x08006682   0x00000088   Code   RO         5494    i.list_get_next     cmd.o
    0x0800670a   0x0800670a   0x00000002   PAD
    0x0800670c   0x0800670c   0x0000015c   Code   RO         5495    i.list_mailbox      cmd.o
    0x08006868   0x08006868   0x0000010c   Code   RO         5496    i.list_mutex        cmd.o
    0x08006974   0x08006974   0x00000138   Code   RO         5497    i.list_sem          cmd.o
    0x08006aac   0x08006aac   0x000001ec   Code   RO         5498    i.list_thread       cmd.o
    0x08006c98   0x08006c98   0x000001a8   Code   RO         5499    i.list_timer        cmd.o
    0x08006e40   0x08006e40   0x0000035c   Code   RO         5765    i.log               m_ws.l(log.o)
    0x0800719c   0x0800719c   0x00000010   Code   RO            1    i.main              main.o
    0x080071ac   0x080071ac   0x0000000e   Code   RO         4354    i.main_thread_entry  components.o
    0x080071ba   0x080071ba   0x00000002   PAD
    0x080071bc   0x080071bc   0x000000e8   Code   RO         5433    i.mem_manage_fault_track  cpuport.o
    0x080072a4   0x080072a4   0x00000084   Code   RO         5585    i.msh_auto_complete  msh.o
    0x08007328   0x08007328   0x0000006c   Code   RO         5586    i.msh_exec          msh.o
    0x08007394   0x08007394   0x00000040   Code   RO         5587    i.msh_get_cmd       msh.o
    0x080073d4   0x080073d4   0x00000064   Code   RO         5588    i.msh_help          msh.o
    0x08007438   0x08007438   0x000000f0   Code   RO         5589    i.msh_split         msh.o
    0x08007528   0x08007528   0x0000001c   Code   RO         5500    i.object_split      cmd.o
    0x08007544   0x08007544   0x000000e8   Code   RO         4960    i.plug_holes        mem.o
    0x0800762c   0x0800762c   0x00000198   Code   RO         4707    i.print_number      kservice.o
    0x080077c4   0x080077c4   0x0000004e   Code   RO         1104    i.right_bound       bms_utils.o
    0x08007812   0x08007812   0x00000002   PAD
    0x08007814   0x08007814   0x00000050   Code   RO         4355    i.rt_application_init  components.o
    0x08007864   0x08007864   0x00000074   Code   RO         4708    i.rt_assert_handler  kservice.o
    0x080078d8   0x080078d8   0x00000022   Code   RO         4710    i.rt_calloc         kservice.o
    0x080078fa   0x080078fa   0x00000002   PAD
    0x080078fc   0x080078fc   0x0000001c   Code   RO         4356    i.rt_components_board_init  components.o
    0x08007918   0x08007918   0x0000001c   Code   RO         4357    i.rt_components_init  components.o
    0x08007934   0x08007934   0x0000000c   Code   RO         5098    i.rt_critical_level  scheduler.o
    0x08007940   0x08007940   0x0000003e   Code   RO         4434    i.rt_defunct_execute  idle.o
    0x0800797e   0x0800797e   0x00000002   PAD
    0x08007980   0x08007980   0x00000020   Code   RO         5099    i.rt_enter_critical  scheduler.o
    0x080079a0   0x080079a0   0x00000044   Code   RO         5100    i.rt_exit_critical  scheduler.o
    0x080079e4   0x080079e4   0x0000001e   Code   RO         4711    i.rt_free           kservice.o
    0x08007a02   0x08007a02   0x00000002   PAD
    0x08007a04   0x08007a04   0x00000008   Code   RO          222    i.rt_heap_begin_get  board.o
    0x08007a0c   0x08007a0c   0x00000008   Code   RO          223    i.rt_heap_end_get   board.o
    0x08007a14   0x08007a14   0x0000001e   Code   RO          224    i.rt_hw_board_init  board.o
    0x08007a32   0x08007a32   0x00000002   PAD
    0x08007a34   0x08007a34   0x00000060   Code   RO          225    i.rt_hw_console_getchar  board.o
    0x08007a94   0x08007a94   0x00000048   Code   RO          226    i.rt_hw_console_output  board.o
    0x08007adc   0x08007adc   0x00000208   Code   RO         5437    i.rt_hw_hard_fault_exception  cpuport.o
    0x08007ce4   0x08007ce4   0x0000004c   Code   RO         5438    i.rt_hw_stack_init  cpuport.o
    0x08007d30   0x08007d30   0x00000024   Code   RO         4676    i.rt_interrupt_enter  irq.o
    0x08007d54   0x08007d54   0x0000001c   Code   RO         4677    i.rt_interrupt_get_nest  irq.o
    0x08007d70   0x08007d70   0x00000024   Code   RO         4678    i.rt_interrupt_leave  irq.o
    0x08007d94   0x08007d94   0x00000034   Code   RO         4716    i.rt_kprintf        kservice.o
    0x08007dc8   0x08007dc8   0x00000006   Code   RO         4484    i.rt_list_init      ipc.o
    0x08007dce   0x08007dce   0x00000006   Code   RO         5306    i.rt_list_init      timer.o
    0x08007dd4   0x08007dd4   0x0000000e   Code   RO         5015    i.rt_list_insert_after  object.o
    0x08007de2   0x08007de2   0x0000000e   Code   RO         5307    i.rt_list_insert_after  timer.o
    0x08007df0   0x08007df0   0x0000000e   Code   RO         4485    i.rt_list_insert_before  ipc.o
    0x08007dfe   0x08007dfe   0x00000010   Code   RO         4486    i.rt_list_isempty   ipc.o
    0x08007e0e   0x08007e0e   0x00000010   Code   RO         5308    i.rt_list_isempty   timer.o
    0x08007e1e   0x08007e1e   0x00000010   Code   RO         5501    i.rt_list_isempty   cmd.o
    0x08007e2e   0x08007e2e   0x00000014   Code   RO         5502    i.rt_list_len       cmd.o
    0x08007e42   0x08007e42   0x00000012   Code   RO         5016    i.rt_list_remove    object.o
    0x08007e54   0x08007e54   0x00000012   Code   RO         5180    i.rt_list_remove    thread.o
    0x08007e66   0x08007e66   0x00000012   Code   RO         5309    i.rt_list_remove    timer.o
    0x08007e78   0x08007e78   0x00000024   Code   RO         4718    i.rt_malloc         kservice.o
    0x08007e9c   0x08007e9c   0x0000007c   Code   RO         4721    i.rt_memcpy         kservice.o
    0x08007f18   0x08007f18   0x00000042   Code   RO         4722    i.rt_memmove        kservice.o
    0x08007f5a   0x08007f5a   0x00000002   PAD
    0x08007f5c   0x08007f5c   0x00000044   Code   RO         4723    i.rt_memory_info    kservice.o
    0x08007fa0   0x08007fa0   0x00000048   Code   RO         4724    i.rt_memset         kservice.o
    0x08007fe8   0x08007fe8   0x00000094   Code   RO         4497    i.rt_mutex_create   ipc.o
    0x0800807c   0x0800807c   0x00000058   Code   RO         4500    i.rt_mutex_init     ipc.o
    0x080080d4   0x080080d4   0x000001c8   Code   RO         4501    i.rt_mutex_release  ipc.o
    0x0800829c   0x0800829c   0x00000238   Code   RO         4502    i.rt_mutex_take     ipc.o
    0x080084d4   0x080084d4   0x000000d4   Code   RO         5017    i.rt_object_allocate  object.o
    0x080085a8   0x080085a8   0x0000008c   Code   RO         5018    i.rt_object_delete  object.o
    0x08008634   0x08008634   0x00000044   Code   RO         5019    i.rt_object_detach  object.o
    0x08008678   0x08008678   0x00000028   Code   RO         5021    i.rt_object_get_information  object.o
    0x080086a0   0x080086a0   0x00000034   Code   RO         5024    i.rt_object_get_type  object.o
    0x080086d4   0x080086d4   0x000000a8   Code   RO         5025    i.rt_object_init    object.o
    0x0800877c   0x0800877c   0x0000003c   Code   RO         5026    i.rt_object_is_systemobject  object.o
    0x080087b8   0x080087b8   0x00000010   Code   RO          227    i.rt_os_tick_callback  board.o
    0x080087c8   0x080087c8   0x00000124   Code   RO         5101    i.rt_schedule       scheduler.o
    0x080088ec   0x080088ec   0x000000c4   Code   RO         5102    i.rt_schedule_insert_thread  scheduler.o
    0x080089b0   0x080089b0   0x00000080   Code   RO         5103    i.rt_schedule_remove_thread  scheduler.o
    0x08008a30   0x08008a30   0x000000f8   Code   RO         4505    i.rt_sem_create     ipc.o
    0x08008b28   0x08008b28   0x000000bc   Code   RO         4508    i.rt_sem_init       ipc.o
    0x08008be4   0x08008be4   0x00000094   Code   RO         4509    i.rt_sem_release    ipc.o
    0x08008c78   0x08008c78   0x000001d0   Code   RO         4510    i.rt_sem_take       ipc.o
    0x08008e48   0x08008e48   0x000000c4   Code   RO         4727    i.rt_show_version   kservice.o
    0x08008f0c   0x08008f0c   0x00000278   Code   RO         4961    i.rt_smem_alloc     mem.o
    0x08009184   0x08009184   0x000001a4   Code   RO         4963    i.rt_smem_free      mem.o
    0x08009328   0x08009328   0x000000f4   Code   RO         4964    i.rt_smem_init      mem.o
    0x0800941c   0x0800941c   0x000000c8   Code   RO         5310    i.rt_soft_timer_check  timer.o
    0x080094e4   0x080094e4   0x00000022   Code   RO         4729    i.rt_sprintf        kservice.o
    0x08009506   0x08009506   0x00000002   PAD
    0x08009508   0x08009508   0x00000020   Code   RO         4734    i.rt_strerror       kservice.o
    0x08009528   0x08009528   0x00000034   Code   RO         4737    i.rt_strncpy        kservice.o
    0x0800955c   0x0800955c   0x00000078   Code   RO         4740    i.rt_system_heap_init  kservice.o
    0x080095d4   0x080095d4   0x00000038   Code   RO         5104    i.rt_system_scheduler_init  scheduler.o
    0x0800960c   0x0800960c   0x00000028   Code   RO         5105    i.rt_system_scheduler_start  scheduler.o
    0x08009634   0x08009634   0x0000001c   Code   RO         5311    i.rt_system_timer_init  timer.o
    0x08009650   0x08009650   0x00000054   Code   RO         5312    i.rt_system_timer_thread_init  timer.o
    0x080096a4   0x080096a4   0x000000d4   Code   RO         5181    i.rt_thread_control  thread.o
    0x08009778   0x08009778   0x00000050   Code   RO         5182    i.rt_thread_create  thread.o
    0x080097c8   0x080097c8   0x0000003c   Code   RO         4435    i.rt_thread_defunct_dequeue  idle.o
    0x08009804   0x08009804   0x0000001c   Code   RO         4436    i.rt_thread_defunct_enqueue  idle.o
    0x08009820   0x08009820   0x0000000c   Code   RO         5183    i.rt_thread_delay   thread.o
    0x0800982c   0x0800982c   0x000000d8   Code   RO         5185    i.rt_thread_delete  thread.o
    0x08009904   0x08009904   0x000000cc   Code   RO         5186    i.rt_thread_detach  thread.o
    0x080099d0   0x080099d0   0x00000008   Code   RO         4437    i.rt_thread_idle_entry  idle.o
    0x080099d8   0x080099d8   0x00000068   Code   RO         4439    i.rt_thread_idle_init  idle.o
    0x08009a40   0x08009a40   0x00000080   Code   RO         5188    i.rt_thread_init    thread.o
    0x08009ac0   0x08009ac0   0x00000014   Code   RO         5189    i.rt_thread_mdelay  thread.o
    0x08009ad4   0x08009ad4   0x00000084   Code   RO         5190    i.rt_thread_resume  thread.o
    0x08009b58   0x08009b58   0x0000000c   Code   RO         5191    i.rt_thread_self    thread.o
    0x08009b64   0x08009b64   0x00000084   Code   RO         5192    i.rt_thread_sleep   thread.o
    0x08009be8   0x08009be8   0x000000bc   Code   RO         5193    i.rt_thread_startup  thread.o
    0x08009ca4   0x08009ca4   0x000000c0   Code   RO         5194    i.rt_thread_suspend  thread.o
    0x08009d64   0x08009d64   0x00000038   Code   RO         4315    i.rt_tick_from_millisecond  clock.o
    0x08009d9c   0x08009d9c   0x0000000c   Code   RO         4316    i.rt_tick_get       clock.o
    0x08009da8   0x08009da8   0x00000050   Code   RO         4318    i.rt_tick_increase  clock.o
    0x08009df8   0x08009df8   0x000000b0   Code   RO         5313    i.rt_timer_check    timer.o
    0x08009ea8   0x08009ea8   0x00000120   Code   RO         5314    i.rt_timer_control  timer.o
    0x08009fc8   0x08009fc8   0x00000088   Code   RO         5315    i.rt_timer_create   timer.o
    0x0800a050   0x0800a050   0x000000e0   Code   RO         5317    i.rt_timer_detach   timer.o
    0x0800a130   0x0800a130   0x000000a4   Code   RO         5318    i.rt_timer_init     timer.o
    0x0800a1d4   0x0800a1d4   0x000001b0   Code   RO         5320    i.rt_timer_start    timer.o
    0x0800a384   0x0800a384   0x000000a8   Code   RO         5321    i.rt_timer_stop     timer.o
    0x0800a42c   0x0800a42c   0x00000340   Code   RO         4741    i.rt_vsnprintf      kservice.o
    0x0800a76c   0x0800a76c   0x00000016   Code   RO         4742    i.rt_vsprintf       kservice.o
    0x0800a782   0x0800a782   0x00000004   Code   RO         4358    i.rti_board_end     components.o
    0x0800a786   0x0800a786   0x00000004   Code   RO         4359    i.rti_board_start   components.o
    0x0800a78a   0x0800a78a   0x00000004   Code   RO         4360    i.rti_end           components.o
    0x0800a78e   0x0800a78e   0x00000004   Code   RO         4361    i.rti_start         components.o
    0x0800a792   0x0800a792   0x0000002a   Code   RO         4362    i.rtthread_startup  components.o
    0x0800a7bc   0x0800a7bc   0x00000030   Code   RO         5692    i.shell_auto_complete  shell.o
    0x0800a7ec   0x0800a7ec   0x00000030   Code   RO           57    i.shell_test        app.o
    0x0800a81c   0x0800a81c   0x00000038   Code   RO         5503    i.show_wait_queue   cmd.o
    0x0800a854   0x0800a854   0x00000026   Code   RO         4743    i.skip_atoi         kservice.o
    0x0800a87a   0x0800a87a   0x00000020   Code   RO         5590    i.str_common        msh.o
    0x0800a89a   0x0800a89a   0x0000001a   Code   RO         1105    i.swap              bms_utils.o
    0x0800a8b4   0x0800a8b4   0x00000074   Code   RO          291    i.tim_tick_init     delay.o
    0x0800a928   0x0800a928   0x0000000a   Code   RO          228    i.uart_init         board.o
    0x0800a932   0x0800a932   0x00000002   PAD
    0x0800a934   0x0800a934   0x000000e8   Code   RO         5439    i.usage_fault_track  cpuport.o
    0x0800aa1c   0x0800aa1c   0x0000000a   Code   RO         5504    i.version           cmd.o
    0x0800aa26   0x0800aa26   0x00000014   Data   RO         4363    .constdata          components.o
    0x0800aa3a   0x0800aa3a   0x00000148   Data   RO         4512    .constdata          ipc.o
    0x0800ab82   0x0800ab82   0x00000143   Data   RO         4745    .constdata          kservice.o
    0x0800acc5   0x0800acc5   0x00000045   Data   RO         4966    .constdata          mem.o
    0x0800ad0a   0x0800ad0a   0x00000080   Data   RO         5027    .constdata          object.o
    0x0800ad8a   0x0800ad8a   0x00000034   Data   RO         5107    .constdata          scheduler.o
    0x0800adbe   0x0800adbe   0x000000bb   Data   RO         5196    .constdata          thread.o
    0x0800ae79   0x0800ae79   0x0000006c   Data   RO         5323    .constdata          timer.o
    0x0800aee5   0x0800aee5   0x0000000e   Data   RO         5591    .constdata          msh.o
    0x0800aef3   0x0800aef3   0x0000004a   Data   RO         5694    .constdata          shell.o
    0x0800af3d   0x0800af3d   0x00000003   PAD
    0x0800af40   0x0800af40   0x00000038   Data   RO         5766    .constdata          m_ws.l(log.o)
    0x0800af78   0x0800af78   0x00000081   Data   RO         5780    .constdata          mc_w.l(ctype_o.o)
    0x0800aff9   0x0800aff9   0x00000003   PAD
    0x0800affc   0x0800affc   0x00000004   Data   RO         5781    .constdata          mc_w.l(ctype_o.o)
    0x0800b000   0x0800b000   0x00000008   Data   RO         6142    .constdata          m_ws.l(qnan.o)
    0x0800b008   0x0800b008   0x00000044   Data   RO          904    .conststring        bms_info.o
    0x0800b04c   0x0800b04c   0x0000008b   Data   RO         4513    .conststring        ipc.o
    0x0800b0d7   0x0800b0d7   0x00000001   PAD
    0x0800b0d8   0x0800b0d8   0x00000058   Data   RO         4746    .conststring        kservice.o
    0x0800b130   0x0800b130   0x000001a8   Data   RO         4967    .conststring        mem.o
    0x0800b2d8   0x0800b2d8   0x00000042   Data   RO         5197    .conststring        thread.o
    0x0800b31a   0x0800b31a   0x00000002   PAD
    0x0800b31c   0x0800b31c   0x00000044   Data   RO         5505    .conststring        cmd.o
    0x0800b360   0x0800b360   0x00000023   Data   RO           59    .rodata.name        app.o
    0x0800b383   0x0800b383   0x00000108   Data   RO          752    .rodata.name        bms_control.o
    0x0800b48b   0x0800b48b   0x000000fc   Data   RO         5506    .rodata.name        cmd.o
    0x0800b587   0x0800b587   0x00000064   Data   RO         5592    .rodata.name        msh.o
    0x0800b5eb   0x0800b5eb   0x00000001   PAD
    0x0800b5ec   0x0800b5ec   0x00000004   Data   RO         4364    .rti_fn.0           components.o
    0x0800b5f0   0x0800b5f0   0x00000004   Data   RO         4365    .rti_fn.0.end       components.o
    0x0800b5f4   0x0800b5f4   0x00000004   Data   RO          230    .rti_fn.1           board.o
    0x0800b5f8   0x0800b5f8   0x00000004   Data   RO         4366    .rti_fn.1.end       components.o
    0x0800b5fc   0x0800b5fc   0x00000004   Data   RO         5696    .rti_fn.6           shell.o
    0x0800b600   0x0800b600   0x00000004   Data   RO         4367    .rti_fn.6.end       components.o
    0x0800b604   0x0800b604   0x0000000c   Data   RO           60    FSymTab             app.o
    0x0800b610   0x0800b610   0x0000006c   Data   RO          753    FSymTab             bms_control.o
    0x0800b67c   0x0800b67c   0x00000060   Data   RO         5507    FSymTab             cmd.o
    0x0800b6dc   0x0800b6dc   0x00000024   Data   RO         5593    FSymTab             msh.o
    0x0800b700   0x0800b700   0x00000020   Data   RO         6190    Region$$Table       anon$$obj.o


    Execution Region RW_IRAM1 (Exec base: 0x20000000, Load base: 0x0800b720, Size: 0x00004b58, Max: 0x00005000, ABSOLUTE, COMPRESSED[0x000001c0])

    Exec Addr    Load Addr    Size         Type   Attr      Idx    E Section Name        Object

    0x20000000   COMPRESSED   0x0000000c   Data   RW           58    .data               app.o
    0x2000000c   COMPRESSED   0x00000004   PAD
    0x20000010   COMPRESSED   0x0000000c   Data   RW          292    .data               delay.o
    0x2000001c   COMPRESSED   0x00000008   Data   RW          350    .data               usart.o
    0x20000024   COMPRESSED   0x00000024   Data   RW          417    .data               soft_i2c.o
    0x20000048   COMPRESSED   0x0000000f   Data   RW          558    .data               bq769.o
    0x20000057   COMPRESSED   0x00000001   PAD
    0x20000058   COMPRESSED   0x000000fc   Data   RW          850    .data               bms_analysis.o
    0x20000154   COMPRESSED   0x00000001   Data   RW          905    .data               bms_info.o
    0x20000155   COMPRESSED   0x00000001   PAD
    0x20000156   COMPRESSED   0x00000012   Data   RW          955    .data               bms_monitor.o
    0x20000168   COMPRESSED   0x00000054   Data   RW         1027    .data               bms_protect.o
    0x200001bc   COMPRESSED   0x00000030   Data   RW         1181    .data               bms_balance.o
    0x200001ec   COMPRESSED   0x00000014   Data   RW         2832    .data               stm32f10x_rcc.o
    0x20000200   COMPRESSED   0x00000004   Data   RW         4320    .data               clock.o
    0x20000204   COMPRESSED   0x00000008   Data   RW         4441    .data               idle.o
    0x2000020c   COMPRESSED   0x00000001   Data   RW         4679    .data               irq.o
    0x2000020d   COMPRESSED   0x00000003   PAD
    0x20000210   COMPRESSED   0x0000003c   Data   RW         4747    .data               kservice.o
    0x2000024c   COMPRESSED   0x00000060   Data   RW         5028    .data               object.o
    0x200002ac   COMPRESSED   0x0000000d   Data   RW         5108    .data               scheduler.o
    0x200002b9   COMPRESSED   0x00000003   PAD
    0x200002bc   COMPRESSED   0x00000018   Data   RW         5324    .data               timer.o
    0x200002d4   COMPRESSED   0x00000010   Data   RW         5441    .data               cpuport.o
    0x200002e4   COMPRESSED   0x00000010   Data   RW         5695    .data               shell.o
    0x200002f4   COMPRESSED   0x00000004   Data   RW         6169    .data               mc_w.l(errno.o)
    0x200002f8        -       0x00003c00   Zero   RW          229    .bss                board.o
    0x20003ef8        -       0x00000080   Zero   RW          349    .bss                usart.o
    0x20003f78        -       0x00000078   Zero   RW          557    .bss                bq769.o
    0x20003ff0        -       0x0000004c   Zero   RW          954    .bss                bms_monitor.o
    0x2000403c        -       0x00000178   Zero   RW         4440    .bss                idle.o
    0x200041b4        -       0x00000124   Zero   RW         4744    .bss                kservice.o
    0x200042d8        -       0x00000100   Zero   RW         5106    .bss                scheduler.o
    0x200043d8        -       0x00000278   Zero   RW         5322    .bss                timer.o
    0x20004650        -       0x00000101   Zero   RW         5693    .bss                shell.o
    0x20004751   COMPRESSED   0x00000007   PAD
    0x20004758        -       0x00000400   Zero   RW         4213    STACK               startup_stm32f10x_md.o


==============================================================================

Image component sizes


      Code (inc. data)   RO Data    RW Data    ZI Data      Debug   Object Name

       328         88         47         12          0     281098   app.o
      1256        260          0        252          0       6088   bms_analysis.o
      1618        580          0         48          0       5808   bms_balance.o
       424        110        372          0          0       9671   bms_control.o
      2048        716         68          1          0       3499   bms_info.o
       710        238          0         18         76       5096   bms_monitor.o
      2318        824          0         84          0       7288   bms_protect.o
       256          0          0          0          0       3232   bms_utils.o
       240         30          4          0      15360       4232   board.o
      4066       1022          0         15        120      23133   bq769.o
       148         12          0          4          0       2180   clock.o
      2532        966        416          0          0      15034   cmd.o
       218         50         36          0          0       5744   components.o
       252         28          0          0          0        780   context_rvds.o
         0          0          0          0          0         32   core_cm3.o
      1440        724          0         16          0       5442   cpuport.o
       188         18          0         12          0       1842   delay.o
       262         30          0          8        376       6294   idle.o
      2512        808        467          0          0      22866   ipc.o
       100         18          0          1          0       2278   irq.o
      2492        338        411         60        292      17010   kservice.o
        16          0          0          0          0      12589   main.o
      1528        554        493          0          0       6461   mem.o
       132         22          0          0          0       1575   misc.o
       974        216        150          0          0       8700   msh.o
       772        268        128         96          0      10298   object.o
       864        136         52         13        256       9548   scheduler.o
      1360        170         78         16        257       8416   shell.o
      1316         62          0         36          0      14658   soft_i2c.o
        36          8        236          0       1024        804   startup_stm32f10x_md.o
       200         18          0          0          0       2124   stm32f10x_exti.o
       518         10          0          0          0       5091   stm32f10x_gpio.o
        16          0          0          0          0       2193   stm32f10x_it.o
       276         32          0         20          0       4426   stm32f10x_rcc.o
       252         42          0          0          0       4018   stm32f10x_tim.o
       442          6          0          0          0       6077   stm32f10x_usart.o
       328         28          0          0          0       2041   system_stm32f10x.o
      1970        586        253          0          0      15033   thread.o
      2176        614        108         24        632      15562   timer.o
       384         46          0          8        128       2856   usart.o

    ----------------------------------------------------------------------
     37016       9678       3358        756      18528     561117   Object Totals
         0          0         32          0          0          0   (incl. Generated)
        48          0          7         12          7          0   (incl. Padding)

    ----------------------------------------------------------------------

      Code (inc. data)   RO Data    RW Data    ZI Data      Debug   Library Member Name

        34          4          0          0          0        204   dunder.o
       860         52         56          0          0        256   log.o
       170          0          0          0          0         96   poly.o
         0          0          8          0          0          0   qnan.o
        86          0          0          0          0          0   __dczerorl2.o
        28          0          0          0          0         68   _chval.o
       158          0          0          0          0         92   _strtoul.o
        26          0          0          0          0         80   atoi.o
         8          4        133          0          0         68   ctype_o.o
         0          0          0          0          0          0   entry.o
         0          0          0          0          0          0   entry10a.o
         0          0          0          0          0          0   entry11a.o
         8          4          0          0          0          0   entry2.o
         4          0          0          0          0          0   entry5.o
         0          0          0          0          0          0   entry7b.o
         0          0          0          0          0          0   entry8b.o
         8          4          0          0          0          0   entry9a.o
        20         10          0          4          0        136   errno.o
        30          0          0          0          0          0   handlers.o
        36          8          0          0          0         68   init.o
         0          0          0          0          0          0   iusefp.o
        30          0          0          0          0         68   llshl.o
        36          0          0          0          0         68   llsshr.o
        32          0          0          0          0         68   llushr.o
        36          0          0          0          0         68   memcpya.o
        36          0          0          0          0        108   memseta.o
      2276         86          0          0          0        520   printfa.o
        24          0          0          0          0         68   strcat.o
        28          0          0          0          0         76   strcmp.o
        18          0          0          0          0         68   strcpy.o
        14          0          0          0          0         68   strlen.o
        30          0          0          0          0         80   strncmp.o
        24          0          0          0          0         76   strncpy.o
       112          0          0          0          0         88   strtol.o
        44          0          0          0          0         80   uidiv.o
        98          0          0          0          0         92   uldiv.o
        48          0          0          0          0         68   cdcmple.o
        48          0          0          0          0         68   cdrcmple.o
        20          0          0          0          0         68   cfcmple.o
        20          0          0          0          0         68   cfrcmple.o
        56          0          0          0          0         88   d2f.o
       334          0          0          0          0        148   dadd.o
       222          0          0          0          0        100   ddiv.o
       186          0          0          0          0        176   depilogue.o
        48          0          0          0          0         68   dfixul.o
        34          0          0          0          0         76   dflti.o
        26          0          0          0          0         76   dfltui.o
       228          0          0          0          0         96   dmul.o
        46          0          0          0          0         80   dscalb.o
        38          0          0          0          0         68   f2d.o
       176          0          0          0          0        140   fadd.o
       124          0          0          0          0         88   fdiv.o
       110          0          0          0          0        168   fepilogue.o
        50          0          0          0          0         68   ffixi.o
        40          0          0          0          0         68   ffixui.o
        18          0          0          0          0         68   fflti.o
        10          0          0          0          0         68   ffltui.o
       100          0          0          0          0         76   fmul.o

    ----------------------------------------------------------------------
      6306        172        200          4          0       4656   Library Totals
        10          0          3          0          0          0   (incl. Padding)

    ----------------------------------------------------------------------

      Code (inc. data)   RO Data    RW Data    ZI Data      Debug   Library Name

      1064         56         64          0          0        556   m_ws.l
      3250        116        133          4          0       2108   mc_w.l
      1982          0          0          0          0       1992   mf_w.l

    ----------------------------------------------------------------------
      6306        172        200          4          0       4656   Library Totals

    ----------------------------------------------------------------------

==============================================================================


      Code (inc. data)   RO Data    RW Data    ZI Data      Debug   

     43322       9850       3558        760      18528     547545   Grand Totals
     43322       9850       3558        448      18528     547545   ELF Image Totals (compressed)
     43322       9850       3558        448          0          0   ROM Totals

==============================================================================

    Total RO  Size (Code + RO Data)                46880 (  45.78kB)
    Total RW  Size (RW Data + ZI Data)             19288 (  18.84kB)
    Total ROM Size (Code + RO Data + RW Data)      47328 (  46.22kB)

==============================================================================

