Component: ARM Compiler 5.06 update 6 (build 750) Tool: armlink [4d35ed]

==============================================================================

Section Cross References

    app.o(i.app_init) refers to stm32f10x_rcc.o(i.RCC_APB2PeriphClockCmd) for RCC_APB2PeriphClockCmd
    app.o(i.app_init) refers to stm32f10x_gpio.o(i.GPIO_PinRemapConfig) for GPIO_PinRemapConfig
    app.o(i.app_init) refers to soft_i2c.o(i.I2C_BusInitialize) for I2C_BusInitialize
    app.o(i.app_init) refers to ipc.o(i.rt_mutex_create) for rt_mutex_create
    app.o(i.app_init) refers to kservice.o(i.rt_kprintf) for rt_kprintf
    app.o(i.app_init) refers to bq769.o(i.BQ769X0_Initialize) for BQ769X0_Initialize
    app.o(i.app_init) refers to bms_monitor.o(i.BMS_MonitorInit) for BMS_MonitorInit
    app.o(i.app_init) refers to bms_protect.o(i.BMS_ProtectInit) for BMS_ProtectInit
    app.o(i.app_init) refers to bms_analysis.o(i.BMS_AnalysisInit) for BMS_AnalysisInit
    app.o(i.app_init) refers to bms_info.o(i.BMS_InfoInit) for BMS_InfoInit
    app.o(i.app_init) refers to bms_balance.o(i.BMS_BalanceInit) for BMS_BalanceInit
    app.o(i.app_init) refers to bms_protect.o(i.BMS_ProtectHwOCD) for BMS_ProtectHwOCD
    app.o(i.app_init) refers to bms_protect.o(i.BMS_ProtectHwSCD) for BMS_ProtectHwSCD
    app.o(i.app_init) refers to bms_protect.o(i.BMS_ProtectHwOV) for BMS_ProtectHwOV
    app.o(i.app_init) refers to bms_protect.o(i.BMS_ProtectHwUV) for BMS_ProtectHwUV
    app.o(i.app_init) refers to bms_protect.o(i.BMS_ProtectHwDevice) for BMS_ProtectHwDevice
    app.o(i.app_init) refers to bms_protect.o(i.BMS_ProtectHwOvrd) for BMS_ProtectHwOvrd
    app.o(i.app_init) refers to app.o(.data) for i2c_mutex
    app.o(i.led_gpio_init) refers to stm32f10x_rcc.o(i.RCC_APB2PeriphClockCmd) for RCC_APB2PeriphClockCmd
    app.o(i.led_gpio_init) refers to stm32f10x_gpio.o(i.GPIO_SetBits) for GPIO_SetBits
    app.o(i.led_gpio_init) refers to stm32f10x_gpio.o(i.GPIO_Init) for GPIO_Init
    app.o(i.led_init) refers to app.o(i.led_gpio_init) for led_gpio_init
    app.o(i.led_init) refers to thread.o(i.rt_thread_create) for rt_thread_create
    app.o(i.led_init) refers to thread.o(i.rt_thread_startup) for rt_thread_startup
    app.o(i.led_init) refers to app.o(i.led_task) for led_task
    app.o(i.led_init) refers to app.o(.data) for led_thread
    app.o(i.led_task) refers to app.o(i.led_toggle) for led_toggle
    app.o(i.led_task) refers to thread.o(i.rt_thread_delay) for rt_thread_delay
    app.o(i.led_task) refers to app.o(.data) for led_time
    app.o(i.shell_test) refers to atoi.o(.text) for atoi
    app.o(i.shell_test) refers to app.o(.data) for led_time
    app.o(FSymTab) refers to app.o(.rodata.name) for __fsym_shell_test_name
    app.o(FSymTab) refers to app.o(i.shell_test) for shell_test
    board.o(i.rt_heap_begin_get) refers to board.o(.bss) for rt_heap
    board.o(i.rt_heap_end_get) refers to board.o(.bss) for rt_heap
    board.o(i.rt_hw_board_init) refers to delay.o(i.tim_tick_init) for tim_tick_init
    board.o(i.rt_hw_board_init) refers to board.o(i.rt_heap_end_get) for rt_heap_end_get
    board.o(i.rt_hw_board_init) refers to board.o(i.rt_heap_begin_get) for rt_heap_begin_get
    board.o(i.rt_hw_board_init) refers to kservice.o(i.rt_system_heap_init) for rt_system_heap_init
    board.o(i.rt_hw_board_init) refers to components.o(i.rt_components_board_init) for rt_components_board_init
    board.o(i.rt_hw_console_getchar) refers to ipc.o(i.rt_sem_take) for rt_sem_take
    board.o(i.rt_hw_console_getchar) refers to context_rvds.o(.text) for rt_hw_interrupt_disable
    board.o(i.rt_hw_console_getchar) refers to usart.o(.data) for uart_rx_sem
    board.o(i.rt_hw_console_getchar) refers to usart.o(.bss) for rx_buf
    board.o(i.rt_hw_console_output) refers to stm32f10x_usart.o(i.USART_SendData) for USART_SendData
    board.o(i.rt_hw_console_output) refers to stm32f10x_usart.o(i.USART_GetFlagStatus) for USART_GetFlagStatus
    board.o(i.rt_os_tick_callback) refers to irq.o(i.rt_interrupt_enter) for rt_interrupt_enter
    board.o(i.rt_os_tick_callback) refers to clock.o(i.rt_tick_increase) for rt_tick_increase
    board.o(i.rt_os_tick_callback) refers to irq.o(i.rt_interrupt_leave) for rt_interrupt_leave
    board.o(i.uart_init) refers to usart.o(i.USART1_Init) for USART1_Init
    board.o(.rti_fn.1) refers to board.o(i.uart_init) for uart_init
    main.o(i.main) refers to app.o(i.app_init) for app_init
    main.o(i.main) refers to thread.o(i.rt_thread_delay) for rt_thread_delay
    bms_analysis.o(i.BMS_AnalysisAhIntegrateToSoc) refers to fmul.o(.text) for __aeabi_fmul
    bms_analysis.o(i.BMS_AnalysisAhIntegrateToSoc) refers to ffixi.o(.text) for __aeabi_f2iz
    bms_analysis.o(i.BMS_AnalysisAhIntegrateToSoc) refers to fflti.o(.text) for __aeabi_i2f
    bms_analysis.o(i.BMS_AnalysisAhIntegrateToSoc) refers to fdiv.o(.text) for __aeabi_fdiv
    bms_analysis.o(i.BMS_AnalysisAhIntegrateToSoc) refers to f2d.o(.text) for __aeabi_f2d
[...]
    __ARM_scalbn                             0x08000bd7   Thumb Code    46  dscalb.o(.text)
    scalbn                                   0x08000bd7   Thumb Code     0  dscalb.o(.text)
    __aeabi_d2ulz                            0x08000c05   Thumb Code    48  dfixul.o(.text)
    __scatterload                            0x08000c35   Thumb Code    28  init.o(.text)
    __scatterload_rt2                        0x08000c35   Thumb Code     0  init.o(.text)
    _strtoul                                 0x08000c59   Thumb Code   158  _strtoul.o(.text)
    _chval                                   0x08000cf7   Thumb Code    28  _chval.o(.text)
    __decompress                             0x08000d13   Thumb Code     0  __dczerorl2.o(.text)
    __decompress1                            0x08000d13   Thumb Code    86  __dczerorl2.o(.text)
    main                                     0x08000d69   Thumb Code    10  components.o(i.$Sub$$main)
    BMS_AnalysisInit                         0x08000f7d   Thumb Code    80  bms_analysis.o(i.BMS_AnalysisInit)
    BMS_BalanceInit                          0x0800153d   Thumb Code   150  bms_balance.o(i.BMS_BalanceInit)
    BMS_HalCtrlCellsBalance                  0x08001bb9   Thumb Code    36  bms_control.o(i.BMS_HalCtrlCellsBalance)
    BMS_HalCtrlCharge                        0x08001be1   Thumb Code    34  bms_control.o(i.BMS_HalCtrlCharge)
    BMS_HalCtrlDischarge                     0x08001c09   Thumb Code    34  bms_control.o(i.BMS_HalCtrlDischarge)
    BMS_HalUpdateCellCurrent                 0x08001c95   Thumb Code    28  bms_control.o(i.BMS_HalUpdateCellCurrent)
    BMS_HalUpdateCellTemperature             0x08001cb5   Thumb Code    28  bms_control.o(i.BMS_HalUpdateCellTemperature)
    BMS_HalUpdateCellVoltage                 0x08001cd5   Thumb Code    32  bms_control.o(i.BMS_HalUpdateCellVoltage)
    BMS_InfoControlPrintf                    0x08001cf9   Thumb Code    18  bms_info.o(i.BMS_InfoControlPrintf)
    BMS_InfoInit                             0x08001d11   Thumb Code    84  bms_info.o(i.BMS_InfoInit)
    BMS_MonitorInit                          0x08002579   Thumb Code    80  bms_monitor.o(i.BMS_MonitorInit)
    BMS_ProtectHwDevice                      0x080026a9   Thumb Code     2  bms_protect.o(i.BMS_ProtectHwDevice)
    BMS_ProtectHwOCD                         0x080026ad   Thumb Code    60  bms_protect.o(i.BMS_ProtectHwOCD)
    BMS_ProtectHwOV                          0x08002721   Thumb Code    60  bms_protect.o(i.BMS_ProtectHwOV)
    BMS_ProtectHwOvrd                        0x08002791   Thumb Code     2  bms_protect.o(i.BMS_ProtectHwOvrd)
    BMS_ProtectHwSCD                         0x08002795   Thumb Code    60  bms_protect.o(i.BMS_ProtectHwSCD)
    BMS_ProtectHwUV                          0x08002809   Thumb Code    60  bms_protect.o(i.BMS_ProtectHwUV)
    BMS_ProtectInit                          0x08002879   Thumb Code    80  bms_protect.o(i.BMS_ProtectInit)
    BQ769X0_CellBalanceControl               0x08002e99   Thumb Code   110  bq769.o(i.BQ769X0_CellBalanceControl)
    BQ769X0_ControlDSGOrCHG                  0x08002ffd   Thumb Code    42  bq769.o(i.BQ769X0_ControlDSGOrCHG)
    BQ769X0_EntryShip                        0x0800302d   Thumb Code    28  bq769.o(i.BQ769X0_EntryShip)
    BQ769X0_GetADCGainOffset                 0x08003049   Thumb Code   170  bq769.o(i.BQ769X0_GetADCGainOffset)
    BQ769X0_Initialize                       0x08003109   Thumb Code   232  bq769.o(i.BQ769X0_Initialize)
    BQ769X0_LoadDetect                       0x08003235   Thumb Code    40  bq769.o(i.BQ769X0_LoadDetect)
    BQ769X0_UpdateBatVolt                    0x080036b1   Thumb Code   130  bq769.o(i.BQ769X0_UpdateBatVolt)
    BQ769X0_UpdateCellVolt                   0x08003779   Thumb Code   140  bq769.o(i.BQ769X0_UpdateCellVolt)
    BQ769X0_UpdateCurrent                    0x08003849   Thumb Code   140  bq769.o(i.BQ769X0_UpdateCurrent)
    BQ769X0_UpdateTsTemp                     0x08003919   Thumb Code   236  bq769.o(i.BQ769X0_UpdateTsTemp)
    BQ769X0_Wakeup                           0x08003a51   Thumb Code    50  bq769.o(i.BQ769X0_Wakeup)
    BubbleFloat                              0x08003d09   Thumb Code    70  bms_utils.o(i.BubbleFloat)
    BubbleSort                               0x08003d4f   Thumb Code    82  bms_utils.o(i.BubbleSort)
    BusFault_Handler                         0x08003da1   Thumb Code     4  stm32f10x_it.o(i.BusFault_Handler)
    CAN1_RX1_IRQHandler                      0x08003da5   Thumb Code     8  can.o(i.CAN1_RX1_IRQHandler)
    CAN1_SCE_IRQHandler                      0x08003dad   Thumb Code     8  can.o(i.CAN1_SCE_IRQHandler)
    CAN_ClearITPendingBit                    0x08003db5   Thumb Code   162  stm32f10x_can.o(i.CAN_ClearITPendingBit)
    CAN_GetITStatus                          0x08003e5d   Thumb Code   284  stm32f10x_can.o(i.CAN_GetITStatus)
    CAN_MessagePending                       0x08003f7d   Thumb Code    30  stm32f10x_can.o(i.CAN_MessagePending)
    CAN_Receive                              0x08003f9b   Thumb Code   240  stm32f10x_can.o(i.CAN_Receive)
    CAN_TransmitStatus                       0x0800408d   Thumb Code   138  stm32f10x_can.o(i.CAN_TransmitStatus)
    CanIf_ControllerBusOff                   0x08004171   Thumb Code     2  canif.o(i.CanIf_ControllerBusOff)
    CanIf_TxConfirmation                     0x08004173   Thumb Code     2  canif.o(i.CanIf_TxConfirmation)
    Can_IsrError                             0x08004175   Thumb Code    94  can.o(i.Can_IsrError)
    Can_IsrRxFifo0                           0x080041dd   Thumb Code    34  can.o(i.Can_IsrRxFifo0)
    Can_IsrRxFifo1                           0x08004209   Thumb Code    34  can.o(i.Can_IsrRxFifo1)
    Can_IsrTx                                0x08004235   Thumb Code    32  can.o(i.Can_IsrTx)
    Can_MainFunction_BusOff                  0x0800425d   Thumb Code    18  can.o(i.Can_MainFunction_BusOff)
    Can_MainFunction_Error                   0x08004271   Thumb Code    16  can.o(i.Can_MainFunction_Error)
    Can_MainFunction_Wakeup                  0x08004285   Thumb Code     2  can.o(i.Can_MainFunction_Wakeup)
    Can_MainFunction_Write                   0x08004289   Thumb Code    84  can.o(i.Can_MainFunction_Write)
    DebugMon_Handler                         0x080043eb   Thumb Code     2  stm32f10x_it.o(i.DebugMon_Handler)
    EXTI15_10_IRQHandler                     0x080043ed   Thumb Code    26  bq769.o(i.EXTI15_10_IRQHandler)
    EXTI_ClearITPendingBit                   0x08004409   Thumb Code     6  stm32f10x_exti.o(i.EXTI_ClearITPendingBit)
    EXTI_GetITStatus                         0x08004415   Thumb Code    34  stm32f10x_exti.o(i.EXTI_GetITStatus)
    EXTI_Init                                0x0800443d   Thumb Code   142  stm32f10x_exti.o(i.EXTI_Init)
    GPIO_EXTILineConfig                      0x080044e1   Thumb Code    60  stm32f10x_gpio.o(i.GPIO_EXTILineConfig)
    GPIO_Init                                0x08004521   Thumb Code   278  stm32f10x_gpio.o(i.GPIO_Init)
    GPIO_PinRemapConfig                      0x08004639   Thumb Code   138  stm32f10x_gpio.o(i.GPIO_PinRemapConfig)
    GPIO_ReadInputDataBit                    0x080046c9   Thumb Code    18  stm32f10x_gpio.o(i.GPIO_ReadInputDataBit)
    GPIO_SetBits                             0x080046db   Thumb Code     4  stm32f10x_gpio.o(i.GPIO_SetBits)
    GPIO_WriteBit                            0x080046df   Thumb Code    10  stm32f10x_gpio.o(i.GPIO_WriteBit)
    I2C_BusInitialize                        0x08004839   Thumb Code    12  soft_i2c.o(i.I2C_BusInitialize)
    I2C_TransferMessages                     0x08004a1f   Thumb Code   182  soft_i2c.o(i.I2C_TransferMessages)
    MemManage_Handler                        0x08004b5b   Thumb Code     4  stm32f10x_it.o(i.MemManage_Handler)
    NMI_Handler                              0x08004b5f   Thumb Code     2  stm32f10x_it.o(i.NMI_Handler)
    NVIC_Init                                0x08004b61   Thumb Code   100  misc.o(i.NVIC_Init)
    NVIC_PriorityGroupConfig                 0x08004bd1   Thumb Code    10  misc.o(i.NVIC_PriorityGroupConfig)
    RCC_APB1PeriphClockCmd                   0x08004be5   Thumb Code    26  stm32f10x_rcc.o(i.RCC_APB1PeriphClockCmd)
    RCC_APB2PeriphClockCmd                   0x08004c05   Thumb Code    26  stm32f10x_rcc.o(i.RCC_APB2PeriphClockCmd)
    RCC_GetClocksFreq                        0x08004c25   Thumb Code   192  stm32f10x_rcc.o(i.RCC_GetClocksFreq)
    SystemInit                               0x08004e61   Thumb Code    78  system_stm32f10x.o(i.SystemInit)
    TIM3_IRQHandler                          0x08004ec1   Thumb Code    60  delay.o(i.TIM3_IRQHandler)
    TIM_ClearFlag                            0x08004f09   Thumb Code     6  stm32f10x_tim.o(i.TIM_ClearFlag)
    TIM_ClearITPendingBit                    0x08004f0f   Thumb Code     6  stm32f10x_tim.o(i.TIM_ClearITPendingBit)
    TIM_Cmd                                  0x08004f15   Thumb Code    24  stm32f10x_tim.o(i.TIM_Cmd)
    TIM_GetITStatus                          0x08004f2d   Thumb Code    34  stm32f10x_tim.o(i.TIM_GetITStatus)
    TIM_ITConfig                             0x08004f4f   Thumb Code    18  stm32f10x_tim.o(i.TIM_ITConfig)
    TIM_TimeBaseInit                         0x08004f61   Thumb Code   122  stm32f10x_tim.o(i.TIM_TimeBaseInit)
    USART1_IRQHandler                        0x0800512d   Thumb Code    94  usart.o(i.USART1_IRQHandler)
    USART1_Init                              0x080051a1   Thumb Code    32  usart.o(i.USART1_Init)
    USART_Cmd                                0x08005241   Thumb Code    24  stm32f10x_usart.o(i.USART_Cmd)
    USART_GetFlagStatus                      0x08005259   Thumb Code    26  stm32f10x_usart.o(i.USART_GetFlagStatus)
    USART_GetITStatus                        0x08005273   Thumb Code    84  stm32f10x_usart.o(i.USART_GetITStatus)
    USART_ITConfig                           0x080052c7   Thumb Code    74  stm32f10x_usart.o(i.USART_ITConfig)
    USART_Init                               0x08005311   Thumb Code   210  stm32f10x_usart.o(i.USART_Init)
    USART_ReceiveData                        0x080053e9   Thumb Code    10  stm32f10x_usart.o(i.USART_ReceiveData)
    USART_SendData                           0x080053f3   Thumb Code     8  stm32f10x_usart.o(i.USART_SendData)
    USB_HP_CAN1_TX_IRQHandler                0x080053fb   Thumb Code     8  can.o(i.USB_HP_CAN1_TX_IRQHandler)
    USB_LP_CAN1_RX0_IRQHandler               0x08005403   Thumb Code     8  can.o(i.USB_LP_CAN1_RX0_IRQHandler)
    UsageFault_Handler                       0x0800540b   Thumb Code     4  stm32f10x_it.o(i.UsageFault_Handler)
    __0sprintf                               0x08005411   Thumb Code    34  printfa.o(i.__0sprintf)
    __1sprintf                               0x08005411   Thumb Code     0  printfa.o(i.__0sprintf)
    __2sprintf                               0x08005411   Thumb Code     0  printfa.o(i.__0sprintf)
    __c89sprintf                             0x08005411   Thumb Code     0  printfa.o(i.__0sprintf)
    sprintf                                  0x08005411   Thumb Code     0  printfa.o(i.__0sprintf)
    __aeabi_errno_addr                       0x08005439   Thumb Code     4  errno.o(i.__aeabi_errno_addr)
    __rt_errno_addr                          0x08005439   Thumb Code     0  errno.o(i.__aeabi_errno_addr)
    __kernel_poly                            0x08005441   Thumb Code   170  poly.o(i.__kernel_poly)
    __mathlib_dbl_divzero                    0x080054ed   Thumb Code    12  dunder.o(i.__mathlib_dbl_divzero)
    __mathlib_dbl_infnan                     0x080054fd   Thumb Code     6  dunder.o(i.__mathlib_dbl_infnan)
    __mathlib_dbl_invalid                    0x08005503   Thumb Code    12  dunder.o(i.__mathlib_dbl_invalid)
    __rt_ffs                                 0x08005511   Thumb Code    70  kservice.o(i.__rt_ffs)
    __scatterload_copy                       0x0800555d   Thumb Code    14  handlers.o(i.__scatterload_copy)
    __scatterload_null                       0x0800556b   Thumb Code     2  handlers.o(i.__scatterload_null)
    __scatterload_zeroinit                   0x0800556d   Thumb Code    14  handlers.o(i.__scatterload_zeroinit)
    __set_errno                              0x0800557d   Thumb Code     6  errno.o(i.__set_errno)
    app_init                                 0x08006291   Thumb Code   196  app.o(i.app_init)
    cmd_free                                 0x080064b9   Thumb Code    64  msh.o(i.cmd_free)
    cmd_list                                 0x08006539   Thumb Code   144  cmd.o(i.cmd_list)
    cmd_ps                                   0x080066a1   Thumb Code    14  msh.o(i.cmd_ps)
    finsh_get_prompt                         0x080066f5   Thumb Code    68  shell.o(i.finsh_get_prompt)
    finsh_getchar                            0x08006751   Thumb Code     8  shell.o(i.finsh_getchar)
    finsh_set_prompt_mode                    0x08006759   Thumb Code    42  shell.o(i.finsh_set_prompt_mode)
    finsh_system_function_init               0x080067a1   Thumb Code    10  shell.o(i.finsh_system_function_init)
    finsh_system_init                        0x080067b5   Thumb Code    98  shell.o(i.finsh_system_init)
    finsh_thread_entry                       0x08006851   Thumb Code   930  shell.o(i.finsh_thread_entry)
    list_mailbox                             0x08006d49   Thumb Code   224  cmd.o(i.list_mailbox)
    list_mutex                               0x08006ea5   Thumb Code   168  cmd.o(i.list_mutex)
    list_sem                                 0x08006fb1   Thumb Code   216  cmd.o(i.list_sem)
    list_thread                              0x080070e9   Thumb Code   302  cmd.o(i.list_thread)
    list_timer                               0x080072d5   Thumb Code   212  cmd.o(i.list_timer)
    log                                      0x0800747d   Thumb Code   808  log.o(i.log)
    $Super$$main                             0x080077d9   Thumb Code    16  main.o(i.main)
    main_thread_entry                        0x080077e9   Thumb Code    14  components.o(i.main_thread_entry)
    msh_auto_complete                        0x080078e1   Thumb Code   120  msh.o(i.msh_auto_complete)
    msh_exec                                 0x08007965   Thumb Code    84  msh.o(i.msh_exec)
    msh_help                                 0x08007a11   Thumb Code    48  msh.o(i.msh_help)
    right_bound                              0x08007e01   Thumb Code    78  bms_utils.o(i.right_bound)
    rt_application_init                      0x08007e51   Thumb Code    46  components.o(i.rt_application_init)
    rt_assert_handler                        0x08007ea1   Thumb Code    56  kservice.o(i.rt_assert_handler)
    rt_calloc                                0x08007f15   Thumb Code    34  kservice.o(i.rt_calloc)
    rt_components_board_init                 0x08007f39   Thumb Code    20  components.o(i.rt_components_board_init)
    rt_components_init                       0x08007f55   Thumb Code    20  components.o(i.rt_components_init)
    rt_critical_level                        0x08007f71   Thumb Code     8  scheduler.o(i.rt_critical_level)
    rt_enter_critical                        0x08007fbd   Thumb Code    28  scheduler.o(i.rt_enter_critical)
    rt_exit_critical                         0x08007fdd   Thumb Code    60  scheduler.o(i.rt_exit_critical)
    rt_free                                  0x08008021   Thumb Code    30  kservice.o(i.rt_free)
    rt_heap_begin_get                        0x08008041   Thumb Code     4  board.o(i.rt_heap_begin_get)
    rt_heap_end_get                          0x08008049   Thumb Code     4  board.o(i.rt_heap_end_get)
    rt_hw_board_init                         0x08008051   Thumb Code    30  board.o(i.rt_hw_board_init)
    rt_hw_console_getchar                    0x08008071   Thumb Code    80  board.o(i.rt_hw_console_getchar)
    rt_hw_console_output                     0x080080d1   Thumb Code    66  board.o(i.rt_hw_console_output)
    rt_hw_hard_fault_exception               0x08008119   Thumb Code   198  cpuport.o(i.rt_hw_hard_fault_exception)
    rt_hw_stack_init                         0x08008321   Thumb Code    70  cpuport.o(i.rt_hw_stack_init)
    rt_interrupt_enter                       0x0800836d   Thumb Code    30  irq.o(i.rt_interrupt_enter)
    rt_interrupt_get_nest                    0x08008391   Thumb Code    22  irq.o(i.rt_interrupt_get_nest)
    rt_interrupt_leave                       0x080083ad   Thumb Code    30  irq.o(i.rt_interrupt_leave)
    rt_kprintf                               0x080083d1   Thumb Code    46  kservice.o(i.rt_kprintf)
    rt_malloc                                0x080084b5   Thumb Code    32  kservice.o(i.rt_malloc)
    rt_memcpy                                0x080084d9   Thumb Code   124  kservice.o(i.rt_memcpy)
    rt_memmove                               0x08008555   Thumb Code    66  kservice.o(i.rt_memmove)
    rt_memory_info                           0x08008599   Thumb Code    64  kservice.o(i.rt_memory_info)
    rt_memset                                0x080085dd   Thumb Code    72  kservice.o(i.rt_memset)
    rt_mutex_create                          0x08008625   Thumb Code    98  ipc.o(i.rt_mutex_create)
    rt_mutex_init                            0x080086b9   Thumb Code    62  ipc.o(i.rt_mutex_init)
    rt_mutex_release                         0x08008711   Thumb Code   328  ipc.o(i.rt_mutex_release)
    rt_mutex_take                            0x080088d9   Thumb Code   396  ipc.o(i.rt_mutex_take)
    rt_object_allocate                       0x08008b11   Thumb Code   140  object.o(i.rt_object_allocate)
    rt_object_delete                         0x08008be5   Thumb Code    70  object.o(i.rt_object_delete)
    rt_object_detach                         0x08008c71   Thumb Code    44  object.o(i.rt_object_detach)
    rt_object_get_information                0x08008cb5   Thumb Code    36  object.o(i.rt_object_get_information)
    rt_object_get_type                       0x08008cdd   Thumb Code    26  object.o(i.rt_object_get_type)
    rt_object_init                           0x08008d11   Thumb Code   122  object.o(i.rt_object_init)
    rt_object_is_systemobject                0x08008db9   Thumb Code    34  object.o(i.rt_object_is_systemobject)
    rt_os_tick_callback                      0x08008df5   Thumb Code    16  board.o(i.rt_os_tick_callback)
    rt_schedule                              0x08008e05   Thumb Code   270  scheduler.o(i.rt_schedule)
    rt_schedule_insert_thread                0x08008f29   Thumb Code   160  scheduler.o(i.rt_schedule_insert_thread)
    rt_schedule_remove_thread                0x08008fed   Thumb Code    94  scheduler.o(i.rt_schedule_remove_thread)
    rt_sem_create                            0x0800906d   Thumb Code   120  ipc.o(i.rt_sem_create)
    rt_sem_init                              0x08009165   Thumb Code    88  ipc.o(i.rt_sem_init)
    rt_sem_release                           0x08009221   Thumb Code   122  ipc.o(i.rt_sem_release)
    rt_sem_take                              0x080092b5   Thumb Code   294  ipc.o(i.rt_sem_take)
    rt_show_version                          0x08009485   Thumb Code    42  kservice.o(i.rt_show_version)
    rt_smem_alloc                            0x08009549   Thumb Code   450  mem.o(i.rt_smem_alloc)
    rt_smem_free                             0x080097c1   Thumb Code   206  mem.o(i.rt_smem_free)
    rt_smem_init                             0x08009965   Thumb Code   176  mem.o(i.rt_smem_init)
    rt_soft_timer_check                      0x08009a59   Thumb Code   190  timer.o(i.rt_soft_timer_check)
    rt_sprintf                               0x08009b21   Thumb Code    34  kservice.o(i.rt_sprintf)
    rt_strerror                              0x08009b45   Thumb Code    26  kservice.o(i.rt_strerror)
    rt_strncpy                               0x08009b65   Thumb Code    52  kservice.o(i.rt_strncpy)
    rt_system_heap_init                      0x08009b99   Thumb Code    66  kservice.o(i.rt_system_heap_init)
    rt_system_scheduler_init                 0x08009c11   Thumb Code    42  scheduler.o(i.rt_system_scheduler_init)
    rt_system_scheduler_start                0x08009c49   Thumb Code    36  scheduler.o(i.rt_system_scheduler_start)
    rt_system_timer_init                     0x08009c71   Thumb Code    24  timer.o(i.rt_system_timer_init)
    rt_system_timer_thread_init              0x08009c8d   Thumb Code    58  timer.o(i.rt_system_timer_thread_init)
    rt_thread_control                        0x08009ce1   Thumb Code   182  thread.o(i.rt_thread_control)
    rt_thread_create                         0x08009db5   Thumb Code    80  thread.o(i.rt_thread_create)
    rt_thread_defunct_dequeue                0x08009e05   Thumb Code    56  idle.o(i.rt_thread_defunct_dequeue)
    rt_thread_defunct_enqueue                0x08009e41   Thumb Code    24  idle.o(i.rt_thread_defunct_enqueue)
    rt_thread_delay                          0x08009e5d   Thumb Code    12  thread.o(i.rt_thread_delay)
    rt_thread_delete                         0x08009e69   Thumb Code   128  thread.o(i.rt_thread_delete)
    rt_thread_detach                         0x08009f41   Thumb Code   128  thread.o(i.rt_thread_detach)
    rt_thread_idle_init                      0x0800a015   Thumb Code    82  idle.o(i.rt_thread_idle_init)
    rt_thread_init                           0x0800a07d   Thumb Code    78  thread.o(i.rt_thread_init)
    rt_thread_mdelay                         0x0800a0fd   Thumb Code    20  thread.o(i.rt_thread_mdelay)
    rt_thread_resume                         0x0800a111   Thumb Code   104  thread.o(i.rt_thread_resume)
    rt_thread_self                           0x0800a195   Thumb Code     6  thread.o(i.rt_thread_self)
    rt_thread_sleep                          0x0800a1a1   Thumb Code   104  thread.o(i.rt_thread_sleep)
    rt_thread_startup                        0x0800a225   Thumb Code   102  thread.o(i.rt_thread_startup)
    rt_thread_suspend                        0x0800a2e1   Thumb Code   136  thread.o(i.rt_thread_suspend)
    rt_tick_from_millisecond                 0x0800a3a1   Thumb Code    56  clock.o(i.rt_tick_from_millisecond)
    rt_tick_get                              0x0800a3d9   Thumb Code     6  clock.o(i.rt_tick_get)
    rt_tick_increase                         0x0800a3e5   Thumb Code    74  clock.o(i.rt_tick_increase)
    rt_timer_check                           0x0800a435   Thumb Code   172  timer.o(i.rt_timer_check)
    rt_timer_control                         0x0800a4e5   Thumb Code   162  timer.o(i.rt_timer_control)
    rt_timer_create                          0x0800a605   Thumb Code    88  timer.o(i.rt_timer_create)
    rt_timer_detach                          0x0800a68d   Thumb Code    96  timer.o(i.rt_timer_detach)
    rt_timer_init                            0x0800a76d   Thumb Code    94  timer.o(i.rt_timer_init)
    rt_timer_start                           0x0800a811   Thumb Code   328  timer.o(i.rt_timer_start)
    rt_timer_stop                            0x0800a9c1   Thumb Code    84  timer.o(i.rt_timer_stop)
    rt_vsnprintf                             0x0800aa69   Thumb Code   824  kservice.o(i.rt_vsnprintf)
    rt_vsprintf                              0x0800ada9   Thumb Code    22  kservice.o(i.rt_vsprintf)
    rtthread_startup                         0x0800adcf   Thumb Code    42  components.o(i.rtthread_startup)
    swap                                     0x0800aed7   Thumb Code    26  bms_utils.o(i.swap)
    tim_tick_init                            0x0800aef1   Thumb Code   110  delay.o(i.tim_tick_init)
    version                                  0x0800b059   Thumb Code    10  cmd.o(i.version)
    __lowest_bit_bitmap                      0x0800b1be   Data         256  kservice.o(.constdata)
    __ctype_table                            0x0800b5b8   Data         129  ctype_o.o(.constdata)
    __mathlib_zero                           0x0800b640   Data           8  qnan.o(.constdata)
    __fsym_shell_test_name                   0x0800b9a0   Data          11  app.o(.rodata.name)
    __fsym_shell_test_desc                   0x0800b9ab   Data          24  app.o(.rodata.name)
    __fsym_BMS_CmdOpenDSG_name               0x0800b9c3   Data          15  bms_control.o(.rodata.name)
    __fsym_BMS_CmdOpenDSG_desc               0x0800b9d2   Data           9  bms_control.o(.rodata.name)
    __fsym_BMS_CmdCloseDSG_name              0x0800b9db   Data          16  bms_control.o(.rodata.name)
    __fsym_BMS_CmdCloseDSG_desc              0x0800b9eb   Data          10  bms_control.o(.rodata.name)
    __fsym_BMS_CmdOpenCHG_name               0x0800b9f5   Data          15  bms_control.o(.rodata.name)
    __fsym_BMS_CmdOpenCHG_desc               0x0800ba04   Data           9  bms_control.o(.rodata.name)
    __fsym_BMS_CmdCloseCHG_name              0x0800ba0d   Data          16  bms_control.o(.rodata.name)
    __fsym_BMS_CmdCloseCHG_desc              0x0800ba1d   Data          10  bms_control.o(.rodata.name)
    __fsym_BMS_CmdOpenBalance_name           0x0800ba27   Data          19  bms_control.o(.rodata.name)
    __fsym_BMS_CmdOpenBalance_desc           0x0800ba3a   Data          13  bms_control.o(.rodata.name)
    __fsym_BMS_CmdCloseBalance_name          0x0800ba47   Data          20  bms_control.o(.rodata.name)
    __fsym_BMS_CmdCloseBalance_desc          0x0800ba5b   Data          14  bms_control.o(.rodata.name)
    __fsym_BMS_CmdLoadDetect_name            0x0800ba69   Data          18  bms_control.o(.rodata.name)
    __fsym_BMS_CmdLoadDetect_desc            0x0800ba7b   Data          12  bms_control.o(.rodata.name)
    __fsym_BMS_CmdOpenInfo_name              0x0800ba87   Data          16  bms_control.o(.rodata.name)
    __fsym_BMS_CmdOpenInfo_desc              0x0800ba97   Data          17  bms_control.o(.rodata.name)
    __fsym_BMS_CmdCloseInfo_name             0x0800baa8   Data          17  bms_control.o(.rodata.name)
    __fsym_BMS_CmdCloseInfo_desc             0x0800bab9   Data          18  bms_control.o(.rodata.name)
    __fsym_clear_name                        0x0800bacb   Data           6  cmd.o(.rodata.name)
    __fsym_clear_desc                        0x0800bad1   Data          26  cmd.o(.rodata.name)
    __fsym_version_name                      0x0800baeb   Data           8  cmd.o(.rodata.name)
    __fsym_version_desc                      0x0800baf3   Data          35  cmd.o(.rodata.name)
    __fsym_list_thread_name                  0x0800bb16   Data          12  cmd.o(.rodata.name)
    __fsym_list_thread_desc                  0x0800bb22   Data          12  cmd.o(.rodata.name)
    __fsym_list_sem_name                     0x0800bb2e   Data           9  cmd.o(.rodata.name)
    __fsym_list_sem_desc                     0x0800bb37   Data          25  cmd.o(.rodata.name)
    __fsym_list_mutex_name                   0x0800bb50   Data          11  cmd.o(.rodata.name)
    __fsym_list_mutex_desc                   0x0800bb5b   Data          21  cmd.o(.rodata.name)
    __fsym_list_mailbox_name                 0x0800bb70   Data          13  cmd.o(.rodata.name)
    __fsym_list_mailbox_desc                 0x0800bb7d   Data          24  cmd.o(.rodata.name)
    __fsym_list_timer_name                   0x0800bb95   Data          11  cmd.o(.rodata.name)
    __fsym_list_timer_desc                   0x0800bba0   Data          21  cmd.o(.rodata.name)
    __fsym_list_name                         0x0800bbb5   Data           5  cmd.o(.rodata.name)
    __fsym_list_desc                         0x0800bbba   Data          13  cmd.o(.rodata.name)
    __fsym_help_name                         0x0800bbc7   Data           5  msh.o(.rodata.name)
    __fsym_help_desc                         0x0800bbcc   Data          22  msh.o(.rodata.name)
    __fsym_ps_name                           0x0800bbe2   Data           3  msh.o(.rodata.name)
    __fsym_ps_desc                           0x0800bbe5   Data          28  msh.o(.rodata.name)
    __fsym_free_name                         0x0800bc01   Data           5  msh.o(.rodata.name)
    __fsym_free_desc                         0x0800bc06   Data          37  msh.o(.rodata.name)
    __rt_init_rti_start                      0x0800bc2c   Data           4  components.o(.rti_fn.0)
    __rt_init_rti_board_start                0x0800bc30   Data           4  components.o(.rti_fn.0.end)
    __rt_init_uart_init                      0x0800bc34   Data           4  board.o(.rti_fn.1)
    __rt_init_rti_board_end                  0x0800bc38   Data           4  components.o(.rti_fn.1.end)
    __rt_init_finsh_system_init              0x0800bc3c   Data           4  shell.o(.rti_fn.6)
    __rt_init_rti_end                        0x0800bc40   Data           4  components.o(.rti_fn.6.end)
    FSymTab$$Base                            0x0800bc44   Number         0  app.o(FSymTab)
    __fsym_shell_test                        0x0800bc44   Data          12  app.o(FSymTab)
    __fsym_BMS_CmdOpenDSG                    0x0800bc50   Data          12  bms_control.o(FSymTab)
    __fsym_BMS_CmdCloseDSG                   0x0800bc5c   Data          12  bms_control.o(FSymTab)
    __fsym_BMS_CmdOpenCHG                    0x0800bc68   Data          12  bms_control.o(FSymTab)
    __fsym_BMS_CmdCloseCHG                   0x0800bc74   Data          12  bms_control.o(FSymTab)
    __fsym_BMS_CmdOpenBalance                0x0800bc80   Data          12  bms_control.o(FSymTab)
    __fsym_BMS_CmdCloseBalance               0x0800bc8c   Data          12  bms_control.o(FSymTab)
    __fsym_BMS_CmdLoadDetect                 0x0800bc98   Data          12  bms_control.o(FSymTab)
    __fsym_BMS_CmdOpenInfo                   0x0800bca4   Data          12  bms_control.o(FSymTab)
    __fsym_BMS_CmdCloseInfo                  0x0800bcb0   Data          12  bms_control.o(FSymTab)
    __fsym_clear                             0x0800bcbc   Data          12  cmd.o(FSymTab)
    __fsym_version                           0x0800bcc8   Data          12  cmd.o(FSymTab)
    __fsym_list_thread                       0x0800bcd4   Data          12  cmd.o(FSymTab)
    __fsym_list_sem                          0x0800bce0   Data          12  cmd.o(FSymTab)
    __fsym_list_mutex                        0x0800bcec   Data          12  cmd.o(FSymTab)
    __fsym_list_mailbox                      0x0800bcf8   Data          12  cmd.o(FSymTab)
    __fsym_list_timer                        0x0800bd04   Data          12  cmd.o(FSymTab)
    __fsym_list                              0x0800bd10   Data          12  cmd.o(FSymTab)
    __fsym_help                              0x0800bd1c   Data          12  msh.o(FSymTab)
    __fsym_ps                                0x0800bd28   Data          12  msh.o(FSymTab)
    __fsym_free                              0x0800bd34   Data          12  msh.o(FSymTab)
    FSymTab$$Limit                           0x0800bd40   Number         0  msh.o(FSymTab)
    Region$$Table$$Base                      0x0800bd40   Number         0  anon$$obj.o(Region$$Table)
    Region$$Table$$Limit                     0x0800bd60   Number         0  anon$$obj.o(Region$$Table)
    led_time                                 0x20000000   Data           2  app.o(.data)
    led_thread                               0x20000004   Data           4  app.o(.data)
    i2c_mutex                                0x20000008   Data           4  app.o(.data)
    BMS_AnalysisData                         0x2000000c   Data          52  bms_analysis.o(.data)
    SocOcvTab                                0x20000040   Data         202  bms_analysis.o(.data)
    BalanceVoltRiseTime                      0x20000110   Data           4  bms_balance.o(.data)
    BalanceTime                              0x20000114   Data           4  bms_balance.o(.data)
    BMS_BalanceData                          0x2000011c   Data          32  bms_balance.o(.data)
    BMS_GlobalParam                          0x2000014a   Data           6  bms_monitor.o(.data)
    BMS_Protect                              0x20000150   Data          72  bms_protect.o(.data)
    i2c1                                     0x200001c8   Data          32  soft_i2c.o(.data)
    rx_in                                    0x200001e8   Data           2  usart.o(.data)
    rx_out                                   0x200001ea   Data           2  usart.o(.data)
    uart_rx_sem                              0x200001ec   Data           4  usart.o(.data)
    rt_interrupt_nest                        0x20000220   Data           1  irq.o(.data)
    rt_assert_hook                           0x2000025c   Data           4  kservice.o(.data)
    rt_thread_ready_priority_group           0x200002c0   Data           4  scheduler.o(.data)
    rt_current_thread                        0x200002c8   Data           4  scheduler.o(.data)
    rt_current_priority                      0x200002cc   Data           1  scheduler.o(.data)
    rt_interrupt_from_thread                 0x200002e8   Data           4  cpuport.o(.data)
    rt_interrupt_to_thread                   0x200002ec   Data           4  cpuport.o(.data)
    rt_thread_switch_interrupt_flag          0x200002f0   Data           4  cpuport.o(.data)
    _syscall_table_begin                     0x200002f8   Data           4  shell.o(.data)
    _syscall_table_end                       0x200002fc   Data           4  shell.o(.data)
    shell                                    0x20000300   Data           4  shell.o(.data)
    BMS_MonitorData                          0x20003f0c   Data          80  bms_monitor.o(.bss)
    rx_buf                                   0x20003ffc   Data         128  usart.o(.bss)
    BQ769X0_SampleData                       0x200040d0   Data          36  bq769.o(.bss)
    rt_thread_priority_table                 0x20004390   Data         256  scheduler.o(.bss)
    __initial_sp                             0x20004c10   Data           0  startup_stm32f10x_md.o(STACK)



==============================================================================

Memory Map of the image

  Image Entry point : 0x080000ed

  Load Region LR_IROM1 (Base: 0x08000000, Size: 0x0000c06c, Max: 0x00010000, ABSOLUTE, COMPRESSED[0x0000bf20])

    Execution Region ER_IROM1 (Exec base: 0x08000000, Load base: 0x08000000, Size: 0x0000bd60, Max: 0x00010000, ABSOLUTE)

    Exec Addr    Load Addr    Size         Type   Attr      Idx    E Section Name        Object

    0x08000000   0x08000000   0x000000ec   Data   RO         4656    RESET               startup_stm32f10x_md.o
    0x080000ec   0x080000ec   0x00000000   Code   RO         6212  * .ARM.Collect$$$$00000000  mc_w.l(entry.o)
    0x080000ec   0x080000ec   0x00000004   Code   RO         6581    .ARM.Collect$$$$00000001  mc_w.l(entry2.o)
    0x080000f0   0x080000f0   0x00000004   Code   RO         6584    .ARM.Collect$$$$00000004  mc_w.l(entry5.o)
    0x080000f4   0x080000f4   0x00000000   Code   RO         6586    .ARM.Collect$$$$00000008  mc_w.l(entry7b.o)
    0x080000f4   0x080000f4   0x00000000   Code   RO         6588    .ARM.Collect$$$$0000000A  mc_w.l(entry8b.o)
    0x080000f4   0x080000f4   0x00000008   Code   RO         6589    .ARM.Collect$$$$0000000B  mc_w.l(entry9a.o)
    0x080000fc   0x080000fc   0x00000000   Code   RO         6591    .ARM.Collect$$$$0000000D  mc_w.l(entry10a.o)
    0x080000fc   0x080000fc   0x00000000   Code   RO         6593    .ARM.Collect$$$$0000000F  mc_w.l(entry11a.o)
    0x080000fc   0x080000fc   0x00000004   Code   RO         6582    .ARM.Collect$$$$00002712  mc_w.l(entry2.o)
    0x08000100   0x08000100   0x00000024   Code   RO         4657    .text               startup_stm32f10x_md.o
    0x08000124   0x08000124   0x000000fc   Code   RO         5865    .text               context_rvds.o
    0x08000220   0x08000220   0x00000062   Code   RO         6215    .text               mc_w.l(uldiv.o)
    0x08000282   0x08000282   0x00000002   PAD
    0x08000284   0x08000284   0x00000008   Code   RO         6217    .text               mc_w.l(ctype_o.o)
    0x0800028c   0x0800028c   0x00000024   Code   RO         6247    .text               mc_w.l(memcpya.o)
    0x080002b0   0x080002b0   0x00000024   Code   RO         6249    .text               mc_w.l(memseta.o)
    0x080002d4   0x080002d4   0x00000018   Code   RO         6251    .text               mc_w.l(strcat.o)
    0x080002ec   0x080002ec   0x00000018   Code   RO         6253    .text               mc_w.l(strncpy.o)
    0x08000304   0x08000304   0x0000000e   Code   RO         6255    .text               mc_w.l(strlen.o)
    0x08000312   0x08000312   0x0000001c   Code   RO         6257    .text               mc_w.l(strcmp.o)
    0x0800032e   0x0800032e   0x00000012   Code   RO         6259    .text               mc_w.l(strcpy.o)
    0x08000340   0x08000340   0x0000001e   Code   RO         6261    .text               mc_w.l(strncmp.o)
    0x0800035e   0x0800035e   0x0000001a   Code   RO         6526    .text               mc_w.l(atoi.o)
    0x08000378   0x08000378   0x000000b0   Code   RO         6528    .text               mf_w.l(fadd.o)
    0x08000428   0x08000428   0x00000064   Code   RO         6530    .text               mf_w.l(fmul.o)
    0x0800048c   0x0800048c   0x0000007c   Code   RO         6532    .text               mf_w.l(fdiv.o)
    0x08000508   0x08000508   0x0000014e   Code   RO         6534    .text               mf_w.l(dadd.o)
    0x08000656   0x08000656   0x000000e4   Code   RO         6536    .text               mf_w.l(dmul.o)
    0x0800073a   0x0800073a   0x000000de   Code   RO         6538    .text               mf_w.l(ddiv.o)
    0x08000818   0x08000818   0x00000012   Code   RO         6540    .text               mf_w.l(fflti.o)
    0x0800082a   0x0800082a   0x0000000a   Code   RO         6542    .text               mf_w.l(ffltui.o)
    0x08000834   0x08000834   0x00000022   Code   RO         6544    .text               mf_w.l(dflti.o)
    0x08000856   0x08000856   0x0000001a   Code   RO         6546    .text               mf_w.l(dfltui.o)
    0x08000870   0x08000870   0x00000032   Code   RO         6548    .text               mf_w.l(ffixi.o)
    0x080008a2   0x080008a2   0x00000028   Code   RO         6550    .text               mf_w.l(ffixui.o)
    0x080008ca   0x080008ca   0x00000026   Code   RO         6552    .text               mf_w.l(f2d.o)
    0x080008f0   0x080008f0   0x00000030   Code   RO         6554    .text               mf_w.l(cdcmple.o)
    0x08000920   0x08000920   0x00000030   Code   RO         6556    .text               mf_w.l(cdrcmple.o)
    0x08000950   0x08000950   0x00000038   Code   RO         6558    .text               mf_w.l(d2f.o)
    0x08000988   0x08000988   0x00000014   Code   RO         6560    .text               mf_w.l(cfcmple.o)
    0x0800099c   0x0800099c   0x00000014   Code   RO         6562    .text               mf_w.l(cfrcmple.o)
    0x080009b0   0x080009b0   0x0000002c   Code   RO         6596    .text               mc_w.l(uidiv.o)
    0x080009dc   0x080009dc   0x0000001e   Code   RO         6598    .text               mc_w.l(llshl.o)
    0x080009fa   0x080009fa   0x00000020   Code   RO         6600    .text               mc_w.l(llushr.o)
    0x08000a1a   0x08000a1a   0x00000024   Code   RO         6602    .text               mc_w.l(llsshr.o)
    0x08000a3e   0x08000a3e   0x00000070   Code   RO         6611    .text               mc_w.l(strtol.o)
    0x08000aae   0x08000aae   0x00000000   Code   RO         6613    .text               mc_w.l(iusefp.o)
    0x08000aae   0x08000aae   0x0000006e   Code   RO         6614    .text               mf_w.l(fepilogue.o)
    0x08000b1c   0x08000b1c   0x000000ba   Code   RO         6616    .text               mf_w.l(depilogue.o)
    0x08000bd6   0x08000bd6   0x0000002e   Code   RO         6618    .text               mf_w.l(dscalb.o)
    0x08000c04   0x08000c04   0x00000030   Code   RO         6620    .text               mf_w.l(dfixul.o)
    0x08000c34   0x08000c34   0x00000024   Code   RO         6622    .text               mc_w.l(init.o)
    0x08000c58   0x08000c58   0x0000009e   Code   RO         6624    .text               mc_w.l(_strtoul.o)
    0x08000cf6   0x08000cf6   0x0000001c   Code   RO         6626    .text               mc_w.l(_chval.o)
    0x08000d12   0x08000d12   0x00000056   Code   RO         6636    .text               mc_w.l(__dczerorl2.o)
    0x08000d68   0x08000d68   0x0000000a   Code   RO         4794    i.$Sub$$main        components.o
    0x08000d72   0x08000d72   0x00000002   PAD
    0x08000d74   0x08000d74   0x00000138   Code   RO          287    i.BMS_AnalysisAhIntegrateToSoc  bms_analysis.o
    0x08000eac   0x08000eac   0x0000007c   Code   RO          288    i.BMS_AnalysisCalculate  bms_analysis.o
    0x08000f28   0x08000f28   0x00000054   Code   RO          289    i.BMS_AnalysisCapAndSocInit  bms_analysis.o
    0x08000f7c   0x08000f7c   0x000000e8   Code   RO          290    i.BMS_AnalysisInit  bms_analysis.o
    0x08001064   0x08001064   0x00000070   Code   RO          291    i.BMS_AnalysisOcvSocCompensation  bms_analysis.o
    0x080010d4   0x080010d4   0x00000068   Code   RO          292    i.BMS_AnalysisOcvToSoc  bms_analysis.o
    0x0800113c   0x0800113c   0x00000034   Code   RO          293    i.BMS_AnalysisTask  bms_analysis.o
    0x08001170   0x08001170   0x00000100   Code   RO          294    i.BMS_AnalysisTempCompensation  bms_analysis.o
    0x08001270   0x08001270   0x0000008c   Code   RO          349    i.BMS_BalanceCheck  bms_balance.o
    0x080012fc   0x080012fc   0x000001bc   Code   RO          350    i.BMS_BalanceChgDsgManage  bms_balance.o
    0x080014b8   0x080014b8   0x00000070   Code   RO          351    i.BMS_BalanceControl  bms_balance.o
    0x08001528   0x08001528   0x00000012   Code   RO          352    i.BMS_BalanceEnter  bms_balance.o
    0x0800153a   0x0800153a   0x00000002   PAD
    0x0800153c   0x0800153c   0x0000019c   Code   RO          353    i.BMS_BalanceInit   bms_balance.o
    0x080016d8   0x080016d8   0x00000100   Code   RO          354    i.BMS_BalanceSelect  bms_balance.o
    0x080017d8   0x080017d8   0x00000038   Code   RO          355    i.BMS_BalanceTask   bms_balance.o
    0x08001810   0x08001810   0x00000078   Code   RO          356    i.BMS_BalanceTimerStart  bms_balance.o
    0x08001888   0x08001888   0x00000170   Code   RO          540    i.BMS_ChargeMonitor  bms_protect.o
    0x080019f8   0x080019f8   0x0000000c   Code   RO          697    i.BMS_CmdCloseBalance  bms_control.o
    0x08001a04   0x08001a04   0x0000000c   Code   RO          698    i.BMS_CmdCloseCHG   bms_control.o
    0x08001a10   0x08001a10   0x0000000c   Code   RO          699    i.BMS_CmdCloseDSG   bms_control.o
    0x08001a1c   0x08001a1c   0x0000000a   Code   RO          700    i.BMS_CmdCloseInfo  bms_control.o
    0x08001a26   0x08001a26   0x00000002   PAD
    0x08001a28   0x08001a28   0x00000070   Code   RO          701    i.BMS_CmdLoadDetect  bms_control.o
    0x08001a98   0x08001a98   0x0000000c   Code   RO          702    i.BMS_CmdOpenBalance  bms_control.o
    0x08001aa4   0x08001aa4   0x0000000c   Code   RO          703    i.BMS_CmdOpenCHG    bms_control.o
    0x08001ab0   0x08001ab0   0x0000000c   Code   RO          704    i.BMS_CmdOpenDSG    bms_control.o
    0x08001abc   0x08001abc   0x0000000a   Code   RO          705    i.BMS_CmdOpenInfo   bms_control.o
    0x08001ac6   0x08001ac6   0x00000002   PAD
    0x08001ac8   0x08001ac8   0x000000f0   Code   RO          541    i.BMS_DischargeMonitor  bms_protect.o
    0x08001bb8   0x08001bb8   0x00000028   Code   RO          706    i.BMS_HalCtrlCellsBalance  bms_control.o
    0x08001be0   0x08001be0   0x00000028   Code   RO          707    i.BMS_HalCtrlCharge  bms_control.o
    0x08001c08   0x08001c08   0x00000028   Code   RO          708    i.BMS_HalCtrlDischarge  bms_control.o
    0x08001c30   0x08001c30   0x00000064   Code   RO          468    i.BMS_HalMonitorBattery  bms_monitor.o
    0x08001c94   0x08001c94   0x00000020   Code   RO          711    i.BMS_HalUpdateCellCurrent  bms_control.o
    0x08001cb4   0x08001cb4   0x00000020   Code   RO          712    i.BMS_HalUpdateCellTemperature  bms_control.o
    0x08001cd4   0x08001cd4   0x00000024   Code   RO          713    i.BMS_HalUpdateCellVoltage  bms_control.o
    0x08001cf8   0x08001cf8   0x00000018   Code   RO          423    i.BMS_InfoControlPrintf  bms_info.o
    0x08001d10   0x08001d10   0x000000d8   Code   RO          424    i.BMS_InfoInit      bms_info.o
    0x08001de8   0x08001de8   0x00000194   Code   RO          425    i.BMS_InfoLed       bms_info.o
    0x08001f7c   0x08001f7c   0x00000030   Code   RO          426    i.BMS_InfoLedInit   bms_info.o
    0x08001fac   0x08001fac   0x0000052c   Code   RO          427    i.BMS_InfoPrintf    bms_info.o
    0x080024d8   0x080024d8   0x00000020   Code   RO          428    i.BMS_InfoTask      bms_info.o
    0x080024f8   0x080024f8   0x00000080   Code   RO          469    i.BMS_MonitorBattery  bms_monitor.o
    0x08002578   0x08002578   0x000000e4   Code   RO          470    i.BMS_MonitorInit   bms_monitor.o
    0x0800265c   0x0800265c   0x0000004c   Code   RO          474    i.BMS_MonitorSysMode  bms_monitor.o
    0x080026a8   0x080026a8   0x00000002   Code   RO          542    i.BMS_ProtectHwDevice  bms_protect.o
    0x080026aa   0x080026aa   0x00000002   PAD
    0x080026ac   0x080026ac   0x00000074   Code   RO          543    i.BMS_ProtectHwOCD  bms_protect.o
    0x08002720   0x08002720   0x00000070   Code   RO          544    i.BMS_ProtectHwOV   bms_protect.o
    0x08002790   0x08002790   0x00000002   Code   RO          545    i.BMS_ProtectHwOvrd  bms_protect.o
    0x08002792   0x08002792   0x00000002   PAD
    0x08002794   0x08002794   0x00000074   Code   RO          546    i.BMS_ProtectHwSCD  bms_protect.o
    0x08002808   0x08002808   0x00000070   Code   RO          547    i.BMS_ProtectHwUV   bms_protect.o
    0x08002878   0x08002878   0x000000e4   Code   RO          548    i.BMS_ProtectInit   bms_protect.o
    0x0800295c   0x0800295c   0x00000028   Code   RO          549    i.BMS_ProtectMode   bms_protect.o
    0x08002984   0x08002984   0x000003c4   Code   RO          550    i.BMS_ProtectRelieveMonitor  bms_protect.o
    0x08002d48   0x08002d48   0x00000012   Code   RO          551    i.BMS_ProtectTask   bms_protect.o
    0x08002d5a   0x08002d5a   0x00000002   PAD
    0x08002d5c   0x08002d5c   0x00000068   Code   RO         1389    i.BQ769X0_ALERT_Init  bq769.o
    0x08002dc4   0x08002dc4   0x000000d4   Code   RO         1390    i.BQ769X0_AlertyHandler  bq769.o
    0x08002e98   0x08002e98   0x00000074   Code   RO         1391    i.BQ769X0_CellBalanceControl  bq769.o
    0x08002f0c   0x08002f0c   0x000000f0   Code   RO         1392    i.BQ769X0_Configuration  bq769.o
    0x08002ffc   0x08002ffc   0x00000030   Code   RO         1393    i.BQ769X0_ControlDSGOrCHG  bq769.o
    0x0800302c   0x0800302c   0x0000001c   Code   RO         1394    i.BQ769X0_EntryShip  bq769.o
    0x08003048   0x08003048   0x000000c0   Code   RO         1395    i.BQ769X0_GetADCGainOffset  bq769.o
    0x08003108   0x08003108   0x0000012c   Code   RO         1396    i.BQ769X0_Initialize  bq769.o
    0x08003234   0x08003234   0x0000002c   Code   RO         1397    i.BQ769X0_LoadDetect  bq769.o
    0x08003260   0x08003260   0x00000188   Code   RO         1401    i.BQ769X0_ReadBlockWithCRC  bq769.o
    0x080033e8   0x080033e8   0x0000010c   Code   RO         1403    i.BQ769X0_ReadRegisterByteWithCRC  bq769.o
    0x080034f4   0x080034f4   0x00000174   Code   RO         1404    i.BQ769X0_ReadRegisterWordWithCRC  bq769.o
    0x08003668   0x08003668   0x00000024   Code   RO         1406    i.BQ769X0_TS1_SetInMode  bq769.o
    0x0800368c   0x0800368c   0x00000024   Code   RO         1407    i.BQ769X0_TS1_SetOutMode  bq769.o
    0x080036b0   0x080036b0   0x000000c8   Code   RO         1410    i.BQ769X0_UpdateBatVolt  bq769.o
    0x08003778   0x08003778   0x000000d0   Code   RO         1411    i.BQ769X0_UpdateCellVolt  bq769.o
    0x08003848   0x08003848   0x000000d0   Code   RO         1412    i.BQ769X0_UpdateCurrent  bq769.o
    0x08003918   0x08003918   0x00000138   Code   RO         1414    i.BQ769X0_UpdateTsTemp  bq769.o
    0x08003a50   0x08003a50   0x00000038   Code   RO         1415    i.BQ769X0_Wakeup    bq769.o
    0x08003a88   0x08003a88   0x000000ec   Code   RO         1416    i.BQ769X0_WriteBlockWithCRC  bq769.o
    0x08003b74   0x08003b74   0x000000b0   Code   RO         1418    i.BQ769X0_WriteRegisterByteWithCRC  bq769.o
    0x08003c24   0x08003c24   0x0000003c   Code   RO          357    i.BalanceTimerCallback  bms_balance.o
    0x08003c60   0x08003c60   0x00000018   Code   RO          475    i.Bms_HalMonitorBatteryCurrent  bms_monitor.o
    0x08003c78   0x08003c78   0x00000068   Code   RO          476    i.Bms_HalMonitorCellTemperature  bms_monitor.o
    0x08003ce0   0x08003ce0   0x00000028   Code   RO          477    i.Bms_MonitorTask   bms_monitor.o
    0x08003d08   0x08003d08   0x00000046   Code   RO          619    i.BubbleFloat       bms_utils.o
    0x08003d4e   0x08003d4e   0x00000052   Code   RO          620    i.BubbleSort        bms_utils.o
    0x08003da0   0x08003da0   0x00000004   Code   RO         4661    i.BusFault_Handler  stm32f10x_it.o
    0x08003da4   0x08003da4   0x00000008   Code   RO          808    i.CAN1_RX1_IRQHandler  can.o
    0x08003dac   0x08003dac   0x00000008   Code   RO          809    i.CAN1_SCE_IRQHandler  can.o
    0x08003db4   0x08003db4   0x000000a8   Code   RO         2014    i.CAN_ClearITPendingBit  stm32f10x_can.o
    0x08003e5c   0x08003e5c   0x00000120   Code   RO         2020    i.CAN_GetITStatus   stm32f10x_can.o
    0x08003f7c   0x08003f7c   0x0000001e   Code   RO         2026    i.CAN_MessagePending  stm32f10x_can.o
    0x08003f9a   0x08003f9a   0x000000f0   Code   RO         2028    i.CAN_Receive       stm32f10x_can.o
    0x0800408a   0x0800408a   0x00000002   PAD
    0x0800408c   0x0800408c   0x000000a0   Code   RO         2034    i.CAN_TransmitStatus  stm32f10x_can.o
    0x0800412c   0x0800412c   0x00000044   Code   RO         1420    i.CRC8              bq769.o
    0x08004170   0x08004170   0x00000002   Code   RO         1292    i.CanIf_ControllerBusOff  canif.o
    0x08004172   0x08004172   0x00000002   Code   RO         1300    i.CanIf_TxConfirmation  canif.o
    0x08004174   0x08004174   0x00000068   Code   RO          827    i.Can_IsrError      can.o
    0x080041dc   0x080041dc   0x0000002c   Code   RO          828    i.Can_IsrRxFifo0    can.o
    0x08004208   0x08004208   0x0000002c   Code   RO          829    i.Can_IsrRxFifo1    can.o
    0x08004234   0x08004234   0x00000028   Code   RO          830    i.Can_IsrTx         can.o
    0x0800425c   0x0800425c   0x00000012   Code   RO          832    i.Can_MainFunction_BusOff  can.o
    0x0800426e   0x0800426e   0x00000002   PAD
    0x08004270   0x08004270   0x00000014   Code   RO          833    i.Can_MainFunction_Error  can.o
    0x08004284   0x08004284   0x00000002   Code   RO          836    i.Can_MainFunction_Wakeup  can.o
    0x08004286   0x08004286   0x00000002   PAD
    0x08004288   0x08004288   0x00000064   Code   RO          837    i.Can_MainFunction_Write  can.o
    0x080042ec   0x080042ec   0x00000084   Code   RO          838    i.Can_ProcessRxFifo  can.o
    0x08004370   0x08004370   0x00000024   Code   RO          839    i.Can_ReadErrorState  can.o
    0x08004394   0x08004394   0x00000044   Code   RO          843    i.Can_RxQueue_Push  can.o
    0x080043d8   0x080043d8   0x00000012   Code   RO         2036    i.CheckITStatus     stm32f10x_can.o
    0x080043ea   0x080043ea   0x00000002   Code   RO         4662    i.DebugMon_Handler  stm32f10x_it.o
    0x080043ec   0x080043ec   0x0000001a   Code   RO         1421    i.EXTI15_10_IRQHandler  bq769.o
    0x08004406   0x08004406   0x00000002   PAD
    0x08004408   0x08004408   0x0000000c   Code   RO         2474    i.EXTI_ClearITPendingBit  stm32f10x_exti.o
    0x08004414   0x08004414   0x00000028   Code   RO         2478    i.EXTI_GetITStatus  stm32f10x_exti.o
    0x0800443c   0x0800443c   0x00000094   Code   RO         2479    i.EXTI_Init         stm32f10x_exti.o
    0x080044d0   0x080044d0   0x0000000e   Code   RO         1111    i.GET_SDA           soft_i2c.o
    0x080044de   0x080044de   0x00000002   PAD
    0x080044e0   0x080044e0   0x00000040   Code   RO         2824    i.GPIO_EXTILineConfig  stm32f10x_gpio.o
    0x08004520   0x08004520   0x00000116   Code   RO         2827    i.GPIO_Init         stm32f10x_gpio.o
    0x08004636   0x08004636   0x00000002   PAD
    0x08004638   0x08004638   0x00000090   Code   RO         2829    i.GPIO_PinRemapConfig  stm32f10x_gpio.o
    0x080046c8   0x080046c8   0x00000012   Code   RO         2831    i.GPIO_ReadInputDataBit  stm32f10x_gpio.o
    0x080046da   0x080046da   0x00000004   Code   RO         2835    i.GPIO_SetBits      stm32f10x_gpio.o
    0x080046de   0x080046de   0x0000000a   Code   RO         2838    i.GPIO_WriteBit     stm32f10x_gpio.o
    0x080046e8   0x080046e8   0x00000010   Code   RO         1112    i.I2C1_Lock         soft_i2c.o
    0x080046f8   0x080046f8   0x00000002   Code   RO         1113    i.I2C1_LockInit     soft_i2c.o
    0x080046fa   0x080046fa   0x00000002   PAD
    0x080046fc   0x080046fc   0x00000010   Code   RO         1114    i.I2C1_Unlock       soft_i2c.o
    0x0800470c   0x0800470c   0x000000ec   Code   RO         1115    i.I2C_BitSendAddress  soft_i2c.o
    0x080047f8   0x080047f8   0x00000040   Code   RO         1116    i.I2C_BusHardwareInitialize  soft_i2c.o
    0x08004838   0x08004838   0x00000010   Code   RO         1117    i.I2C_BusInitialize  soft_i2c.o
    0x08004848   0x08004848   0x00000048   Code   RO         1118    i.I2C_ReadByte      soft_i2c.o
    0x08004890   0x08004890   0x00000068   Code   RO         1119    i.I2C_RecvBytes     soft_i2c.o
    0x080048f8   0x080048f8   0x0000002a   Code   RO         1120    i.I2C_Restart       soft_i2c.o
    0x08004922   0x08004922   0x00000048   Code   RO         1121    i.I2C_SendAddress   soft_i2c.o
    0x0800496a   0x0800496a   0x00000072   Code   RO         1122    i.I2C_SendBytes     soft_i2c.o
    0x080049dc   0x080049dc   0x00000018   Code   RO         1123    i.I2C_Start         soft_i2c.o
    0x080049f4   0x080049f4   0x0000002a   Code   RO         1124    i.I2C_Stop          soft_i2c.o
    0x08004a1e   0x08004a1e   0x000000b6   Code   RO         1125    i.I2C_TransferMessages  soft_i2c.o
    0x08004ad4   0x08004ad4   0x00000086   Code   RO         1126    i.I2C_WriteByte     soft_i2c.o
    0x08004b5a   0x08004b5a   0x00000004   Code   RO         4663    i.MemManage_Handler  stm32f10x_it.o
    0x08004b5e   0x08004b5e   0x00000002   Code   RO         4664    i.NMI_Handler       stm32f10x_it.o
    0x08004b60   0x08004b60   0x00000070   Code   RO         1676    i.NVIC_Init         misc.o
    0x08004bd0   0x08004bd0   0x00000014   Code   RO         1677    i.NVIC_PriorityGroupConfig  misc.o
    0x08004be4   0x08004be4   0x00000020   Code   RO         3243    i.RCC_APB1PeriphClockCmd  stm32f10x_rcc.o
    0x08004c04   0x08004c04   0x00000020   Code   RO         3245    i.RCC_APB2PeriphClockCmd  stm32f10x_rcc.o
    0x08004c24   0x08004c24   0x000000d4   Code   RO         3253    i.RCC_GetClocksFreq  stm32f10x_rcc.o
    0x08004cf8   0x08004cf8   0x00000010   Code   RO         1127    i.SCL_H             soft_i2c.o
    0x08004d08   0x08004d08   0x00000010   Code   RO         1128    i.SCL_L             soft_i2c.o
    0x08004d18   0x08004d18   0x00000010   Code   RO         1129    i.SDA_H             soft_i2c.o
    0x08004d28   0x08004d28   0x00000010   Code   RO         1130    i.SDA_L             soft_i2c.o
    0x08004d38   0x08004d38   0x00000020   Code   RO         1131    i.SDA_SetInMode     soft_i2c.o
    0x08004d58   0x08004d58   0x00000020   Code   RO         1132    i.SDA_SetOutMode    soft_i2c.o
    0x08004d78   0x08004d78   0x00000008   Code   RO         4722    i.SetSysClock       system_stm32f10x.o
    0x08004d80   0x08004d80   0x000000e0   Code   RO         4723    i.SetSysClockTo72   system_stm32f10x.o
    0x08004e60   0x08004e60   0x00000060   Code   RO         4725    i.SystemInit        system_stm32f10x.o
    0x08004ec0   0x08004ec0   0x00000048   Code   RO         1052    i.TIM3_IRQHandler   delay.o
    0x08004f08   0x08004f08   0x00000006   Code   RO         3871    i.TIM_ClearFlag     stm32f10x_tim.o
    0x08004f0e   0x08004f0e   0x00000006   Code   RO         3872    i.TIM_ClearITPendingBit  stm32f10x_tim.o
    0x08004f14   0x08004f14   0x00000018   Code   RO         3877    i.TIM_Cmd           stm32f10x_tim.o
    0x08004f2c   0x08004f2c   0x00000022   Code   RO         3898    i.TIM_GetITStatus   stm32f10x_tim.o
    0x08004f4e   0x08004f4e   0x00000012   Code   RO         3902    i.TIM_ITConfig      stm32f10x_tim.o
    0x08004f60   0x08004f60   0x000000a4   Code   RO         3948    i.TIM_TimeBaseInit  stm32f10x_tim.o
    0x08005004   0x08005004   0x000000bc   Code   RO         1422    i.TempChange        bq769.o
    0x080050c0   0x080050c0   0x0000006c   Code   RO         1240    i.USART1_IO_Init    usart.o
    0x0800512c   0x0800512c   0x00000074   Code   RO         1241    i.USART1_IRQHandler  usart.o
    0x080051a0   0x080051a0   0x0000002c   Code   RO         1242    i.USART1_Init       usart.o
    0x080051cc   0x080051cc   0x00000074   Code   RO         1243    i.USART1_func_Init  usart.o
    0x08005240   0x08005240   0x00000018   Code   RO         4413    i.USART_Cmd         stm32f10x_usart.o
    0x08005258   0x08005258   0x0000001a   Code   RO         4416    i.USART_GetFlagStatus  stm32f10x_usart.o
    0x08005272   0x08005272   0x00000054   Code   RO         4417    i.USART_GetITStatus  stm32f10x_usart.o
    0x080052c6   0x080052c6   0x0000004a   Code   RO         4419    i.USART_ITConfig    stm32f10x_usart.o
    0x08005310   0x08005310   0x000000d8   Code   RO         4420    i.USART_Init        stm32f10x_usart.o
    0x080053e8   0x080053e8   0x0000000a   Code   RO         4427    i.USART_ReceiveData  stm32f10x_usart.o
    0x080053f2   0x080053f2   0x00000008   Code   RO         4430    i.USART_SendData    stm32f10x_usart.o
    0x080053fa   0x080053fa   0x00000008   Code   RO          846    i.USB_HP_CAN1_TX_IRQHandler  can.o
    0x08005402   0x08005402   0x00000008   Code   RO          847    i.USB_LP_CAN1_RX0_IRQHandler  can.o
    0x0800540a   0x0800540a   0x00000004   Code   RO         4665    i.UsageFault_Handler  stm32f10x_it.o
    0x0800540e   0x0800540e   0x00000002   PAD
    0x08005410   0x08005410   0x00000028   Code   RO         6500    i.__0sprintf        mc_w.l(printfa.o)
    0x08005438   0x08005438   0x00000008   Code   RO         6604    i.__aeabi_errno_addr  mc_w.l(errno.o)
    0x08005440   0x08005440   0x000000aa   Code   RO         6578    i.__kernel_poly     m_ws.l(poly.o)
    0x080054ea   0x080054ea   0x00000002   PAD
    0x080054ec   0x080054ec   0x00000010   Code   RO         6564    i.__mathlib_dbl_divzero  m_ws.l(dunder.o)
    0x080054fc   0x080054fc   0x00000006   Code   RO         6565    i.__mathlib_dbl_infnan  m_ws.l(dunder.o)
    0x08005502   0x08005502   0x0000000c   Code   RO         6567    i.__mathlib_dbl_invalid  m_ws.l(dunder.o)
    0x0800550e   0x0800550e   0x00000002   PAD
    0x08005510   0x08005510   0x0000004c   Code   RO         5144    i.__rt_ffs          kservice.o
    0x0800555c   0x0800555c   0x0000000e   Code   RO         6630    i.__scatterload_copy  mc_w.l(handlers.o)
    0x0800556a   0x0800556a   0x00000002   Code   RO         6631    i.__scatterload_null  mc_w.l(handlers.o)
    0x0800556c   0x0800556c   0x0000000e   Code   RO         6632    i.__scatterload_zeroinit  mc_w.l(handlers.o)
    0x0800557a   0x0800557a   0x00000002   PAD
    0x0800557c   0x0800557c   0x0000000c   Code   RO         6606    i.__set_errno       mc_w.l(errno.o)
    0x08005588   0x08005588   0x00000184   Code   RO         6505    i._fp_digits        mc_w.l(printfa.o)
    0x0800570c   0x0800570c   0x0000001c   Code   RO         5145    i._heap_lock        kservice.o
    0x08005728   0x08005728   0x00000038   Code   RO         5146    i._heap_unlock      kservice.o
    0x08005760   0x08005760   0x00000018   Code   RO         4921    i._ipc_list_resume  ipc.o
    0x08005778   0x08005778   0x00000080   Code   RO         4923    i._ipc_list_suspend  ipc.o
    0x080057f8   0x080057f8   0x00000010   Code   RO         4924    i._ipc_object_init  ipc.o
    0x08005808   0x08005808   0x0000009c   Code   RO         6020    i._msh_exec_cmd     msh.o
    0x080058a4   0x080058a4   0x000006dc   Code   RO         6506    i._printf_core      mc_w.l(printfa.o)
    0x08005f80   0x08005f80   0x00000024   Code   RO         6507    i._printf_post_padding  mc_w.l(printfa.o)
    0x08005fa4   0x08005fa4   0x0000002e   Code   RO         6508    i._printf_pre_padding  mc_w.l(printfa.o)
    0x08005fd2   0x08005fd2   0x00000002   PAD
    0x08005fd4   0x08005fd4   0x00000028   Code   RO         5538    i._scheduler_get_highest_priority_thread  scheduler.o
    0x08005ffc   0x08005ffc   0x0000000a   Code   RO         6510    i._sputc            mc_w.l(printfa.o)
    0x08006006   0x08006006   0x00000034   Code   RO         5618    i._thread_exit      thread.o
    0x0800603a   0x0800603a   0x00000002   PAD
    0x0800603c   0x0800603c   0x000000b8   Code   RO         5619    i._thread_init      thread.o
    0x080060f4   0x080060f4   0x000000bc   Code   RO         5620    i._thread_timeout   thread.o
    0x080061b0   0x080061b0   0x00000042   Code   RO         5740    i._timer_init       timer.o
    0x080061f2   0x080061f2   0x00000038   Code   RO         5741    i._timer_list_next_timeout  timer.o
    0x0800622a   0x0800622a   0x0000001c   Code   RO         5742    i._timer_remove     timer.o
    0x08006246   0x08006246   0x00000002   PAD
    0x08006248   0x08006248   0x00000048   Code   RO         5743    i._timer_thread_entry  timer.o
    0x08006290   0x08006290   0x00000118   Code   RO            1    i.app_init          app.o
    0x080063a8   0x080063a8   0x000000fc   Code   RO         5869    i.bus_fault_track   cpuport.o
    0x080064a4   0x080064a4   0x00000014   Code   RO         5929    i.clear             cmd.o
    0x080064b8   0x080064b8   0x00000080   Code   RO         6021    i.cmd_free          msh.o
    0x08006538   0x08006538   0x00000168   Code   RO         5930    i.cmd_list          cmd.o
    0x080066a0   0x080066a0   0x0000000e   Code   RO         6022    i.cmd_ps            msh.o
    0x080066ae   0x080066ae   0x00000020   Code   RO          478    i.compaer_cell      bms_monitor.o
    0x080066ce   0x080066ce   0x00000026   Code   RO         1133    i.delay_us          soft_i2c.o
    0x080066f4   0x080066f4   0x0000005c   Code   RO         6121    i.finsh_get_prompt  shell.o
    0x08006750   0x08006750   0x00000008   Code   RO         6123    i.finsh_getchar     shell.o
    0x08006758   0x08006758   0x00000048   Code   RO         6126    i.finsh_set_prompt_mode  shell.o
    0x080067a0   0x080067a0   0x00000014   Code   RO         6127    i.finsh_system_function_init  shell.o
    0x080067b4   0x080067b4   0x0000009c   Code   RO         6128    i.finsh_system_init  shell.o
    0x08006850   0x08006850   0x000003c4   Code   RO         6129    i.finsh_thread_entry  shell.o
    0x08006c14   0x08006c14   0x00000080   Code   RO         5870    i.hard_fault_track  cpuport.o
    0x08006c94   0x08006c94   0x0000002a   Code   RO         5931    i.list_find_init    cmd.o
    0x08006cbe   0x08006cbe   0x00000088   Code   RO         5932    i.list_get_next     cmd.o
    0x08006d46   0x08006d46   0x00000002   PAD
    0x08006d48   0x08006d48   0x0000015c   Code   RO         5933    i.list_mailbox      cmd.o
    0x08006ea4   0x08006ea4   0x0000010c   Code   RO         5934    i.list_mutex        cmd.o
    0x08006fb0   0x08006fb0   0x00000138   Code   RO         5935    i.list_sem          cmd.o
    0x080070e8   0x080070e8   0x000001ec   Code   RO         5936    i.list_thread       cmd.o
    0x080072d4   0x080072d4   0x000001a8   Code   RO         5937    i.list_timer        cmd.o
    0x0800747c   0x0800747c   0x0000035c   Code   RO         6203    i.log               m_ws.l(log.o)
    0x080077d8   0x080077d8   0x00000010   Code   RO          271    i.main              main.o
    0x080077e8   0x080077e8   0x0000000e   Code   RO         4795    i.main_thread_entry  components.o
    0x080077f6   0x080077f6   0x00000002   PAD
    0x080077f8   0x080077f8   0x000000e8   Code   RO         5871    i.mem_manage_fault_track  cpuport.o
    0x080078e0   0x080078e0   0x00000084   Code   RO         6023    i.msh_auto_complete  msh.o
    0x08007964   0x08007964   0x0000006c   Code   RO         6024    i.msh_exec          msh.o
    0x080079d0   0x080079d0   0x00000040   Code   RO         6025    i.msh_get_cmd       msh.o
    0x08007a10   0x08007a10   0x00000064   Code   RO         6026    i.msh_help          msh.o
    0x08007a74   0x08007a74   0x000000f0   Code   RO         6027    i.msh_split         msh.o
    0x08007b64   0x08007b64   0x0000001c   Code   RO         5938    i.object_split      cmd.o
    0x08007b80   0x08007b80   0x000000e8   Code   RO         5401    i.plug_holes        mem.o
    0x08007c68   0x08007c68   0x00000198   Code   RO         5148    i.print_number      kservice.o
    0x08007e00   0x08007e00   0x0000004e   Code   RO          629    i.right_bound       bms_utils.o
    0x08007e4e   0x08007e4e   0x00000002   PAD
    0x08007e50   0x08007e50   0x00000050   Code   RO         4796    i.rt_application_init  components.o
    0x08007ea0   0x08007ea0   0x00000074   Code   RO         5149    i.rt_assert_handler  kservice.o
    0x08007f14   0x08007f14   0x00000022   Code   RO         5151    i.rt_calloc         kservice.o
    0x08007f36   0x08007f36   0x00000002   PAD
    0x08007f38   0x08007f38   0x0000001c   Code   RO         4797    i.rt_components_board_init  components.o
    0x08007f54   0x08007f54   0x0000001c   Code   RO         4798    i.rt_components_init  components.o
    0x08007f70   0x08007f70   0x0000000c   Code   RO         5539    i.rt_critical_level  scheduler.o
    0x08007f7c   0x08007f7c   0x0000003e   Code   RO         4875    i.rt_defunct_execute  idle.o
    0x08007fba   0x08007fba   0x00000002   PAD
    0x08007fbc   0x08007fbc   0x00000020   Code   RO         5540    i.rt_enter_critical  scheduler.o
    0x08007fdc   0x08007fdc   0x00000044   Code   RO         5541    i.rt_exit_critical  scheduler.o
    0x08008020   0x08008020   0x0000001e   Code   RO         5152    i.rt_free           kservice.o
    0x0800803e   0x0800803e   0x00000002   PAD
    0x08008040   0x08008040   0x00000008   Code   RO          209    i.rt_heap_begin_get  board.o
    0x08008048   0x08008048   0x00000008   Code   RO          210    i.rt_heap_end_get   board.o
    0x08008050   0x08008050   0x0000001e   Code   RO          211    i.rt_hw_board_init  board.o
    0x0800806e   0x0800806e   0x00000002   PAD
    0x08008070   0x08008070   0x00000060   Code   RO          212    i.rt_hw_console_getchar  board.o
    0x080080d0   0x080080d0   0x00000048   Code   RO          213    i.rt_hw_console_output  board.o
    0x08008118   0x08008118   0x00000208   Code   RO         5875    i.rt_hw_hard_fault_exception  cpuport.o
    0x08008320   0x08008320   0x0000004c   Code   RO         5876    i.rt_hw_stack_init  cpuport.o
    0x0800836c   0x0800836c   0x00000024   Code   RO         5117    i.rt_interrupt_enter  irq.o
    0x08008390   0x08008390   0x0000001c   Code   RO         5118    i.rt_interrupt_get_nest  irq.o
    0x080083ac   0x080083ac   0x00000024   Code   RO         5119    i.rt_interrupt_leave  irq.o
    0x080083d0   0x080083d0   0x00000034   Code   RO         5157    i.rt_kprintf        kservice.o
    0x08008404   0x08008404   0x00000006   Code   RO         4925    i.rt_list_init      ipc.o
    0x0800840a   0x0800840a   0x00000006   Code   RO         5744    i.rt_list_init      timer.o
    0x08008410   0x08008410   0x0000000e   Code   RO         5456    i.rt_list_insert_after  object.o
    0x0800841e   0x0800841e   0x0000000e   Code   RO         5745    i.rt_list_insert_after  timer.o
    0x0800842c   0x0800842c   0x0000000e   Code   RO         4926    i.rt_list_insert_before  ipc.o
    0x0800843a   0x0800843a   0x00000010   Code   RO         4927    i.rt_list_isempty   ipc.o
    0x0800844a   0x0800844a   0x00000010   Code   RO         5746    i.rt_list_isempty   timer.o
    0x0800845a   0x0800845a   0x00000010   Code   RO         5939    i.rt_list_isempty   cmd.o
    0x0800846a   0x0800846a   0x00000014   Code   RO         5940    i.rt_list_len       cmd.o
    0x0800847e   0x0800847e   0x00000012   Code   RO         5457    i.rt_list_remove    object.o
    0x08008490   0x08008490   0x00000012   Code   RO         5621    i.rt_list_remove    thread.o
    0x080084a2   0x080084a2   0x00000012   Code   RO         5747    i.rt_list_remove    timer.o
    0x080084b4   0x080084b4   0x00000024   Code   RO         5159    i.rt_malloc         kservice.o
    0x080084d8   0x080084d8   0x0000007c   Code   RO         5162    i.rt_memcpy         kservice.o
    0x08008554   0x08008554   0x00000042   Code   RO         5163    i.rt_memmove        kservice.o
    0x08008596   0x08008596   0x00000002   PAD
    0x08008598   0x08008598   0x00000044   Code   RO         5164    i.rt_memory_info    kservice.o
    0x080085dc   0x080085dc   0x00000048   Code   RO         5165    i.rt_memset         kservice.o
    0x08008624   0x08008624   0x00000094   Code   RO         4938    i.rt_mutex_create   ipc.o
    0x080086b8   0x080086b8   0x00000058   Code   RO         4941    i.rt_mutex_init     ipc.o
    0x08008710   0x08008710   0x000001c8   Code   RO         4942    i.rt_mutex_release  ipc.o
    0x080088d8   0x080088d8   0x00000238   Code   RO         4943    i.rt_mutex_take     ipc.o
    0x08008b10   0x08008b10   0x000000d4   Code   RO         5458    i.rt_object_allocate  object.o
    0x08008be4   0x08008be4   0x0000008c   Code   RO         5459    i.rt_object_delete  object.o
    0x08008c70   0x08008c70   0x00000044   Code   RO         5460    i.rt_object_detach  object.o
    0x08008cb4   0x08008cb4   0x00000028   Code   RO         5462    i.rt_object_get_information  object.o
    0x08008cdc   0x08008cdc   0x00000034   Code   RO         5465    i.rt_object_get_type  object.o
    0x08008d10   0x08008d10   0x000000a8   Code   RO         5466    i.rt_object_init    object.o
    0x08008db8   0x08008db8   0x0000003c   Code   RO         5467    i.rt_object_is_systemobject  object.o
    0x08008df4   0x08008df4   0x00000010   Code   RO          214    i.rt_os_tick_callback  board.o
    0x08008e04   0x08008e04   0x00000124   Code   RO         5542    i.rt_schedule       scheduler.o
    0x08008f28   0x08008f28   0x000000c4   Code   RO         5543    i.rt_schedule_insert_thread  scheduler.o
    0x08008fec   0x08008fec   0x00000080   Code   RO         5544    i.rt_schedule_remove_thread  scheduler.o
    0x0800906c   0x0800906c   0x000000f8   Code   RO         4946    i.rt_sem_create     ipc.o
    0x08009164   0x08009164   0x000000bc   Code   RO         4949    i.rt_sem_init       ipc.o
    0x08009220   0x08009220   0x00000094   Code   RO         4950    i.rt_sem_release    ipc.o
    0x080092b4   0x080092b4   0x000001d0   Code   RO         4951    i.rt_sem_take       ipc.o
    0x08009484   0x08009484   0x000000c4   Code   RO         5168    i.rt_show_version   kservice.o
    0x08009548   0x08009548   0x00000278   Code   RO         5402    i.rt_smem_alloc     mem.o
    0x080097c0   0x080097c0   0x000001a4   Code   RO         5404    i.rt_smem_free      mem.o
    0x08009964   0x08009964   0x000000f4   Code   RO         5405    i.rt_smem_init      mem.o
    0x08009a58   0x08009a58   0x000000c8   Code   RO         5748    i.rt_soft_timer_check  timer.o
    0x08009b20   0x08009b20   0x00000022   Code   RO         5170    i.rt_sprintf        kservice.o
    0x08009b42   0x08009b42   0x00000002   PAD
    0x08009b44   0x08009b44   0x00000020   Code   RO         5175    i.rt_strerror       kservice.o
    0x08009b64   0x08009b64   0x00000034   Code   RO         5178    i.rt_strncpy        kservice.o
    0x08009b98   0x08009b98   0x00000078   Code   RO         5181    i.rt_system_heap_init  kservice.o
    0x08009c10   0x08009c10   0x00000038   Code   RO         5545    i.rt_system_scheduler_init  scheduler.o
    0x08009c48   0x08009c48   0x00000028   Code   RO         5546    i.rt_system_scheduler_start  scheduler.o
    0x08009c70   0x08009c70   0x0000001c   Code   RO         5749    i.rt_system_timer_init  timer.o
    0x08009c8c   0x08009c8c   0x00000054   Code   RO         5750    i.rt_system_timer_thread_init  timer.o
    0x08009ce0   0x08009ce0   0x000000d4   Code   RO         5622    i.rt_thread_control  thread.o
    0x08009db4   0x08009db4   0x00000050   Code   RO         5623    i.rt_thread_create  thread.o
    0x08009e04   0x08009e04   0x0000003c   Code   RO         4876    i.rt_thread_defunct_dequeue  idle.o
    0x08009e40   0x08009e40   0x0000001c   Code   RO         4877    i.rt_thread_defunct_enqueue  idle.o
    0x08009e5c   0x08009e5c   0x0000000c   Code   RO         5624    i.rt_thread_delay   thread.o
    0x08009e68   0x08009e68   0x000000d8   Code   RO         5626    i.rt_thread_delete  thread.o
    0x08009f40   0x08009f40   0x000000cc   Code   RO         5627    i.rt_thread_detach  thread.o
    0x0800a00c   0x0800a00c   0x00000008   Code   RO         4878    i.rt_thread_idle_entry  idle.o
    0x0800a014   0x0800a014   0x00000068   Code   RO         4880    i.rt_thread_idle_init  idle.o
    0x0800a07c   0x0800a07c   0x00000080   Code   RO         5629    i.rt_thread_init    thread.o
    0x0800a0fc   0x0800a0fc   0x00000014   Code   RO         5630    i.rt_thread_mdelay  thread.o
    0x0800a110   0x0800a110   0x00000084   Code   RO         5631    i.rt_thread_resume  thread.o
    0x0800a194   0x0800a194   0x0000000c   Code   RO         5632    i.rt_thread_self    thread.o
    0x0800a1a0   0x0800a1a0   0x00000084   Code   RO         5633    i.rt_thread_sleep   thread.o
    0x0800a224   0x0800a224   0x000000bc   Code   RO         5634    i.rt_thread_startup  thread.o
    0x0800a2e0   0x0800a2e0   0x000000c0   Code   RO         5635    i.rt_thread_suspend  thread.o
    0x0800a3a0   0x0800a3a0   0x00000038   Code   RO         4756    i.rt_tick_from_millisecond  clock.o
    0x0800a3d8   0x0800a3d8   0x0000000c   Code   RO         4757    i.rt_tick_get       clock.o
    0x0800a3e4   0x0800a3e4   0x00000050   Code   RO         4759    i.rt_tick_increase  clock.o
    0x0800a434   0x0800a434   0x000000b0   Code   RO         5751    i.rt_timer_check    timer.o
    0x0800a4e4   0x0800a4e4   0x00000120   Code   RO         5752    i.rt_timer_control  timer.o
    0x0800a604   0x0800a604   0x00000088   Code   RO         5753    i.rt_timer_create   timer.o
    0x0800a68c   0x0800a68c   0x000000e0   Code   RO         5755    i.rt_timer_detach   timer.o
    0x0800a76c   0x0800a76c   0x000000a4   Code   RO         5756    i.rt_timer_init     timer.o
    0x0800a810   0x0800a810   0x000001b0   Code   RO         5758    i.rt_timer_start    timer.o
    0x0800a9c0   0x0800a9c0   0x000000a8   Code   RO         5759    i.rt_timer_stop     timer.o
    0x0800aa68   0x0800aa68   0x00000340   Code   RO         5182    i.rt_vsnprintf      kservice.o
    0x0800ada8   0x0800ada8   0x00000016   Code   RO         5183    i.rt_vsprintf       kservice.o
    0x0800adbe   0x0800adbe   0x00000004   Code   RO         4799    i.rti_board_end     components.o
    0x0800adc2   0x0800adc2   0x00000004   Code   RO         4800    i.rti_board_start   components.o
    0x0800adc6   0x0800adc6   0x00000004   Code   RO         4801    i.rti_end           components.o
    0x0800adca   0x0800adca   0x00000004   Code   RO         4802    i.rti_start         components.o
    0x0800adce   0x0800adce   0x0000002a   Code   RO         4803    i.rtthread_startup  components.o
    0x0800adf8   0x0800adf8   0x00000030   Code   RO         6130    i.shell_auto_complete  shell.o
    0x0800ae28   0x0800ae28   0x00000030   Code   RO            6    i.shell_test        app.o
    0x0800ae58   0x0800ae58   0x00000038   Code   RO         5941    i.show_wait_queue   cmd.o
    0x0800ae90   0x0800ae90   0x00000026   Code   RO         5184    i.skip_atoi         kservice.o
    0x0800aeb6   0x0800aeb6   0x00000020   Code   RO         6028    i.str_common        msh.o
    0x0800aed6   0x0800aed6   0x0000001a   Code   RO          630    i.swap              bms_utils.o
    0x0800aef0   0x0800aef0   0x00000074   Code   RO         1059    i.tim_tick_init     delay.o
    0x0800af64   0x0800af64   0x0000000a   Code   RO          215    i.uart_init         board.o
    0x0800af6e   0x0800af6e   0x00000002   PAD
    0x0800af70   0x0800af70   0x000000e8   Code   RO         5877    i.usage_fault_track  cpuport.o
    0x0800b058   0x0800b058   0x0000000a   Code   RO         5942    i.version           cmd.o
    0x0800b062   0x0800b062   0x00000014   Data   RO         4804    .constdata          components.o
    0x0800b076   0x0800b076   0x00000148   Data   RO         4953    .constdata          ipc.o
    0x0800b1be   0x0800b1be   0x00000143   Data   RO         5186    .constdata          kservice.o
    0x0800b301   0x0800b301   0x00000045   Data   RO         5407    .constdata          mem.o
    0x0800b346   0x0800b346   0x00000080   Data   RO         5468    .constdata          object.o
    0x0800b3c6   0x0800b3c6   0x00000034   Data   RO         5548    .constdata          scheduler.o
    0x0800b3fa   0x0800b3fa   0x000000bb   Data   RO         5637    .constdata          thread.o
    0x0800b4b5   0x0800b4b5   0x0000006c   Data   RO         5761    .constdata          timer.o
    0x0800b521   0x0800b521   0x0000000e   Data   RO         6029    .constdata          msh.o
    0x0800b52f   0x0800b52f   0x0000004a   Data   RO         6132    .constdata          shell.o
    0x0800b579   0x0800b579   0x00000007   PAD
    0x0800b580   0x0800b580   0x00000038   Data   RO         6204    .constdata          m_ws.l(log.o)
    0x0800b5b8   0x0800b5b8   0x00000081   Data   RO         6218    .constdata          mc_w.l(ctype_o.o)
    0x0800b639   0x0800b639   0x00000003   PAD
    0x0800b63c   0x0800b63c   0x00000004   Data   RO         6219    .constdata          mc_w.l(ctype_o.o)
    0x0800b640   0x0800b640   0x00000008   Data   RO         6580    .constdata          m_ws.l(qnan.o)
    0x0800b648   0x0800b648   0x00000044   Data   RO          429    .conststring        bms_info.o
    0x0800b68c   0x0800b68c   0x0000008b   Data   RO         4954    .conststring        ipc.o
    0x0800b717   0x0800b717   0x00000001   PAD
    0x0800b718   0x0800b718   0x00000058   Data   RO         5187    .conststring        kservice.o
    0x0800b770   0x0800b770   0x000001a8   Data   RO         5408    .conststring        mem.o
    0x0800b918   0x0800b918   0x00000042   Data   RO         5638    .conststring        thread.o
    0x0800b95a   0x0800b95a   0x00000002   PAD
    0x0800b95c   0x0800b95c   0x00000044   Data   RO         5943    .conststring        cmd.o
    0x0800b9a0   0x0800b9a0   0x00000023   Data   RO            8    .rodata.name        app.o
    0x0800b9c3   0x0800b9c3   0x00000108   Data   RO          714    .rodata.name        bms_control.o
    0x0800bacb   0x0800bacb   0x000000fc   Data   RO         5944    .rodata.name        cmd.o
    0x0800bbc7   0x0800bbc7   0x00000064   Data   RO         6030    .rodata.name        msh.o
    0x0800bc2b   0x0800bc2b   0x00000001   PAD
    0x0800bc2c   0x0800bc2c   0x00000004   Data   RO         4805    .rti_fn.0           components.o
    0x0800bc30   0x0800bc30   0x00000004   Data   RO         4806    .rti_fn.0.end       components.o
    0x0800bc34   0x0800bc34   0x00000004   Data   RO          217    .rti_fn.1           board.o
    0x0800bc38   0x0800bc38   0x00000004   Data   RO         4807    .rti_fn.1.end       components.o
    0x0800bc3c   0x0800bc3c   0x00000004   Data   RO         6134    .rti_fn.6           shell.o
    0x0800bc40   0x0800bc40   0x00000004   Data   RO         4808    .rti_fn.6.end       components.o
    0x0800bc44   0x0800bc44   0x0000000c   Data   RO            9    FSymTab             app.o
    0x0800bc50   0x0800bc50   0x0000006c   Data   RO          715    FSymTab             bms_control.o
    0x0800bcbc   0x0800bcbc   0x00000060   Data   RO         5945    FSymTab             cmd.o
    0x0800bd1c   0x0800bd1c   0x00000024   Data   RO         6031    FSymTab             msh.o
    0x0800bd40   0x0800bd40   0x00000020   Data   RO         6628    Region$$Table       anon$$obj.o


    Execution Region RW_IRAM1 (Exec base: 0x20000000, Load base: 0x0800bd60, Size: 0x00004c10, Max: 0x00005000, ABSOLUTE, COMPRESSED[0x000001c0])

    Exec Addr    Load Addr    Size         Type   Attr      Idx    E Section Name        Object

    0x20000000   COMPRESSED   0x0000000c   Data   RW            7    .data               app.o
    0x2000000c   COMPRESSED   0x00000100   Data   RW          295    .data               bms_analysis.o
    0x2000010c   COMPRESSED   0x00000030   Data   RW          358    .data               bms_balance.o
    0x2000013c   COMPRESSED   0x00000001   Data   RW          430    .data               bms_info.o
    0x2000013d   COMPRESSED   0x00000001   PAD
    0x2000013e   COMPRESSED   0x00000012   Data   RW          480    .data               bms_monitor.o
    0x20000150   COMPRESSED   0x00000054   Data   RW          552    .data               bms_protect.o
    0x200001a4   COMPRESSED   0x00000011   Data   RW          849    .data               can.o
    0x200001b5   COMPRESSED   0x00000003   PAD
    0x200001b8   COMPRESSED   0x0000000c   Data   RW         1060    .data               delay.o
    0x200001c4   COMPRESSED   0x00000024   Data   RW         1134    .data               soft_i2c.o
    0x200001e8   COMPRESSED   0x00000008   Data   RW         1247    .data               usart.o
    0x200001f0   COMPRESSED   0x0000000f   Data   RW         1424    .data               bq769.o
    0x200001ff   COMPRESSED   0x00000014   Data   RW         3273    .data               stm32f10x_rcc.o
    0x20000213   COMPRESSED   0x00000001   PAD
    0x20000214   COMPRESSED   0x00000004   Data   RW         4761    .data               clock.o
    0x20000218   COMPRESSED   0x00000008   Data   RW         4882    .data               idle.o
    0x20000220   COMPRESSED   0x00000001   Data   RW         5120    .data               irq.o
    0x20000221   COMPRESSED   0x00000003   PAD
    0x20000224   COMPRESSED   0x0000003c   Data   RW         5188    .data               kservice.o
    0x20000260   COMPRESSED   0x00000060   Data   RW         5469    .data               object.o
    0x200002c0   COMPRESSED   0x0000000d   Data   RW         5549    .data               scheduler.o
    0x200002cd   COMPRESSED   0x00000003   PAD
    0x200002d0   COMPRESSED   0x00000018   Data   RW         5762    .data               timer.o
    0x200002e8   COMPRESSED   0x00000010   Data   RW         5879    .data               cpuport.o
    0x200002f8   COMPRESSED   0x00000010   Data   RW         6133    .data               shell.o
    0x20000308   COMPRESSED   0x00000004   Data   RW         6607    .data               mc_w.l(errno.o)
    0x2000030c        -       0x00003c00   Zero   RW          216    .bss                board.o
    0x20003f0c        -       0x00000050   Zero   RW          479    .bss                bms_monitor.o
    0x20003f5c        -       0x000000a0   Zero   RW          848    .bss                can.o
    0x20003ffc        -       0x00000080   Zero   RW         1246    .bss                usart.o
    0x2000407c        -       0x00000078   Zero   RW         1423    .bss                bq769.o
    0x200040f4        -       0x00000178   Zero   RW         4881    .bss                idle.o
    0x2000426c        -       0x00000124   Zero   RW         5185    .bss                kservice.o
    0x20004390        -       0x00000100   Zero   RW         5547    .bss                scheduler.o
    0x20004490        -       0x00000278   Zero   RW         5760    .bss                timer.o
    0x20004708        -       0x00000101   Zero   RW         6131    .bss                shell.o
    0x20004809   COMPRESSED   0x00000007   PAD
    0x20004810        -       0x00000400   Zero   RW         4654    STACK               startup_stm32f10x_md.o


==============================================================================

Image component sizes


      Code (inc. data)   RO Data    RW Data    ZI Data      Debug   Object Name

       328         88         47         12          0     301444   app.o
      1276        264          0        256          0       6016   bms_analysis.o
      1618        580          0         48          0       5728   bms_balance.o
       424        110        372          0          0      12655   bms_control.o
      2048        716         68          1          0       3427   bms_info.o
       732        244          0         18         80       5028   bms_monitor.o
      2318        824          0         84          0       7144   bms_protect.o
       256          0          0          0          0       3180   bms_utils.o
       240         30          4          0      15360       4192   board.o
      4066       1022          0         15        120      23053   bq769.o
       640         80          0         17        160       9980   can.o
         4          0          0          0          0        900   canif.o
       148         12          0          4          0       2148   clock.o
      2532        966        416          0          0      14954   cmd.o
       218         50         36          0          0       5672   components.o
       252         28          0          0          0        776   context_rvds.o
         0          0          0          0          0         32   core_cm3.o
      1440        724          0         16          0       5402   cpuport.o
       188         18          0         12          0       1838   delay.o
       262         30          0          8        376       6262   idle.o
      2512        808        467          0          0      22706   ipc.o
       100         18          0          1          0       2242   irq.o
      2492        338        411         60        292      16890   kservice.o
        16          0          0          0          0        399   main.o
      1528        554        493          0          0       6429   mem.o
       132         22          0          0          0       1559   misc.o
       974        216        150          0          0       8640   msh.o
       772        268        128         96          0      10238   object.o
       864        136         52         13        256       9488   scheduler.o
      1360        170         78         16        257       8352   shell.o
      1316         62          0         36          0      14610   soft_i2c.o
        36          8        236          0       1024        796   startup_stm32f10x_md.o
       904         32          0          0          0       4822   stm32f10x_can.o
       200         18          0          0          0       2104   stm32f10x_exti.o
       518         10          0          0          0       5055   stm32f10x_gpio.o
        16          0          0          0          0       2169   stm32f10x_it.o
       276         32          0         20          0       4394   stm32f10x_rcc.o
       252         42          0          0          0       3986   stm32f10x_tim.o
       442          6          0          0          0       6041   stm32f10x_usart.o
       328         28          0          0          0       2025   system_stm32f10x.o
      1970        586        253          0          0      14937   thread.o
      2176        614        108         24        632      15458   timer.o
       384         46          0          8        128       2848   usart.o

    ----------------------------------------------------------------------
     38612       9800       3362        776      18692     586019   Object Totals
         0          0         32          0          0          0   (incl. Generated)
        54          0         11         11          7          0   (incl. Padding)

    ----------------------------------------------------------------------

      Code (inc. data)   RO Data    RW Data    ZI Data      Debug   Library Member Name

        34          4          0          0          0        204   dunder.o
       860         52         56          0          0        256   log.o
       170          0          0          0          0         96   poly.o
         0          0          8          0          0          0   qnan.o
        86          0          0          0          0          0   __dczerorl2.o
        28          0          0          0          0         68   _chval.o
       158          0          0          0          0         92   _strtoul.o
        26          0          0          0          0         80   atoi.o
         8          4        133          0          0         68   ctype_o.o
         0          0          0          0          0          0   entry.o
         0          0          0          0          0          0   entry10a.o
         0          0          0          0          0          0   entry11a.o
         8          4          0          0          0          0   entry2.o
         4          0          0          0          0          0   entry5.o
         0          0          0          0          0          0   entry7b.o
         0          0          0          0          0          0   entry8b.o
         8          4          0          0          0          0   entry9a.o
        20         10          0          4          0        136   errno.o
        30          0          0          0          0          0   handlers.o
        36          8          0          0          0         68   init.o
         0          0          0          0          0          0   iusefp.o
        30          0          0          0          0         68   llshl.o
        36          0          0          0          0         68   llsshr.o
        32          0          0          0          0         68   llushr.o
        36          0          0          0          0         68   memcpya.o
        36          0          0          0          0        108   memseta.o
      2276         86          0          0          0        520   printfa.o
        24          0          0          0          0         68   strcat.o
        28          0          0          0          0         76   strcmp.o
        18          0          0          0          0         68   strcpy.o
        14          0          0          0          0         68   strlen.o
        30          0          0          0          0         80   strncmp.o
        24          0          0          0          0         76   strncpy.o
       112          0          0          0          0         88   strtol.o
        44          0          0          0          0         80   uidiv.o
        98          0          0          0          0         92   uldiv.o
        48          0          0          0          0         68   cdcmple.o
        48          0          0          0          0         68   cdrcmple.o
        20          0          0          0          0         68   cfcmple.o
        20          0          0          0          0         68   cfrcmple.o
        56          0          0          0          0         88   d2f.o
       334          0          0          0          0        148   dadd.o
       222          0          0          0          0        100   ddiv.o
       186          0          0          0          0        176   depilogue.o
        48          0          0          0          0         68   dfixul.o
        34          0          0          0          0         76   dflti.o
        26          0          0          0          0         76   dfltui.o
       228          0          0          0          0         96   dmul.o
        46          0          0          0          0         80   dscalb.o
        38          0          0          0          0         68   f2d.o
       176          0          0          0          0        140   fadd.o
       124          0          0          0          0         88   fdiv.o
       110          0          0          0          0        168   fepilogue.o
        50          0          0          0          0         68   ffixi.o
        40          0          0          0          0         68   ffixui.o
        18          0          0          0          0         68   fflti.o
        10          0          0          0          0         68   ffltui.o
       100          0          0          0          0         76   fmul.o

    ----------------------------------------------------------------------
      6306        172        200          4          0       4656   Library Totals
        10          0          3          0          0          0   (incl. Padding)

    ----------------------------------------------------------------------

      Code (inc. data)   RO Data    RW Data    ZI Data      Debug   Library Name

      1064         56         64          0          0        556   m_ws.l
      3250        116        133          4          0       2108   mc_w.l
      1982          0          0          0          0       1992   mf_w.l

    ----------------------------------------------------------------------
      6306        172        200          4          0       4656   Library Totals

    ----------------------------------------------------------------------

==============================================================================


      Code (inc. data)   RO Data    RW Data    ZI Data      Debug   

     44918       9972       3562        780      18692     571251   Grand Totals
     44918       9972       3562        448      18692     571251   ELF Image Totals (compressed)
     44918       9972       3562        448          0          0   ROM Totals

==============================================================================

    Total RO  Size (Code + RO Data)                48480 (  47.34kB)
    Total RW  Size (RW Data + ZI Data)             19472 (  19.02kB)
    Total ROM Size (Code + RO Data + RW Data)      48928 (  47.78kB)

==============================================================================

