Component: ARM Compiler 5.06 update 6 (build 750) Tool: armlink [4d35ed]

==============================================================================

Section Cross References

    app.o(i.app_init) refers to stm32f10x_rcc.o(i.RCC_APB2PeriphClockCmd) for RCC_APB2PeriphClockCmd
    app.o(i.app_init) refers to stm32f10x_gpio.o(i.GPIO_PinRemapConfig) for GPIO_PinRemapConfig
    app.o(i.app_init) refers to ipc.o(i.rt_mutex_create) for rt_mutex_create
    app.o(i.app_init) refers to thread.o(i.rt_thread_create) for rt_thread_create
    app.o(i.app_init) refers to thread.o(i.rt_thread_startup) for rt_thread_startup
    app.o(i.app_init) refers to ecum.o(i.EcuM_StartupTwo) for EcuM_StartupTwo
    app.o(i.app_init) refers to soft_i2c.o(i.I2C_BusInitialize) for I2C_BusInitialize
    app.o(i.app_init) refers to bq769.o(i.BQ769X0_Initialize) for BQ769X0_Initialize
    app.o(i.app_init) refers to bms_monitor.o(i.BMS_MonitorInit) for BMS_MonitorInit
    app.o(i.app_init) refers to bms_protect.o(i.BMS_ProtectInit) for BMS_ProtectInit
    app.o(i.app_init) refers to bms_analysis.o(i.BMS_AnalysisInit) for BMS_AnalysisInit
    app.o(i.app_init) refers to bms_info.o(i.BMS_InfoInit) for BMS_InfoInit
    app.o(i.app_init) refers to bms_balance.o(i.BMS_BalanceInit) for BMS_BalanceInit
    app.o(i.app_init) refers to kservice.o(i.rt_kprintf) for rt_kprintf
    app.o(i.app_init) refers to bms_protect.o(i.BMS_ProtectHwOCD) for BMS_ProtectHwOCD
    app.o(i.app_init) refers to bms_protect.o(i.BMS_ProtectHwSCD) for BMS_ProtectHwSCD
    app.o(i.app_init) refers to bms_protect.o(i.BMS_ProtectHwOV) for BMS_ProtectHwOV
    app.o(i.app_init) refers to bms_protect.o(i.BMS_ProtectHwUV) for BMS_ProtectHwUV
    app.o(i.app_init) refers to bms_protect.o(i.BMS_ProtectHwDevice) for BMS_ProtectHwDevice
    app.o(i.app_init) refers to bms_protect.o(i.BMS_ProtectHwOvrd) for BMS_ProtectHwOvrd
    app.o(i.app_init) refers to app.o(.data) for .data
    app.o(i.app_init) refers to app.o(i.rte_com_task) for rte_com_task
    app.o(i.led_gpio_init) refers to stm32f10x_rcc.o(i.RCC_APB2PeriphClockCmd) for RCC_APB2PeriphClockCmd
    app.o(i.led_gpio_init) refers to stm32f10x_gpio.o(i.GPIO_SetBits) for GPIO_SetBits
    app.o(i.led_gpio_init) refers to stm32f10x_gpio.o(i.GPIO_Init) for GPIO_Init
    app.o(i.led_task) refers to app.o(i.led_toggle) for led_toggle
    app.o(i.led_task) refers to thread.o(i.rt_thread_delay) for rt_thread_delay
    app.o(i.led_task) refers to app.o(.data) for .data
    app.o(i.rte_com_task) refers to clock.o(i.rt_tick_get) for rt_tick_get
    app.o(i.rte_com_task) refers to clock.o(i.rt_tick_from_millisecond) for rt_tick_from_millisecond
    app.o(i.rte_com_task) refers to rte.o(i.Rte_MainFunction_ComRx) for Rte_MainFunction_ComRx
    app.o(i.rte_com_task) refers to rte.o(i.Rte_MainFunction_ComTx) for Rte_MainFunction_ComTx
    app.o(i.rte_com_task) refers to thread.o(i.rt_thread_delay) for rt_thread_delay
    app.o(i.shell_test) refers to atoi.o(.text) for atoi
    app.o(i.shell_test) refers to app.o(.data) for .data
    app.o(FSymTab) refers to app.o(.rodata.name) for __fsym_shell_test_name
    app.o(FSymTab) refers to app.o(.rodata.name) for __fsym_shell_test_desc
    app.o(FSymTab) refers to app.o(i.shell_test) for shell_test
    board.o(i.rt_heap_begin_get) refers to board.o(.bss) for .bss
    board.o(i.rt_heap_end_get) refers to board.o(.bss) for .bss
    board.o(i.rt_hw_board_init) refers to delay.o(i.tim_tick_init) for tim_tick_init
    board.o(i.rt_hw_board_init) refers to board.o(i.rt_heap_end_get) for rt_heap_end_get
    board.o(i.rt_hw_board_init) refers to board.o(i.rt_heap_begin_get) for rt_heap_begin_get
    board.o(i.rt_hw_board_init) refers to kservice.o(i.rt_system_heap_init) for rt_system_heap_init
    board.o(i.rt_hw_board_init) refers to components.o(i.rt_components_board_init) for rt_components_board_init
    board.o(i.rt_hw_console_getchar) refers to ipc.o(i.rt_sem_take) for rt_sem_take
    board.o(i.rt_hw_console_getchar) refers to context_rvds.o(.text) for rt_hw_interrupt_disable
    board.o(i.rt_hw_console_getchar) refers to usart.o(.data) for uart_rx_sem
    board.o(i.rt_hw_console_getchar) refers to usart.o(.bss) for rx_buf
    board.o(i.rt_hw_console_output) refers to stm32f10x_usart.o(i.USART_SendData) for USART_SendData
    board.o(i.rt_hw_console_output) refers to stm32f10x_usart.o(i.USART_GetFlagStatus) for USART_GetFlagStatus
    board.o(i.rt_os_tick_callback) refers to irq.o(i.rt_interrupt_enter) for rt_interrupt_enter
    board.o(i.rt_os_tick_callback) refers to clock.o(i.rt_tick_increase) for rt_tick_increase
    board.o(i.rt_os_tick_callback) refers to irq.o(i.rt_interrupt_leave) for rt_interrupt_leave
    board.o(i.uart_init) refers to usart.o(i.USART1_Init) for USART1_Init
    board.o(.rti_fn.1) refers to board.o(i.uart_init) for uart_init
    main.o(i.main) refers to app.o(i.app_init) for app_init
    main.o(i.main) refers to thread.o(i.rt_thread_delay) for rt_thread_delay
[...]
    I2C_BusInitialize                        0x08004799   Thumb Code    64  soft_i2c.o(i.I2C_BusInitialize)
    I2C_TransferMessages                     0x08004917   Thumb Code   222  soft_i2c.o(i.I2C_TransferMessages)
    MemManage_Handler                        0x08004a6d   Thumb Code     2  stm32f10x_it.o(i.MemManage_Handler)
    NMI_Handler                              0x08004a6f   Thumb Code     2  stm32f10x_it.o(i.NMI_Handler)
    NVIC_Init                                0x08004a71   Thumb Code    94  misc.o(i.NVIC_Init)
    NVIC_PriorityGroupConfig                 0x08004ad5   Thumb Code    10  misc.o(i.NVIC_PriorityGroupConfig)
    RCC_APB1PeriphClockCmd                   0x08004ae9   Thumb Code    18  stm32f10x_rcc.o(i.RCC_APB1PeriphClockCmd)
    RCC_APB2PeriphClockCmd                   0x08004b01   Thumb Code    18  stm32f10x_rcc.o(i.RCC_APB2PeriphClockCmd)
    RCC_GetClocksFreq                        0x08004b19   Thumb Code   132  stm32f10x_rcc.o(i.RCC_GetClocksFreq)
    Rte_Call_CanIf_Transmit                  0x08004bad   Thumb Code     4  rte.o(i.Rte_Call_CanIf_Transmit)
    Rte_Init                                 0x08004bb1   Thumb Code     4  rte.o(i.Rte_Init)
    Rte_MainFunction_ComRx                   0x08004bb5   Thumb Code    32  rte.o(i.Rte_MainFunction_ComRx)
    Rte_MainFunction_ComTx                   0x08004bd5   Thumb Code     4  rte.o(i.Rte_MainFunction_ComTx)
    Rte_Start                                0x08004bd9   Thumb Code     2  rte.o(i.Rte_Start)
    SystemInit                               0x08004ce9   Thumb Code    64  system_stm32f10x.o(i.SystemInit)
    TIM3_IRQHandler                          0x08004d39   Thumb Code    60  delay.o(i.TIM3_IRQHandler)
    TIM_ClearFlag                            0x08004d7d   Thumb Code     6  stm32f10x_tim.o(i.TIM_ClearFlag)
    TIM_ClearITPendingBit                    0x08004d83   Thumb Code     6  stm32f10x_tim.o(i.TIM_ClearITPendingBit)
    TIM_Cmd                                  0x08004d89   Thumb Code    20  stm32f10x_tim.o(i.TIM_Cmd)
    TIM_GetITStatus                          0x08004d9d   Thumb Code    24  stm32f10x_tim.o(i.TIM_GetITStatus)
    TIM_ITConfig                             0x08004db5   Thumb Code    16  stm32f10x_tim.o(i.TIM_ITConfig)
    TIM_TimeBaseInit                         0x08004dc5   Thumb Code   114  stm32f10x_tim.o(i.TIM_TimeBaseInit)
    USART1_IRQHandler                        0x08004ec5   Thumb Code    72  usart.o(i.USART1_IRQHandler)
    USART1_Init                              0x08004f19   Thumb Code   222  usart.o(i.USART1_Init)
    USART_Cmd                                0x08005011   Thumb Code    20  stm32f10x_usart.o(i.USART_Cmd)
    USART_GetFlagStatus                      0x08005025   Thumb Code    14  stm32f10x_usart.o(i.USART_GetFlagStatus)
    USART_GetITStatus                        0x08005033   Thumb Code    62  stm32f10x_usart.o(i.USART_GetITStatus)
    USART_ITConfig                           0x08005071   Thumb Code    48  stm32f10x_usart.o(i.USART_ITConfig)
    USART_Init                               0x080050a1   Thumb Code   166  stm32f10x_usart.o(i.USART_Init)
    USART_ReceiveData                        0x0800514d   Thumb Code     8  stm32f10x_usart.o(i.USART_ReceiveData)
    USART_SendData                           0x08005155   Thumb Code     8  stm32f10x_usart.o(i.USART_SendData)
    USB_HP_CAN1_TX_IRQHandler                0x0800515d   Thumb Code     4  can.o(i.USB_HP_CAN1_TX_IRQHandler)
    USB_LP_CAN1_RX0_IRQHandler               0x08005161   Thumb Code     4  can.o(i.USB_LP_CAN1_RX0_IRQHandler)
    UsageFault_Handler                       0x08005165   Thumb Code     2  stm32f10x_it.o(i.UsageFault_Handler)
    __0sprintf                               0x08005169   Thumb Code    34  printfa.o(i.__0sprintf)
    __1sprintf                               0x08005169   Thumb Code     0  printfa.o(i.__0sprintf)
    __2sprintf                               0x08005169   Thumb Code     0  printfa.o(i.__0sprintf)
    __c89sprintf                             0x08005169   Thumb Code     0  printfa.o(i.__0sprintf)
    sprintf                                  0x08005169   Thumb Code     0  printfa.o(i.__0sprintf)
    __aeabi_errno_addr                       0x08005191   Thumb Code     4  errno.o(i.__aeabi_errno_addr)
    __rt_errno_addr                          0x08005191   Thumb Code     0  errno.o(i.__aeabi_errno_addr)
    __kernel_poly                            0x08005199   Thumb Code   170  poly.o(i.__kernel_poly)
    __mathlib_dbl_divzero                    0x08005245   Thumb Code    12  dunder.o(i.__mathlib_dbl_divzero)
    __mathlib_dbl_infnan                     0x08005255   Thumb Code     6  dunder.o(i.__mathlib_dbl_infnan)
    __mathlib_dbl_invalid                    0x0800525b   Thumb Code    12  dunder.o(i.__mathlib_dbl_invalid)
    __rt_ffs                                 0x08005269   Thumb Code    62  kservice.o(i.__rt_ffs)
    __scatterload_copy                       0x080052ad   Thumb Code    14  handlers.o(i.__scatterload_copy)
    __scatterload_null                       0x080052bb   Thumb Code     2  handlers.o(i.__scatterload_null)
    __scatterload_zeroinit                   0x080052bd   Thumb Code    14  handlers.o(i.__scatterload_zeroinit)
    __set_errno                              0x080052cd   Thumb Code     6  errno.o(i.__set_errno)
    app_init                                 0x08005f8d   Thumb Code   206  app.o(i.app_init)
    cmd_free                                 0x080061b9   Thumb Code    60  msh.o(i.cmd_free)
    cmd_list                                 0x08006235   Thumb Code   144  cmd.o(i.cmd_list)
    cmd_ps                                   0x0800639d   Thumb Code    10  msh.o(i.cmd_ps)
    finsh_get_prompt                         0x080063dd   Thumb Code    58  shell.o(i.finsh_get_prompt)
    finsh_set_prompt_mode                    0x0800642d   Thumb Code    34  shell.o(i.finsh_set_prompt_mode)
    finsh_system_function_init               0x0800646d   Thumb Code     8  shell.o(i.finsh_system_function_init)
    finsh_system_init                        0x08006479   Thumb Code    90  shell.o(i.finsh_system_init)
    finsh_thread_entry                       0x0800650d   Thumb Code   594  shell.o(i.finsh_thread_entry)
    list_mailbox                             0x08006891   Thumb Code   198  cmd.o(i.list_mailbox)
    list_mutex                               0x080069d1   Thumb Code   146  cmd.o(i.list_mutex)
    list_sem                                 0x08006ac9   Thumb Code   190  cmd.o(i.list_sem)
    list_thread                              0x08006be9   Thumb Code   256  cmd.o(i.list_thread)
    list_timer                               0x08006da5   Thumb Code   176  cmd.o(i.list_timer)
    log                                      0x08006f29   Thumb Code   808  log.o(i.log)
    $Super$$main                             0x08007285   Thumb Code    12  main.o(i.main)
    main_thread_entry                        0x08007291   Thumb Code    14  components.o(i.main_thread_entry)
    msh_auto_complete                        0x08007379   Thumb Code   138  msh.o(i.msh_auto_complete)
    msh_exec                                 0x08007411   Thumb Code    74  msh.o(i.msh_exec)
    msh_help                                 0x08007475   Thumb Code    44  msh.o(i.msh_help)
    right_bound                              0x080077c1   Thumb Code    44  bms_utils.o(i.right_bound)
    rt_application_init                      0x080077ed   Thumb Code    48  components.o(i.rt_application_init)
    rt_assert_handler                        0x0800783d   Thumb Code    46  kservice.o(i.rt_assert_handler)
    rt_calloc                                0x080078a9   Thumb Code    26  kservice.o(i.rt_calloc)
    rt_components_board_init                 0x080078c5   Thumb Code    20  components.o(i.rt_components_board_init)
    rt_components_init                       0x080078e1   Thumb Code    20  components.o(i.rt_components_init)
    rt_critical_level                        0x080078fd   Thumb Code     8  scheduler.o(i.rt_critical_level)
    rt_enter_critical                        0x08007909   Thumb Code    22  scheduler.o(i.rt_enter_critical)
    rt_exit_critical                         0x08007925   Thumb Code    52  scheduler.o(i.rt_exit_critical)
    rt_free                                  0x0800795d   Thumb Code    30  kservice.o(i.rt_free)
    rt_heap_begin_get                        0x0800797d   Thumb Code     4  board.o(i.rt_heap_begin_get)
    rt_heap_end_get                          0x08007985   Thumb Code     4  board.o(i.rt_heap_end_get)
    rt_hw_board_init                         0x0800798d   Thumb Code    30  board.o(i.rt_hw_board_init)
    rt_hw_console_getchar                    0x080079ad   Thumb Code    58  board.o(i.rt_hw_console_getchar)
    rt_hw_console_output                     0x080079f9   Thumb Code    62  board.o(i.rt_hw_console_output)
    rt_hw_hard_fault_exception               0x08007a3d   Thumb Code   186  cpuport.o(i.rt_hw_hard_fault_exception)
    rt_hw_stack_init                         0x08007c39   Thumb Code    54  cpuport.o(i.rt_hw_stack_init)
    rt_interrupt_enter                       0x08007c75   Thumb Code    22  irq.o(i.rt_interrupt_enter)
    rt_interrupt_get_nest                    0x08007c91   Thumb Code    18  irq.o(i.rt_interrupt_get_nest)
    rt_interrupt_leave                       0x08007ca9   Thumb Code    22  irq.o(i.rt_interrupt_leave)
    rt_kprintf                               0x08007cc5   Thumb Code    38  kservice.o(i.rt_kprintf)
    rt_malloc                                0x08007d8d   Thumb Code    32  kservice.o(i.rt_malloc)
    rt_mb_init                               0x08007db1   Thumb Code    88  ipc.o(i.rt_mb_init)
    rt_mb_recv                               0x08007e59   Thumb Code   396  ipc.o(i.rt_mb_recv)
    rt_mb_send                               0x0800808d   Thumb Code     6  ipc.o(i.rt_mb_send)
    rt_mb_send_wait                          0x08008095   Thumb Code   392  ipc.o(i.rt_mb_send_wait)
    rt_memcpy                                0x080082c5   Thumb Code    74  kservice.o(i.rt_memcpy)
    rt_memmove                               0x0800830f   Thumb Code    46  kservice.o(i.rt_memmove)
    rt_memory_info                           0x0800833d   Thumb Code    46  kservice.o(i.rt_memory_info)
    rt_memset                                0x08008371   Thumb Code    68  kservice.o(i.rt_memset)
    rt_mutex_create                          0x080083b5   Thumb Code    80  ipc.o(i.rt_mutex_create)
    rt_mutex_init                            0x08008435   Thumb Code    58  ipc.o(i.rt_mutex_init)
    rt_mutex_release                         0x08008489   Thumb Code   282  ipc.o(i.rt_mutex_release)
    rt_mutex_take                            0x08008625   Thumb Code   334  ipc.o(i.rt_mutex_take)
    rt_object_allocate                       0x08008821   Thumb Code   130  object.o(i.rt_object_allocate)
    rt_object_delete                         0x080088ed   Thumb Code    70  object.o(i.rt_object_delete)
    rt_object_detach                         0x08008979   Thumb Code    46  object.o(i.rt_object_detach)
    rt_object_get_information                0x080089c1   Thumb Code    30  object.o(i.rt_object_get_information)
    rt_object_get_type                       0x080089e5   Thumb Code    26  object.o(i.rt_object_get_type)
    rt_object_init                           0x08008a19   Thumb Code   118  object.o(i.rt_object_init)
    rt_object_is_systemobject                0x08008abd   Thumb Code    32  object.o(i.rt_object_is_systemobject)
    rt_os_tick_callback                      0x08008af5   Thumb Code    18  board.o(i.rt_os_tick_callback)
    rt_schedule                              0x08008b09   Thumb Code   180  scheduler.o(i.rt_schedule)
    rt_schedule_insert_thread                0x08008bc5   Thumb Code   122  scheduler.o(i.rt_schedule_insert_thread)
    rt_schedule_remove_thread                0x08008c61   Thumb Code    80  scheduler.o(i.rt_schedule_remove_thread)
    rt_sem_create                            0x08008cd1   Thumb Code   112  ipc.o(i.rt_sem_create)
    rt_sem_init                              0x08008dc1   Thumb Code    90  ipc.o(i.rt_sem_init)
    rt_sem_release                           0x08008e81   Thumb Code   116  ipc.o(i.rt_sem_release)
    rt_sem_take                              0x08008f0d   Thumb Code   264  ipc.o(i.rt_sem_take)
    rt_show_version                          0x080090bd   Thumb Code    42  kservice.o(i.rt_show_version)
    rt_smem_alloc                            0x08009181   Thumb Code   320  mem.o(i.rt_smem_alloc)
    rt_smem_free                             0x08009375   Thumb Code   198  mem.o(i.rt_smem_free)
    rt_smem_init                             0x08009511   Thumb Code   144  mem.o(i.rt_smem_init)
    rt_soft_timer_check                      0x080095e5   Thumb Code   158  timer.o(i.rt_soft_timer_check)
    rt_sprintf                               0x08009689   Thumb Code    18  kservice.o(i.rt_sprintf)
    rt_strerror                              0x0800969d   Thumb Code    22  kservice.o(i.rt_strerror)
    rt_strncpy                               0x080096b9   Thumb Code    38  kservice.o(i.rt_strncpy)
    rt_system_heap_init                      0x080096e1   Thumb Code    58  kservice.o(i.rt_system_heap_init)
    rt_system_scheduler_init                 0x08009751   Thumb Code    30  scheduler.o(i.rt_system_scheduler_init)
    rt_system_scheduler_start                0x08009779   Thumb Code    36  scheduler.o(i.rt_system_scheduler_start)
    rt_system_timer_init                     0x080097a1   Thumb Code    18  timer.o(i.rt_system_timer_init)
    rt_system_timer_thread_init              0x080097b9   Thumb Code    56  timer.o(i.rt_system_timer_thread_init)
    rt_thread_control                        0x08009805   Thumb Code   164  thread.o(i.rt_thread_control)
    rt_thread_create                         0x080098c5   Thumb Code    72  thread.o(i.rt_thread_create)
    rt_thread_defunct_dequeue                0x0800990d   Thumb Code    44  idle.o(i.rt_thread_defunct_dequeue)
    rt_thread_defunct_enqueue                0x0800993d   Thumb Code    18  idle.o(i.rt_thread_defunct_enqueue)
    rt_thread_delay                          0x08009955   Thumb Code     4  thread.o(i.rt_thread_delay)
    rt_thread_delete                         0x08009959   Thumb Code   118  thread.o(i.rt_thread_delete)
    rt_thread_detach                         0x08009a29   Thumb Code   118  thread.o(i.rt_thread_detach)
    rt_thread_idle_init                      0x08009b21   Thumb Code    84  idle.o(i.rt_thread_idle_init)
    rt_thread_init                           0x08009b85   Thumb Code    84  thread.o(i.rt_thread_init)
    rt_thread_mdelay                         0x08009c09   Thumb Code    14  thread.o(i.rt_thread_mdelay)
    rt_thread_resume                         0x08009c19   Thumb Code    96  thread.o(i.rt_thread_resume)
    rt_thread_self                           0x08009c95   Thumb Code     6  thread.o(i.rt_thread_self)
    rt_thread_sleep                          0x08009ca1   Thumb Code   100  thread.o(i.rt_thread_sleep)
    rt_thread_startup                        0x08009d25   Thumb Code    96  thread.o(i.rt_thread_startup)
    rt_thread_suspend                        0x08009ddd   Thumb Code   126  thread.o(i.rt_thread_suspend)
    rt_tick_from_millisecond                 0x08009e99   Thumb Code    50  clock.o(i.rt_tick_from_millisecond)
    rt_tick_get                              0x08009ecd   Thumb Code     6  clock.o(i.rt_tick_get)
    rt_tick_increase                         0x08009ed9   Thumb Code    68  clock.o(i.rt_tick_increase)
    rt_timer_check                           0x08009f21   Thumb Code   142  timer.o(i.rt_timer_check)
    rt_timer_control                         0x08009fb5   Thumb Code   142  timer.o(i.rt_timer_control)
    rt_timer_create                          0x0800a0c1   Thumb Code    82  timer.o(i.rt_timer_create)
    rt_timer_detach                          0x0800a145   Thumb Code    96  timer.o(i.rt_timer_detach)
    rt_timer_init                            0x0800a225   Thumb Code    92  timer.o(i.rt_timer_init)
    rt_timer_start                           0x0800a2c5   Thumb Code   230  timer.o(i.rt_timer_start)
    rt_timer_stop                            0x0800a409   Thumb Code    82  timer.o(i.rt_timer_stop)
    rt_vsnprintf                             0x0800a4b1   Thumb Code   600  kservice.o(i.rt_vsnprintf)
    rt_vsprintf                              0x0800a711   Thumb Code    16  kservice.o(i.rt_vsprintf)
    rtthread_startup                         0x0800a769   Thumb Code    42  components.o(i.rtthread_startup)
    swap                                     0x0800a819   Thumb Code    26  bms_utils.o(i.swap)
    tim_tick_init                            0x0800a835   Thumb Code   108  delay.o(i.tim_tick_init)
    version                                  0x0800a981   Thumb Code    10  cmd.o(i.version)
    __lowest_bit_bitmap                      0x0800aae6   Data         256  kservice.o(.constdata)
    __ctype_table                            0x0800aee0   Data         129  ctype_o.o(.constdata)
    __mathlib_zero                           0x0800af68   Data           8  qnan.o(.constdata)
    __fsym_shell_test_name                   0x0800b30c   Data          11  app.o(.rodata.name)
    __fsym_shell_test_desc                   0x0800b317   Data          24  app.o(.rodata.name)
    __fsym_BMS_CmdOpenDSG_name               0x0800b32f   Data          15  bms_control.o(.rodata.name)
    __fsym_BMS_CmdOpenDSG_desc               0x0800b33e   Data           9  bms_control.o(.rodata.name)
    __fsym_BMS_CmdCloseDSG_name              0x0800b347   Data          16  bms_control.o(.rodata.name)
    __fsym_BMS_CmdCloseDSG_desc              0x0800b357   Data          10  bms_control.o(.rodata.name)
    __fsym_BMS_CmdOpenCHG_name               0x0800b361   Data          15  bms_control.o(.rodata.name)
    __fsym_BMS_CmdOpenCHG_desc               0x0800b370   Data           9  bms_control.o(.rodata.name)
    __fsym_BMS_CmdCloseCHG_name              0x0800b379   Data          16  bms_control.o(.rodata.name)
    __fsym_BMS_CmdCloseCHG_desc              0x0800b389   Data          10  bms_control.o(.rodata.name)
    __fsym_BMS_CmdOpenBalance_name           0x0800b393   Data          19  bms_control.o(.rodata.name)
    __fsym_BMS_CmdOpenBalance_desc           0x0800b3a6   Data          13  bms_control.o(.rodata.name)
    __fsym_BMS_CmdCloseBalance_name          0x0800b3b3   Data          20  bms_control.o(.rodata.name)
    __fsym_BMS_CmdCloseBalance_desc          0x0800b3c7   Data          14  bms_control.o(.rodata.name)
    __fsym_BMS_CmdLoadDetect_name            0x0800b3d5   Data          18  bms_control.o(.rodata.name)
    __fsym_BMS_CmdLoadDetect_desc            0x0800b3e7   Data          12  bms_control.o(.rodata.name)
    __fsym_BMS_CmdOpenInfo_name              0x0800b3f3   Data          16  bms_control.o(.rodata.name)
    __fsym_BMS_CmdOpenInfo_desc              0x0800b403   Data          17  bms_control.o(.rodata.name)
    __fsym_BMS_CmdCloseInfo_name             0x0800b414   Data          17  bms_control.o(.rodata.name)
    __fsym_BMS_CmdCloseInfo_desc             0x0800b425   Data          18  bms_control.o(.rodata.name)
    __fsym_clear_name                        0x0800b437   Data           6  cmd.o(.rodata.name)
    __fsym_clear_desc                        0x0800b43d   Data          26  cmd.o(.rodata.name)
    __fsym_version_name                      0x0800b457   Data           8  cmd.o(.rodata.name)
    __fsym_version_desc                      0x0800b45f   Data          35  cmd.o(.rodata.name)
    __fsym_list_thread_name                  0x0800b482   Data          12  cmd.o(.rodata.name)
    __fsym_list_thread_desc                  0x0800b48e   Data          12  cmd.o(.rodata.name)
    __fsym_list_sem_name                     0x0800b49a   Data           9  cmd.o(.rodata.name)
    __fsym_list_sem_desc                     0x0800b4a3   Data          25  cmd.o(.rodata.name)
    __fsym_list_mutex_name                   0x0800b4bc   Data          11  cmd.o(.rodata.name)
    __fsym_list_mutex_desc                   0x0800b4c7   Data          21  cmd.o(.rodata.name)
    __fsym_list_mailbox_name                 0x0800b4dc   Data          13  cmd.o(.rodata.name)
    __fsym_list_mailbox_desc                 0x0800b4e9   Data          24  cmd.o(.rodata.name)
    __fsym_list_timer_name                   0x0800b501   Data          11  cmd.o(.rodata.name)
    __fsym_list_timer_desc                   0x0800b50c   Data          21  cmd.o(.rodata.name)
    __fsym_list_name                         0x0800b521   Data           5  cmd.o(.rodata.name)
    __fsym_list_desc                         0x0800b526   Data          13  cmd.o(.rodata.name)
    __fsym_help_name                         0x0800b533   Data           5  msh.o(.rodata.name)
    __fsym_help_desc                         0x0800b538   Data          22  msh.o(.rodata.name)
    __fsym_ps_name                           0x0800b54e   Data           3  msh.o(.rodata.name)
    __fsym_ps_desc                           0x0800b551   Data          28  msh.o(.rodata.name)
    __fsym_free_name                         0x0800b56d   Data           5  msh.o(.rodata.name)
    __fsym_free_desc                         0x0800b572   Data          37  msh.o(.rodata.name)
    __rt_init_rti_start                      0x0800b598   Data           4  components.o(.rti_fn.0)
    __rt_init_rti_board_start                0x0800b59c   Data           4  components.o(.rti_fn.0.end)
    __rt_init_uart_init                      0x0800b5a0   Data           4  board.o(.rti_fn.1)
    __rt_init_rti_board_end                  0x0800b5a4   Data           4  components.o(.rti_fn.1.end)
    __rt_init_finsh_system_init              0x0800b5a8   Data           4  shell.o(.rti_fn.6)
    __rt_init_rti_end                        0x0800b5ac   Data           4  components.o(.rti_fn.6.end)
    FSymTab$$Base                            0x0800b5b0   Number         0  app.o(FSymTab)
    __fsym_shell_test                        0x0800b5b0   Data          12  app.o(FSymTab)
    __fsym_BMS_CmdOpenDSG                    0x0800b5bc   Data          12  bms_control.o(FSymTab)
    __fsym_BMS_CmdCloseDSG                   0x0800b5c8   Data          12  bms_control.o(FSymTab)
    __fsym_BMS_CmdOpenCHG                    0x0800b5d4   Data          12  bms_control.o(FSymTab)
    __fsym_BMS_CmdCloseCHG                   0x0800b5e0   Data          12  bms_control.o(FSymTab)
    __fsym_BMS_CmdOpenBalance                0x0800b5ec   Data          12  bms_control.o(FSymTab)
    __fsym_BMS_CmdCloseBalance               0x0800b5f8   Data          12  bms_control.o(FSymTab)
    __fsym_BMS_CmdLoadDetect                 0x0800b604   Data          12  bms_control.o(FSymTab)
    __fsym_BMS_CmdOpenInfo                   0x0800b610   Data          12  bms_control.o(FSymTab)
    __fsym_BMS_CmdCloseInfo                  0x0800b61c   Data          12  bms_control.o(FSymTab)
    __fsym_clear                             0x0800b628   Data          12  cmd.o(FSymTab)
    __fsym_version                           0x0800b634   Data          12  cmd.o(FSymTab)
    __fsym_list_thread                       0x0800b640   Data          12  cmd.o(FSymTab)
    __fsym_list_sem                          0x0800b64c   Data          12  cmd.o(FSymTab)
    __fsym_list_mutex                        0x0800b658   Data          12  cmd.o(FSymTab)
    __fsym_list_mailbox                      0x0800b664   Data          12  cmd.o(FSymTab)
    __fsym_list_timer                        0x0800b670   Data          12  cmd.o(FSymTab)
    __fsym_list                              0x0800b67c   Data          12  cmd.o(FSymTab)
    __fsym_help                              0x0800b688   Data          12  msh.o(FSymTab)
    __fsym_ps                                0x0800b694   Data          12  msh.o(FSymTab)
    __fsym_free                              0x0800b6a0   Data          12  msh.o(FSymTab)
    FSymTab$$Limit                           0x0800b6ac   Number         0  msh.o(FSymTab)
    Region$$Table$$Base                      0x0800b6ac   Number         0  anon$$obj.o(Region$$Table)
    Region$$Table$$Limit                     0x0800b6cc   Number         0  anon$$obj.o(Region$$Table)
    led_time                                 0x20000000   Data           2  app.o(.data)
    i2c_mutex                                0x20000004   Data           4  app.o(.data)
    rte_com_thread                           0x20000008   Data           4  app.o(.data)
    BMS_AnalysisData                         0x20000010   Data          52  bms_analysis.o(.data)
    SocOcvTab                                0x20000044   Data         202  bms_analysis.o(.data)
    BalanceVoltRiseTime                      0x20000114   Data           4  bms_balance.o(.data)
    BalanceTime                              0x20000118   Data           4  bms_balance.o(.data)
    BMS_BalanceData                          0x2000011c   Data          32  bms_balance.o(.data)
    BMS_GlobalParam                          0x20000148   Data           6  bms_monitor.o(.data)
    BMS_Protect                              0x2000015c   Data          72  bms_protect.o(.data)
    i2c1                                     0x200001cc   Data          32  soft_i2c.o(.data)
    rx_in                                    0x200001ec   Data           2  usart.o(.data)
    rx_out                                   0x200001ee   Data           2  usart.o(.data)
    uart_rx_sem                              0x200001f0   Data           4  usart.o(.data)
    rt_interrupt_nest                        0x2000022c   Data           1  irq.o(.data)
    rt_assert_hook                           0x20000238   Data           4  kservice.o(.data)
    rt_current_priority                      0x200002cc   Data           1  scheduler.o(.data)
    rt_current_thread                        0x200002d0   Data           4  scheduler.o(.data)
    rt_thread_ready_priority_group           0x200002d4   Data           4  scheduler.o(.data)
    rt_interrupt_from_thread                 0x200002f4   Data           4  cpuport.o(.data)
    rt_interrupt_to_thread                   0x200002f8   Data           4  cpuport.o(.data)
    rt_thread_switch_interrupt_flag          0x200002fc   Data           4  cpuport.o(.data)
    _syscall_table_begin                     0x20000300   Data           4  shell.o(.data)
    _syscall_table_end                       0x20000304   Data           4  shell.o(.data)
    shell                                    0x2000030c   Data           4  shell.o(.data)
    BMS_MonitorData                          0x20003f14   Data          80  bms_monitor.o(.bss)
    rx_buf                                   0x20004004   Data         128  usart.o(.bss)
    BQ769X0_SampleData                       0x2000427c   Data          36  bq769.o(.bss)
    rt_thread_priority_table                 0x20004558   Data         256  scheduler.o(.bss)
    __initial_sp                             0x20004dd8   Data           0  startup_stm32f10x_md.o(STACK)



==============================================================================

Memory Map of the image

  Image Entry point : 0x080000ed

  Load Region LR_IROM1 (Base: 0x08000000, Size: 0x0000b9e0, Max: 0x00010000, ABSOLUTE, COMPRESSED[0x0000b88c])

    Execution Region ER_IROM1 (Exec base: 0x08000000, Load base: 0x08000000, Size: 0x0000b6cc, Max: 0x00010000, ABSOLUTE)

    Exec Addr    Load Addr    Size         Type   Attr      Idx    E Section Name        Object

    0x08000000   0x08000000   0x000000ec   Data   RO         4551    RESET               startup_stm32f10x_md.o
    0x080000ec   0x080000ec   0x00000000   Code   RO         6082  * .ARM.Collect$$$$00000000  mc_w.l(entry.o)
    0x080000ec   0x080000ec   0x00000004   Code   RO         6451    .ARM.Collect$$$$00000001  mc_w.l(entry2.o)
    0x080000f0   0x080000f0   0x00000004   Code   RO         6454    .ARM.Collect$$$$00000004  mc_w.l(entry5.o)
    0x080000f4   0x080000f4   0x00000000   Code   RO         6456    .ARM.Collect$$$$00000008  mc_w.l(entry7b.o)
    0x080000f4   0x080000f4   0x00000000   Code   RO         6458    .ARM.Collect$$$$0000000A  mc_w.l(entry8b.o)
    0x080000f4   0x080000f4   0x00000008   Code   RO         6459    .ARM.Collect$$$$0000000B  mc_w.l(entry9a.o)
    0x080000fc   0x080000fc   0x00000000   Code   RO         6461    .ARM.Collect$$$$0000000D  mc_w.l(entry10a.o)
    0x080000fc   0x080000fc   0x00000000   Code   RO         6463    .ARM.Collect$$$$0000000F  mc_w.l(entry11a.o)
    0x080000fc   0x080000fc   0x00000004   Code   RO         6452    .ARM.Collect$$$$00002712  mc_w.l(entry2.o)
    0x08000100   0x08000100   0x00000024   Code   RO         4552    .text               startup_stm32f10x_md.o
    0x08000124   0x08000124   0x000000fc   Code   RO         5729    .text               context_rvds.o
    0x08000220   0x08000220   0x00000062   Code   RO         6085    .text               mc_w.l(uldiv.o)
    0x08000282   0x08000282   0x00000002   PAD
    0x08000284   0x08000284   0x00000008   Code   RO         6087    .text               mc_w.l(ctype_o.o)
    0x0800028c   0x0800028c   0x00000024   Code   RO         6117    .text               mc_w.l(memcpya.o)
    0x080002b0   0x080002b0   0x00000024   Code   RO         6119    .text               mc_w.l(memseta.o)
    0x080002d4   0x080002d4   0x00000018   Code   RO         6121    .text               mc_w.l(strcat.o)
    0x080002ec   0x080002ec   0x00000018   Code   RO         6123    .text               mc_w.l(strncpy.o)
    0x08000304   0x08000304   0x0000000e   Code   RO         6125    .text               mc_w.l(strlen.o)
    0x08000312   0x08000312   0x0000001c   Code   RO         6127    .text               mc_w.l(strcmp.o)
    0x0800032e   0x0800032e   0x00000012   Code   RO         6129    .text               mc_w.l(strcpy.o)
    0x08000340   0x08000340   0x0000001e   Code   RO         6131    .text               mc_w.l(strncmp.o)
    0x0800035e   0x0800035e   0x0000001a   Code   RO         6396    .text               mc_w.l(atoi.o)
    0x08000378   0x08000378   0x000000b0   Code   RO         6398    .text               mf_w.l(fadd.o)
    0x08000428   0x08000428   0x00000064   Code   RO         6400    .text               mf_w.l(fmul.o)
    0x0800048c   0x0800048c   0x0000007c   Code   RO         6402    .text               mf_w.l(fdiv.o)
    0x08000508   0x08000508   0x00000018   Code   RO         6404    .text               mf_w.l(fscalb.o)
    0x08000520   0x08000520   0x0000014e   Code   RO         6406    .text               mf_w.l(dadd.o)
    0x0800066e   0x0800066e   0x000000e4   Code   RO         6408    .text               mf_w.l(dmul.o)
    0x08000752   0x08000752   0x000000de   Code   RO         6410    .text               mf_w.l(ddiv.o)
    0x08000830   0x08000830   0x00000012   Code   RO         6412    .text               mf_w.l(fflti.o)
    0x08000842   0x08000842   0x0000000a   Code   RO         6414    .text               mf_w.l(ffltui.o)
    0x0800084c   0x0800084c   0x00000022   Code   RO         6416    .text               mf_w.l(dflti.o)
    0x0800086e   0x0800086e   0x0000001a   Code   RO         6418    .text               mf_w.l(dfltui.o)
    0x08000888   0x08000888   0x00000032   Code   RO         6420    .text               mf_w.l(ffixi.o)
    0x080008ba   0x080008ba   0x00000028   Code   RO         6422    .text               mf_w.l(ffixui.o)
    0x080008e2   0x080008e2   0x00000026   Code   RO         6424    .text               mf_w.l(f2d.o)
    0x08000908   0x08000908   0x00000030   Code   RO         6426    .text               mf_w.l(cdrcmple.o)
    0x08000938   0x08000938   0x00000038   Code   RO         6428    .text               mf_w.l(d2f.o)
    0x08000970   0x08000970   0x00000014   Code   RO         6430    .text               mf_w.l(cfcmple.o)
    0x08000984   0x08000984   0x00000014   Code   RO         6432    .text               mf_w.l(cfrcmple.o)
    0x08000998   0x08000998   0x0000002c   Code   RO         6466    .text               mc_w.l(uidiv.o)
    0x080009c4   0x080009c4   0x0000001e   Code   RO         6468    .text               mc_w.l(llshl.o)
    0x080009e2   0x080009e2   0x00000020   Code   RO         6470    .text               mc_w.l(llushr.o)
    0x08000a02   0x08000a02   0x00000024   Code   RO         6472    .text               mc_w.l(llsshr.o)
    0x08000a26   0x08000a26   0x00000070   Code   RO         6481    .text               mc_w.l(strtol.o)
    0x08000a96   0x08000a96   0x00000000   Code   RO         6483    .text               mc_w.l(iusefp.o)
    0x08000a96   0x08000a96   0x0000006e   Code   RO         6484    .text               mf_w.l(fepilogue.o)
    0x08000b04   0x08000b04   0x000000ba   Code   RO         6486    .text               mf_w.l(depilogue.o)
    0x08000bbe   0x08000bbe   0x0000002e   Code   RO         6488    .text               mf_w.l(dscalb.o)
    0x08000bec   0x08000bec   0x00000030   Code   RO         6490    .text               mf_w.l(dfixul.o)
    0x08000c1c   0x08000c1c   0x00000030   Code   RO         6492    .text               mf_w.l(cdcmple.o)
    0x08000c4c   0x08000c4c   0x00000024   Code   RO         6494    .text               mc_w.l(init.o)
    0x08000c70   0x08000c70   0x0000009e   Code   RO         6496    .text               mc_w.l(_strtoul.o)
    0x08000d0e   0x08000d0e   0x0000001c   Code   RO         6498    .text               mc_w.l(_chval.o)
    0x08000d2a   0x08000d2a   0x00000056   Code   RO         6508    .text               mc_w.l(__dczerorl2.o)
    0x08000d80   0x08000d80   0x0000000a   Code   RO         4684    i.$Sub$$main        components.o
    0x08000d8a   0x08000d8a   0x00000002   PAD
    0x08000d8c   0x08000d8c   0x000000bc   Code   RO          343    i.BMS_AnalysisAhIntegrateToSoc  bms_analysis.o
    0x08000e48   0x08000e48   0x00000078   Code   RO          344    i.BMS_AnalysisCalculate  bms_analysis.o
    0x08000ec0   0x08000ec0   0x000000d8   Code   RO          345    i.BMS_AnalysisInit  bms_analysis.o
    0x08000f98   0x08000f98   0x0000005c   Code   RO          346    i.BMS_AnalysisOcvSocCompensation  bms_analysis.o
    0x08000ff4   0x08000ff4   0x00000058   Code   RO          347    i.BMS_AnalysisOcvToSoc  bms_analysis.o
    0x0800104c   0x0800104c   0x00000068   Code   RO          348    i.BMS_AnalysisTask  bms_analysis.o
    0x080010b4   0x080010b4   0x000000b8   Code   RO          349    i.BMS_AnalysisTempCompensation  bms_analysis.o
    0x0800116c   0x0800116c   0x00000060   Code   RO          404    i.BMS_BalanceCheck  bms_balance.o
    0x080011cc   0x080011cc   0x00000150   Code   RO          405    i.BMS_BalanceChgDsgManage  bms_balance.o
    0x0800131c   0x0800131c   0x000000b0   Code   RO          406    i.BMS_BalanceControl  bms_balance.o
    0x080013cc   0x080013cc   0x0000017c   Code   RO          407    i.BMS_BalanceInit   bms_balance.o
    0x08001548   0x08001548   0x000000d4   Code   RO          408    i.BMS_BalanceSelect  bms_balance.o
    0x0800161c   0x0800161c   0x00000038   Code   RO          409    i.BMS_BalanceTask   bms_balance.o
    0x08001654   0x08001654   0x00000134   Code   RO          565    i.BMS_ChargeMonitor  bms_protect.o
    0x08001788   0x08001788   0x0000000c   Code   RO          717    i.BMS_CmdCloseBalance  bms_control.o
    0x08001794   0x08001794   0x0000000c   Code   RO          718    i.BMS_CmdCloseCHG   bms_control.o
    0x080017a0   0x080017a0   0x0000000c   Code   RO          719    i.BMS_CmdCloseDSG   bms_control.o
    0x080017ac   0x080017ac   0x00000006   Code   RO          720    i.BMS_CmdCloseInfo  bms_control.o
    0x080017b2   0x080017b2   0x00000002   PAD
    0x080017b4   0x080017b4   0x00000060   Code   RO          721    i.BMS_CmdLoadDetect  bms_control.o
    0x08001814   0x08001814   0x0000000c   Code   RO          722    i.BMS_CmdOpenBalance  bms_control.o
    0x08001820   0x08001820   0x0000000c   Code   RO          723    i.BMS_CmdOpenCHG    bms_control.o
    0x0800182c   0x0800182c   0x0000000c   Code   RO          724    i.BMS_CmdOpenDSG    bms_control.o
    0x08001838   0x08001838   0x00000006   Code   RO          725    i.BMS_CmdOpenInfo   bms_control.o
    0x0800183e   0x0800183e   0x00000002   PAD
    0x08001840   0x08001840   0x000000cc   Code   RO          566    i.BMS_DischargeMonitor  bms_protect.o
    0x0800190c   0x0800190c   0x00000028   Code   RO          726    i.BMS_HalCtrlCellsBalance  bms_control.o
    0x08001934   0x08001934   0x00000028   Code   RO          727    i.BMS_HalCtrlCharge  bms_control.o
    0x0800195c   0x0800195c   0x00000028   Code   RO          728    i.BMS_HalCtrlDischarge  bms_control.o
    0x08001984   0x08001984   0x00000050   Code   RO          508    i.BMS_HalMonitorBattery  bms_monitor.o
    0x080019d4   0x080019d4   0x00000020   Code   RO          731    i.BMS_HalUpdateCellCurrent  bms_control.o
    0x080019f4   0x080019f4   0x00000020   Code   RO          732    i.BMS_HalUpdateCellTemperature  bms_control.o
    0x08001a14   0x08001a14   0x00000024   Code   RO          733    i.BMS_HalUpdateCellVoltage  bms_control.o
    0x08001a38   0x08001a38   0x00000014   Code   RO          468    i.BMS_InfoControlPrintf  bms_info.o
    0x08001a4c   0x08001a4c   0x000000ec   Code   RO          469    i.BMS_InfoInit      bms_info.o
    0x08001b38   0x08001b38   0x000000c8   Code   RO          470    i.BMS_InfoLed       bms_info.o
    0x08001c00   0x08001c00   0x000004bc   Code   RO          471    i.BMS_InfoPrintf    bms_info.o
    0x080020bc   0x080020bc   0x00000020   Code   RO          472    i.BMS_InfoTask      bms_info.o
    0x080020dc   0x080020dc   0x000000b8   Code   RO          509    i.BMS_MonitorBattery  bms_monitor.o
    0x08002194   0x08002194   0x000000d4   Code   RO          510    i.BMS_MonitorInit   bms_monitor.o
    0x08002268   0x08002268   0x00000002   Code   RO          567    i.BMS_ProtectHwDevice  bms_protect.o
    0x0800226a   0x0800226a   0x00000002   PAD
    0x0800226c   0x0800226c   0x0000006c   Code   RO          568    i.BMS_ProtectHwOCD  bms_protect.o
    0x080022d8   0x080022d8   0x00000068   Code   RO          569    i.BMS_ProtectHwOV   bms_protect.o
    0x08002340   0x08002340   0x00000002   Code   RO          570    i.BMS_ProtectHwOvrd  bms_protect.o
    0x08002342   0x08002342   0x00000002   PAD
    0x08002344   0x08002344   0x0000006c   Code   RO          571    i.BMS_ProtectHwSCD  bms_protect.o
    0x080023b0   0x080023b0   0x00000068   Code   RO          572    i.BMS_ProtectHwUV   bms_protect.o
    0x08002418   0x08002418   0x000000d4   Code   RO          573    i.BMS_ProtectInit   bms_protect.o
    0x080024ec   0x080024ec   0x000002a4   Code   RO          574    i.BMS_ProtectRelieveMonitor  bms_protect.o
    0x08002790   0x08002790   0x00000028   Code   RO          575    i.BMS_ProtectTask   bms_protect.o
    0x080027b8   0x080027b8   0x0000009c   Code   RO         1352    i.BQ769X0_AlertyHandler  bq769.o
    0x08002854   0x08002854   0x00000048   Code   RO         1353    i.BQ769X0_CellBalanceControl  bq769.o
    0x0800289c   0x0800289c   0x000000dc   Code   RO         1354    i.BQ769X0_Configuration  bq769.o
    0x08002978   0x08002978   0x0000001c   Code   RO         1355    i.BQ769X0_ControlDSGOrCHG  bq769.o
    0x08002994   0x08002994   0x0000001e   Code   RO         1356    i.BQ769X0_EntryShip  bq769.o
    0x080029b2   0x080029b2   0x00000002   PAD
    0x080029b4   0x080029b4   0x00000068   Code   RO         1357    i.BQ769X0_GetADCGainOffset  bq769.o
    0x08002a1c   0x08002a1c   0x00000148   Code   RO         1358    i.BQ769X0_Initialize  bq769.o
    0x08002b64   0x08002b64   0x00000024   Code   RO         1359    i.BQ769X0_LoadDetect  bq769.o
    0x08002b88   0x08002b88   0x00000158   Code   RO         1363    i.BQ769X0_ReadBlockWithCRC  bq769.o
    0x08002ce0   0x08002ce0   0x000000f0   Code   RO         1364    i.BQ769X0_ReadRegisterByteWithCRC  bq769.o
    0x08002dd0   0x08002dd0   0x0000014c   Code   RO         1365    i.BQ769X0_ReadRegisterWordWithCRC  bq769.o
    0x08002f1c   0x08002f1c   0x0000009c   Code   RO         1369    i.BQ769X0_UpdateBatVolt  bq769.o
    0x08002fb8   0x08002fb8   0x000000b0   Code   RO         1370    i.BQ769X0_UpdateCellVolt  bq769.o
    0x08003068   0x08003068   0x000000a8   Code   RO         1371    i.BQ769X0_UpdateCurrent  bq769.o
    0x08003110   0x08003110   0x00000108   Code   RO         1373    i.BQ769X0_UpdateTsTemp  bq769.o
    0x08003218   0x08003218   0x00000064   Code   RO         1374    i.BQ769X0_Wakeup    bq769.o
    0x0800327c   0x0800327c   0x000000e8   Code   RO         1375    i.BQ769X0_WriteBlockWithCRC  bq769.o
    0x08003364   0x08003364   0x000000a4   Code   RO         1376    i.BQ769X0_WriteRegisterByteWithCRC  bq769.o
    0x08003408   0x08003408   0x00000030   Code   RO          410    i.BalanceTimerCallback  bms_balance.o
    0x08003438   0x08003438   0x00000058   Code   RO          514    i.Bms_MonitorTask   bms_monitor.o
    0x08003490   0x08003490   0x00000040   Code   RO          639    i.BubbleFloat       bms_utils.o
    0x080034d0   0x080034d0   0x00000046   Code   RO          640    i.BubbleSort        bms_utils.o
    0x08003516   0x08003516   0x00000002   Code   RO         4556    i.BusFault_Handler  stm32f10x_it.o
    0x08003518   0x08003518   0x00000004   Code   RO          845    i.CAN1_RX1_IRQHandler  can.o
    0x0800351c   0x0800351c   0x00000004   Code   RO          846    i.CAN1_SCE_IRQHandler  can.o
    0x08003520   0x08003520   0x00000078   Code   RO         1927    i.CAN_ClearITPendingBit  stm32f10x_can.o
    0x08003598   0x08003598   0x000000cc   Code   RO         1931    i.CAN_FilterInit    stm32f10x_can.o
    0x08003664   0x08003664   0x000000a8   Code   RO         1933    i.CAN_GetITStatus   stm32f10x_can.o
    0x0800370c   0x0800370c   0x00000010   Code   RO         1937    i.CAN_ITConfig      stm32f10x_can.o
    0x0800371c   0x0800371c   0x000000e8   Code   RO         1938    i.CAN_Init          stm32f10x_can.o
    0x08003804   0x08003804   0x00000016   Code   RO         1939    i.CAN_MessagePending  stm32f10x_can.o
    0x0800381a   0x0800381a   0x0000008c   Code   RO         1940    i.CAN_OperatingModeRequest  stm32f10x_can.o
    0x080038a6   0x080038a6   0x0000008e   Code   RO         1941    i.CAN_Receive       stm32f10x_can.o
    0x08003934   0x08003934   0x00000020   Code   RO         1944    i.CAN_StructInit    stm32f10x_can.o
    0x08003954   0x08003954   0x000000a4   Code   RO         1946    i.CAN_Transmit      stm32f10x_can.o
    0x080039f8   0x080039f8   0x0000006c   Code   RO         1947    i.CAN_TransmitStatus  stm32f10x_can.o
    0x08003a64   0x08003a64   0x0000002e   Code   RO         1377    i.CRC8              bq769.o
    0x08003a92   0x08003a92   0x00000002   Code   RO         1270    i.CanIf_ControllerBusOff  canif.o
    0x08003a94   0x08003a94   0x00000002   Code   RO         1271    i.CanIf_ControllerModeIndication  canif.o
    0x08003a96   0x08003a96   0x00000002   PAD
    0x08003a98   0x08003a98   0x0000004c   Code   RO         1272    i.CanIf_FreeMsg     canif.o
    0x08003ae4   0x08003ae4   0x00000050   Code   RO         1273    i.CanIf_Init        canif.o
    0x08003b34   0x08003b34   0x00000004   Code   RO         1274    i.CanIf_MainFunction_Read  canif.o
    0x08003b38   0x08003b38   0x00000050   Code   RO         1275    i.CanIf_ReadRx      canif.o
    0x08003b88   0x08003b88   0x000000a0   Code   RO         1276    i.CanIf_RxIndication  canif.o
    0x08003c28   0x08003c28   0x0000001e   Code   RO         1277    i.CanIf_Transmit    canif.o
    0x08003c46   0x08003c46   0x00000002   Code   RO         1278    i.CanIf_TxConfirmation  canif.o
    0x08003c48   0x08003c48   0x00000094   Code   RO          851    i.Can_ApplyFilters  can.o
    0x08003cdc   0x08003cdc   0x00000160   Code   RO          858    i.Can_Init          can.o
    0x08003e3c   0x08003e3c   0x0000000a   Code   RO          859    i.Can_IsValidController  can.o
    0x08003e46   0x08003e46   0x00000002   PAD
    0x08003e48   0x08003e48   0x00000068   Code   RO          861    i.Can_IsrError      can.o
    0x08003eb0   0x08003eb0   0x00000034   Code   RO          862    i.Can_IsrRxFifo0    can.o
    0x08003ee4   0x08003ee4   0x00000034   Code   RO          863    i.Can_IsrRxFifo1    can.o
    0x08003f18   0x08003f18   0x00000034   Code   RO          864    i.Can_IsrTx         can.o
    0x08003f4c   0x08003f4c   0x00000012   Code   RO          866    i.Can_MainFunction_BusOff  can.o
    0x08003f5e   0x08003f5e   0x00000002   PAD
    0x08003f60   0x08003f60   0x00000014   Code   RO          867    i.Can_MainFunction_Error  can.o
    0x08003f74   0x08003f74   0x00000058   Code   RO          869    i.Can_MainFunction_Read  can.o
    0x08003fcc   0x08003fcc   0x0000005c   Code   RO          871    i.Can_MainFunction_Write  can.o
    0x08004028   0x08004028   0x000000b0   Code   RO          872    i.Can_ProcessRxFifo  can.o
    0x080040d8   0x080040d8   0x00000020   Code   RO          873    i.Can_ReadErrorState  can.o
    0x080040f8   0x080040f8   0x00000010   Code   RO          874    i.Can_ResetRxQueue  can.o
    0x08004108   0x08004108   0x00000020   Code   RO          875    i.Can_ResetTxTracking  can.o
    0x08004128   0x08004128   0x0000006c   Code   RO          876    i.Can_SetControllerMode  can.o
    0x08004194   0x08004194   0x000000a0   Code   RO          877    i.Can_Write         can.o
    0x08004234   0x08004234   0x0000000c   Code   RO         1949    i.CheckITStatus     stm32f10x_can.o
    0x08004240   0x08004240   0x0000006c   Code   RO         1524    i.Com_BuildBmsStatus  com.o
    0x080042ac   0x080042ac   0x00000038   Code   RO          307    i.Com_GetBmsStatusInput  com_appif.o
    0x080042e4   0x080042e4   0x00000002   Code   RO         1525    i.Com_Init          com.o
    0x080042e6   0x080042e6   0x0000003e   Code   RO         1526    i.Com_MainFunctionTx  com.o
    0x08004324   0x08004324   0x0000000a   Code   RO         1527    i.Com_RxIndication  com.o
    0x0800432e   0x0800432e   0x00000020   Code   RO          308    i.Com_RxIndicationHook  com_appif.o
    0x0800434e   0x0800434e   0x00000002   PAD
    0x08004350   0x08004350   0x0000002c   Code   RO          309    i.Com_ScaleToInt10  com_appif.o
    0x0800437c   0x0800437c   0x00000080   Code   RO          310    i.Com_SendCellVoltageResponse  com_appif.o
    0x080043fc   0x080043fc   0x00000078   Code   RO          311    i.Com_SendTemperatureResponse  com_appif.o
    0x08004474   0x08004474   0x00000002   Code   RO         4557    i.DebugMon_Handler  stm32f10x_it.o
    0x08004476   0x08004476   0x0000001c   Code   RO         1378    i.EXTI15_10_IRQHandler  bq769.o
    0x08004492   0x08004492   0x00000002   PAD
    0x08004494   0x08004494   0x0000000c   Code   RO         2387    i.EXTI_ClearITPendingBit  stm32f10x_exti.o
    0x080044a0   0x080044a0   0x00000020   Code   RO         2391    i.EXTI_GetITStatus  stm32f10x_exti.o
    0x080044c0   0x080044c0   0x00000070   Code   RO         2392    i.EXTI_Init         stm32f10x_exti.o
    0x08004530   0x08004530   0x00000020   Code   RO         1332    i.EcuM_Init         ecum.o
    0x08004550   0x08004550   0x00000020   Code   RO         1333    i.EcuM_StartupTwo   ecum.o
    0x08004570   0x08004570   0x00000008   Code   RO         1115    i.GET_SDA           soft_i2c.o
    0x08004578   0x08004578   0x00000028   Code   RO         2735    i.GPIO_EXTILineConfig  stm32f10x_gpio.o
    0x080045a0   0x080045a0   0x0000009c   Code   RO         2738    i.GPIO_Init         stm32f10x_gpio.o
    0x0800463c   0x0800463c   0x00000058   Code   RO         2740    i.GPIO_PinRemapConfig  stm32f10x_gpio.o
    0x08004694   0x08004694   0x0000000e   Code   RO         2742    i.GPIO_ReadInputDataBit  stm32f10x_gpio.o
    0x080046a2   0x080046a2   0x00000004   Code   RO         2745    i.GPIO_ResetBits    stm32f10x_gpio.o
    0x080046a6   0x080046a6   0x00000004   Code   RO         2746    i.GPIO_SetBits      stm32f10x_gpio.o
    0x080046aa   0x080046aa   0x0000000a   Code   RO         2749    i.GPIO_WriteBit     stm32f10x_gpio.o
    0x080046b4   0x080046b4   0x00000010   Code   RO         1116    i.I2C1_Lock         soft_i2c.o
    0x080046c4   0x080046c4   0x00000002   Code   RO         1117    i.I2C1_LockInit     soft_i2c.o
    0x080046c6   0x080046c6   0x00000002   PAD
    0x080046c8   0x080046c8   0x0000000c   Code   RO         1118    i.I2C1_Unlock       soft_i2c.o
    0x080046d4   0x080046d4   0x000000c4   Code   RO         1119    i.I2C_BitSendAddress  soft_i2c.o
    0x08004798   0x08004798   0x00000044   Code   RO         1120    i.I2C_BusInitialize  soft_i2c.o
    0x080047dc   0x080047dc   0x0000008c   Code   RO         1121    i.I2C_RecvBytes     soft_i2c.o
    0x08004868   0x08004868   0x0000002a   Code   RO         1122    i.I2C_Restart       soft_i2c.o
    0x08004892   0x08004892   0x00000042   Code   RO         1123    i.I2C_SendAddress   soft_i2c.o
    0x080048d4   0x080048d4   0x00000018   Code   RO         1124    i.I2C_Start         soft_i2c.o
    0x080048ec   0x080048ec   0x0000002a   Code   RO         1125    i.I2C_Stop          soft_i2c.o
    0x08004916   0x08004916   0x000000de   Code   RO         1126    i.I2C_TransferMessages  soft_i2c.o
    0x080049f4   0x080049f4   0x00000078   Code   RO         1127    i.I2C_WriteByte     soft_i2c.o
    0x08004a6c   0x08004a6c   0x00000002   Code   RO         4558    i.MemManage_Handler  stm32f10x_it.o
    0x08004a6e   0x08004a6e   0x00000002   Code   RO         4559    i.NMI_Handler       stm32f10x_it.o
    0x08004a70   0x08004a70   0x00000064   Code   RO         1589    i.NVIC_Init         misc.o
    0x08004ad4   0x08004ad4   0x00000014   Code   RO         1590    i.NVIC_PriorityGroupConfig  misc.o
    0x08004ae8   0x08004ae8   0x00000018   Code   RO         3154    i.RCC_APB1PeriphClockCmd  stm32f10x_rcc.o
    0x08004b00   0x08004b00   0x00000018   Code   RO         3156    i.RCC_APB2PeriphClockCmd  stm32f10x_rcc.o
    0x08004b18   0x08004b18   0x00000094   Code   RO         3164    i.RCC_GetClocksFreq  stm32f10x_rcc.o
    0x08004bac   0x08004bac   0x00000004   Code   RO         1553    i.Rte_Call_CanIf_Transmit  rte.o
    0x08004bb0   0x08004bb0   0x00000004   Code   RO         1554    i.Rte_Init          rte.o
    0x08004bb4   0x08004bb4   0x00000020   Code   RO         1555    i.Rte_MainFunction_ComRx  rte.o
    0x08004bd4   0x08004bd4   0x00000004   Code   RO         1556    i.Rte_MainFunction_ComTx  rte.o
    0x08004bd8   0x08004bd8   0x00000002   Code   RO         1557    i.Rte_Start         rte.o
    0x08004bda   0x08004bda   0x0000000a   Code   RO         1128    i.SCL_H             soft_i2c.o
    0x08004be4   0x08004be4   0x0000000a   Code   RO         1129    i.SCL_L             soft_i2c.o
    0x08004bee   0x08004bee   0x0000000a   Code   RO         1130    i.SDA_H             soft_i2c.o
    0x08004bf8   0x08004bf8   0x0000000a   Code   RO         1131    i.SDA_L             soft_i2c.o
    0x08004c02   0x08004c02   0x0000001e   Code   RO         1132    i.SDA_SetInMode     soft_i2c.o
    0x08004c20   0x08004c20   0x0000001e   Code   RO         1133    i.SDA_SetOutMode    soft_i2c.o
    0x08004c3e   0x08004c3e   0x00000002   PAD
    0x08004c40   0x08004c40   0x000000a8   Code   RO         4617    i.SetSysClockTo72   system_stm32f10x.o
    0x08004ce8   0x08004ce8   0x00000050   Code   RO         4619    i.SystemInit        system_stm32f10x.o
    0x08004d38   0x08004d38   0x00000044   Code   RO         1056    i.TIM3_IRQHandler   delay.o
    0x08004d7c   0x08004d7c   0x00000006   Code   RO         3779    i.TIM_ClearFlag     stm32f10x_tim.o
    0x08004d82   0x08004d82   0x00000006   Code   RO         3780    i.TIM_ClearITPendingBit  stm32f10x_tim.o
    0x08004d88   0x08004d88   0x00000014   Code   RO         3785    i.TIM_Cmd           stm32f10x_tim.o
    0x08004d9c   0x08004d9c   0x00000018   Code   RO         3806    i.TIM_GetITStatus   stm32f10x_tim.o
    0x08004db4   0x08004db4   0x00000010   Code   RO         3810    i.TIM_ITConfig      stm32f10x_tim.o
    0x08004dc4   0x08004dc4   0x0000009c   Code   RO         3856    i.TIM_TimeBaseInit  stm32f10x_tim.o
    0x08004e60   0x08004e60   0x00000064   Code   RO         1379    i.TempChange        bq769.o
    0x08004ec4   0x08004ec4   0x00000054   Code   RO         1229    i.USART1_IRQHandler  usart.o
    0x08004f18   0x08004f18   0x000000f8   Code   RO         1230    i.USART1_Init       usart.o
    0x08005010   0x08005010   0x00000014   Code   RO         4308    i.USART_Cmd         stm32f10x_usart.o
    0x08005024   0x08005024   0x0000000e   Code   RO         4311    i.USART_GetFlagStatus  stm32f10x_usart.o
    0x08005032   0x08005032   0x0000003e   Code   RO         4312    i.USART_GetITStatus  stm32f10x_usart.o
    0x08005070   0x08005070   0x00000030   Code   RO         4314    i.USART_ITConfig    stm32f10x_usart.o
    0x080050a0   0x080050a0   0x000000ac   Code   RO         4315    i.USART_Init        stm32f10x_usart.o
    0x0800514c   0x0800514c   0x00000008   Code   RO         4322    i.USART_ReceiveData  stm32f10x_usart.o
    0x08005154   0x08005154   0x00000008   Code   RO         4325    i.USART_SendData    stm32f10x_usart.o
    0x0800515c   0x0800515c   0x00000004   Code   RO          878    i.USB_HP_CAN1_TX_IRQHandler  can.o
    0x08005160   0x08005160   0x00000004   Code   RO          879    i.USB_LP_CAN1_RX0_IRQHandler  can.o
    0x08005164   0x08005164   0x00000002   Code   RO         4560    i.UsageFault_Handler  stm32f10x_it.o
    0x08005166   0x08005166   0x00000002   PAD
    0x08005168   0x08005168   0x00000028   Code   RO         6370    i.__0sprintf        mc_w.l(printfa.o)
    0x08005190   0x08005190   0x00000008   Code   RO         6474    i.__aeabi_errno_addr  mc_w.l(errno.o)
    0x08005198   0x08005198   0x000000aa   Code   RO         6448    i.__kernel_poly     m_ws.l(poly.o)
    0x08005242   0x08005242   0x00000002   PAD
    0x08005244   0x08005244   0x00000010   Code   RO         6434    i.__mathlib_dbl_divzero  m_ws.l(dunder.o)
    0x08005254   0x08005254   0x00000006   Code   RO         6435    i.__mathlib_dbl_infnan  m_ws.l(dunder.o)
    0x0800525a   0x0800525a   0x0000000c   Code   RO         6437    i.__mathlib_dbl_invalid  m_ws.l(dunder.o)
    0x08005266   0x08005266   0x00000002   PAD
    0x08005268   0x08005268   0x00000044   Code   RO         5019    i.__rt_ffs          kservice.o
    0x080052ac   0x080052ac   0x0000000e   Code   RO         6502    i.__scatterload_copy  mc_w.l(handlers.o)
    0x080052ba   0x080052ba   0x00000002   Code   RO         6503    i.__scatterload_null  mc_w.l(handlers.o)
    0x080052bc   0x080052bc   0x0000000e   Code   RO         6504    i.__scatterload_zeroinit  mc_w.l(handlers.o)
    0x080052ca   0x080052ca   0x00000002   PAD
    0x080052cc   0x080052cc   0x0000000c   Code   RO         6476    i.__set_errno       mc_w.l(errno.o)
    0x080052d8   0x080052d8   0x00000184   Code   RO         6375    i._fp_digits        mc_w.l(printfa.o)
    0x0800545c   0x0800545c   0x00000020   Code   RO         5020    i._heap_lock        kservice.o
    0x0800547c   0x0800547c   0x0000003c   Code   RO         5021    i._heap_unlock      kservice.o
    0x080054b8   0x080054b8   0x0000000e   Code   RO         4806    i._ipc_list_resume  ipc.o
    0x080054c6   0x080054c6   0x00000002   PAD
    0x080054c8   0x080054c8   0x00000064   Code   RO         4808    i._ipc_list_suspend  ipc.o
    0x0800552c   0x0800552c   0x000000b8   Code   RO         5902    i._msh_exec_cmd     msh.o
    0x080055e4   0x080055e4   0x000006dc   Code   RO         6376    i._printf_core      mc_w.l(printfa.o)
    0x08005cc0   0x08005cc0   0x00000024   Code   RO         6377    i._printf_post_padding  mc_w.l(printfa.o)
    0x08005ce4   0x08005ce4   0x0000002e   Code   RO         6378    i._printf_pre_padding  mc_w.l(printfa.o)
    0x08005d12   0x08005d12   0x00000002   PAD
    0x08005d14   0x08005d14   0x00000024   Code   RO         5408    i._scheduler_get_highest_priority_thread  scheduler.o
    0x08005d38   0x08005d38   0x0000000a   Code   RO         6380    i._sputc            mc_w.l(printfa.o)
    0x08005d42   0x08005d42   0x00000002   PAD
    0x08005d44   0x08005d44   0x00000038   Code   RO         5488    i._thread_exit      thread.o
    0x08005d7c   0x08005d7c   0x000000a8   Code   RO         5489    i._thread_init      thread.o
    0x08005e24   0x08005e24   0x000000bc   Code   RO         5490    i._thread_timeout   thread.o
    0x08005ee0   0x08005ee0   0x00000026   Code   RO         5609    i._timer_init       timer.o
    0x08005f06   0x08005f06   0x00000030   Code   RO         5610    i._timer_list_next_timeout  timer.o
    0x08005f36   0x08005f36   0x00000018   Code   RO         5611    i._timer_remove     timer.o
    0x08005f4e   0x08005f4e   0x00000002   PAD
    0x08005f50   0x08005f50   0x0000003c   Code   RO         5612    i._timer_thread_entry  timer.o
    0x08005f8c   0x08005f8c   0x00000130   Code   RO            1    i.app_init          app.o
    0x080060bc   0x080060bc   0x000000e8   Code   RO         5733    i.bus_fault_track   cpuport.o
    0x080061a4   0x080061a4   0x00000014   Code   RO         5796    i.clear             cmd.o
    0x080061b8   0x080061b8   0x0000007c   Code   RO         5903    i.cmd_free          msh.o
    0x08006234   0x08006234   0x00000168   Code   RO         5797    i.cmd_list          cmd.o
    0x0800639c   0x0800639c   0x0000000a   Code   RO         5904    i.cmd_ps            msh.o
    0x080063a6   0x080063a6   0x00000014   Code   RO          515    i.compaer_cell      bms_monitor.o
    0x080063ba   0x080063ba   0x00000022   Code   RO         1134    i.delay_us          soft_i2c.o
    0x080063dc   0x080063dc   0x00000050   Code   RO         5998    i.finsh_get_prompt  shell.o
    0x0800642c   0x0800642c   0x00000040   Code   RO         6003    i.finsh_set_prompt_mode  shell.o
    0x0800646c   0x0800646c   0x0000000c   Code   RO         6004    i.finsh_system_function_init  shell.o
    0x08006478   0x08006478   0x00000094   Code   RO         6005    i.finsh_system_init  shell.o
    0x0800650c   0x0800650c   0x0000027c   Code   RO         6006    i.finsh_thread_entry  shell.o
    0x08006788   0x08006788   0x00000078   Code   RO         5734    i.hard_fault_track  cpuport.o
    0x08006800   0x08006800   0x00000024   Code   RO         5798    i.list_find_init    cmd.o
    0x08006824   0x08006824   0x0000006a   Code   RO         5799    i.list_get_next     cmd.o
    0x0800688e   0x0800688e   0x00000002   PAD
    0x08006890   0x08006890   0x00000140   Code   RO         5800    i.list_mailbox      cmd.o
    0x080069d0   0x080069d0   0x000000f8   Code   RO         5801    i.list_mutex        cmd.o
    0x08006ac8   0x08006ac8   0x00000120   Code   RO         5802    i.list_sem          cmd.o
    0x08006be8   0x08006be8   0x000001bc   Code   RO         5803    i.list_thread       cmd.o
    0x08006da4   0x08006da4   0x00000184   Code   RO         5804    i.list_timer        cmd.o
    0x08006f28   0x08006f28   0x0000035c   Code   RO         6073    i.log               m_ws.l(log.o)
    0x08007284   0x08007284   0x0000000c   Code   RO          291    i.main              main.o
    0x08007290   0x08007290   0x0000000e   Code   RO         4685    i.main_thread_entry  components.o
    0x0800729e   0x0800729e   0x00000002   PAD
    0x080072a0   0x080072a0   0x000000d8   Code   RO         5735    i.mem_manage_fault_track  cpuport.o
    0x08007378   0x08007378   0x00000098   Code   RO         5905    i.msh_auto_complete  msh.o
    0x08007410   0x08007410   0x00000064   Code   RO         5906    i.msh_exec          msh.o
    0x08007474   0x08007474   0x00000060   Code   RO         5907    i.msh_help          msh.o
    0x080074d4   0x080074d4   0x000000d0   Code   RO         5908    i.msh_split         msh.o
    0x080075a4   0x080075a4   0x00000018   Code   RO         5805    i.object_split      cmd.o
    0x080075bc   0x080075bc   0x000000d8   Code   RO         5274    i.plug_holes        mem.o
    0x08007694   0x08007694   0x0000012c   Code   RO         5023    i.print_number      kservice.o
    0x080077c0   0x080077c0   0x0000002c   Code   RO          649    i.right_bound       bms_utils.o
    0x080077ec   0x080077ec   0x00000050   Code   RO         4686    i.rt_application_init  components.o
    0x0800783c   0x0800783c   0x0000006c   Code   RO         5024    i.rt_assert_handler  kservice.o
    0x080078a8   0x080078a8   0x0000001a   Code   RO         5026    i.rt_calloc         kservice.o
    0x080078c2   0x080078c2   0x00000002   PAD
    0x080078c4   0x080078c4   0x0000001c   Code   RO         4687    i.rt_components_board_init  components.o
    0x080078e0   0x080078e0   0x0000001c   Code   RO         4688    i.rt_components_init  components.o
    0x080078fc   0x080078fc   0x0000000c   Code   RO         5409    i.rt_critical_level  scheduler.o
    0x08007908   0x08007908   0x0000001c   Code   RO         5410    i.rt_enter_critical  scheduler.o
    0x08007924   0x08007924   0x00000038   Code   RO         5411    i.rt_exit_critical  scheduler.o
    0x0800795c   0x0800795c   0x0000001e   Code   RO         5027    i.rt_free           kservice.o
    0x0800797a   0x0800797a   0x00000002   PAD
    0x0800797c   0x0800797c   0x00000008   Code   RO          229    i.rt_heap_begin_get  board.o
    0x08007984   0x08007984   0x00000008   Code   RO          230    i.rt_heap_end_get   board.o
    0x0800798c   0x0800798c   0x0000001e   Code   RO          231    i.rt_hw_board_init  board.o
    0x080079aa   0x080079aa   0x00000002   PAD
    0x080079ac   0x080079ac   0x0000004c   Code   RO          232    i.rt_hw_console_getchar  board.o
    0x080079f8   0x080079f8   0x00000044   Code   RO          233    i.rt_hw_console_output  board.o
    0x08007a3c   0x08007a3c   0x000001fc   Code   RO         5739    i.rt_hw_hard_fault_exception  cpuport.o
    0x08007c38   0x08007c38   0x0000003c   Code   RO         5740    i.rt_hw_stack_init  cpuport.o
    0x08007c74   0x08007c74   0x0000001c   Code   RO         4992    i.rt_interrupt_enter  irq.o
    0x08007c90   0x08007c90   0x00000018   Code   RO         4993    i.rt_interrupt_get_nest  irq.o
    0x08007ca8   0x08007ca8   0x0000001c   Code   RO         4994    i.rt_interrupt_leave  irq.o
    0x08007cc4   0x08007cc4   0x0000002c   Code   RO         5032    i.rt_kprintf        kservice.o
    0x08007cf0   0x08007cf0   0x0000000e   Code   RO         5329    i.rt_list_insert_after  object.o
    0x08007cfe   0x08007cfe   0x0000000e   Code   RO         5613    i.rt_list_insert_after  timer.o
    0x08007d0c   0x08007d0c   0x0000000e   Code   RO         4809    i.rt_list_insert_before  ipc.o
    0x08007d1a   0x08007d1a   0x0000000e   Code   RO         4810    i.rt_list_isempty   ipc.o
    0x08007d28   0x08007d28   0x0000000e   Code   RO         5614    i.rt_list_isempty   timer.o
    0x08007d36   0x08007d36   0x0000000e   Code   RO         5806    i.rt_list_isempty   cmd.o
    0x08007d44   0x08007d44   0x00000012   Code   RO         5807    i.rt_list_len       cmd.o
    0x08007d56   0x08007d56   0x00000012   Code   RO         5330    i.rt_list_remove    object.o
    0x08007d68   0x08007d68   0x00000012   Code   RO         5491    i.rt_list_remove    thread.o
    0x08007d7a   0x08007d7a   0x00000012   Code   RO         5615    i.rt_list_remove    timer.o
    0x08007d8c   0x08007d8c   0x00000024   Code   RO         5034    i.rt_malloc         kservice.o
    0x08007db0   0x08007db0   0x000000a8   Code   RO         4815    i.rt_mb_init        ipc.o
    0x08007e58   0x08007e58   0x00000234   Code   RO         4816    i.rt_mb_recv        ipc.o
    0x0800808c   0x0800808c   0x00000006   Code   RO         4817    i.rt_mb_send        ipc.o
    0x08008092   0x08008092   0x00000002   PAD
    0x08008094   0x08008094   0x00000230   Code   RO         4818    i.rt_mb_send_wait   ipc.o
    0x080082c4   0x080082c4   0x0000004a   Code   RO         5037    i.rt_memcpy         kservice.o
    0x0800830e   0x0800830e   0x0000002e   Code   RO         5038    i.rt_memmove        kservice.o
    0x0800833c   0x0800833c   0x00000034   Code   RO         5039    i.rt_memory_info    kservice.o
    0x08008370   0x08008370   0x00000044   Code   RO         5040    i.rt_memset         kservice.o
    0x080083b4   0x080083b4   0x00000080   Code   RO         4821    i.rt_mutex_create   ipc.o
    0x08008434   0x08008434   0x00000054   Code   RO         4824    i.rt_mutex_init     ipc.o
    0x08008488   0x08008488   0x0000019c   Code   RO         4825    i.rt_mutex_release  ipc.o
    0x08008624   0x08008624   0x000001fc   Code   RO         4826    i.rt_mutex_take     ipc.o
    0x08008820   0x08008820   0x000000cc   Code   RO         5331    i.rt_object_allocate  object.o
    0x080088ec   0x080088ec   0x0000008c   Code   RO         5332    i.rt_object_delete  object.o
    0x08008978   0x08008978   0x00000048   Code   RO         5333    i.rt_object_detach  object.o
    0x080089c0   0x080089c0   0x00000024   Code   RO         5335    i.rt_object_get_information  object.o
    0x080089e4   0x080089e4   0x00000034   Code   RO         5338    i.rt_object_get_type  object.o
    0x08008a18   0x08008a18   0x000000a4   Code   RO         5339    i.rt_object_init    object.o
    0x08008abc   0x08008abc   0x00000038   Code   RO         5340    i.rt_object_is_systemobject  object.o
    0x08008af4   0x08008af4   0x00000012   Code   RO          234    i.rt_os_tick_callback  board.o
    0x08008b06   0x08008b06   0x00000002   PAD
    0x08008b08   0x08008b08   0x000000bc   Code   RO         5412    i.rt_schedule       scheduler.o
    0x08008bc4   0x08008bc4   0x0000009c   Code   RO         5413    i.rt_schedule_insert_thread  scheduler.o
    0x08008c60   0x08008c60   0x00000070   Code   RO         5414    i.rt_schedule_remove_thread  scheduler.o
    0x08008cd0   0x08008cd0   0x000000f0   Code   RO         4829    i.rt_sem_create     ipc.o
    0x08008dc0   0x08008dc0   0x000000c0   Code   RO         4832    i.rt_sem_init       ipc.o
    0x08008e80   0x08008e80   0x0000008c   Code   RO         4833    i.rt_sem_release    ipc.o
    0x08008f0c   0x08008f0c   0x000001b0   Code   RO         4834    i.rt_sem_take       ipc.o
    0x080090bc   0x080090bc   0x000000c4   Code   RO         5043    i.rt_show_version   kservice.o
    0x08009180   0x08009180   0x000001f4   Code   RO         5275    i.rt_smem_alloc     mem.o
    0x08009374   0x08009374   0x0000019c   Code   RO         5277    i.rt_smem_free      mem.o
    0x08009510   0x08009510   0x000000d4   Code   RO         5278    i.rt_smem_init      mem.o
    0x080095e4   0x080095e4   0x000000a4   Code   RO         5616    i.rt_soft_timer_check  timer.o
    0x08009688   0x08009688   0x00000012   Code   RO         5045    i.rt_sprintf        kservice.o
    0x0800969a   0x0800969a   0x00000002   PAD
    0x0800969c   0x0800969c   0x0000001c   Code   RO         5050    i.rt_strerror       kservice.o
    0x080096b8   0x080096b8   0x00000026   Code   RO         5053    i.rt_strncpy        kservice.o
    0x080096de   0x080096de   0x00000002   PAD
    0x080096e0   0x080096e0   0x00000070   Code   RO         5056    i.rt_system_heap_init  kservice.o
    0x08009750   0x08009750   0x00000028   Code   RO         5415    i.rt_system_scheduler_init  scheduler.o
    0x08009778   0x08009778   0x00000028   Code   RO         5416    i.rt_system_scheduler_start  scheduler.o
    0x080097a0   0x080097a0   0x00000018   Code   RO         5617    i.rt_system_timer_init  timer.o
    0x080097b8   0x080097b8   0x0000004c   Code   RO         5618    i.rt_system_timer_thread_init  timer.o
    0x08009804   0x08009804   0x000000c0   Code   RO         5492    i.rt_thread_control  thread.o
    0x080098c4   0x080098c4   0x00000048   Code   RO         5493    i.rt_thread_create  thread.o
    0x0800990c   0x0800990c   0x00000030   Code   RO         4765    i.rt_thread_defunct_dequeue  idle.o
    0x0800993c   0x0800993c   0x00000018   Code   RO         4766    i.rt_thread_defunct_enqueue  idle.o
    0x08009954   0x08009954   0x00000004   Code   RO         5494    i.rt_thread_delay   thread.o
    0x08009958   0x08009958   0x000000d0   Code   RO         5496    i.rt_thread_delete  thread.o
    0x08009a28   0x08009a28   0x000000c4   Code   RO         5497    i.rt_thread_detach  thread.o
    0x08009aec   0x08009aec   0x00000032   Code   RO         4767    i.rt_thread_idle_entry  idle.o
    0x08009b1e   0x08009b1e   0x00000002   PAD
    0x08009b20   0x08009b20   0x00000064   Code   RO         4769    i.rt_thread_idle_init  idle.o
    0x08009b84   0x08009b84   0x00000084   Code   RO         5499    i.rt_thread_init    thread.o
    0x08009c08   0x08009c08   0x0000000e   Code   RO         5500    i.rt_thread_mdelay  thread.o
    0x08009c16   0x08009c16   0x00000002   PAD
    0x08009c18   0x08009c18   0x0000007c   Code   RO         5501    i.rt_thread_resume  thread.o
    0x08009c94   0x08009c94   0x0000000c   Code   RO         5502    i.rt_thread_self    thread.o
    0x08009ca0   0x08009ca0   0x00000084   Code   RO         5503    i.rt_thread_sleep   thread.o
    0x08009d24   0x08009d24   0x000000b8   Code   RO         5504    i.rt_thread_startup  thread.o
    0x08009ddc   0x08009ddc   0x000000bc   Code   RO         5505    i.rt_thread_suspend  thread.o
    0x08009e98   0x08009e98   0x00000032   Code   RO         4646    i.rt_tick_from_millisecond  clock.o
    0x08009eca   0x08009eca   0x00000002   PAD
    0x08009ecc   0x08009ecc   0x0000000c   Code   RO         4647    i.rt_tick_get       clock.o
    0x08009ed8   0x08009ed8   0x00000048   Code   RO         4649    i.rt_tick_increase  clock.o
    0x08009f20   0x08009f20   0x00000094   Code   RO         5619    i.rt_timer_check    timer.o
    0x08009fb4   0x08009fb4   0x0000010c   Code   RO         5620    i.rt_timer_control  timer.o
    0x0800a0c0   0x0800a0c0   0x00000084   Code   RO         5621    i.rt_timer_create   timer.o
    0x0800a144   0x0800a144   0x000000e0   Code   RO         5623    i.rt_timer_detach   timer.o
    0x0800a224   0x0800a224   0x000000a0   Code   RO         5624    i.rt_timer_init     timer.o
    0x0800a2c4   0x0800a2c4   0x00000144   Code   RO         5626    i.rt_timer_start    timer.o
    0x0800a408   0x0800a408   0x000000a8   Code   RO         5627    i.rt_timer_stop     timer.o
    0x0800a4b0   0x0800a4b0   0x00000260   Code   RO         5057    i.rt_vsnprintf      kservice.o
    0x0800a710   0x0800a710   0x00000010   Code   RO         5058    i.rt_vsprintf       kservice.o
    0x0800a720   0x0800a720   0x00000038   Code   RO            5    i.rte_com_task      app.o
    0x0800a758   0x0800a758   0x00000004   Code   RO         4689    i.rti_board_end     components.o
    0x0800a75c   0x0800a75c   0x00000004   Code   RO         4690    i.rti_board_start   components.o
    0x0800a760   0x0800a760   0x00000004   Code   RO         4691    i.rti_end           components.o
    0x0800a764   0x0800a764   0x00000004   Code   RO         4692    i.rti_start         components.o
    0x0800a768   0x0800a768   0x0000002a   Code   RO         4693    i.rtthread_startup  components.o
    0x0800a792   0x0800a792   0x00000002   PAD
    0x0800a794   0x0800a794   0x00000028   Code   RO            6    i.shell_test        app.o
    0x0800a7bc   0x0800a7bc   0x00000034   Code   RO         5808    i.show_wait_queue   cmd.o
    0x0800a7f0   0x0800a7f0   0x00000028   Code   RO         5059    i.skip_atoi         kservice.o
    0x0800a818   0x0800a818   0x0000001a   Code   RO          650    i.swap              bms_utils.o
    0x0800a832   0x0800a832   0x00000002   PAD
    0x0800a834   0x0800a834   0x00000070   Code   RO         1063    i.tim_tick_init     delay.o
    0x0800a8a4   0x0800a8a4   0x0000000a   Code   RO          235    i.uart_init         board.o
    0x0800a8ae   0x0800a8ae   0x00000002   PAD
    0x0800a8b0   0x0800a8b0   0x000000d0   Code   RO         5741    i.usage_fault_track  cpuport.o
    0x0800a980   0x0800a980   0x0000000a   Code   RO         5809    i.version           cmd.o
    0x0800a98a   0x0800a98a   0x00000014   Data   RO         4694    .constdata          components.o
    0x0800a99e   0x0800a99e   0x00000148   Data   RO         4836    .constdata          ipc.o
    0x0800aae6   0x0800aae6   0x00000143   Data   RO         5061    .constdata          kservice.o
    0x0800ac29   0x0800ac29   0x00000045   Data   RO         5280    .constdata          mem.o
    0x0800ac6e   0x0800ac6e   0x00000080   Data   RO         5341    .constdata          object.o
    0x0800acee   0x0800acee   0x00000034   Data   RO         5418    .constdata          scheduler.o
    0x0800ad22   0x0800ad22   0x000000bb   Data   RO         5507    .constdata          thread.o
    0x0800addd   0x0800addd   0x0000006c   Data   RO         5629    .constdata          timer.o
    0x0800ae49   0x0800ae49   0x0000000e   Data   RO         5909    .constdata          msh.o
    0x0800ae57   0x0800ae57   0x0000004a   Data   RO         6008    .constdata          shell.o
    0x0800aea1   0x0800aea1   0x00000007   PAD
    0x0800aea8   0x0800aea8   0x00000038   Data   RO         6074    .constdata          m_ws.l(log.o)
    0x0800aee0   0x0800aee0   0x00000081   Data   RO         6088    .constdata          mc_w.l(ctype_o.o)
    0x0800af61   0x0800af61   0x00000003   PAD
    0x0800af64   0x0800af64   0x00000004   Data   RO         6089    .constdata          mc_w.l(ctype_o.o)
    0x0800af68   0x0800af68   0x00000008   Data   RO         6450    .constdata          m_ws.l(qnan.o)
    0x0800af70   0x0800af70   0x00000044   Data   RO          473    .conststring        bms_info.o
    0x0800afb4   0x0800afb4   0x000000ce   Data   RO         4837    .conststring        ipc.o
    0x0800b082   0x0800b082   0x00000002   PAD
    0x0800b084   0x0800b084   0x00000058   Data   RO         5062    .conststring        kservice.o
    0x0800b0dc   0x0800b0dc   0x000001a8   Data   RO         5281    .conststring        mem.o
    0x0800b284   0x0800b284   0x00000042   Data   RO         5508    .conststring        thread.o
    0x0800b2c6   0x0800b2c6   0x00000002   PAD
    0x0800b2c8   0x0800b2c8   0x00000044   Data   RO         5810    .conststring        cmd.o
    0x0800b30c   0x0800b30c   0x0000000b   Data   RO            9    .rodata.name        app.o
    0x0800b317   0x0800b317   0x00000018   Data   RO           10    .rodata.name        app.o
    0x0800b32f   0x0800b32f   0x0000000f   Data   RO          734    .rodata.name        bms_control.o
    0x0800b33e   0x0800b33e   0x00000009   Data   RO          735    .rodata.name        bms_control.o
    0x0800b347   0x0800b347   0x00000010   Data   RO          736    .rodata.name        bms_control.o
    0x0800b357   0x0800b357   0x0000000a   Data   RO          737    .rodata.name        bms_control.o
    0x0800b361   0x0800b361   0x0000000f   Data   RO          738    .rodata.name        bms_control.o
    0x0800b370   0x0800b370   0x00000009   Data   RO          739    .rodata.name        bms_control.o
    0x0800b379   0x0800b379   0x00000010   Data   RO          740    .rodata.name        bms_control.o
    0x0800b389   0x0800b389   0x0000000a   Data   RO          741    .rodata.name        bms_control.o
    0x0800b393   0x0800b393   0x00000013   Data   RO          742    .rodata.name        bms_control.o
    0x0800b3a6   0x0800b3a6   0x0000000d   Data   RO          743    .rodata.name        bms_control.o
    0x0800b3b3   0x0800b3b3   0x00000014   Data   RO          744    .rodata.name        bms_control.o
    0x0800b3c7   0x0800b3c7   0x0000000e   Data   RO          745    .rodata.name        bms_control.o
    0x0800b3d5   0x0800b3d5   0x00000012   Data   RO          746    .rodata.name        bms_control.o
    0x0800b3e7   0x0800b3e7   0x0000000c   Data   RO          747    .rodata.name        bms_control.o
    0x0800b3f3   0x0800b3f3   0x00000010   Data   RO          748    .rodata.name        bms_control.o
    0x0800b403   0x0800b403   0x00000011   Data   RO          749    .rodata.name        bms_control.o
    0x0800b414   0x0800b414   0x00000011   Data   RO          750    .rodata.name        bms_control.o
    0x0800b425   0x0800b425   0x00000012   Data   RO          751    .rodata.name        bms_control.o
    0x0800b437   0x0800b437   0x00000006   Data   RO         5811    .rodata.name        cmd.o
    0x0800b43d   0x0800b43d   0x0000001a   Data   RO         5812    .rodata.name        cmd.o
    0x0800b457   0x0800b457   0x00000008   Data   RO         5813    .rodata.name        cmd.o
    0x0800b45f   0x0800b45f   0x00000023   Data   RO         5814    .rodata.name        cmd.o
    0x0800b482   0x0800b482   0x0000000c   Data   RO         5815    .rodata.name        cmd.o
    0x0800b48e   0x0800b48e   0x0000000c   Data   RO         5816    .rodata.name        cmd.o
    0x0800b49a   0x0800b49a   0x00000009   Data   RO         5817    .rodata.name        cmd.o
    0x0800b4a3   0x0800b4a3   0x00000019   Data   RO         5818    .rodata.name        cmd.o
    0x0800b4bc   0x0800b4bc   0x0000000b   Data   RO         5819    .rodata.name        cmd.o
    0x0800b4c7   0x0800b4c7   0x00000015   Data   RO         5820    .rodata.name        cmd.o
    0x0800b4dc   0x0800b4dc   0x0000000d   Data   RO         5821    .rodata.name        cmd.o
    0x0800b4e9   0x0800b4e9   0x00000018   Data   RO         5822    .rodata.name        cmd.o
    0x0800b501   0x0800b501   0x0000000b   Data   RO         5823    .rodata.name        cmd.o
    0x0800b50c   0x0800b50c   0x00000015   Data   RO         5824    .rodata.name        cmd.o
    0x0800b521   0x0800b521   0x00000005   Data   RO         5825    .rodata.name        cmd.o
    0x0800b526   0x0800b526   0x0000000d   Data   RO         5826    .rodata.name        cmd.o
    0x0800b533   0x0800b533   0x00000005   Data   RO         5910    .rodata.name        msh.o
    0x0800b538   0x0800b538   0x00000016   Data   RO         5911    .rodata.name        msh.o
    0x0800b54e   0x0800b54e   0x00000003   Data   RO         5912    .rodata.name        msh.o
    0x0800b551   0x0800b551   0x0000001c   Data   RO         5913    .rodata.name        msh.o
    0x0800b56d   0x0800b56d   0x00000005   Data   RO         5914    .rodata.name        msh.o
    0x0800b572   0x0800b572   0x00000025   Data   RO         5915    .rodata.name        msh.o
    0x0800b597   0x0800b597   0x00000001   PAD
    0x0800b598   0x0800b598   0x00000004   Data   RO         4695    .rti_fn.0           components.o
    0x0800b59c   0x0800b59c   0x00000004   Data   RO         4696    .rti_fn.0.end       components.o
    0x0800b5a0   0x0800b5a0   0x00000004   Data   RO          237    .rti_fn.1           board.o
    0x0800b5a4   0x0800b5a4   0x00000004   Data   RO         4697    .rti_fn.1.end       components.o
    0x0800b5a8   0x0800b5a8   0x00000004   Data   RO         6010    .rti_fn.6           shell.o
    0x0800b5ac   0x0800b5ac   0x00000004   Data   RO         4698    .rti_fn.6.end       components.o
    0x0800b5b0   0x0800b5b0   0x0000000c   Data   RO           11    FSymTab             app.o
    0x0800b5bc   0x0800b5bc   0x0000006c   Data   RO          752    FSymTab             bms_control.o
    0x0800b628   0x0800b628   0x00000060   Data   RO         5827    FSymTab             cmd.o
    0x0800b688   0x0800b688   0x00000024   Data   RO         5916    FSymTab             msh.o
    0x0800b6ac   0x0800b6ac   0x00000020   Data   RO         6500    Region$$Table       anon$$obj.o


    Execution Region RW_IRAM1 (Exec base: 0x20000000, Load base: 0x0800b6cc, Size: 0x00004dd8, Max: 0x00005000, ABSOLUTE, COMPRESSED[0x000001c0])

    Exec Addr    Load Addr    Size         Type   Attr      Idx    E Section Name        Object

    0x20000000   COMPRESSED   0x0000000c   Data   RW            7    .data               app.o
    0x2000000c   COMPRESSED   0x00000102   Data   RW          350    .data               bms_analysis.o
    0x2000010e   COMPRESSED   0x00000002   PAD
    0x20000110   COMPRESSED   0x0000002c   Data   RW          411    .data               bms_balance.o
    0x2000013c   COMPRESSED   0x00000001   Data   RW          474    .data               bms_info.o
    0x2000013d   COMPRESSED   0x00000001   PAD
    0x2000013e   COMPRESSED   0x00000010   Data   RW          517    .data               bms_monitor.o
    0x2000014e   COMPRESSED   0x00000002   PAD
    0x20000150   COMPRESSED   0x00000054   Data   RW          576    .data               bms_protect.o
    0x200001a4   COMPRESSED   0x00000012   Data   RW          881    .data               can.o
    0x200001b6   COMPRESSED   0x00000002   PAD
    0x200001b8   COMPRESSED   0x00000010   Data   RW         1064    .data               delay.o
    0x200001c8   COMPRESSED   0x00000024   Data   RW         1135    .data               soft_i2c.o
    0x200001ec   COMPRESSED   0x00000008   Data   RW         1234    .data               usart.o
    0x200001f4   COMPRESSED   0x00000004   Data   RW         1280    .data               canif.o
    0x200001f8   COMPRESSED   0x00000001   Data   RW         1334    .data               ecum.o
    0x200001f9   COMPRESSED   0x00000003   PAD
    0x200001fc   COMPRESSED   0x00000010   Data   RW         1381    .data               bq769.o
    0x2000020c   COMPRESSED   0x00000014   Data   RW         3184    .data               stm32f10x_rcc.o
    0x20000220   COMPRESSED   0x00000004   Data   RW         4651    .data               clock.o
    0x20000224   COMPRESSED   0x00000008   Data   RW         4771    .data               idle.o
    0x2000022c   COMPRESSED   0x00000001   Data   RW         4995    .data               irq.o
    0x2000022d   COMPRESSED   0x00000003   PAD
    0x20000230   COMPRESSED   0x0000003c   Data   RW         5063    .data               kservice.o
    0x2000026c   COMPRESSED   0x00000060   Data   RW         5342    .data               object.o
    0x200002cc   COMPRESSED   0x0000000c   Data   RW         5419    .data               scheduler.o
    0x200002d8   COMPRESSED   0x00000018   Data   RW         5630    .data               timer.o
    0x200002f0   COMPRESSED   0x00000004   Data   RW         5743    .data               cpuport.o
    0x200002f4   COMPRESSED   0x00000004   Data   RW         5744    .data               cpuport.o
    0x200002f8   COMPRESSED   0x00000004   Data   RW         5745    .data               cpuport.o
    0x200002fc   COMPRESSED   0x00000004   Data   RW         5746    .data               cpuport.o
    0x20000300   COMPRESSED   0x00000010   Data   RW         6009    .data               shell.o
    0x20000310   COMPRESSED   0x00000004   Data   RW         6477    .data               mc_w.l(errno.o)
    0x20000314        -       0x00003c00   Zero   RW          236    .bss                board.o
    0x20003f14        -       0x00000050   Zero   RW          516    .bss                bms_monitor.o
    0x20003f64        -       0x000000a0   Zero   RW          880    .bss                can.o
    0x20004004        -       0x00000080   Zero   RW         1233    .bss                usart.o
    0x20004084        -       0x000001c0   Zero   RW         1279    .bss                canif.o
    0x20004244        -       0x00000078   Zero   RW         1380    .bss                bq769.o
    0x200042bc        -       0x00000178   Zero   RW         4770    .bss                idle.o
    0x20004434        -       0x00000124   Zero   RW         5060    .bss                kservice.o
    0x20004558        -       0x00000100   Zero   RW         5417    .bss                scheduler.o
    0x20004658        -       0x00000278   Zero   RW         5628    .bss                timer.o
    0x200048d0        -       0x00000101   Zero   RW         6007    .bss                shell.o
    0x200049d1   COMPRESSED   0x00000007   PAD
    0x200049d8        -       0x00000400   Zero   RW         4549    STACK               startup_stm32f10x_md.o


==============================================================================

Image component sizes


      Code (inc. data)   RO Data    RW Data    ZI Data      Debug   Object Name

       400        104         47         12          0     305360   app.o
       992        254          0        258          0       5880   bms_analysis.o
      1304        520          0         44          0       6076   bms_balance.o
       400        108        372          0          0      12895   bms_control.o
      1700        704         68          1          0       4179   bms_info.o
       584        204          0         16         80       5092   bms_monitor.o
      1868        806          0         84          0       7936   bms_protect.o
       204          0          0          0          0       3348   bms_utils.o
       218         32          4          0      15360       4376   board.o
      3324        974          0         16        120      22649   bq769.o
      1528        126          0         18        160      13233   can.o
       436         62          0          4        448       6125   canif.o
       134         10          0          4          0       2360   clock.o
      2328        964        416          0          0      15518   cmd.o
       182         14          0          0          0       2523   com.o
       380         36          0          0          0       3707   com_appif.o
       218         48         36          0          0       5856   components.o
       252         28          0          0          0        776   context_rvds.o
         0          0          0          0          0         32   core_cm3.o
      1344        720          0         16          0       5634   cpuport.o
       180         12          0         16          0       1930   delay.o
        64          8          0          1          0       1574   ecum.o
       222         26          0          8        376       5930   idle.o
      3576       1224        534          0          0      23811   ipc.o
        80         18          0          1          0       2338   irq.o
      2000        342        411         60        292      19018   kservice.o
        12          0          0          0          0        411   main.o
      1340        550        493          0          0       6621   mem.o
       120         16          0          0          0       1611   misc.o
       874        218        150          0          0       8272   msh.o
       756        272        128         96          0       7934   object.o
        46          0          0          0          0       2555   rte.o
       668        110         52         12        256       9708   scheduler.o
       940        156         78         16        257       7656   shell.o
      1092         62          0         36          0      13698   soft_i2c.o
        36          8        236          0       1024        796   startup_stm32f10x_md.o
      1360         40          0          0          0       9420   stm32f10x_can.o
       156         14          0          0          0       2280   stm32f10x_exti.o
       316         12          0          0          0       5760   stm32f10x_gpio.o
        10          0          0          0          0       2225   stm32f10x_it.o
       196         28          0         20          0       4542   stm32f10x_rcc.o
       228         42          0          0          0       5033   stm32f10x_tim.o
       332          6          0          0          0       6349   stm32f10x_usart.o
       248         24          0          0          0       1713   system_stm32f10x.o
      1888        602        253          0          0      15183   thread.o
      1904        602        108         24        632      15910   timer.o
       332         38          0          8        128       2276   usart.o

    ----------------------------------------------------------------------
     36834      10144       3430        784      19140     618109   Object Totals
         0          0         32          0          0          0   (incl. Generated)
        62          0         12         13          7          0   (incl. Padding)

    ----------------------------------------------------------------------

      Code (inc. data)   RO Data    RW Data    ZI Data      Debug   Library Member Name

        34          4          0          0          0        204   dunder.o
       860         52         56          0          0        256   log.o
       170          0          0          0          0         96   poly.o
         0          0          8          0          0          0   qnan.o
        86          0          0          0          0          0   __dczerorl2.o
        28          0          0          0          0         68   _chval.o
       158          0          0          0          0         92   _strtoul.o
        26          0          0          0          0         80   atoi.o
         8          4        133          0          0         68   ctype_o.o
         0          0          0          0          0          0   entry.o
         0          0          0          0          0          0   entry10a.o
         0          0          0          0          0          0   entry11a.o
         8          4          0          0          0          0   entry2.o
         4          0          0          0          0          0   entry5.o
         0          0          0          0          0          0   entry7b.o
         0          0          0          0          0          0   entry8b.o
         8          4          0          0          0          0   entry9a.o
        20         10          0          4          0        136   errno.o
        30          0          0          0          0          0   handlers.o
        36          8          0          0          0         68   init.o
         0          0          0          0          0          0   iusefp.o
        30          0          0          0          0         68   llshl.o
        36          0          0          0          0         68   llsshr.o
        32          0          0          0          0         68   llushr.o
        36          0          0          0          0         68   memcpya.o
        36          0          0          0          0        108   memseta.o
      2276         86          0          0          0        520   printfa.o
        24          0          0          0          0         68   strcat.o
        28          0          0          0          0         76   strcmp.o
        18          0          0          0          0         68   strcpy.o
        14          0          0          0          0         68   strlen.o
        30          0          0          0          0         80   strncmp.o
        24          0          0          0          0         76   strncpy.o
       112          0          0          0          0         88   strtol.o
        44          0          0          0          0         80   uidiv.o
        98          0          0          0          0         92   uldiv.o
        48          0          0          0          0         68   cdcmple.o
        48          0          0          0          0         68   cdrcmple.o
        20          0          0          0          0         68   cfcmple.o
        20          0          0          0          0         68   cfrcmple.o
        56          0          0          0          0         88   d2f.o
       334          0          0          0          0        148   dadd.o
       222          0          0          0          0        100   ddiv.o
       186          0          0          0          0        176   depilogue.o
        48          0          0          0          0         68   dfixul.o
        34          0          0          0          0         76   dflti.o
        26          0          0          0          0         76   dfltui.o
       228          0          0          0          0         96   dmul.o
        46          0          0          0          0         80   dscalb.o
        38          0          0          0          0         68   f2d.o
       176          0          0          0          0        140   fadd.o
       124          0          0          0          0         88   fdiv.o
       110          0          0          0          0        168   fepilogue.o
        50          0          0          0          0         68   ffixi.o
        40          0          0          0          0         68   ffixui.o
        18          0          0          0          0         68   fflti.o
        10          0          0          0          0         68   ffltui.o
       100          0          0          0          0         76   fmul.o
        24          0          0          0          0         68   fscalb.o

    ----------------------------------------------------------------------
      6332        172        200          4          0       4724   Library Totals
        12          0          3          0          0          0   (incl. Padding)

    ----------------------------------------------------------------------

      Code (inc. data)   RO Data    RW Data    ZI Data      Debug   Library Name

      1064         56         64          0          0        556   m_ws.l
      3250        116        133          4          0       2108   mc_w.l
      2006          0          0          0          0       2060   mf_w.l

    ----------------------------------------------------------------------
      6332        172        200          4          0       4724   Library Totals

    ----------------------------------------------------------------------

==============================================================================


      Code (inc. data)   RO Data    RW Data    ZI Data      Debug   

     43166      10316       3630        788      19140     602369   Grand Totals
     43166      10316       3630        448      19140     602369   ELF Image Totals (compressed)
     43166      10316       3630        448          0          0   ROM Totals

==============================================================================

    Total RO  Size (Code + RO Data)                46796 (  45.70kB)
    Total RW  Size (RW Data + ZI Data)             19928 (  19.46kB)
    Total ROM Size (Code + RO Data + RW Data)      47244 (  46.14kB)

==============================================================================

