Component: ARM Compiler 5.06 update 6 (build 750) Tool: armlink [4d35ed]

==============================================================================

Section Cross References

    main.o(i.main) refers to app.o(i.led_init) for led_init
    main.o(i.main) refers to thread.o(i.rt_thread_delay) for rt_thread_delay
    app.o(i.led_gpio_init) refers to stm32f10x_rcc.o(i.RCC_APB2PeriphClockCmd) for RCC_APB2PeriphClockCmd
    app.o(i.led_gpio_init) refers to stm32f10x_gpio.o(i.GPIO_SetBits) for GPIO_SetBits
    app.o(i.led_gpio_init) refers to stm32f10x_gpio.o(i.GPIO_Init) for GPIO_Init
    app.o(i.led_init) refers to app.o(i.led_gpio_init) for led_gpio_init
    app.o(i.led_init) refers to thread.o(i.rt_thread_create) for rt_thread_create
    app.o(i.led_init) refers to thread.o(i.rt_thread_startup) for rt_thread_startup
    app.o(i.led_init) refers to app.o(i.led_task) for led_task
    app.o(i.led_init) refers to app.o(.data) for led_thread
    app.o(i.led_task) refers to app.o(i.led_toggle) for led_toggle
    app.o(i.led_task) refers to thread.o(i.rt_thread_delay) for rt_thread_delay
    board.o(i.rt_heap_begin_get) refers to board.o(.bss) for rt_heap
    board.o(i.rt_heap_end_get) refers to board.o(.bss) for rt_heap
    board.o(i.rt_hw_board_init) refers to delay.o(i.tim_tick_init) for tim_tick_init
    board.o(i.rt_hw_board_init) refers to components.o(i.rt_components_board_init) for rt_components_board_init
    board.o(i.rt_hw_board_init) refers to board.o(i.rt_heap_end_get) for rt_heap_end_get
    board.o(i.rt_hw_board_init) refers to board.o(i.rt_heap_begin_get) for rt_heap_begin_get
    board.o(i.rt_hw_board_init) refers to kservice.o(i.rt_system_heap_init) for rt_system_heap_init
    board.o(i.rt_hw_console_getchar) refers to ipc.o(i.rt_sem_take) for rt_sem_take
    board.o(i.rt_hw_console_getchar) refers to context_rvds.o(.text) for rt_hw_interrupt_disable
    board.o(i.rt_hw_console_getchar) refers to usart.o(.data) for uart_rx_sem
    board.o(i.rt_hw_console_getchar) refers to usart.o(.bss) for rx_buf
    board.o(i.rt_hw_console_output) refers to stm32f10x_usart.o(i.USART_SendData) for USART_SendData
    board.o(i.rt_hw_console_output) refers to stm32f10x_usart.o(i.USART_GetFlagStatus) for USART_GetFlagStatus
    board.o(i.rt_os_tick_callback) refers to irq.o(i.rt_interrupt_enter) for rt_interrupt_enter
    board.o(i.rt_os_tick_callback) refers to clock.o(i.rt_tick_increase) for rt_tick_increase
    board.o(i.rt_os_tick_callback) refers to irq.o(i.rt_interrupt_leave) for rt_interrupt_leave
    board.o(i.uart_init) refers to usart.o(i.USART1_Init) for USART1_Init
    board.o(.rti_fn.1) refers to board.o(i.uart_init) for uart_init
    delay.o(i.TIM3_IRQHandler) refers to stm32f10x_tim.o(i.TIM_GetITStatus) for TIM_GetITStatus
    delay.o(i.TIM3_IRQHandler) refers to stm32f10x_tim.o(i.TIM_ClearITPendingBit) for TIM_ClearITPendingBit
    delay.o(i.TIM3_IRQHandler) refers to board.o(i.rt_os_tick_callback) for rt_os_tick_callback
    delay.o(i.TIM3_IRQHandler) refers to delay.o(.data) for tim_tick_count
    delay.o(i.function_address_passing) refers to delay.o(.data) for periodic_callback
    delay.o(i.tim_delay_ms) refers to delay.o(i.tim_now) for tim_now
    delay.o(i.tim_delay_us) refers to delay.o(i.tim_now) for tim_now
    delay.o(i.tim_get_ms) refers to delay.o(i.tim_now) for tim_now
    delay.o(i.tim_get_ms) refers to uldiv.o(.text) for __aeabi_uldivmod
    delay.o(i.tim_get_us) refers to delay.o(i.tim_now) for tim_now
    delay.o(i.tim_get_us) refers to uldiv.o(.text) for __aeabi_uldivmod
    delay.o(i.tim_now) refers to stm32f10x_tim.o(i.TIM_GetCounter) for TIM_GetCounter
    delay.o(i.tim_now) refers to stm32f10x_tim.o(i.TIM_GetFlagStatus) for TIM_GetFlagStatus
    delay.o(i.tim_now) refers to delay.o(.data) for tim_tick_count
    delay.o(i.tim_tick_init) refers to stm32f10x_rcc.o(i.RCC_APB1PeriphClockCmd) for RCC_APB1PeriphClockCmd
    delay.o(i.tim_tick_init) refers to stm32f10x_tim.o(i.TIM_TimeBaseInit) for TIM_TimeBaseInit
    delay.o(i.tim_tick_init) refers to stm32f10x_tim.o(i.TIM_ClearFlag) for TIM_ClearFlag
    delay.o(i.tim_tick_init) refers to stm32f10x_tim.o(i.TIM_ITConfig) for TIM_ITConfig
    delay.o(i.tim_tick_init) refers to misc.o(i.NVIC_PriorityGroupConfig) for NVIC_PriorityGroupConfig
    delay.o(i.tim_tick_init) refers to misc.o(i.NVIC_Init) for NVIC_Init
    delay.o(i.tim_tick_init) refers to stm32f10x_tim.o(i.TIM_Cmd) for TIM_Cmd
    usart.o(i.USART1_IO_Init) refers to stm32f10x_rcc.o(i.RCC_APB2PeriphClockCmd) for RCC_APB2PeriphClockCmd
    usart.o(i.USART1_IO_Init) refers to stm32f10x_gpio.o(i.GPIO_SetBits) for GPIO_SetBits
    usart.o(i.USART1_IO_Init) refers to stm32f10x_gpio.o(i.GPIO_Init) for GPIO_Init
    usart.o(i.USART1_IRQHandler) refers to irq.o(i.rt_interrupt_enter) for rt_interrupt_enter
    usart.o(i.USART1_IRQHandler) refers to stm32f10x_usart.o(i.USART_GetITStatus) for USART_GetITStatus
[...]
    ..\firmware\driver\src\stm32f10x_exti.c  0x00000000   Number         0  stm32f10x_exti.o ABSOLUTE
    ..\firmware\driver\src\stm32f10x_flash.c 0x00000000   Number         0  stm32f10x_flash.o ABSOLUTE
    ..\firmware\driver\src\stm32f10x_fsmc.c  0x00000000   Number         0  stm32f10x_fsmc.o ABSOLUTE
    ..\firmware\driver\src\stm32f10x_gpio.c  0x00000000   Number         0  stm32f10x_gpio.o ABSOLUTE
    ..\firmware\driver\src\stm32f10x_i2c.c   0x00000000   Number         0  stm32f10x_i2c.o ABSOLUTE
    ..\firmware\driver\src\stm32f10x_iwdg.c  0x00000000   Number         0  stm32f10x_iwdg.o ABSOLUTE
    ..\firmware\driver\src\stm32f10x_pwr.c   0x00000000   Number         0  stm32f10x_pwr.o ABSOLUTE
    ..\firmware\driver\src\stm32f10x_rcc.c   0x00000000   Number         0  stm32f10x_rcc.o ABSOLUTE
    ..\firmware\driver\src\stm32f10x_rtc.c   0x00000000   Number         0  stm32f10x_rtc.o ABSOLUTE
    ..\firmware\driver\src\stm32f10x_sdio.c  0x00000000   Number         0  stm32f10x_sdio.o ABSOLUTE
    ..\firmware\driver\src\stm32f10x_spi.c   0x00000000   Number         0  stm32f10x_spi.o ABSOLUTE
    ..\firmware\driver\src\stm32f10x_tim.c   0x00000000   Number         0  stm32f10x_tim.o ABSOLUTE
    ..\firmware\driver\src\stm32f10x_usart.c 0x00000000   Number         0  stm32f10x_usart.o ABSOLUTE
    ..\firmware\driver\src\stm32f10x_wwdg.c  0x00000000   Number         0  stm32f10x_wwdg.o ABSOLUTE
    ..\third_lib\rt-thread\components\finsh\cmd.c 0x00000000   Number         0  cmd.o ABSOLUTE
    ..\third_lib\rt-thread\components\finsh\msh.c 0x00000000   Number         0  msh.o ABSOLUTE
    ..\third_lib\rt-thread\components\finsh\msh_file.c 0x00000000   Number         0  msh_file.o ABSOLUTE
    ..\third_lib\rt-thread\components\finsh\msh_parse.c 0x00000000   Number         0  msh_parse.o ABSOLUTE
    ..\third_lib\rt-thread\components\finsh\shell.c 0x00000000   Number         0  shell.o ABSOLUTE
    ..\third_lib\rt-thread\libcpu\arm\cortex-m3\context_rvds.S 0x00000000   Number         0  context_rvds.o ABSOLUTE
    ..\third_lib\rt-thread\libcpu\arm\cortex-m3\cpuport.c 0x00000000   Number         0  cpuport.o ABSOLUTE
    ..\third_lib\rt-thread\src\clock.c       0x00000000   Number         0  clock.o ABSOLUTE
    ..\third_lib\rt-thread\src\components.c  0x00000000   Number         0  components.o ABSOLUTE
    ..\third_lib\rt-thread\src\cpu.c         0x00000000   Number         0  cpu.o ABSOLUTE
    ..\third_lib\rt-thread\src\device.c      0x00000000   Number         0  device.o ABSOLUTE
    ..\third_lib\rt-thread\src\idle.c        0x00000000   Number         0  idle.o ABSOLUTE
    ..\third_lib\rt-thread\src\ipc.c         0x00000000   Number         0  ipc.o ABSOLUTE
    ..\third_lib\rt-thread\src\irq.c         0x00000000   Number         0  irq.o ABSOLUTE
    ..\third_lib\rt-thread\src\kservice.c    0x00000000   Number         0  kservice.o ABSOLUTE
    ..\third_lib\rt-thread\src\mem.c         0x00000000   Number         0  mem.o ABSOLUTE
    ..\third_lib\rt-thread\src\memheap.c     0x00000000   Number         0  memheap.o ABSOLUTE
    ..\third_lib\rt-thread\src\mempool.c     0x00000000   Number         0  mempool.o ABSOLUTE
    ..\third_lib\rt-thread\src\object.c      0x00000000   Number         0  object.o ABSOLUTE
    ..\third_lib\rt-thread\src\scheduler.c   0x00000000   Number         0  scheduler.o ABSOLUTE
    ..\third_lib\rt-thread\src\signal.c      0x00000000   Number         0  signal.o ABSOLUTE
    ..\third_lib\rt-thread\src\slab.c        0x00000000   Number         0  slab.o ABSOLUTE
    ..\third_lib\rt-thread\src\thread.c      0x00000000   Number         0  thread.o ABSOLUTE
    ..\third_lib\rt-thread\src\timer.c       0x00000000   Number         0  timer.o ABSOLUTE
    dc.s                                     0x00000000   Number         0  dc.o ABSOLUTE
    handlers.s                               0x00000000   Number         0  handlers.o ABSOLUTE
    init.s                                   0x00000000   Number         0  init.o ABSOLUTE
    RESET                                    0x08000000   Section      236  startup_stm32f10x_md.o(RESET)
    .ARM.Collect$$$$00000000                 0x080000ec   Section        0  entry.o(.ARM.Collect$$$$00000000)
    .ARM.Collect$$$$00000001                 0x080000ec   Section        4  entry2.o(.ARM.Collect$$$$00000001)
    .ARM.Collect$$$$00000004                 0x080000f0   Section        4  entry5.o(.ARM.Collect$$$$00000004)
    .ARM.Collect$$$$00000008                 0x080000f4   Section        0  entry7b.o(.ARM.Collect$$$$00000008)
    .ARM.Collect$$$$0000000A                 0x080000f4   Section        0  entry8b.o(.ARM.Collect$$$$0000000A)
    .ARM.Collect$$$$0000000B                 0x080000f4   Section        8  entry9a.o(.ARM.Collect$$$$0000000B)
    .ARM.Collect$$$$0000000D                 0x080000fc   Section        0  entry10a.o(.ARM.Collect$$$$0000000D)
    .ARM.Collect$$$$0000000F                 0x080000fc   Section        0  entry11a.o(.ARM.Collect$$$$0000000F)
    .ARM.Collect$$$$00002712                 0x080000fc   Section        4  entry2.o(.ARM.Collect$$$$00002712)
    __lit__00000000                          0x080000fc   Data           4  entry2.o(.ARM.Collect$$$$00002712)
    .text                                    0x08000100   Section       36  startup_stm32f10x_md.o(.text)
    .text                                    0x08000124   Section      252  context_rvds.o(.text)
    .text                                    0x08000220   Section        0  strcat.o(.text)
    .text                                    0x08000238   Section        0  strncpy.o(.text)
    .text                                    0x08000250   Section        0  strlen.o(.text)
    .text                                    0x0800025e   Section        0  strcmp.o(.text)
    .text                                    0x0800027a   Section        0  strcpy.o(.text)
    .text                                    0x0800028c   Section        0  strncmp.o(.text)
    .text                                    0x080002ac   Section       36  init.o(.text)
    i.$Sub$$main                             0x080002d0   Section        0  components.o(i.$Sub$$main)
    i.BusFault_Handler                       0x080002da   Section        0  stm32f10x_it.o(i.BusFault_Handler)
    i.DebugMon_Handler                       0x080002de   Section        0  stm32f10x_it.o(i.DebugMon_Handler)
    i.GPIO_Init                              0x080002e0   Section        0  stm32f10x_gpio.o(i.GPIO_Init)
    i.GPIO_SetBits                           0x080003f6   Section        0  stm32f10x_gpio.o(i.GPIO_SetBits)
    i.MemManage_Handler                      0x080003fa   Section        0  stm32f10x_it.o(i.MemManage_Handler)
    i.NMI_Handler                            0x080003fe   Section        0  stm32f10x_it.o(i.NMI_Handler)
    i.NVIC_Init                              0x08000400   Section        0  misc.o(i.NVIC_Init)
    i.NVIC_PriorityGroupConfig               0x08000470   Section        0  misc.o(i.NVIC_PriorityGroupConfig)
    i.RCC_APB1PeriphClockCmd                 0x08000484   Section        0  stm32f10x_rcc.o(i.RCC_APB1PeriphClockCmd)
    i.RCC_APB2PeriphClockCmd                 0x080004a4   Section        0  stm32f10x_rcc.o(i.RCC_APB2PeriphClockCmd)
    i.RCC_GetClocksFreq                      0x080004c4   Section        0  stm32f10x_rcc.o(i.RCC_GetClocksFreq)
    i.SetSysClock                            0x08000598   Section        0  system_stm32f10x.o(i.SetSysClock)
    SetSysClock                              0x08000599   Thumb Code     8  system_stm32f10x.o(i.SetSysClock)
    i.SetSysClockTo72                        0x080005a0   Section        0  system_stm32f10x.o(i.SetSysClockTo72)
    SetSysClockTo72                          0x080005a1   Thumb Code   214  system_stm32f10x.o(i.SetSysClockTo72)
    i.SystemInit                             0x08000680   Section        0  system_stm32f10x.o(i.SystemInit)
    i.TIM3_IRQHandler                        0x080006e0   Section        0  delay.o(i.TIM3_IRQHandler)
    i.TIM_ClearFlag                          0x08000728   Section        0  stm32f10x_tim.o(i.TIM_ClearFlag)
    i.TIM_ClearITPendingBit                  0x0800072e   Section        0  stm32f10x_tim.o(i.TIM_ClearITPendingBit)
    i.TIM_Cmd                                0x08000734   Section        0  stm32f10x_tim.o(i.TIM_Cmd)
    i.TIM_GetITStatus                        0x0800074c   Section        0  stm32f10x_tim.o(i.TIM_GetITStatus)
    i.TIM_ITConfig                           0x0800076e   Section        0  stm32f10x_tim.o(i.TIM_ITConfig)
    i.TIM_TimeBaseInit                       0x08000780   Section        0  stm32f10x_tim.o(i.TIM_TimeBaseInit)
    i.USART1_IO_Init                         0x08000824   Section        0  usart.o(i.USART1_IO_Init)
    USART1_IO_Init                           0x08000825   Thumb Code   100  usart.o(i.USART1_IO_Init)
    i.USART1_IRQHandler                      0x08000890   Section        0  usart.o(i.USART1_IRQHandler)
    i.USART1_Init                            0x08000904   Section        0  usart.o(i.USART1_Init)
    i.USART1_func_Init                       0x08000930   Section        0  usart.o(i.USART1_func_Init)
    USART1_func_Init                         0x08000931   Thumb Code   112  usart.o(i.USART1_func_Init)
    i.USART_Cmd                              0x080009a4   Section        0  stm32f10x_usart.o(i.USART_Cmd)
    i.USART_GetFlagStatus                    0x080009bc   Section        0  stm32f10x_usart.o(i.USART_GetFlagStatus)
    i.USART_GetITStatus                      0x080009d6   Section        0  stm32f10x_usart.o(i.USART_GetITStatus)
    i.USART_ITConfig                         0x08000a2a   Section        0  stm32f10x_usart.o(i.USART_ITConfig)
    i.USART_Init                             0x08000a74   Section        0  stm32f10x_usart.o(i.USART_Init)
    i.USART_ReceiveData                      0x08000b4c   Section        0  stm32f10x_usart.o(i.USART_ReceiveData)
    i.USART_SendData                         0x08000b56   Section        0  stm32f10x_usart.o(i.USART_SendData)
    i.UsageFault_Handler                     0x08000b5e   Section        0  stm32f10x_it.o(i.UsageFault_Handler)
    i.__rt_ffs                               0x08000b64   Section        0  kservice.o(i.__rt_ffs)
    i.__scatterload_copy                     0x08000bb0   Section       14  handlers.o(i.__scatterload_copy)
    i.__scatterload_null                     0x08000bbe   Section        2  handlers.o(i.__scatterload_null)
    i.__scatterload_zeroinit                 0x08000bc0   Section       14  handlers.o(i.__scatterload_zeroinit)
    i._heap_lock                             0x08000bce   Section        0  kservice.o(i._heap_lock)
    _heap_lock                               0x08000bcf   Thumb Code    10  kservice.o(i._heap_lock)
    i._heap_unlock                           0x08000bd8   Section        0  kservice.o(i._heap_unlock)
    _heap_unlock                             0x08000bd9   Thumb Code    10  kservice.o(i._heap_unlock)
    i._ipc_list_resume                       0x08000be2   Section        0  ipc.o(i._ipc_list_resume)
    _ipc_list_resume                         0x08000be3   Thumb Code    20  ipc.o(i._ipc_list_resume)
    i._ipc_list_suspend                      0x08000bf6   Section        0  ipc.o(i._ipc_list_suspend)
    _ipc_list_suspend                        0x08000bf7   Thumb Code   110  ipc.o(i._ipc_list_suspend)
    i._ipc_object_init                       0x08000c64   Section        0  ipc.o(i._ipc_object_init)
    _ipc_object_init                         0x08000c65   Thumb Code    16  ipc.o(i._ipc_object_init)
    i._msh_exec_cmd                          0x08000c74   Section        0  msh.o(i._msh_exec_cmd)
    _msh_exec_cmd                            0x08000c75   Thumb Code   108  msh.o(i._msh_exec_cmd)
    i._scheduler_get_highest_priority_thread 0x08000ce0   Section        0  scheduler.o(i._scheduler_get_highest_priority_thread)
    _scheduler_get_highest_priority_thread   0x08000ce1   Thumb Code    30  scheduler.o(i._scheduler_get_highest_priority_thread)
    i._thread_exit                           0x08000d08   Section        0  thread.o(i._thread_exit)
    _thread_exit                             0x08000d09   Thumb Code    52  thread.o(i._thread_exit)
    i._thread_init                           0x08000d3c   Section        0  thread.o(i._thread_init)
    _thread_init                             0x08000d3d   Thumb Code   120  thread.o(i._thread_init)
    i._thread_timeout                        0x08000dbc   Section        0  thread.o(i._thread_timeout)
    _thread_timeout                          0x08000dbd   Thumb Code    44  thread.o(i._thread_timeout)
    i._timer_init                            0x08000de8   Section        0  timer.o(i._timer_init)
    _timer_init                              0x08000de9   Thumb Code    66  timer.o(i._timer_init)
    i._timer_remove                          0x08000e2a   Section        0  timer.o(i._timer_remove)
    _timer_remove                            0x08000e2b   Thumb Code    28  timer.o(i._timer_remove)
    i.bus_fault_track                        0x08000e48   Section        0  cpuport.o(i.bus_fault_track)
    bus_fault_track                          0x08000e49   Thumb Code   130  cpuport.o(i.bus_fault_track)
    i.clear                                  0x08000f44   Section        0  cmd.o(i.clear)
    clear                                    0x08000f45   Thumb Code    12  cmd.o(i.clear)
    i.cmd_free                               0x08000f58   Section        0  msh.o(i.cmd_free)
    i.cmd_list                               0x08000fd8   Section        0  cmd.o(i.cmd_list)
    i.cmd_ps                                 0x08001108   Section        0  msh.o(i.cmd_ps)
    i.finsh_get_prompt                       0x08001118   Section        0  shell.o(i.finsh_get_prompt)
    i.finsh_getchar                          0x08001174   Section        0  shell.o(i.finsh_getchar)
    i.finsh_set_prompt_mode                  0x0800117c   Section        0  shell.o(i.finsh_set_prompt_mode)
    i.finsh_system_function_init             0x08001198   Section        0  shell.o(i.finsh_system_function_init)
    i.finsh_system_init                      0x080011ac   Section        0  shell.o(i.finsh_system_init)
    i.finsh_thread_entry                     0x08001248   Section        0  shell.o(i.finsh_thread_entry)
    i.hard_fault_track                       0x0800160c   Section        0  cpuport.o(i.hard_fault_track)
    hard_fault_track                         0x0800160d   Thumb Code    82  cpuport.o(i.hard_fault_track)
    i.led_gpio_init                          0x0800168c   Section        0  app.o(i.led_gpio_init)
    i.led_init                               0x080016c4   Section        0  app.o(i.led_init)
    i.led_task                               0x080016fc   Section        0  app.o(i.led_task)
    i.led_toggle                             0x0800170c   Section        0  app.o(i.led_toggle)
    i.list_find_init                         0x08001720   Section        0  cmd.o(i.list_find_init)
    list_find_init                           0x08001721   Thumb Code    42  cmd.o(i.list_find_init)
    i.list_get_next                          0x0800174a   Section        0  cmd.o(i.list_get_next)
    list_get_next                            0x0800174b   Thumb Code   136  cmd.o(i.list_get_next)
    i.list_mailbox                           0x080017d4   Section        0  cmd.o(i.list_mailbox)
    i.list_sem                               0x08001930   Section        0  cmd.o(i.list_sem)
    i.list_thread                            0x08001a68   Section        0  cmd.o(i.list_thread)
    i.list_timer                             0x08001c54   Section        0  cmd.o(i.list_timer)
    i.main                                   0x08001dfc   Section        0  main.o(i.main)
    i.main_thread_entry                      0x08001e0c   Section        0  components.o(i.main_thread_entry)
    i.mem_manage_fault_track                 0x08001e1c   Section        0  cpuport.o(i.mem_manage_fault_track)
    mem_manage_fault_track                   0x08001e1d   Thumb Code   114  cpuport.o(i.mem_manage_fault_track)
    i.msh_auto_complete                      0x08001f04   Section        0  msh.o(i.msh_auto_complete)
    i.msh_exec                               0x08001f88   Section        0  msh.o(i.msh_exec)
    i.msh_get_cmd                            0x08001ff4   Section        0  msh.o(i.msh_get_cmd)
    msh_get_cmd                              0x08001ff5   Thumb Code    56  msh.o(i.msh_get_cmd)
    i.msh_help                               0x08002034   Section        0  msh.o(i.msh_help)
    i.msh_split                              0x08002098   Section        0  msh.o(i.msh_split)
    msh_split                                0x08002099   Thumb Code   202  msh.o(i.msh_split)
    i.object_split                           0x08002188   Section        0  cmd.o(i.object_split)
    object_split                             0x08002189   Thumb Code    22  cmd.o(i.object_split)
    i.plug_holes                             0x080021a4   Section        0  mem.o(i.plug_holes)
    plug_holes                               0x080021a5   Thumb Code   102  mem.o(i.plug_holes)
    i.print_number                           0x0800220c   Section        0  kservice.o(i.print_number)
    print_number                             0x0800220d   Thumb Code   400  kservice.o(i.print_number)
    i.rt_application_init                    0x080023a4   Section        0  components.o(i.rt_application_init)
    i.rt_calloc                              0x080023d4   Section        0  kservice.o(i.rt_calloc)
    i.rt_components_board_init               0x080023f8   Section        0  components.o(i.rt_components_board_init)
    i.rt_components_init                     0x08002414   Section        0  components.o(i.rt_components_init)
    i.rt_defunct_execute                     0x08002430   Section        0  idle.o(i.rt_defunct_execute)
    rt_defunct_execute                       0x08002431   Thumb Code    62  idle.o(i.rt_defunct_execute)
    i.rt_enter_critical                      0x08002470   Section        0  scheduler.o(i.rt_enter_critical)
    i.rt_exit_critical                       0x08002490   Section        0  scheduler.o(i.rt_exit_critical)
    i.rt_free                                0x080024d4   Section        0  kservice.o(i.rt_free)
    i.rt_heap_begin_get                      0x080024f4   Section        0  board.o(i.rt_heap_begin_get)
    i.rt_heap_end_get                        0x080024fc   Section        0  board.o(i.rt_heap_end_get)
    i.rt_hw_board_init                       0x08002504   Section        0  board.o(i.rt_hw_board_init)
    i.rt_hw_console_getchar                  0x08002524   Section        0  board.o(i.rt_hw_console_getchar)
    i.rt_hw_console_output                   0x08002584   Section        0  board.o(i.rt_hw_console_output)
    i.rt_hw_hard_fault_exception             0x080025cc   Section        0  cpuport.o(i.rt_hw_hard_fault_exception)
    i.rt_hw_stack_init                       0x080027d4   Section        0  cpuport.o(i.rt_hw_stack_init)
    i.rt_interrupt_enter                     0x08002820   Section        0  irq.o(i.rt_interrupt_enter)
    i.rt_interrupt_leave                     0x08002840   Section        0  irq.o(i.rt_interrupt_leave)
    i.rt_kprintf                             0x08002860   Section        0  kservice.o(i.rt_kprintf)
    i.rt_list_init                           0x08002894   Section        0  ipc.o(i.rt_list_init)
    rt_list_init                             0x08002895   Thumb Code     6  ipc.o(i.rt_list_init)
    i.rt_list_init                           0x0800289a   Section        0  timer.o(i.rt_list_init)
    rt_list_init                             0x0800289b   Thumb Code     6  timer.o(i.rt_list_init)
    i.rt_list_insert_after                   0x080028a0   Section        0  object.o(i.rt_list_insert_after)
    rt_list_insert_after                     0x080028a1   Thumb Code    14  object.o(i.rt_list_insert_after)
    i.rt_list_insert_after                   0x080028ae   Section        0  timer.o(i.rt_list_insert_after)
    rt_list_insert_after                     0x080028af   Thumb Code    14  timer.o(i.rt_list_insert_after)
    i.rt_list_insert_before                  0x080028bc   Section        0  ipc.o(i.rt_list_insert_before)
    rt_list_insert_before                    0x080028bd   Thumb Code    14  ipc.o(i.rt_list_insert_before)
    i.rt_list_isempty                        0x080028ca   Section        0  ipc.o(i.rt_list_isempty)
    rt_list_isempty                          0x080028cb   Thumb Code    16  ipc.o(i.rt_list_isempty)
    i.rt_list_isempty                        0x080028da   Section        0  timer.o(i.rt_list_isempty)
    rt_list_isempty                          0x080028db   Thumb Code    16  timer.o(i.rt_list_isempty)
    i.rt_list_isempty                        0x080028ea   Section        0  cmd.o(i.rt_list_isempty)
    rt_list_isempty                          0x080028eb   Thumb Code    16  cmd.o(i.rt_list_isempty)
    i.rt_list_len                            0x080028fa   Section        0  cmd.o(i.rt_list_len)
    rt_list_len                              0x080028fb   Thumb Code    20  cmd.o(i.rt_list_len)
    i.rt_list_remove                         0x0800290e   Section        0  object.o(i.rt_list_remove)
    rt_list_remove                           0x0800290f   Thumb Code    18  object.o(i.rt_list_remove)
    i.rt_list_remove                         0x08002920   Section        0  thread.o(i.rt_list_remove)
    rt_list_remove                           0x08002921   Thumb Code    18  thread.o(i.rt_list_remove)
    i.rt_list_remove                         0x08002932   Section        0  timer.o(i.rt_list_remove)
    rt_list_remove                           0x08002933   Thumb Code    18  timer.o(i.rt_list_remove)
    i.rt_malloc                              0x08002944   Section        0  kservice.o(i.rt_malloc)
    i.rt_memcpy                              0x08002968   Section        0  kservice.o(i.rt_memcpy)
    i.rt_memmove                             0x080029e4   Section        0  kservice.o(i.rt_memmove)
    i.rt_memory_info                         0x08002a28   Section        0  kservice.o(i.rt_memory_info)
    i.rt_memset                              0x08002a6c   Section        0  kservice.o(i.rt_memset)
    i.rt_object_allocate                     0x08002ab4   Section        0  object.o(i.rt_object_allocate)
    i.rt_object_delete                       0x08002b08   Section        0  object.o(i.rt_object_delete)
    i.rt_object_detach                       0x08002b2c   Section        0  object.o(i.rt_object_detach)
    i.rt_object_get_information              0x08002b4c   Section        0  object.o(i.rt_object_get_information)
    i.rt_object_init                         0x08002b74   Section        0  object.o(i.rt_object_init)
    i.rt_object_is_systemobject              0x08002bca   Section        0  object.o(i.rt_object_is_systemobject)
    i.rt_os_tick_callback                    0x08002bdc   Section        0  board.o(i.rt_os_tick_callback)
    i.rt_schedule                            0x08002bec   Section        0  scheduler.o(i.rt_schedule)
    i.rt_schedule_insert_thread              0x08002d08   Section        0  scheduler.o(i.rt_schedule_insert_thread)
    i.rt_schedule_remove_thread              0x08002da4   Section        0  scheduler.o(i.rt_schedule_remove_thread)
    i.rt_sem_create                          0x08002df8   Section        0  ipc.o(i.rt_sem_create)
    i.rt_sem_init                            0x08002e22   Section        0  ipc.o(i.rt_sem_init)
    i.rt_sem_release                         0x08002e48   Section        0  ipc.o(i.rt_sem_release)
    i.rt_sem_take                            0x08002e9a   Section        0  ipc.o(i.rt_sem_take)
    i.rt_show_version                        0x08002f10   Section        0  kservice.o(i.rt_show_version)
    i.rt_smem_alloc                          0x08002fd4   Section        0  mem.o(i.rt_smem_alloc)
    i.rt_smem_free                           0x080030e8   Section        0  mem.o(i.rt_smem_free)
    i.rt_smem_init                           0x08003124   Section        0  mem.o(i.rt_smem_init)
    i.rt_sprintf                             0x08003214   Section        0  kservice.o(i.rt_sprintf)
    i.rt_strerror                            0x08003238   Section        0  kservice.o(i.rt_strerror)
    i.rt_strncpy                             0x08003258   Section        0  kservice.o(i.rt_strncpy)
    i.rt_system_heap_init                    0x0800328c   Section        0  kservice.o(i.rt_system_heap_init)
    i.rt_system_scheduler_init               0x080032c0   Section        0  scheduler.o(i.rt_system_scheduler_init)
    i.rt_system_scheduler_start              0x080032f4   Section        0  scheduler.o(i.rt_system_scheduler_start)
    i.rt_system_timer_init                   0x0800331c   Section        0  timer.o(i.rt_system_timer_init)
    i.rt_system_timer_thread_init            0x08003338   Section        0  timer.o(i.rt_system_timer_thread_init)
    i.rt_thread_create                       0x0800333a   Section        0  thread.o(i.rt_thread_create)
    i.rt_thread_defunct_dequeue              0x0800338c   Section        0  idle.o(i.rt_thread_defunct_dequeue)
    i.rt_thread_defunct_enqueue              0x080033c8   Section        0  idle.o(i.rt_thread_defunct_enqueue)
    i.rt_thread_delay                        0x080033e4   Section        0  thread.o(i.rt_thread_delay)
    i.rt_thread_idle_entry                   0x080033f0   Section        0  idle.o(i.rt_thread_idle_entry)
    rt_thread_idle_entry                     0x080033f1   Thumb Code     8  idle.o(i.rt_thread_idle_entry)
    i.rt_thread_idle_init                    0x080033f8   Section        0  idle.o(i.rt_thread_idle_init)
    i.rt_thread_init                         0x08003460   Section        0  thread.o(i.rt_thread_init)
    i.rt_thread_resume                       0x08003494   Section        0  thread.o(i.rt_thread_resume)
    i.rt_thread_self                         0x080034d0   Section        0  thread.o(i.rt_thread_self)
    i.rt_thread_sleep                        0x080034dc   Section        0  thread.o(i.rt_thread_sleep)
    i.rt_thread_startup                      0x08003520   Section        0  thread.o(i.rt_thread_startup)
    i.rt_thread_suspend                      0x08003548   Section        0  thread.o(i.rt_thread_suspend)
    i.rt_tick_get                            0x08003590   Section        0  clock.o(i.rt_tick_get)
    i.rt_tick_increase                       0x0800359c   Section        0  clock.o(i.rt_tick_increase)
    i.rt_timer_check                         0x080035ec   Section        0  timer.o(i.rt_timer_check)
    i.rt_timer_control                       0x08003690   Section        0  timer.o(i.rt_timer_control)
    i.rt_timer_detach                        0x080036f8   Section        0  timer.o(i.rt_timer_detach)
    i.rt_timer_init                          0x08003720   Section        0  timer.o(i.rt_timer_init)
    i.rt_timer_start                         0x08003750   Section        0  timer.o(i.rt_timer_start)
    i.rt_timer_stop                          0x08003848   Section        0  timer.o(i.rt_timer_stop)
    i.rt_vsnprintf                           0x08003878   Section        0  kservice.o(i.rt_vsnprintf)
    i.rt_vsprintf                            0x08003bb8   Section        0  kservice.o(i.rt_vsprintf)
    i.rti_board_end                          0x08003bce   Section        0  components.o(i.rti_board_end)
    rti_board_end                            0x08003bcf   Thumb Code     4  components.o(i.rti_board_end)
    i.rti_board_start                        0x08003bd2   Section        0  components.o(i.rti_board_start)
    rti_board_start                          0x08003bd3   Thumb Code     4  components.o(i.rti_board_start)
    i.rti_end                                0x08003bd6   Section        0  components.o(i.rti_end)
    rti_end                                  0x08003bd7   Thumb Code     4  components.o(i.rti_end)
    i.rti_start                              0x08003bda   Section        0  components.o(i.rti_start)
    rti_start                                0x08003bdb   Thumb Code     4  components.o(i.rti_start)
    i.rtthread_startup                       0x08003bde   Section        0  components.o(i.rtthread_startup)
    i.shell_auto_complete                    0x08003c08   Section        0  shell.o(i.shell_auto_complete)
    shell_auto_complete                      0x08003c09   Thumb Code    34  shell.o(i.shell_auto_complete)
    i.show_wait_queue                        0x08003c38   Section        0  cmd.o(i.show_wait_queue)
    show_wait_queue                          0x08003c39   Thumb Code    42  cmd.o(i.show_wait_queue)
    i.skip_atoi                              0x08003c70   Section        0  kservice.o(i.skip_atoi)
    skip_atoi                                0x08003c71   Thumb Code    38  kservice.o(i.skip_atoi)
    i.str_common                             0x08003c96   Section        0  msh.o(i.str_common)
    str_common                               0x08003c97   Thumb Code    32  msh.o(i.str_common)
    i.tim_tick_init                          0x08003cb8   Section        0  delay.o(i.tim_tick_init)
    i.uart_init                              0x08003d2c   Section        0  board.o(i.uart_init)
    uart_init                                0x08003d2d   Thumb Code    10  board.o(i.uart_init)
    i.usage_fault_track                      0x08003d38   Section        0  cpuport.o(i.usage_fault_track)
    usage_fault_track                        0x08003d39   Thumb Code   122  cpuport.o(i.usage_fault_track)
    i.version                                0x08003e20   Section        0  cmd.o(i.version)
    .constdata                               0x08003e2a   Section      290  kservice.o(.constdata)
    small_digits                             0x08003f2a   Data          17  kservice.o(.constdata)
    large_digits                             0x08003f3b   Data          17  kservice.o(.constdata)
    .conststring                             0x08003f4c   Section       88  kservice.o(.conststring)
    .conststring                             0x08003fa4   Section       68  cmd.o(.conststring)
    .rodata.name                             0x08003fe8   Section      220  cmd.o(.rodata.name)
    .rodata.name                             0x080040c4   Section      100  msh.o(.rodata.name)
    .rti_fn.0                                0x08004128   Section        4  components.o(.rti_fn.0)
    __tagsym$$used                           0x08004128   Number         0  components.o(.rti_fn.0)
    .rti_fn.0.end                            0x0800412c   Section        4  components.o(.rti_fn.0.end)
    __tagsym$$used                           0x0800412c   Number         0  components.o(.rti_fn.0.end)
    .rti_fn.1                                0x08004130   Section        4  board.o(.rti_fn.1)
    __tagsym$$used                           0x08004130   Number         0  board.o(.rti_fn.1)
    .rti_fn.1.end                            0x08004134   Section        4  components.o(.rti_fn.1.end)
    __tagsym$$used                           0x08004134   Number         0  components.o(.rti_fn.1.end)
    .rti_fn.6                                0x08004138   Section        4  shell.o(.rti_fn.6)
    __tagsym$$used                           0x08004138   Number         0  shell.o(.rti_fn.6)
    .rti_fn.6.end                            0x0800413c   Section        4  components.o(.rti_fn.6.end)
    __tagsym$$used                           0x0800413c   Number         0  components.o(.rti_fn.6.end)
    FSymTab                                  0x08004140   Section       84  cmd.o(FSymTab)
    __tagsym$$used                           0x08004140   Number         0  cmd.o(FSymTab)
    __tagsym$$used                           0x0800414c   Number         0  cmd.o(FSymTab)
    __tagsym$$used                           0x08004158   Number         0  cmd.o(FSymTab)
    __tagsym$$used                           0x08004164   Number         0  cmd.o(FSymTab)
    __tagsym$$used                           0x08004170   Number         0  cmd.o(FSymTab)
    __tagsym$$used                           0x0800417c   Number         0  cmd.o(FSymTab)
    __tagsym$$used                           0x08004188   Number         0  cmd.o(FSymTab)
    FSymTab                                  0x08004194   Section       36  msh.o(FSymTab)
    __tagsym$$used                           0x08004194   Number         0  msh.o(FSymTab)
    __tagsym$$used                           0x080041a0   Number         0  msh.o(FSymTab)
    __tagsym$$used                           0x080041ac   Number         0  msh.o(FSymTab)
    .data                                    0x20000000   Section        4  app.o(.data)
    .data                                    0x20000008   Section       12  delay.o(.data)
    tim_tick_count                           0x20000008   Data           8  delay.o(.data)
    periodic_callback                        0x20000010   Data           4  delay.o(.data)
    .data                                    0x20000014   Section        8  usart.o(.data)
    .data                                    0x2000001c   Section       20  stm32f10x_rcc.o(.data)
    APBAHBPrescTable                         0x2000001c   Data          16  stm32f10x_rcc.o(.data)
    ADCPrescTable                            0x2000002c   Data           4  stm32f10x_rcc.o(.data)
    .data                                    0x20000030   Section        4  clock.o(.data)
    rt_tick                                  0x20000030   Data           4  clock.o(.data)
    .data                                    0x20000034   Section        8  idle.o(.data)
    _rt_thread_defunct                       0x20000034   Data           8  idle.o(.data)
    .data                                    0x2000003c   Section        1  irq.o(.data)
    .data                                    0x20000040   Section       56  kservice.o(.data)
    __rt_errno                               0x20000040   Data           4  kservice.o(.data)
    rt_errno_strs                            0x20000044   Data          48  kservice.o(.data)
    system_heap                              0x20000074   Data           4  kservice.o(.data)
    .data                                    0x20000078   Section       80  object.o(.data)
    _object_container                        0x20000078   Data          80  object.o(.data)
    .data                                    0x200000c8   Section       13  scheduler.o(.data)
    rt_scheduler_lock_nest                   0x200000cc   Data           2  scheduler.o(.data)
    .data                                    0x200000d8   Section       12  timer.o(.data)
    _timer_list                              0x200000d8   Data           8  timer.o(.data)
    random_nr                                0x200000e0   Data           4  timer.o(.data)
    .data                                    0x200000e4   Section       16  cpuport.o(.data)
    rt_exception_hook                        0x200000f0   Data           4  cpuport.o(.data)
    .data                                    0x200000f4   Section       16  shell.o(.data)
    finsh_prompt_custom                      0x20000100   Data           4  shell.o(.data)
    .bss                                     0x20000104   Section    15360  board.o(.bss)
    rt_heap                                  0x20000104   Data       15360  board.o(.bss)
    .bss                                     0x20003d04   Section      128  usart.o(.bss)
    .bss                                     0x20003d84   Section      376  idle.o(.bss)
    idle                                     0x20003d84   Data         120  idle.o(.bss)
    rt_thread_stack                          0x20003dfc   Data         256  idle.o(.bss)
    .bss                                     0x20003efc   Section      256  kservice.o(.bss)
    rt_log_buf                               0x20003efc   Data         256  kservice.o(.bss)
    .bss                                     0x20003ffc   Section      256  scheduler.o(.bss)
    .bss                                     0x200040fc   Section      257  shell.o(.bss)
    finsh_prompt                             0x200040fc   Data         257  shell.o(.bss)
    STACK                                    0x20004200   Section     1024  startup_stm32f10x_md.o(STACK)

    Global Symbols

    Symbol Name                              Value     Ov Type        Size  Object(Section)

    BuildAttributes$$THM_ISAv4$P$D$K$B$S$PE$A:L22UL41UL21$X:L11$S22US41US21$IEEE1$IW$USESV6$~STKCKD$USESV7$~SHL$OSPACE$EBA8$MICROLIB$REQ8$PRES8$EABIv2 0x00000000   Number         0  anon$$obj.o ABSOLUTE
    __ARM_use_no_argv                        0x00000000   Number         0  main.o ABSOLUTE
    __cpp_initialize__aeabi_                  - Undefined Weak Reference
    __cxa_finalize                            - Undefined Weak Reference
    __decompress                              - Undefined Weak Reference
    _clock_init                               - Undefined Weak Reference
    _microlib_exit                            - Undefined Weak Reference
    __Vectors_Size                           0x000000ec   Number         0  startup_stm32f10x_md.o ABSOLUTE
    __Vectors                                0x08000000   Data           4  startup_stm32f10x_md.o(RESET)
    __Vectors_End                            0x080000ec   Data           0  startup_stm32f10x_md.o(RESET)
    __main                                   0x080000ed   Thumb Code     0  entry.o(.ARM.Collect$$$$00000000)
    _main_stk                                0x080000ed   Thumb Code     0  entry2.o(.ARM.Collect$$$$00000001)
    _main_scatterload                        0x080000f1   Thumb Code     0  entry5.o(.ARM.Collect$$$$00000004)
    __main_after_scatterload                 0x080000f5   Thumb Code     0  entry5.o(.ARM.Collect$$$$00000004)
    _main_clock                              0x080000f5   Thumb Code     0  entry7b.o(.ARM.Collect$$$$00000008)
    _main_cpp_init                           0x080000f5   Thumb Code     0  entry8b.o(.ARM.Collect$$$$0000000A)
    _main_init                               0x080000f5   Thumb Code     0  entry9a.o(.ARM.Collect$$$$0000000B)
    __rt_final_cpp                           0x080000fd   Thumb Code     0  entry10a.o(.ARM.Collect$$$$0000000D)
    __rt_final_exit                          0x080000fd   Thumb Code     0  entry11a.o(.ARM.Collect$$$$0000000F)
    Reset_Handler                            0x08000101   Thumb Code     8  startup_stm32f10x_md.o(.text)
    SVC_Handler                              0x08000113   Thumb Code     2  startup_stm32f10x_md.o(.text)
    SysTick_Handler                          0x08000119   Thumb Code     2  startup_stm32f10x_md.o(.text)
    ADC1_2_IRQHandler                        0x0800011b   Thumb Code     0  startup_stm32f10x_md.o(.text)
    CAN1_RX1_IRQHandler                      0x0800011b   Thumb Code     0  startup_stm32f10x_md.o(.text)
    CAN1_SCE_IRQHandler                      0x0800011b   Thumb Code     0  startup_stm32f10x_md.o(.text)
    DMA1_Channel1_IRQHandler                 0x0800011b   Thumb Code     0  startup_stm32f10x_md.o(.text)
    DMA1_Channel2_IRQHandler                 0x0800011b   Thumb Code     0  startup_stm32f10x_md.o(.text)
    DMA1_Channel3_IRQHandler                 0x0800011b   Thumb Code     0  startup_stm32f10x_md.o(.text)
    DMA1_Channel4_IRQHandler                 0x0800011b   Thumb Code     0  startup_stm32f10x_md.o(.text)
    DMA1_Channel5_IRQHandler                 0x0800011b   Thumb Code     0  startup_stm32f10x_md.o(.text)
    DMA1_Channel6_IRQHandler                 0x0800011b   Thumb Code     0  startup_stm32f10x_md.o(.text)
    DMA1_Channel7_IRQHandler                 0x0800011b   Thumb Code     0  startup_stm32f10x_md.o(.text)
    EXTI0_IRQHandler                         0x0800011b   Thumb Code     0  startup_stm32f10x_md.o(.text)
    EXTI15_10_IRQHandler                     0x0800011b   Thumb Code     0  startup_stm32f10x_md.o(.text)
    EXTI1_IRQHandler                         0x0800011b   Thumb Code     0  startup_stm32f10x_md.o(.text)
    EXTI2_IRQHandler                         0x0800011b   Thumb Code     0  startup_stm32f10x_md.o(.text)
    EXTI3_IRQHandler                         0x0800011b   Thumb Code     0  startup_stm32f10x_md.o(.text)
    EXTI4_IRQHandler                         0x0800011b   Thumb Code     0  startup_stm32f10x_md.o(.text)
    EXTI9_5_IRQHandler                       0x0800011b   Thumb Code     0  startup_stm32f10x_md.o(.text)
    FLASH_IRQHandler                         0x0800011b   Thumb Code     0  startup_stm32f10x_md.o(.text)
    I2C1_ER_IRQHandler                       0x0800011b   Thumb Code     0  startup_stm32f10x_md.o(.text)
    I2C1_EV_IRQHandler                       0x0800011b   Thumb Code     0  startup_stm32f10x_md.o(.text)
    I2C2_ER_IRQHandler                       0x0800011b   Thumb Code     0  startup_stm32f10x_md.o(.text)
    I2C2_EV_IRQHandler                       0x0800011b   Thumb Code     0  startup_stm32f10x_md.o(.text)
    PVD_IRQHandler                           0x0800011b   Thumb Code     0  startup_stm32f10x_md.o(.text)
    RCC_IRQHandler                           0x0800011b   Thumb Code     0  startup_stm32f10x_md.o(.text)
    RTCAlarm_IRQHandler                      0x0800011b   Thumb Code     0  startup_stm32f10x_md.o(.text)
    RTC_IRQHandler                           0x0800011b   Thumb Code     0  startup_stm32f10x_md.o(.text)
    SPI1_IRQHandler                          0x0800011b   Thumb Code     0  startup_stm32f10x_md.o(.text)
    SPI2_IRQHandler                          0x0800011b   Thumb Code     0  startup_stm32f10x_md.o(.text)
    TAMPER_IRQHandler                        0x0800011b   Thumb Code     0  startup_stm32f10x_md.o(.text)
    TIM1_BRK_IRQHandler                      0x0800011b   Thumb Code     0  startup_stm32f10x_md.o(.text)
    TIM1_CC_IRQHandler                       0x0800011b   Thumb Code     0  startup_stm32f10x_md.o(.text)
    TIM1_TRG_COM_IRQHandler                  0x0800011b   Thumb Code     0  startup_stm32f10x_md.o(.text)
    TIM1_UP_IRQHandler                       0x0800011b   Thumb Code     0  startup_stm32f10x_md.o(.text)
    TIM2_IRQHandler                          0x0800011b   Thumb Code     0  startup_stm32f10x_md.o(.text)
    TIM4_IRQHandler                          0x0800011b   Thumb Code     0  startup_stm32f10x_md.o(.text)
    USART2_IRQHandler                        0x0800011b   Thumb Code     0  startup_stm32f10x_md.o(.text)
    USART3_IRQHandler                        0x0800011b   Thumb Code     0  startup_stm32f10x_md.o(.text)
    USBWakeUp_IRQHandler                     0x0800011b   Thumb Code     0  startup_stm32f10x_md.o(.text)
    USB_HP_CAN1_TX_IRQHandler                0x0800011b   Thumb Code     0  startup_stm32f10x_md.o(.text)
    USB_LP_CAN1_RX0_IRQHandler               0x0800011b   Thumb Code     0  startup_stm32f10x_md.o(.text)
    WWDG_IRQHandler                          0x0800011b   Thumb Code     0  startup_stm32f10x_md.o(.text)
    rt_hw_interrupt_disable                  0x08000125   Thumb Code     8  context_rvds.o(.text)
    rt_hw_interrupt_enable                   0x0800012d   Thumb Code     6  context_rvds.o(.text)
    rt_hw_context_switch                     0x08000133   Thumb Code    32  context_rvds.o(.text)
    rt_hw_context_switch_interrupt           0x08000133   Thumb Code     0  context_rvds.o(.text)
    PendSV_Handler                           0x08000153   Thumb Code    60  context_rvds.o(.text)
    rt_hw_context_switch_to                  0x0800018f   Thumb Code    64  context_rvds.o(.text)
    rt_hw_interrupt_thread_switch            0x080001cf   Thumb Code     2  context_rvds.o(.text)
    HardFault_Handler                        0x080001d1   Thumb Code    52  context_rvds.o(.text)
    strcat                                   0x08000221   Thumb Code    24  strcat.o(.text)
    strncpy                                  0x08000239   Thumb Code    24  strncpy.o(.text)
    strlen                                   0x08000251   Thumb Code    14  strlen.o(.text)
    strcmp                                   0x0800025f   Thumb Code    28  strcmp.o(.text)
    strcpy                                   0x0800027b   Thumb Code    18  strcpy.o(.text)
    strncmp                                  0x0800028d   Thumb Code    30  strncmp.o(.text)
    __scatterload                            0x080002ad   Thumb Code    28  init.o(.text)
    __scatterload_rt2                        0x080002ad   Thumb Code     0  init.o(.text)
    main                                     0x080002d1   Thumb Code    10  components.o(i.$Sub$$main)
    BusFault_Handler                         0x080002db   Thumb Code     4  stm32f10x_it.o(i.BusFault_Handler)
    DebugMon_Handler                         0x080002df   Thumb Code     2  stm32f10x_it.o(i.DebugMon_Handler)
    GPIO_Init                                0x080002e1   Thumb Code   278  stm32f10x_gpio.o(i.GPIO_Init)
    GPIO_SetBits                             0x080003f7   Thumb Code     4  stm32f10x_gpio.o(i.GPIO_SetBits)
    MemManage_Handler                        0x080003fb   Thumb Code     4  stm32f10x_it.o(i.MemManage_Handler)
    NMI_Handler                              0x080003ff   Thumb Code     2  stm32f10x_it.o(i.NMI_Handler)
    NVIC_Init                                0x08000401   Thumb Code   100  misc.o(i.NVIC_Init)
    NVIC_PriorityGroupConfig                 0x08000471   Thumb Code    10  misc.o(i.NVIC_PriorityGroupConfig)
    RCC_APB1PeriphClockCmd                   0x08000485   Thumb Code    26  stm32f10x_rcc.o(i.RCC_APB1PeriphClockCmd)
    RCC_APB2PeriphClockCmd                   0x080004a5   Thumb Code    26  stm32f10x_rcc.o(i.RCC_APB2PeriphClockCmd)
    RCC_GetClocksFreq                        0x080004c5   Thumb Code   192  stm32f10x_rcc.o(i.RCC_GetClocksFreq)
    SystemInit                               0x08000681   Thumb Code    78  system_stm32f10x.o(i.SystemInit)
    TIM3_IRQHandler                          0x080006e1   Thumb Code    60  delay.o(i.TIM3_IRQHandler)
    TIM_ClearFlag                            0x08000729   Thumb Code     6  stm32f10x_tim.o(i.TIM_ClearFlag)
    TIM_ClearITPendingBit                    0x0800072f   Thumb Code     6  stm32f10x_tim.o(i.TIM_ClearITPendingBit)
    TIM_Cmd                                  0x08000735   Thumb Code    24  stm32f10x_tim.o(i.TIM_Cmd)
    TIM_GetITStatus                          0x0800074d   Thumb Code    34  stm32f10x_tim.o(i.TIM_GetITStatus)
    TIM_ITConfig                             0x0800076f   Thumb Code    18  stm32f10x_tim.o(i.TIM_ITConfig)
    TIM_TimeBaseInit                         0x08000781   Thumb Code   122  stm32f10x_tim.o(i.TIM_TimeBaseInit)
    USART1_IRQHandler                        0x08000891   Thumb Code    94  usart.o(i.USART1_IRQHandler)
    USART1_Init                              0x08000905   Thumb Code    32  usart.o(i.USART1_Init)
    USART_Cmd                                0x080009a5   Thumb Code    24  stm32f10x_usart.o(i.USART_Cmd)
    USART_GetFlagStatus                      0x080009bd   Thumb Code    26  stm32f10x_usart.o(i.USART_GetFlagStatus)
    USART_GetITStatus                        0x080009d7   Thumb Code    84  stm32f10x_usart.o(i.USART_GetITStatus)
    USART_ITConfig                           0x08000a2b   Thumb Code    74  stm32f10x_usart.o(i.USART_ITConfig)
    USART_Init                               0x08000a75   Thumb Code   210  stm32f10x_usart.o(i.USART_Init)
    USART_ReceiveData                        0x08000b4d   Thumb Code    10  stm32f10x_usart.o(i.USART_ReceiveData)
    USART_SendData                           0x08000b57   Thumb Code     8  stm32f10x_usart.o(i.USART_SendData)
    UsageFault_Handler                       0x08000b5f   Thumb Code     4  stm32f10x_it.o(i.UsageFault_Handler)
    __rt_ffs                                 0x08000b65   Thumb Code    70  kservice.o(i.__rt_ffs)
    __scatterload_copy                       0x08000bb1   Thumb Code    14  handlers.o(i.__scatterload_copy)
    __scatterload_null                       0x08000bbf   Thumb Code     2  handlers.o(i.__scatterload_null)
    __scatterload_zeroinit                   0x08000bc1   Thumb Code    14  handlers.o(i.__scatterload_zeroinit)
    cmd_free                                 0x08000f59   Thumb Code    64  msh.o(i.cmd_free)
    cmd_list                                 0x08000fd9   Thumb Code   122  cmd.o(i.cmd_list)
    cmd_ps                                   0x08001109   Thumb Code    14  msh.o(i.cmd_ps)
    finsh_get_prompt                         0x08001119   Thumb Code    68  shell.o(i.finsh_get_prompt)
    finsh_getchar                            0x08001175   Thumb Code     8  shell.o(i.finsh_getchar)
    finsh_set_prompt_mode                    0x0800117d   Thumb Code    22  shell.o(i.finsh_set_prompt_mode)
    finsh_system_function_init               0x08001199   Thumb Code    10  shell.o(i.finsh_system_function_init)
    finsh_system_init                        0x080011ad   Thumb Code    98  shell.o(i.finsh_system_init)
    finsh_thread_entry                       0x08001249   Thumb Code   930  shell.o(i.finsh_thread_entry)
    led_gpio_init                            0x0800168d   Thumb Code    50  app.o(i.led_gpio_init)
    led_init                                 0x080016c5   Thumb Code    42  app.o(i.led_init)
    led_task                                 0x080016fd   Thumb Code    14  app.o(i.led_task)
    led_toggle                               0x0800170d   Thumb Code    14  app.o(i.led_toggle)
    list_mailbox                             0x080017d5   Thumb Code   224  cmd.o(i.list_mailbox)
    list_sem                                 0x08001931   Thumb Code   216  cmd.o(i.list_sem)
    list_thread                              0x08001a69   Thumb Code   302  cmd.o(i.list_thread)
    list_timer                               0x08001c55   Thumb Code   212  cmd.o(i.list_timer)
    $Super$$main                             0x08001dfd   Thumb Code    16  main.o(i.main)
    main_thread_entry                        0x08001e0d   Thumb Code    14  components.o(i.main_thread_entry)
    msh_auto_complete                        0x08001f05   Thumb Code   120  msh.o(i.msh_auto_complete)
    msh_exec                                 0x08001f89   Thumb Code    84  msh.o(i.msh_exec)
    msh_help                                 0x08002035   Thumb Code    48  msh.o(i.msh_help)
    rt_application_init                      0x080023a5   Thumb Code    34  components.o(i.rt_application_init)
    rt_calloc                                0x080023d5   Thumb Code    34  kservice.o(i.rt_calloc)
    rt_components_board_init                 0x080023f9   Thumb Code    20  components.o(i.rt_components_board_init)
    rt_components_init                       0x08002415   Thumb Code    20  components.o(i.rt_components_init)
    rt_enter_critical                        0x08002471   Thumb Code    28  scheduler.o(i.rt_enter_critical)
    rt_exit_critical                         0x08002491   Thumb Code    60  scheduler.o(i.rt_exit_critical)
    rt_free                                  0x080024d5   Thumb Code    30  kservice.o(i.rt_free)
    rt_heap_begin_get                        0x080024f5   Thumb Code     4  board.o(i.rt_heap_begin_get)
    rt_heap_end_get                          0x080024fd   Thumb Code     4  board.o(i.rt_heap_end_get)
    rt_hw_board_init                         0x08002505   Thumb Code    30  board.o(i.rt_hw_board_init)
    rt_hw_console_getchar                    0x08002525   Thumb Code    80  board.o(i.rt_hw_console_getchar)
    rt_hw_console_output                     0x08002585   Thumb Code    66  board.o(i.rt_hw_console_output)
    rt_hw_hard_fault_exception               0x080025cd   Thumb Code   198  cpuport.o(i.rt_hw_hard_fault_exception)
    rt_hw_stack_init                         0x080027d5   Thumb Code    70  cpuport.o(i.rt_hw_stack_init)
    rt_interrupt_enter                       0x08002821   Thumb Code    26  irq.o(i.rt_interrupt_enter)
    rt_interrupt_leave                       0x08002841   Thumb Code    26  irq.o(i.rt_interrupt_leave)
    rt_kprintf                               0x08002861   Thumb Code    46  kservice.o(i.rt_kprintf)
    rt_malloc                                0x08002945   Thumb Code    32  kservice.o(i.rt_malloc)
    rt_memcpy                                0x08002969   Thumb Code   124  kservice.o(i.rt_memcpy)
    rt_memmove                               0x080029e5   Thumb Code    66  kservice.o(i.rt_memmove)
    rt_memory_info                           0x08002a29   Thumb Code    64  kservice.o(i.rt_memory_info)
    rt_memset                                0x08002a6d   Thumb Code    72  kservice.o(i.rt_memset)
    rt_object_allocate                       0x08002ab5   Thumb Code    84  object.o(i.rt_object_allocate)
    rt_object_delete                         0x08002b09   Thumb Code    36  object.o(i.rt_object_delete)
    rt_object_detach                         0x08002b2d   Thumb Code    30  object.o(i.rt_object_detach)
    rt_object_get_information                0x08002b4d   Thumb Code    36  object.o(i.rt_object_get_information)
    rt_object_init                           0x08002b75   Thumb Code    86  object.o(i.rt_object_init)
    rt_object_is_systemobject                0x08002bcb   Thumb Code    18  object.o(i.rt_object_is_systemobject)
    rt_os_tick_callback                      0x08002bdd   Thumb Code    16  board.o(i.rt_os_tick_callback)
    rt_schedule                              0x08002bed   Thumb Code   262  scheduler.o(i.rt_schedule)
    rt_schedule_insert_thread                0x08002d09   Thumb Code   142  scheduler.o(i.rt_schedule_insert_thread)
    rt_schedule_remove_thread                0x08002da5   Thumb Code    76  scheduler.o(i.rt_schedule_remove_thread)
    rt_sem_create                            0x08002df9   Thumb Code    42  ipc.o(i.rt_sem_create)
    rt_sem_init                              0x08002e23   Thumb Code    38  ipc.o(i.rt_sem_init)
    rt_sem_release                           0x08002e49   Thumb Code    82  ipc.o(i.rt_sem_release)
    rt_sem_take                              0x08002e9b   Thumb Code   116  ipc.o(i.rt_sem_take)
    rt_show_version                          0x08002f11   Thumb Code    42  kservice.o(i.rt_show_version)
    rt_smem_alloc                            0x08002fd5   Thumb Code   276  mem.o(i.rt_smem_alloc)
    rt_smem_free                             0x080030e9   Thumb Code    58  mem.o(i.rt_smem_free)
    rt_smem_init                             0x08003125   Thumb Code   172  mem.o(i.rt_smem_init)
    rt_sprintf                               0x08003215   Thumb Code    34  kservice.o(i.rt_sprintf)
    rt_strerror                              0x08003239   Thumb Code    26  kservice.o(i.rt_strerror)
    rt_strncpy                               0x08003259   Thumb Code    52  kservice.o(i.rt_strncpy)
    rt_system_heap_init                      0x0800328d   Thumb Code    40  kservice.o(i.rt_system_heap_init)
    rt_system_scheduler_init                 0x080032c1   Thumb Code    38  scheduler.o(i.rt_system_scheduler_init)
    rt_system_scheduler_start                0x080032f5   Thumb Code    36  scheduler.o(i.rt_system_scheduler_start)
    rt_system_timer_init                     0x0800331d   Thumb Code    24  timer.o(i.rt_system_timer_init)
    rt_system_timer_thread_init              0x08003339   Thumb Code     2  timer.o(i.rt_system_timer_thread_init)
    rt_thread_create                         0x0800333b   Thumb Code    80  thread.o(i.rt_thread_create)
    rt_thread_defunct_dequeue                0x0800338d   Thumb Code    56  idle.o(i.rt_thread_defunct_dequeue)
    rt_thread_defunct_enqueue                0x080033c9   Thumb Code    24  idle.o(i.rt_thread_defunct_enqueue)
    rt_thread_delay                          0x080033e5   Thumb Code    12  thread.o(i.rt_thread_delay)
    rt_thread_idle_init                      0x080033f9   Thumb Code    82  idle.o(i.rt_thread_idle_init)
    rt_thread_init                           0x08003461   Thumb Code    52  thread.o(i.rt_thread_init)
    rt_thread_resume                         0x08003495   Thumb Code    60  thread.o(i.rt_thread_resume)
    rt_thread_self                           0x080034d1   Thumb Code     6  thread.o(i.rt_thread_self)
    rt_thread_sleep                          0x080034dd   Thumb Code    68  thread.o(i.rt_thread_sleep)
    rt_thread_startup                        0x08003521   Thumb Code    40  thread.o(i.rt_thread_startup)
    rt_thread_suspend                        0x08003549   Thumb Code    72  thread.o(i.rt_thread_suspend)
    rt_tick_get                              0x08003591   Thumb Code     6  clock.o(i.rt_tick_get)
    rt_tick_increase                         0x0800359d   Thumb Code    74  clock.o(i.rt_tick_increase)
    rt_timer_check                           0x080035ed   Thumb Code   160  timer.o(i.rt_timer_check)
    rt_timer_control                         0x08003691   Thumb Code   104  timer.o(i.rt_timer_control)
    rt_timer_detach                          0x080036f9   Thumb Code    40  timer.o(i.rt_timer_detach)
    rt_timer_init                            0x08003721   Thumb Code    46  timer.o(i.rt_timer_init)
    rt_timer_start                           0x08003751   Thumb Code   240  timer.o(i.rt_timer_start)
    rt_timer_stop                            0x08003849   Thumb Code    48  timer.o(i.rt_timer_stop)
    rt_vsnprintf                             0x08003879   Thumb Code   824  kservice.o(i.rt_vsnprintf)
    rt_vsprintf                              0x08003bb9   Thumb Code    22  kservice.o(i.rt_vsprintf)
    rtthread_startup                         0x08003bdf   Thumb Code    42  components.o(i.rtthread_startup)
    tim_tick_init                            0x08003cb9   Thumb Code   110  delay.o(i.tim_tick_init)
    version                                  0x08003e21   Thumb Code    10  cmd.o(i.version)
    __lowest_bit_bitmap                      0x08003e2a   Data         256  kservice.o(.constdata)
    __fsym_clear_name                        0x08003fe8   Data           6  cmd.o(.rodata.name)
    __fsym_clear_desc                        0x08003fee   Data          26  cmd.o(.rodata.name)
    __fsym_version_name                      0x08004008   Data           8  cmd.o(.rodata.name)
    __fsym_version_desc                      0x08004010   Data          35  cmd.o(.rodata.name)
    __fsym_list_thread_name                  0x08004033   Data          12  cmd.o(.rodata.name)
    __fsym_list_thread_desc                  0x0800403f   Data          12  cmd.o(.rodata.name)
    __fsym_list_sem_name                     0x0800404b   Data           9  cmd.o(.rodata.name)
    __fsym_list_sem_desc                     0x08004054   Data          25  cmd.o(.rodata.name)
    __fsym_list_mailbox_name                 0x0800406d   Data          13  cmd.o(.rodata.name)
    __fsym_list_mailbox_desc                 0x0800407a   Data          24  cmd.o(.rodata.name)
    __fsym_list_timer_name                   0x08004092   Data          11  cmd.o(.rodata.name)
    __fsym_list_timer_desc                   0x0800409d   Data          21  cmd.o(.rodata.name)
    __fsym_list_name                         0x080040b2   Data           5  cmd.o(.rodata.name)
    __fsym_list_desc                         0x080040b7   Data          13  cmd.o(.rodata.name)
    __fsym_help_name                         0x080040c4   Data           5  msh.o(.rodata.name)
    __fsym_help_desc                         0x080040c9   Data          22  msh.o(.rodata.name)
    __fsym_ps_name                           0x080040df   Data           3  msh.o(.rodata.name)
    __fsym_ps_desc                           0x080040e2   Data          28  msh.o(.rodata.name)
    __fsym_free_name                         0x080040fe   Data           5  msh.o(.rodata.name)
    __fsym_free_desc                         0x08004103   Data          37  msh.o(.rodata.name)
    __rt_init_rti_start                      0x08004128   Data           4  components.o(.rti_fn.0)
    __rt_init_rti_board_start                0x0800412c   Data           4  components.o(.rti_fn.0.end)
    __rt_init_uart_init                      0x08004130   Data           4  board.o(.rti_fn.1)
    __rt_init_rti_board_end                  0x08004134   Data           4  components.o(.rti_fn.1.end)
    __rt_init_finsh_system_init              0x08004138   Data           4  shell.o(.rti_fn.6)
    __rt_init_rti_end                        0x0800413c   Data           4  components.o(.rti_fn.6.end)
    FSymTab$$Base                            0x08004140   Number         0  cmd.o(FSymTab)
    __fsym_clear                             0x08004140   Data          12  cmd.o(FSymTab)
    __fsym_version                           0x0800414c   Data          12  cmd.o(FSymTab)
    __fsym_list_thread                       0x08004158   Data          12  cmd.o(FSymTab)
    __fsym_list_sem                          0x08004164   Data          12  cmd.o(FSymTab)
    __fsym_list_mailbox                      0x08004170   Data          12  cmd.o(FSymTab)
    __fsym_list_timer                        0x0800417c   Data          12  cmd.o(FSymTab)
    __fsym_list                              0x08004188   Data          12  cmd.o(FSymTab)
    __fsym_help                              0x08004194   Data          12  msh.o(FSymTab)
    __fsym_ps                                0x080041a0   Data          12  msh.o(FSymTab)
    __fsym_free                              0x080041ac   Data          12  msh.o(FSymTab)
    FSymTab$$Limit                           0x080041b8   Number         0  msh.o(FSymTab)
    Region$$Table$$Base                      0x080041b8   Number         0  anon$$obj.o(Region$$Table)
    Region$$Table$$Limit                     0x080041d8   Number         0  anon$$obj.o(Region$$Table)
    led_thread                               0x20000000   Data           4  app.o(.data)
    rx_in                                    0x20000014   Data           2  usart.o(.data)
    rx_out                                   0x20000016   Data           2  usart.o(.data)
    uart_rx_sem                              0x20000018   Data           4  usart.o(.data)
    rt_interrupt_nest                        0x2000003c   Data           1  irq.o(.data)
    rt_thread_ready_priority_group           0x200000c8   Data           4  scheduler.o(.data)
    rt_current_thread                        0x200000d0   Data           4  scheduler.o(.data)
    rt_current_priority                      0x200000d4   Data           1  scheduler.o(.data)
    rt_interrupt_from_thread                 0x200000e4   Data           4  cpuport.o(.data)
    rt_interrupt_to_thread                   0x200000e8   Data           4  cpuport.o(.data)
    rt_thread_switch_interrupt_flag          0x200000ec   Data           4  cpuport.o(.data)
    _syscall_table_begin                     0x200000f4   Data           4  shell.o(.data)
    _syscall_table_end                       0x200000f8   Data           4  shell.o(.data)
    shell                                    0x200000fc   Data           4  shell.o(.data)
    rx_buf                                   0x20003d04   Data         128  usart.o(.bss)
    rt_thread_priority_table                 0x20003ffc   Data         256  scheduler.o(.bss)
    __initial_sp                             0x20004600   Data           0  startup_stm32f10x_md.o(STACK)



==============================================================================

Memory Map of the image

  Image Entry point : 0x080000ed

  Load Region LR_IROM1 (Base: 0x08000000, Size: 0x000042dc, Max: 0x00010000, ABSOLUTE)

    Execution Region ER_IROM1 (Exec base: 0x08000000, Load base: 0x08000000, Size: 0x000041d8, Max: 0x00010000, ABSOLUTE)

    Exec Addr    Load Addr    Size         Type   Attr      Idx    E Section Name        Object

    0x08000000   0x08000000   0x000000ec   Data   RO         3314    RESET               startup_stm32f10x_md.o
    0x080000ec   0x080000ec   0x00000000   Code   RO         4769  * .ARM.Collect$$$$00000000  mc_w.l(entry.o)
    0x080000ec   0x080000ec   0x00000004   Code   RO         4816    .ARM.Collect$$$$00000001  mc_w.l(entry2.o)
    0x080000f0   0x080000f0   0x00000004   Code   RO         4819    .ARM.Collect$$$$00000004  mc_w.l(entry5.o)
    0x080000f4   0x080000f4   0x00000000   Code   RO         4821    .ARM.Collect$$$$00000008  mc_w.l(entry7b.o)
    0x080000f4   0x080000f4   0x00000000   Code   RO         4823    .ARM.Collect$$$$0000000A  mc_w.l(entry8b.o)
    0x080000f4   0x080000f4   0x00000008   Code   RO         4824    .ARM.Collect$$$$0000000B  mc_w.l(entry9a.o)
    0x080000fc   0x080000fc   0x00000000   Code   RO         4826    .ARM.Collect$$$$0000000D  mc_w.l(entry10a.o)
    0x080000fc   0x080000fc   0x00000000   Code   RO         4828    .ARM.Collect$$$$0000000F  mc_w.l(entry11a.o)
    0x080000fc   0x080000fc   0x00000004   Code   RO         4817    .ARM.Collect$$$$00002712  mc_w.l(entry2.o)
    0x08000100   0x08000100   0x00000024   Code   RO         3315    .text               startup_stm32f10x_md.o
    0x08000124   0x08000124   0x000000fc   Code   RO         4441    .text               context_rvds.o
    0x08000220   0x08000220   0x00000018   Code   RO         4804    .text               mc_w.l(strcat.o)
    0x08000238   0x08000238   0x00000018   Code   RO         4806    .text               mc_w.l(strncpy.o)
    0x08000250   0x08000250   0x0000000e   Code   RO         4808    .text               mc_w.l(strlen.o)
    0x0800025e   0x0800025e   0x0000001c   Code   RO         4810    .text               mc_w.l(strcmp.o)
    0x0800027a   0x0800027a   0x00000012   Code   RO         4812    .text               mc_w.l(strcpy.o)
    0x0800028c   0x0800028c   0x0000001e   Code   RO         4814    .text               mc_w.l(strncmp.o)
    0x080002aa   0x080002aa   0x00000002   PAD
    0x080002ac   0x080002ac   0x00000024   Code   RO         4834    .text               mc_w.l(init.o)
    0x080002d0   0x080002d0   0x0000000a   Code   RO         3452    i.$Sub$$main        components.o
    0x080002da   0x080002da   0x00000004   Code   RO         3319    i.BusFault_Handler  stm32f10x_it.o
    0x080002de   0x080002de   0x00000002   Code   RO         3320    i.DebugMon_Handler  stm32f10x_it.o
    0x080002e0   0x080002e0   0x00000116   Code   RO         1485    i.GPIO_Init         stm32f10x_gpio.o
    0x080003f6   0x080003f6   0x00000004   Code   RO         1493    i.GPIO_SetBits      stm32f10x_gpio.o
    0x080003fa   0x080003fa   0x00000004   Code   RO         3321    i.MemManage_Handler  stm32f10x_it.o
    0x080003fe   0x080003fe   0x00000002   Code   RO         3322    i.NMI_Handler       stm32f10x_it.o
    0x08000400   0x08000400   0x00000070   Code   RO          334    i.NVIC_Init         misc.o
    0x08000470   0x08000470   0x00000014   Code   RO          335    i.NVIC_PriorityGroupConfig  misc.o
    0x08000484   0x08000484   0x00000020   Code   RO         1901    i.RCC_APB1PeriphClockCmd  stm32f10x_rcc.o
    0x080004a4   0x080004a4   0x00000020   Code   RO         1903    i.RCC_APB2PeriphClockCmd  stm32f10x_rcc.o
    0x080004c4   0x080004c4   0x000000d4   Code   RO         1911    i.RCC_GetClocksFreq  stm32f10x_rcc.o
    0x08000598   0x08000598   0x00000008   Code   RO         3380    i.SetSysClock       system_stm32f10x.o
    0x080005a0   0x080005a0   0x000000e0   Code   RO         3381    i.SetSysClockTo72   system_stm32f10x.o
    0x08000680   0x08000680   0x00000060   Code   RO         3383    i.SystemInit        system_stm32f10x.o
    0x080006e0   0x080006e0   0x00000048   Code   RO          224    i.TIM3_IRQHandler   delay.o
    0x08000728   0x08000728   0x00000006   Code   RO         2529    i.TIM_ClearFlag     stm32f10x_tim.o
    0x0800072e   0x0800072e   0x00000006   Code   RO         2530    i.TIM_ClearITPendingBit  stm32f10x_tim.o
    0x08000734   0x08000734   0x00000018   Code   RO         2535    i.TIM_Cmd           stm32f10x_tim.o
    0x0800074c   0x0800074c   0x00000022   Code   RO         2556    i.TIM_GetITStatus   stm32f10x_tim.o
    0x0800076e   0x0800076e   0x00000012   Code   RO         2560    i.TIM_ITConfig      stm32f10x_tim.o
    0x08000780   0x08000780   0x000000a4   Code   RO         2606    i.TIM_TimeBaseInit  stm32f10x_tim.o
    0x08000824   0x08000824   0x0000006c   Code   RO          283    i.USART1_IO_Init    usart.o
    0x08000890   0x08000890   0x00000074   Code   RO          284    i.USART1_IRQHandler  usart.o
    0x08000904   0x08000904   0x0000002c   Code   RO          285    i.USART1_Init       usart.o
    0x08000930   0x08000930   0x00000074   Code   RO          286    i.USART1_func_Init  usart.o
    0x080009a4   0x080009a4   0x00000018   Code   RO         3071    i.USART_Cmd         stm32f10x_usart.o
    0x080009bc   0x080009bc   0x0000001a   Code   RO         3074    i.USART_GetFlagStatus  stm32f10x_usart.o
    0x080009d6   0x080009d6   0x00000054   Code   RO         3075    i.USART_GetITStatus  stm32f10x_usart.o
    0x08000a2a   0x08000a2a   0x0000004a   Code   RO         3077    i.USART_ITConfig    stm32f10x_usart.o
    0x08000a74   0x08000a74   0x000000d8   Code   RO         3078    i.USART_Init        stm32f10x_usart.o
    0x08000b4c   0x08000b4c   0x0000000a   Code   RO         3085    i.USART_ReceiveData  stm32f10x_usart.o
    0x08000b56   0x08000b56   0x00000008   Code   RO         3088    i.USART_SendData    stm32f10x_usart.o
    0x08000b5e   0x08000b5e   0x00000004   Code   RO         3323    i.UsageFault_Handler  stm32f10x_it.o
    0x08000b62   0x08000b62   0x00000002   PAD
    0x08000b64   0x08000b64   0x0000004c   Code   RO         3751    i.__rt_ffs          kservice.o
    0x08000bb0   0x08000bb0   0x0000000e   Code   RO         4838    i.__scatterload_copy  mc_w.l(handlers.o)
    0x08000bbe   0x08000bbe   0x00000002   Code   RO         4839    i.__scatterload_null  mc_w.l(handlers.o)
    0x08000bc0   0x08000bc0   0x0000000e   Code   RO         4840    i.__scatterload_zeroinit  mc_w.l(handlers.o)
    0x08000bce   0x08000bce   0x0000000a   Code   RO         3752    i._heap_lock        kservice.o
    0x08000bd8   0x08000bd8   0x0000000a   Code   RO         3753    i._heap_unlock      kservice.o
    0x08000be2   0x08000be2   0x00000014   Code   RO         3578    i._ipc_list_resume  ipc.o
    0x08000bf6   0x08000bf6   0x0000006e   Code   RO         3580    i._ipc_list_suspend  ipc.o
    0x08000c64   0x08000c64   0x00000010   Code   RO         3581    i._ipc_object_init  ipc.o
    0x08000c74   0x08000c74   0x0000006c   Code   RO         4589    i._msh_exec_cmd     msh.o
    0x08000ce0   0x08000ce0   0x00000028   Code   RO         4127    i._scheduler_get_highest_priority_thread  scheduler.o
    0x08000d08   0x08000d08   0x00000034   Code   RO         4206    i._thread_exit      thread.o
    0x08000d3c   0x08000d3c   0x00000080   Code   RO         4207    i._thread_init      thread.o
    0x08000dbc   0x08000dbc   0x0000002c   Code   RO         4208    i._thread_timeout   thread.o
    0x08000de8   0x08000de8   0x00000042   Code   RO         4329    i._timer_init       timer.o
    0x08000e2a   0x08000e2a   0x0000001c   Code   RO         4331    i._timer_remove     timer.o
    0x08000e46   0x08000e46   0x00000002   PAD
    0x08000e48   0x08000e48   0x000000fc   Code   RO         4445    i.bus_fault_track   cpuport.o
    0x08000f44   0x08000f44   0x00000014   Code   RO         4504    i.clear             cmd.o
    0x08000f58   0x08000f58   0x00000080   Code   RO         4590    i.cmd_free          msh.o
    0x08000fd8   0x08000fd8   0x00000130   Code   RO         4505    i.cmd_list          cmd.o
    0x08001108   0x08001108   0x0000000e   Code   RO         4591    i.cmd_ps            msh.o
    0x08001116   0x08001116   0x00000002   PAD
    0x08001118   0x08001118   0x0000005c   Code   RO         4689    i.finsh_get_prompt  shell.o
    0x08001174   0x08001174   0x00000008   Code   RO         4691    i.finsh_getchar     shell.o
    0x0800117c   0x0800117c   0x0000001c   Code   RO         4694    i.finsh_set_prompt_mode  shell.o
    0x08001198   0x08001198   0x00000014   Code   RO         4695    i.finsh_system_function_init  shell.o
    0x080011ac   0x080011ac   0x0000009c   Code   RO         4696    i.finsh_system_init  shell.o
    0x08001248   0x08001248   0x000003c4   Code   RO         4697    i.finsh_thread_entry  shell.o
    0x0800160c   0x0800160c   0x00000080   Code   RO         4446    i.hard_fault_track  cpuport.o
    0x0800168c   0x0800168c   0x00000038   Code   RO           50    i.led_gpio_init     app.o
    0x080016c4   0x080016c4   0x00000038   Code   RO           51    i.led_init          app.o
    0x080016fc   0x080016fc   0x0000000e   Code   RO           52    i.led_task          app.o
    0x0800170a   0x0800170a   0x00000002   PAD
    0x0800170c   0x0800170c   0x00000014   Code   RO           53    i.led_toggle        app.o
    0x08001720   0x08001720   0x0000002a   Code   RO         4506    i.list_find_init    cmd.o
    0x0800174a   0x0800174a   0x00000088   Code   RO         4507    i.list_get_next     cmd.o
    0x080017d2   0x080017d2   0x00000002   PAD
    0x080017d4   0x080017d4   0x0000015c   Code   RO         4508    i.list_mailbox      cmd.o
    0x08001930   0x08001930   0x00000138   Code   RO         4509    i.list_sem          cmd.o
    0x08001a68   0x08001a68   0x000001ec   Code   RO         4510    i.list_thread       cmd.o
    0x08001c54   0x08001c54   0x000001a8   Code   RO         4511    i.list_timer        cmd.o
    0x08001dfc   0x08001dfc   0x00000010   Code   RO            1    i.main              main.o
    0x08001e0c   0x08001e0c   0x0000000e   Code   RO         3453    i.main_thread_entry  components.o
    0x08001e1a   0x08001e1a   0x00000002   PAD
    0x08001e1c   0x08001e1c   0x000000e8   Code   RO         4447    i.mem_manage_fault_track  cpuport.o
    0x08001f04   0x08001f04   0x00000084   Code   RO         4592    i.msh_auto_complete  msh.o
    0x08001f88   0x08001f88   0x0000006c   Code   RO         4593    i.msh_exec          msh.o
    0x08001ff4   0x08001ff4   0x00000040   Code   RO         4594    i.msh_get_cmd       msh.o
    0x08002034   0x08002034   0x00000064   Code   RO         4595    i.msh_help          msh.o
    0x08002098   0x08002098   0x000000f0   Code   RO         4596    i.msh_split         msh.o
    0x08002188   0x08002188   0x0000001c   Code   RO         4512    i.object_split      cmd.o
    0x080021a4   0x080021a4   0x00000066   Code   RO         3993    i.plug_holes        mem.o
    0x0800220a   0x0800220a   0x00000002   PAD
    0x0800220c   0x0800220c   0x00000198   Code   RO         3755    i.print_number      kservice.o
    0x080023a4   0x080023a4   0x00000030   Code   RO         3454    i.rt_application_init  components.o
    0x080023d4   0x080023d4   0x00000022   Code   RO         3756    i.rt_calloc         kservice.o
    0x080023f6   0x080023f6   0x00000002   PAD
    0x080023f8   0x080023f8   0x0000001c   Code   RO         3455    i.rt_components_board_init  components.o
    0x08002414   0x08002414   0x0000001c   Code   RO         3456    i.rt_components_init  components.o
    0x08002430   0x08002430   0x0000003e   Code   RO         3532    i.rt_defunct_execute  idle.o
    0x0800246e   0x0800246e   0x00000002   PAD
    0x08002470   0x08002470   0x00000020   Code   RO         4129    i.rt_enter_critical  scheduler.o
    0x08002490   0x08002490   0x00000044   Code   RO         4130    i.rt_exit_critical  scheduler.o
    0x080024d4   0x080024d4   0x0000001e   Code   RO         3757    i.rt_free           kservice.o
    0x080024f2   0x080024f2   0x00000002   PAD
    0x080024f4   0x080024f4   0x00000008   Code   RO          163    i.rt_heap_begin_get  board.o
    0x080024fc   0x080024fc   0x00000008   Code   RO          164    i.rt_heap_end_get   board.o
    0x08002504   0x08002504   0x0000001e   Code   RO          165    i.rt_hw_board_init  board.o
    0x08002522   0x08002522   0x00000002   PAD
    0x08002524   0x08002524   0x00000060   Code   RO          166    i.rt_hw_console_getchar  board.o
    0x08002584   0x08002584   0x00000048   Code   RO          167    i.rt_hw_console_output  board.o
    0x080025cc   0x080025cc   0x00000208   Code   RO         4451    i.rt_hw_hard_fault_exception  cpuport.o
    0x080027d4   0x080027d4   0x0000004c   Code   RO         4452    i.rt_hw_stack_init  cpuport.o
    0x08002820   0x08002820   0x00000020   Code   RO         3724    i.rt_interrupt_enter  irq.o
    0x08002840   0x08002840   0x00000020   Code   RO         3726    i.rt_interrupt_leave  irq.o
    0x08002860   0x08002860   0x00000034   Code   RO         3762    i.rt_kprintf        kservice.o
    0x08002894   0x08002894   0x00000006   Code   RO         3582    i.rt_list_init      ipc.o
    0x0800289a   0x0800289a   0x00000006   Code   RO         4332    i.rt_list_init      timer.o
    0x080028a0   0x080028a0   0x0000000e   Code   RO         4046    i.rt_list_insert_after  object.o
    0x080028ae   0x080028ae   0x0000000e   Code   RO         4333    i.rt_list_insert_after  timer.o
    0x080028bc   0x080028bc   0x0000000e   Code   RO         3583    i.rt_list_insert_before  ipc.o
    0x080028ca   0x080028ca   0x00000010   Code   RO         3584    i.rt_list_isempty   ipc.o
    0x080028da   0x080028da   0x00000010   Code   RO         4334    i.rt_list_isempty   timer.o
    0x080028ea   0x080028ea   0x00000010   Code   RO         4513    i.rt_list_isempty   cmd.o
    0x080028fa   0x080028fa   0x00000014   Code   RO         4514    i.rt_list_len       cmd.o
    0x0800290e   0x0800290e   0x00000012   Code   RO         4047    i.rt_list_remove    object.o
    0x08002920   0x08002920   0x00000012   Code   RO         4209    i.rt_list_remove    thread.o
    0x08002932   0x08002932   0x00000012   Code   RO         4335    i.rt_list_remove    timer.o
    0x08002944   0x08002944   0x00000024   Code   RO         3764    i.rt_malloc         kservice.o
    0x08002968   0x08002968   0x0000007c   Code   RO         3767    i.rt_memcpy         kservice.o
    0x080029e4   0x080029e4   0x00000042   Code   RO         3768    i.rt_memmove        kservice.o
    0x08002a26   0x08002a26   0x00000002   PAD
    0x08002a28   0x08002a28   0x00000044   Code   RO         3769    i.rt_memory_info    kservice.o
    0x08002a6c   0x08002a6c   0x00000048   Code   RO         3770    i.rt_memset         kservice.o
    0x08002ab4   0x08002ab4   0x00000054   Code   RO         4048    i.rt_object_allocate  object.o
    0x08002b08   0x08002b08   0x00000024   Code   RO         4049    i.rt_object_delete  object.o
    0x08002b2c   0x08002b2c   0x0000001e   Code   RO         4050    i.rt_object_detach  object.o
    0x08002b4a   0x08002b4a   0x00000002   PAD
    0x08002b4c   0x08002b4c   0x00000028   Code   RO         4052    i.rt_object_get_information  object.o
    0x08002b74   0x08002b74   0x00000056   Code   RO         4056    i.rt_object_init    object.o
    0x08002bca   0x08002bca   0x00000012   Code   RO         4057    i.rt_object_is_systemobject  object.o
    0x08002bdc   0x08002bdc   0x00000010   Code   RO          168    i.rt_os_tick_callback  board.o
    0x08002bec   0x08002bec   0x0000011c   Code   RO         4131    i.rt_schedule       scheduler.o
    0x08002d08   0x08002d08   0x0000009c   Code   RO         4132    i.rt_schedule_insert_thread  scheduler.o
    0x08002da4   0x08002da4   0x00000054   Code   RO         4133    i.rt_schedule_remove_thread  scheduler.o
    0x08002df8   0x08002df8   0x0000002a   Code   RO         3595    i.rt_sem_create     ipc.o
    0x08002e22   0x08002e22   0x00000026   Code   RO         3598    i.rt_sem_init       ipc.o
    0x08002e48   0x08002e48   0x00000052   Code   RO         3599    i.rt_sem_release    ipc.o
    0x08002e9a   0x08002e9a   0x00000074   Code   RO         3600    i.rt_sem_take       ipc.o
    0x08002f0e   0x08002f0e   0x00000002   PAD
    0x08002f10   0x08002f10   0x000000c4   Code   RO         3773    i.rt_show_version   kservice.o
    0x08002fd4   0x08002fd4   0x00000114   Code   RO         3994    i.rt_smem_alloc     mem.o
    0x080030e8   0x080030e8   0x0000003a   Code   RO         3996    i.rt_smem_free      mem.o
    0x08003122   0x08003122   0x00000002   PAD
    0x08003124   0x08003124   0x000000f0   Code   RO         3997    i.rt_smem_init      mem.o
    0x08003214   0x08003214   0x00000022   Code   RO         3775    i.rt_sprintf        kservice.o
    0x08003236   0x08003236   0x00000002   PAD
    0x08003238   0x08003238   0x00000020   Code   RO         3780    i.rt_strerror       kservice.o
    0x08003258   0x08003258   0x00000034   Code   RO         3783    i.rt_strncpy        kservice.o
    0x0800328c   0x0800328c   0x00000034   Code   RO         3786    i.rt_system_heap_init  kservice.o
    0x080032c0   0x080032c0   0x00000034   Code   RO         4134    i.rt_system_scheduler_init  scheduler.o
    0x080032f4   0x080032f4   0x00000028   Code   RO         4135    i.rt_system_scheduler_start  scheduler.o
    0x0800331c   0x0800331c   0x0000001c   Code   RO         4336    i.rt_system_timer_init  timer.o
    0x08003338   0x08003338   0x00000002   Code   RO         4337    i.rt_system_timer_thread_init  timer.o
    0x0800333a   0x0800333a   0x00000050   Code   RO         4211    i.rt_thread_create  thread.o
    0x0800338a   0x0800338a   0x00000002   PAD
    0x0800338c   0x0800338c   0x0000003c   Code   RO         3533    i.rt_thread_defunct_dequeue  idle.o
    0x080033c8   0x080033c8   0x0000001c   Code   RO         3534    i.rt_thread_defunct_enqueue  idle.o
    0x080033e4   0x080033e4   0x0000000c   Code   RO         4212    i.rt_thread_delay   thread.o
    0x080033f0   0x080033f0   0x00000008   Code   RO         3535    i.rt_thread_idle_entry  idle.o
    0x080033f8   0x080033f8   0x00000068   Code   RO         3537    i.rt_thread_idle_init  idle.o
    0x08003460   0x08003460   0x00000034   Code   RO         4217    i.rt_thread_init    thread.o
    0x08003494   0x08003494   0x0000003c   Code   RO         4219    i.rt_thread_resume  thread.o
    0x080034d0   0x080034d0   0x0000000c   Code   RO         4220    i.rt_thread_self    thread.o
    0x080034dc   0x080034dc   0x00000044   Code   RO         4221    i.rt_thread_sleep   thread.o
    0x08003520   0x08003520   0x00000028   Code   RO         4222    i.rt_thread_startup  thread.o
    0x08003548   0x08003548   0x00000048   Code   RO         4223    i.rt_thread_suspend  thread.o
    0x08003590   0x08003590   0x0000000c   Code   RO         3415    i.rt_tick_get       clock.o
    0x0800359c   0x0800359c   0x00000050   Code   RO         3417    i.rt_tick_increase  clock.o
    0x080035ec   0x080035ec   0x000000a4   Code   RO         4338    i.rt_timer_check    timer.o
    0x08003690   0x08003690   0x00000068   Code   RO         4339    i.rt_timer_control  timer.o
    0x080036f8   0x080036f8   0x00000028   Code   RO         4342    i.rt_timer_detach   timer.o
    0x08003720   0x08003720   0x0000002e   Code   RO         4343    i.rt_timer_init     timer.o
    0x0800374e   0x0800374e   0x00000002   PAD
    0x08003750   0x08003750   0x000000f8   Code   RO         4345    i.rt_timer_start    timer.o
    0x08003848   0x08003848   0x00000030   Code   RO         4346    i.rt_timer_stop     timer.o
    0x08003878   0x08003878   0x00000340   Code   RO         3787    i.rt_vsnprintf      kservice.o
    0x08003bb8   0x08003bb8   0x00000016   Code   RO         3788    i.rt_vsprintf       kservice.o
    0x08003bce   0x08003bce   0x00000004   Code   RO         3457    i.rti_board_end     components.o
    0x08003bd2   0x08003bd2   0x00000004   Code   RO         3458    i.rti_board_start   components.o
    0x08003bd6   0x08003bd6   0x00000004   Code   RO         3459    i.rti_end           components.o
    0x08003bda   0x08003bda   0x00000004   Code   RO         3460    i.rti_start         components.o
    0x08003bde   0x08003bde   0x0000002a   Code   RO         3461    i.rtthread_startup  components.o
    0x08003c08   0x08003c08   0x00000030   Code   RO         4698    i.shell_auto_complete  shell.o
    0x08003c38   0x08003c38   0x00000038   Code   RO         4515    i.show_wait_queue   cmd.o
    0x08003c70   0x08003c70   0x00000026   Code   RO         3789    i.skip_atoi         kservice.o
    0x08003c96   0x08003c96   0x00000020   Code   RO         4597    i.str_common        msh.o
    0x08003cb6   0x08003cb6   0x00000002   PAD
    0x08003cb8   0x08003cb8   0x00000074   Code   RO          231    i.tim_tick_init     delay.o
    0x08003d2c   0x08003d2c   0x0000000a   Code   RO          169    i.uart_init         board.o
    0x08003d36   0x08003d36   0x00000002   PAD
    0x08003d38   0x08003d38   0x000000e8   Code   RO         4453    i.usage_fault_track  cpuport.o
    0x08003e20   0x08003e20   0x0000000a   Code   RO         4516    i.version           cmd.o
    0x08003e2a   0x08003e2a   0x00000122   Data   RO         3791    .constdata          kservice.o
    0x08003f4c   0x08003f4c   0x00000058   Data   RO         3792    .conststring        kservice.o
    0x08003fa4   0x08003fa4   0x00000044   Data   RO         4517    .conststring        cmd.o
    0x08003fe8   0x08003fe8   0x000000dc   Data   RO         4518    .rodata.name        cmd.o
    0x080040c4   0x080040c4   0x00000064   Data   RO         4598    .rodata.name        msh.o
    0x08004128   0x08004128   0x00000004   Data   RO         3462    .rti_fn.0           components.o
    0x0800412c   0x0800412c   0x00000004   Data   RO         3463    .rti_fn.0.end       components.o
    0x08004130   0x08004130   0x00000004   Data   RO          171    .rti_fn.1           board.o
    0x08004134   0x08004134   0x00000004   Data   RO         3464    .rti_fn.1.end       components.o
    0x08004138   0x08004138   0x00000004   Data   RO         4701    .rti_fn.6           shell.o
    0x0800413c   0x0800413c   0x00000004   Data   RO         3465    .rti_fn.6.end       components.o
    0x08004140   0x08004140   0x00000054   Data   RO         4519    FSymTab             cmd.o
    0x08004194   0x08004194   0x00000024   Data   RO         4599    FSymTab             msh.o
    0x080041b8   0x080041b8   0x00000020   Data   RO         4836    Region$$Table       anon$$obj.o


    Execution Region RW_IRAM1 (Exec base: 0x20000000, Load base: 0x080041d8, Size: 0x00004600, Max: 0x00005000, ABSOLUTE)

    Exec Addr    Load Addr    Size         Type   Attr      Idx    E Section Name        Object

    0x20000000   0x080041d8   0x00000004   Data   RW           54    .data               app.o
    0x20000004   0x080041dc   0x00000004   PAD
    0x20000008   0x080041e0   0x0000000c   Data   RW          232    .data               delay.o
    0x20000014   0x080041ec   0x00000008   Data   RW          290    .data               usart.o
    0x2000001c   0x080041f4   0x00000014   Data   RW         1931    .data               stm32f10x_rcc.o
    0x20000030   0x08004208   0x00000004   Data   RW         3419    .data               clock.o
    0x20000034   0x0800420c   0x00000008   Data   RW         3539    .data               idle.o
    0x2000003c   0x08004214   0x00000001   Data   RW         3727    .data               irq.o
    0x2000003d   0x08004215   0x00000003   PAD
    0x20000040   0x08004218   0x00000038   Data   RW         3793    .data               kservice.o
    0x20000078   0x08004250   0x00000050   Data   RW         4058    .data               object.o
    0x200000c8   0x080042a0   0x0000000d   Data   RW         4137    .data               scheduler.o
    0x200000d5   0x080042ad   0x00000003   PAD
    0x200000d8   0x080042b0   0x0000000c   Data   RW         4347    .data               timer.o
    0x200000e4   0x080042bc   0x00000010   Data   RW         4454    .data               cpuport.o
    0x200000f4   0x080042cc   0x00000010   Data   RW         4700    .data               shell.o
    0x20000104        -       0x00003c00   Zero   RW          170    .bss                board.o
    0x20003d04        -       0x00000080   Zero   RW          289    .bss                usart.o
    0x20003d84        -       0x00000178   Zero   RW         3538    .bss                idle.o
    0x20003efc        -       0x00000100   Zero   RW         3790    .bss                kservice.o
    0x20003ffc        -       0x00000100   Zero   RW         4136    .bss                scheduler.o
    0x200040fc        -       0x00000101   Zero   RW         4699    .bss                shell.o
    0x200041fd   0x080042dc   0x00000003   PAD
    0x20004200        -       0x00000400   Zero   RW         3312    STACK               startup_stm32f10x_md.o


==============================================================================

Image component sizes


      Code (inc. data)   RO Data    RW Data    ZI Data      Debug   Object Name

       146         26          0          4          0     251056   app.o
       240         30          4          0      15360       4268   board.o
        92         12          0          4          0       1629   clock.o
      2208        832        372          0          0      13933   cmd.o
       186         30         16          0          0       5684   components.o
       252         28          0          0          0        780   context_rvds.o
         0          0          0          0          0         32   core_cm3.o
      1440        724          0         16          0       5430   cpuport.o
       188         18          0         12          0       1842   delay.o
       262         30          0          8        376       6294   idle.o
       460          0          0          0          0       9129   ipc.o
        64         12          0          1          0       1750   irq.o
      2244        208        378         56        256      16095   kservice.o
        16          0          0          0          0      12477   main.o
       676         68          0          0          0       4590   mem.o
       132         22          0          0          0       1575   misc.o
       926        198        136          0          0       8656   msh.o
       326          4          0         80          0       8536   object.o
       756         84          0         13        256       8980   scheduler.o
      1316        146          4         16        257       6850   shell.o
        36          8        236          0       1024        804   startup_stm32f10x_md.o
       282          0          0          0          0       2539   stm32f10x_gpio.o
        16          0          0          0          0       2193   stm32f10x_it.o
       276         32          0         20          0       4426   stm32f10x_rcc.o
       252         42          0          0          0       4018   stm32f10x_tim.o
       442          6          0          0          0       6077   stm32f10x_usart.o
       328         28          0          0          0       2041   system_stm32f10x.o
       638         14          0          0          0      10236   thread.o
       828         22          0         12          0      11644   timer.o
       384         46          0          8        128       2856   usart.o

    ----------------------------------------------------------------------
     15452       2670       1178        260      17660     416420   Object Totals
         0          0         32          0          0          0   (incl. Generated)
        40          0          0         10          3          0   (incl. Padding)

    ----------------------------------------------------------------------

      Code (inc. data)   RO Data    RW Data    ZI Data      Debug   Library Member Name

         0          0          0          0          0          0   entry.o
         0          0          0          0          0          0   entry10a.o
         0          0          0          0          0          0   entry11a.o
         8          4          0          0          0          0   entry2.o
         4          0          0          0          0          0   entry5.o
         0          0          0          0          0          0   entry7b.o
         0          0          0          0          0          0   entry8b.o
         8          4          0          0          0          0   entry9a.o
        30          0          0          0          0          0   handlers.o
        36          8          0          0          0         68   init.o
        24          0          0          0          0         68   strcat.o
        28          0          0          0          0         76   strcmp.o
        18          0          0          0          0         68   strcpy.o
        14          0          0          0          0         68   strlen.o
        30          0          0          0          0         80   strncmp.o
        24          0          0          0          0         76   strncpy.o

    ----------------------------------------------------------------------
       226         16          0          0          0        504   Library Totals
         2          0          0          0          0          0   (incl. Padding)

    ----------------------------------------------------------------------

      Code (inc. data)   RO Data    RW Data    ZI Data      Debug   Library Name

       224         16          0          0          0        504   mc_w.l

    ----------------------------------------------------------------------
       226         16          0          0          0        504   Library Totals

    ----------------------------------------------------------------------

==============================================================================


      Code (inc. data)   RO Data    RW Data    ZI Data      Debug   

     15678       2686       1178        260      17660     407924   Grand Totals
     15678       2686       1178        260      17660     407924   ELF Image Totals
     15678       2686       1178        260          0          0   ROM Totals

==============================================================================

    Total RO  Size (Code + RO Data)                16856 (  16.46kB)
    Total RW  Size (RW Data + ZI Data)             17920 (  17.50kB)
    Total ROM Size (Code + RO Data + RW Data)      17116 (  16.71kB)

==============================================================================

