Archive member included to satisfy reference by file (symbol)

D:/arm_gcc/bin/../lib/gcc/arm-none-eabi/15.2.1/../../../../arm-none-eabi/lib/thumb/v7-m/nofp\libm.a(libm_a-w_log.o)
                              CMakeFiles/BMS_STM32F103.elf.dir/BSW/CDD/bq769/bq769.c.obj (log)
D:/arm_gcc/bin/../lib/gcc/arm-none-eabi/15.2.1/../../../../arm-none-eabi/lib/thumb/v7-m/nofp\libm.a(libm_a-s_nan.o)
                              D:/arm_gcc/bin/../lib/gcc/arm-none-eabi/15.2.1/../../../../arm-none-eabi/lib/thumb/v7-m/nofp\libm.a(libm_a-w_log.o) (nan)
D:/arm_gcc/bin/../lib/gcc/arm-none-eabi/15.2.1/../../../../arm-none-eabi/lib/thumb/v7-m/nofp\libm.a(libm_a-e_log.o)
                              D:/arm_gcc/bin/../lib/gcc/arm-none-eabi/15.2.1/../../../../arm-none-eabi/lib/thumb/v7-m/nofp\libm.a(libm_a-w_log.o) (__ieee754_log)
D:/arm_gcc/bin/../lib/gcc/arm-none-eabi/15.2.1/thumb/v7-m/nofp\libgcc.a(_arm_muldf3.o)
                              CMakeFiles/BMS_STM32F103.elf.dir/BSW/CDD/bq769/bq769.c.obj (__aeabi_dmul)
D:/arm_gcc/bin/../lib/gcc/arm-none-eabi/15.2.1/thumb/v7-m/nofp\libgcc.a(_arm_mulsf3.o)
                              CMakeFiles/BMS_STM32F103.elf.dir/ASW/bms_app/bms_analysis.c.obj (__aeabi_fmul)
D:/arm_gcc/bin/../lib/gcc/arm-none-eabi/15.2.1/thumb/v7-m/nofp\libgcc.a(_arm_addsubdf3.o)
                              CMakeFiles/BMS_STM32F103.elf.dir/BSW/CDD/bq769/bq769.c.obj (__aeabi_dsub)
D:/arm_gcc/bin/../lib/gcc/arm-none-eabi/15.2.1/thumb/v7-m/nofp\libgcc.a(_arm_muldivdf3.o)
                              CMakeFiles/BMS_STM32F103.elf.dir/ASW/bms_app/bms_analysis.c.obj (__aeabi_ddiv)
D:/arm_gcc/bin/../lib/gcc/arm-none-eabi/15.2.1/thumb/v7-m/nofp\libgcc.a(_arm_cmpdf2.o)
                              D:/arm_gcc/bin/../lib/gcc/arm-none-eabi/15.2.1/../../../../arm-none-eabi/lib/thumb/v7-m/nofp\libm.a(libm_a-w_log.o) (__aeabi_dcmpeq)
D:/arm_gcc/bin/../lib/gcc/arm-none-eabi/15.2.1/thumb/v7-m/nofp\libgcc.a(_arm_unorddf2.o)
                              D:/arm_gcc/bin/../lib/gcc/arm-none-eabi/15.2.1/../../../../arm-none-eabi/lib/thumb/v7-m/nofp\libm.a(libm_a-w_log.o) (__aeabi_dcmpun)
D:/arm_gcc/bin/../lib/gcc/arm-none-eabi/15.2.1/thumb/v7-m/nofp\libgcc.a(_arm_truncdfsf2.o)
                              CMakeFiles/BMS_STM32F103.elf.dir/ASW/bms_app/bms_analysis.c.obj (__aeabi_d2f)
D:/arm_gcc/bin/../lib/gcc/arm-none-eabi/15.2.1/thumb/v7-m/nofp\libgcc.a(_arm_addsubsf3.o)
                              CMakeFiles/BMS_STM32F103.elf.dir/ASW/bms_app/bms_analysis.c.obj (__aeabi_fsub)
D:/arm_gcc/bin/../lib/gcc/arm-none-eabi/15.2.1/thumb/v7-m/nofp\libgcc.a(_arm_muldivsf3.o)
                              CMakeFiles/BMS_STM32F103.elf.dir/ASW/bms_app/bms_analysis.c.obj (__aeabi_fdiv)
D:/arm_gcc/bin/../lib/gcc/arm-none-eabi/15.2.1/thumb/v7-m/nofp\libgcc.a(_arm_cmpsf2.o)
                              CMakeFiles/BMS_STM32F103.elf.dir/ASW/bms_app/bms_info.c.obj (__aeabi_fcmpeq)
D:/arm_gcc/bin/../lib/gcc/arm-none-eabi/15.2.1/thumb/v7-m/nofp\libgcc.a(_arm_fixsfsi.o)
                              CMakeFiles/BMS_STM32F103.elf.dir/ASW/bms_app/bms_analysis.c.obj (__aeabi_f2iz)
D:/arm_gcc/bin/../lib/gcc/arm-none-eabi/15.2.1/thumb/v7-m/nofp\libgcc.a(_arm_fixunssfsi.o)
                              CMakeFiles/BMS_STM32F103.elf.dir/ASW/bms_app/bms_analysis.c.obj (__aeabi_f2uiz)
D:/arm_gcc/bin/../lib/gcc/arm-none-eabi/15.2.1/thumb/v7-m/nofp\libgcc.a(_aeabi_uldivmod.o)
                              CMakeFiles/BMS_STM32F103.elf.dir/BSW/MCAL/delay/delay.c.obj (__aeabi_uldivmod)
D:/arm_gcc/bin/../lib/gcc/arm-none-eabi/15.2.1/thumb/v7-m/nofp\libgcc.a(_udivmoddi4.o)
                              D:/arm_gcc/bin/../lib/gcc/arm-none-eabi/15.2.1/thumb/v7-m/nofp\libgcc.a(_aeabi_uldivmod.o) (__udivmoddi4)
D:/arm_gcc/bin/../lib/gcc/arm-none-eabi/15.2.1/thumb/v7-m/nofp\libgcc.a(_dvmd_tls.o)
                              D:/arm_gcc/bin/../lib/gcc/arm-none-eabi/15.2.1/thumb/v7-m/nofp\libgcc.a(_aeabi_uldivmod.o) (__aeabi_ldiv0)
D:/arm_gcc/bin/../lib/gcc/arm-none-eabi/15.2.1/../../../../arm-none-eabi/lib/thumb/v7-m/nofp\libg_nano.a(libc_a-atoi.o)
                              CMakeFiles/BMS_STM32F103.elf.dir/ASW/app.c.obj (atoi)
D:/arm_gcc/bin/../lib/gcc/arm-none-eabi/15.2.1/../../../../arm-none-eabi/lib/thumb/v7-m/nofp\libg_nano.a(libc_a-exit.o)
                              D:/arm_gcc/bin/../lib/gcc/arm-none-eabi/15.2.1/../../../../arm-none-eabi/lib/thumb/v7-m/nofp/crt0.o (exit)
D:/arm_gcc/bin/../lib/gcc/arm-none-eabi/15.2.1/../../../../arm-none-eabi/lib/thumb/v7-m/nofp\libg_nano.a(libc_a-strtol.o)
                              D:/arm_gcc/bin/../lib/gcc/arm-none-eabi/15.2.1/../../../../arm-none-eabi/lib/thumb/v7-m/nofp\libg_nano.a(libc_a-atoi.o) (_strtol_r)
D:/arm_gcc/bin/../lib/gcc/arm-none-eabi/15.2.1/../../../../arm-none-eabi/lib/thumb/v7-m/nofp\libg_nano.a(libc_a-ctype_.o)
                              CMakeFiles/BMS_STM32F103.elf.dir/third_lib/rt-thread/components/finsh/msh_parse.c.obj (_ctype_)
[...]
Memory Configuration

Name             Origin             Length             Attributes
FLASH            0x08000000         0x00010000         xr
RAM              0x20000000         0x00005000         xrw
*default*        0x00000000         0xffffffff

Linker script and memory map

LOAD D:/arm_gcc/bin/../lib/gcc/arm-none-eabi/15.2.1/thumb/v7-m/nofp/crti.o
LOAD D:/arm_gcc/bin/../lib/gcc/arm-none-eabi/15.2.1/thumb/v7-m/nofp/crtbegin.o
LOAD D:/arm_gcc/bin/../lib/gcc/arm-none-eabi/15.2.1/../../../../arm-none-eabi/lib/thumb/v7-m/nofp/crt0.o
LOAD CMakeFiles/BMS_STM32F103.elf.dir/ASW/app.c.obj
LOAD CMakeFiles/BMS_STM32F103.elf.dir/ASW/bms_app/bms_analysis.c.obj
LOAD CMakeFiles/BMS_STM32F103.elf.dir/ASW/bms_app/bms_balance.c.obj
LOAD CMakeFiles/BMS_STM32F103.elf.dir/ASW/bms_app/bms_info.c.obj
LOAD CMakeFiles/BMS_STM32F103.elf.dir/ASW/bms_app/bms_monitor.c.obj
LOAD CMakeFiles/BMS_STM32F103.elf.dir/ASW/bms_app/bms_protect.c.obj
LOAD CMakeFiles/BMS_STM32F103.elf.dir/ASW/bms_app/bms_utils.c.obj
LOAD CMakeFiles/BMS_STM32F103.elf.dir/ASW/bms_config/bms_control.c.obj
LOAD CMakeFiles/BMS_STM32F103.elf.dir/ASW/board.c.obj
LOAD CMakeFiles/BMS_STM32F103.elf.dir/ASW/main.c.obj
LOAD CMakeFiles/BMS_STM32F103.elf.dir/BSW/CDD/bq769/bq769.c.obj
LOAD CMakeFiles/BMS_STM32F103.elf.dir/BSW/ECUAL/CanIf.c.obj
LOAD CMakeFiles/BMS_STM32F103.elf.dir/BSW/ECUM/EcuM.c.obj
LOAD CMakeFiles/BMS_STM32F103.elf.dir/BSW/MCAL/can/can.c.obj
LOAD CMakeFiles/BMS_STM32F103.elf.dir/BSW/MCAL/delay/delay.c.obj
LOAD CMakeFiles/BMS_STM32F103.elf.dir/BSW/MCAL/soft_i2c/soft_i2c.c.obj
LOAD CMakeFiles/BMS_STM32F103.elf.dir/BSW/MCAL/usart/usart.c.obj
LOAD CMakeFiles/BMS_STM32F103.elf.dir/BSW/SERVICES/Com.c.obj
LOAD CMakeFiles/BMS_STM32F103.elf.dir/RTE/Rte.c.obj
LOAD CMakeFiles/BMS_STM32F103.elf.dir/firmware/comsis/core/startup_stm32f10x_md_gcc.S.obj
LOAD CMakeFiles/BMS_STM32F103.elf.dir/firmware/comsis/device/stm32f10x_it.c.obj
LOAD CMakeFiles/BMS_STM32F103.elf.dir/firmware/comsis/device/system_stm32f10x.c.obj
LOAD CMakeFiles/BMS_STM32F103.elf.dir/firmware/driver/src/misc.c.obj
LOAD CMakeFiles/BMS_STM32F103.elf.dir/firmware/driver/src/stm32f10x_adc.c.obj
LOAD CMakeFiles/BMS_STM32F103.elf.dir/firmware/driver/src/stm32f10x_bkp.c.obj
LOAD CMakeFiles/BMS_STM32F103.elf.dir/firmware/driver/src/stm32f10x_can.c.obj
LOAD CMakeFiles/BMS_STM32F103.elf.dir/firmware/driver/src/stm32f10x_cec.c.obj
LOAD CMakeFiles/BMS_STM32F103.elf.dir/firmware/driver/src/stm32f10x_crc.c.obj
LOAD CMakeFiles/BMS_STM32F103.elf.dir/firmware/driver/src/stm32f10x_dac.c.obj
LOAD CMakeFiles/BMS_STM32F103.elf.dir/firmware/driver/src/stm32f10x_dbgmcu.c.obj
LOAD CMakeFiles/BMS_STM32F103.elf.dir/firmware/driver/src/stm32f10x_dma.c.obj
LOAD CMakeFiles/BMS_STM32F103.elf.dir/firmware/driver/src/stm32f10x_exti.c.obj
LOAD CMakeFiles/BMS_STM32F103.elf.dir/firmware/driver/src/stm32f10x_flash.c.obj
LOAD CMakeFiles/BMS_STM32F103.elf.dir/firmware/driver/src/stm32f10x_fsmc.c.obj
LOAD CMakeFiles/BMS_STM32F103.elf.dir/firmware/driver/src/stm32f10x_gpio.c.obj
LOAD CMakeFiles/BMS_STM32F103.elf.dir/firmware/driver/src/stm32f10x_i2c.c.obj
LOAD CMakeFiles/BMS_STM32F103.elf.dir/firmware/driver/src/stm32f10x_iwdg.c.obj
LOAD CMakeFiles/BMS_STM32F103.elf.dir/firmware/driver/src/stm32f10x_pwr.c.obj
LOAD CMakeFiles/BMS_STM32F103.elf.dir/firmware/driver/src/stm32f10x_rcc.c.obj
LOAD CMakeFiles/BMS_STM32F103.elf.dir/firmware/driver/src/stm32f10x_rtc.c.obj
LOAD CMakeFiles/BMS_STM32F103.elf.dir/firmware/driver/src/stm32f10x_sdio.c.obj
LOAD CMakeFiles/BMS_STM32F103.elf.dir/firmware/driver/src/stm32f10x_spi.c.obj
LOAD CMakeFiles/BMS_STM32F103.elf.dir/firmware/driver/src/stm32f10x_tim.c.obj
LOAD CMakeFiles/BMS_STM32F103.elf.dir/firmware/driver/src/stm32f10x_usart.c.obj
LOAD CMakeFiles/BMS_STM32F103.elf.dir/firmware/driver/src/stm32f10x_wwdg.c.obj
LOAD CMakeFiles/BMS_STM32F103.elf.dir/third_lib/rt-thread/components/finsh/cmd.c.obj
LOAD CMakeFiles/BMS_STM32F103.elf.dir/third_lib/rt-thread/components/finsh/msh.c.obj
LOAD CMakeFiles/BMS_STM32F103.elf.dir/third_lib/rt-thread/components/finsh/msh_file.c.obj
LOAD CMakeFiles/BMS_STM32F103.elf.dir/third_lib/rt-thread/components/finsh/msh_parse.c.obj
LOAD CMakeFiles/BMS_STM32F103.elf.dir/third_lib/rt-thread/components/finsh/shell.c.obj
LOAD CMakeFiles/BMS_STM32F103.elf.dir/third_lib/rt-thread/libcpu/arm/cortex-m3/context_gcc.S.obj
LOAD CMakeFiles/BMS_STM32F103.elf.dir/third_lib/rt-thread/libcpu/arm/cortex-m3/cpuport.c.obj
LOAD CMakeFiles/BMS_STM32F103.elf.dir/third_lib/rt-thread/src/clock.c.obj
LOAD CMakeFiles/BMS_STM32F103.elf.dir/third_lib/rt-thread/src/components.c.obj
LOAD CMakeFiles/BMS_STM32F103.elf.dir/third_lib/rt-thread/src/cpu.c.obj
LOAD CMakeFiles/BMS_STM32F103.elf.dir/third_lib/rt-thread/src/device.c.obj
LOAD CMakeFiles/BMS_STM32F103.elf.dir/third_lib/rt-thread/src/idle.c.obj
LOAD CMakeFiles/BMS_STM32F103.elf.dir/third_lib/rt-thread/src/ipc.c.obj
LOAD CMakeFiles/BMS_STM32F103.elf.dir/third_lib/rt-thread/src/irq.c.obj
LOAD CMakeFiles/BMS_STM32F103.elf.dir/third_lib/rt-thread/src/kservice.c.obj
LOAD CMakeFiles/BMS_STM32F103.elf.dir/third_lib/rt-thread/src/mem.c.obj
LOAD CMakeFiles/BMS_STM32F103.elf.dir/third_lib/rt-thread/src/memheap.c.obj
LOAD CMakeFiles/BMS_STM32F103.elf.dir/third_lib/rt-thread/src/mempool.c.obj
LOAD CMakeFiles/BMS_STM32F103.elf.dir/third_lib/rt-thread/src/object.c.obj
LOAD CMakeFiles/BMS_STM32F103.elf.dir/third_lib/rt-thread/src/scheduler.c.obj
LOAD CMakeFiles/BMS_STM32F103.elf.dir/third_lib/rt-thread/src/signal.c.obj
LOAD CMakeFiles/BMS_STM32F103.elf.dir/third_lib/rt-thread/src/slab.c.obj
LOAD CMakeFiles/BMS_STM32F103.elf.dir/third_lib/rt-thread/src/thread.c.obj
LOAD CMakeFiles/BMS_STM32F103.elf.dir/third_lib/rt-thread/src/timer.c.obj
LOAD D:/arm_gcc/bin/../lib/gcc/arm-none-eabi/15.2.1/../../../../arm-none-eabi/lib/thumb/v7-m/nofp\libm.a
START GROUP
LOAD D:/arm_gcc/bin/../lib/gcc/arm-none-eabi/15.2.1/thumb/v7-m/nofp\libgcc.a
LOAD D:/arm_gcc/bin/../lib/gcc/arm-none-eabi/15.2.1/../../../../arm-none-eabi/lib/thumb/v7-m/nofp\libg_nano.a
LOAD D:/arm_gcc/bin/../lib/gcc/arm-none-eabi/15.2.1/../../../../arm-none-eabi/lib/thumb/v7-m/nofp\libc_nano.a
END GROUP
START GROUP
LOAD D:/arm_gcc/bin/../lib/gcc/arm-none-eabi/15.2.1/thumb/v7-m/nofp\libgcc.a
LOAD D:/arm_gcc/bin/../lib/gcc/arm-none-eabi/15.2.1/../../../../arm-none-eabi/lib/thumb/v7-m/nofp\libc_nano.a
LOAD D:/arm_gcc/bin/../lib/gcc/arm-none-eabi/15.2.1/../../../../arm-none-eabi/lib/thumb/v7-m/nofp\libnosys.a
END GROUP
START GROUP
LOAD D:/arm_gcc/bin/../lib/gcc/arm-none-eabi/15.2.1/thumb/v7-m/nofp\libgcc.a
LOAD D:/arm_gcc/bin/../lib/gcc/arm-none-eabi/15.2.1/../../../../arm-none-eabi/lib/thumb/v7-m/nofp\libc_nano.a
LOAD D:/arm_gcc/bin/../lib/gcc/arm-none-eabi/15.2.1/../../../../arm-none-eabi/lib/thumb/v7-m/nofp\libnosys.a
END GROUP
LOAD D:/arm_gcc/bin/../lib/gcc/arm-none-eabi/15.2.1/thumb/v7-m/nofp/crtend.o
LOAD D:/arm_gcc/bin/../lib/gcc/arm-none-eabi/15.2.1/thumb/v7-m/nofp/crtn.o
                0x20005000                        _estack = (ORIGIN (RAM) + LENGTH (RAM))

.isr_vector     0x08000000      0x10c
                0x08000000                        . = ALIGN (0x4)
 *(.isr_vector)
 .isr_vector    0x08000000      0x10c CMakeFiles/BMS_STM32F103.elf.dir/firmware/comsis/core/startup_stm32f10x_md_gcc.S.obj
                0x08000000                g_pfnVectors
                0x0800010c                        . = ALIGN (0x4)

.rti_fn         0x0800010c       0x18
                0x0800010c                        . = ALIGN (0x4)
 *(SORT_BY_NAME(.rti_fn.*))
 .rti_fn.0      0x0800010c        0x4 CMakeFiles/BMS_STM32F103.elf.dir/third_lib/rt-thread/src/components.c.obj
                0x0800010c                __rt_init_rti_start
 .rti_fn.0.end  0x08000110        0x4 CMakeFiles/BMS_STM32F103.elf.dir/third_lib/rt-thread/src/components.c.obj
                0x08000110                __rt_init_rti_board_start
 .rti_fn.1      0x08000114        0x4 CMakeFiles/BMS_STM32F103.elf.dir/ASW/board.c.obj
                0x08000114                __rt_init_uart_init
 .rti_fn.1.end  0x08000118        0x4 CMakeFiles/BMS_STM32F103.elf.dir/third_lib/rt-thread/src/components.c.obj
                0x08000118                __rt_init_rti_board_end
 .rti_fn.6      0x0800011c        0x4 CMakeFiles/BMS_STM32F103.elf.dir/third_lib/rt-thread/components/finsh/shell.c.obj
                0x0800011c                __rt_init_finsh_system_init
 .rti_fn.6.end  0x08000120        0x4 CMakeFiles/BMS_STM32F103.elf.dir/third_lib/rt-thread/src/components.c.obj
                0x08000120                __rt_init_rti_end
                0x08000124                        . = ALIGN (0x4)

.fsymtab        0x08000124       0xfc
                0x08000124                        . = ALIGN (0x4)
                0x08000124                        __fsymtab_start = .
 *(FSymTab)
 FSymTab        0x08000124        0xc CMakeFiles/BMS_STM32F103.elf.dir/ASW/app.c.obj
                0x08000124                __fsym_shell_test
 FSymTab        0x08000130       0x6c CMakeFiles/BMS_STM32F103.elf.dir/ASW/bms_config/bms_control.c.obj
                0x08000130                __fsym_BMS_CmdCloseInfo
                0x0800013c                __fsym_BMS_CmdOpenInfo
                0x08000148                __fsym_BMS_CmdLoadDetect
                0x08000154                __fsym_BMS_CmdCloseBalance
                0x08000160                __fsym_BMS_CmdOpenBalance
                0x0800016c                __fsym_BMS_CmdCloseCHG
                0x08000178                __fsym_BMS_CmdOpenCHG
                0x08000184                __fsym_BMS_CmdCloseDSG
                0x08000190                __fsym_BMS_CmdOpenDSG
 FSymTab        0x0800019c       0x60 CMakeFiles/BMS_STM32F103.elf.dir/third_lib/rt-thread/components/finsh/cmd.c.obj
                0x0800019c                __fsym_list
                0x080001a8                __fsym_list_timer
                0x080001b4                __fsym_list_mailbox
                0x080001c0                __fsym_list_mutex
                0x080001cc                __fsym_list_sem
                0x080001d8                __fsym_list_thread
                0x080001e4                __fsym_version
                0x080001f0                __fsym_clear
 FSymTab        0x080001fc       0x24 CMakeFiles/BMS_STM32F103.elf.dir/third_lib/rt-thread/components/finsh/msh.c.obj
                0x080001fc                __fsym_free
                0x08000208                __fsym_ps
                0x08000214                __fsym_help
 *(.fsymtab*)
                0x08000220                        __fsymtab_end = .
                0x08000220                        . = ALIGN (0x4)

.text           0x08000220     0xcd58
                0x08000220                        . = ALIGN (0x4)
 *(.text)
 .text          0x08000220      0x108 CMakeFiles/BMS_STM32F103.elf.dir/third_lib/rt-thread/libcpu/arm/cortex-m3/context_gcc.S.obj
                0x08000220                rt_hw_interrupt_disable
                0x08000228                rt_hw_interrupt_enable
                0x0800022e                rt_hw_context_switch_interrupt
                0x0800022e                rt_hw_context_switch
                0x0800024e                PendSV_Handler
                0x0800028a                rt_hw_context_switch_to
                0x080002cc                rt_hw_interrupt_thread_switch
                0x080002d0                HardFault_Handler
                0x08000306                rt_hw_interrupt_check
 .text          0x08000328      0x378 D:/arm_gcc/bin/../lib/gcc/arm-none-eabi/15.2.1/thumb/v7-m/nofp\libgcc.a(_arm_addsubdf3.o)
                0x08000328                __aeabi_drsub
                0x08000330                __aeabi_dsub
                0x08000330                __subdf3
                0x08000334                __aeabi_dadd
                0x08000334                __adddf3
                0x080005ac                __floatunsidf
                0x080005ac                __aeabi_ui2d
                0x080005cc                __floatsidf
                0x080005cc                __aeabi_i2d
                0x080005f0                __aeabi_f2d
                0x080005f0                __extendsfdf2
                0x08000634                __floatundidf
                0x08000634                __aeabi_ul2d
                0x08000644                __floatdidf
                0x08000644                __aeabi_l2d
 .text          0x080006a0      0x424 D:/arm_gcc/bin/../lib/gcc/arm-none-eabi/15.2.1/thumb/v7-m/nofp\libgcc.a(_arm_muldivdf3.o)
                0x080006a0                __aeabi_dmul
                0x080006a0                __muldf3
                0x080008f4                __divdf3
                0x080008f4                __aeabi_ddiv
 .text          0x08000ac4      0x110 D:/arm_gcc/bin/../lib/gcc/arm-none-eabi/15.2.1/thumb/v7-m/nofp\libgcc.a(_arm_cmpdf2.o)
                0x08000ac4                __gtdf2
                0x08000ac4                __gedf2
                0x08000acc                __ltdf2
                0x08000acc                __ledf2
                0x08000ad4                __nedf2
                0x08000ad4                __eqdf2
                0x08000ad4                __cmpdf2
                0x08000b50                __aeabi_cdrcmple
                0x08000b60                __aeabi_cdcmpeq
                0x08000b60                __aeabi_cdcmple
                0x08000b70                __aeabi_dcmpeq
                0x08000b84                __aeabi_dcmplt
                0x08000b98                __aeabi_dcmple
                0x08000bac                __aeabi_dcmpge
                0x08000bc0                __aeabi_dcmpgt
 .text          0x08000bd4       0x2c D:/arm_gcc/bin/../lib/gcc/arm-none-eabi/15.2.1/thumb/v7-m/nofp\libgcc.a(_arm_unorddf2.o)
                0x08000bd4                __unorddf2
                0x08000bd4                __aeabi_dcmpun
 .text          0x08000c00       0xa0 D:/arm_gcc/bin/../lib/gcc/arm-none-eabi/15.2.1/thumb/v7-m/nofp\libgcc.a(_arm_truncdfsf2.o)
                0x08000c00                __truncdfsf2
                0x08000c00                __aeabi_d2f
 .text          0x08000ca0      0x21c D:/arm_gcc/bin/../lib/gcc/arm-none-eabi/15.2.1/thumb/v7-m/nofp\libgcc.a(_arm_addsubsf3.o)
                0x08000ca0                __aeabi_frsub
                0x08000ca8                __subsf3
                0x08000ca8                __aeabi_fsub
                0x08000cac                __aeabi_fadd
                0x08000cac                __addsf3
                0x08000e0c                __aeabi_ui2f
                0x08000e0c                __floatunsisf
                0x08000e14                __aeabi_i2f
                0x08000e14                __floatsisf
                0x08000e30                __aeabi_ul2f
                0x08000e30                __floatundisf
                0x08000e40                __aeabi_l2f
                0x08000e40                __floatdisf
 .text          0x08000ebc      0x2a0 D:/arm_gcc/bin/../lib/gcc/arm-none-eabi/15.2.1/thumb/v7-m/nofp\libgcc.a(_arm_muldivsf3.o)
                0x08000ebc                __mulsf3
                0x08000ebc                __aeabi_fmul
                0x08001024                __aeabi_fdiv
                0x08001024                __divsf3
 .text          0x0800115c       0xec D:/arm_gcc/bin/../lib/gcc/arm-none-eabi/15.2.1/thumb/v7-m/nofp\libgcc.a(_arm_cmpsf2.o)
                0x0800115c                __gesf2
                0x0800115c                __gtsf2
                0x08001164                __lesf2
                0x08001164                __ltsf2
                0x0800116c                __nesf2
                0x0800116c                __eqsf2
                0x0800116c                __cmpsf2
                0x080011cc                __aeabi_cfrcmple
                0x080011d4                __aeabi_cfcmpeq
                0x080011d4                __aeabi_cfcmple
                0x080011e4                __aeabi_fcmpeq
                0x080011f8                __aeabi_fcmplt
                0x0800120c                __aeabi_fcmple
                0x08001220                __aeabi_fcmpge
                0x08001234                __aeabi_fcmpgt
 .text          0x08001248       0x4c D:/arm_gcc/bin/../lib/gcc/arm-none-eabi/15.2.1/thumb/v7-m/nofp\libgcc.a(_arm_fixsfsi.o)
                0x08001248                __aeabi_f2iz
                0x08001248                __fixsfsi
 .text          0x08001294       0x40 D:/arm_gcc/bin/../lib/gcc/arm-none-eabi/15.2.1/thumb/v7-m/nofp\libgcc.a(_arm_fixunssfsi.o)
                0x08001294                __fixunssfsi
                0x08001294                __aeabi_f2uiz
 .text          0x080012d4       0x14 D:/arm_gcc/bin/../lib/gcc/arm-none-eabi/15.2.1/../../../../arm-none-eabi/lib/thumb/v7-m/nofp\libg_nano.a(libc_a-strcmp.o)
                0x080012d4                strcmp
 .text          0x080012e8       0x10 D:/arm_gcc/bin/../lib/gcc/arm-none-eabi/15.2.1/../../../../arm-none-eabi/lib/thumb/v7-m/nofp\libg_nano.a(libc_a-strlen.o)
                0x080012e8                strlen
 .text          0x080012f8       0x50 D:/arm_gcc/bin/../lib/gcc/arm-none-eabi/15.2.1/thumb/v7-m/nofp\libgcc.a(_arm_fixdfsi.o)
                0x080012f8                __aeabi_d2iz
                0x080012f8                __fixdfsi
 *(.text*)
 .text.register_tm_clones
                0x08001348       0x24 D:/arm_gcc/bin/../lib/gcc/arm-none-eabi/15.2.1/thumb/v7-m/nofp/crtbegin.o
 .text.frame_dummy
                0x0800136c       0x24 D:/arm_gcc/bin/../lib/gcc/arm-none-eabi/15.2.1/thumb/v7-m/nofp/crtbegin.o
 .text.shell_test
                0x08001390       0x24 CMakeFiles/BMS_STM32F103.elf.dir/ASW/app.c.obj
 .text.app_init
                0x080013b4       0xcc CMakeFiles/BMS_STM32F103.elf.dir/ASW/app.c.obj
                0x080013b4                app_init
 .text.BMS_AnalysisOcvToSoc
                0x08001480       0x54 CMakeFiles/BMS_STM32F103.elf.dir/ASW/bms_app/bms_analysis.c.obj
 .text.BMS_AnalysisTask
                0x080014d4      0x250 CMakeFiles/BMS_STM32F103.elf.dir/ASW/bms_app/bms_analysis.c.obj
 .text.BMS_AnalysisInit
                0x08001724       0x5c CMakeFiles/BMS_STM32F103.elf.dir/ASW/bms_app/bms_analysis.c.obj
                0x08001724                BMS_AnalysisInit
 .text.BalanceTimerCallback
                0x08001780       0x38 CMakeFiles/BMS_STM32F103.elf.dir/ASW/bms_app/bms_balance.c.obj
 .text.BMS_BalanceTask
                0x080017b8      0x2b0 CMakeFiles/BMS_STM32F103.elf.dir/ASW/bms_app/bms_balance.c.obj
 .text.BMS_BalanceInit
                0x08001a68       0xa8 CMakeFiles/BMS_STM32F103.elf.dir/ASW/bms_app/bms_balance.c.obj
                0x08001a68                BMS_BalanceInit
 .text.BMS_InfoTask
                0x08001b10      0x430 CMakeFiles/BMS_STM32F103.elf.dir/ASW/bms_app/bms_info.c.obj
 .text.BMS_InfoInit
                0x08001f40       0x7c CMakeFiles/BMS_STM32F103.elf.dir/ASW/bms_app/bms_info.c.obj
                0x08001f40                BMS_InfoInit
 .text.BMS_InfoControlPrintf
                0x08001fbc       0x10 CMakeFiles/BMS_STM32F103.elf.dir/ASW/bms_app/bms_info.c.obj
                0x08001fbc                BMS_InfoControlPrintf
 .text.compaer_cell
                0x08001fcc       0x12 CMakeFiles/BMS_STM32F103.elf.dir/ASW/bms_app/bms_monitor.c.obj
 *fill*         0x08001fde        0x2 
 .text.Bms_MonitorTask
                0x08001fe0      0x160 CMakeFiles/BMS_STM32F103.elf.dir/ASW/bms_app/bms_monitor.c.obj
 .text.BMS_MonitorInit
                0x08002140       0x5c CMakeFiles/BMS_STM32F103.elf.dir/ASW/bms_app/bms_monitor.c.obj
                0x08002140                BMS_MonitorInit
 .text.BMS_ProtectTask
                0x0800219c      0x35c CMakeFiles/BMS_STM32F103.elf.dir/ASW/bms_app/bms_protect.c.obj
 .text.BMS_ProtectInit
                0x080024f8       0x5c CMakeFiles/BMS_STM32F103.elf.dir/ASW/bms_app/bms_protect.c.obj
                0x080024f8                BMS_ProtectInit
 .text.BMS_ProtectHwOV
                0x08002554       0x48 CMakeFiles/BMS_STM32F103.elf.dir/ASW/bms_app/bms_protect.c.obj
                0x08002554                BMS_ProtectHwOV
 .text.BMS_ProtectHwOCD
                0x0800259c       0x48 CMakeFiles/BMS_STM32F103.elf.dir/ASW/bms_app/bms_protect.c.obj
                0x0800259c                BMS_ProtectHwOCD
 .text.BMS_ProtectHwSCD
                0x080025e4       0x48 CMakeFiles/BMS_STM32F103.elf.dir/ASW/bms_app/bms_protect.c.obj
                0x080025e4                BMS_ProtectHwSCD
 .text.BMS_ProtectHwUV
                0x0800262c       0x48 CMakeFiles/BMS_STM32F103.elf.dir/ASW/bms_app/bms_protect.c.obj
                0x0800262c                BMS_ProtectHwUV
 .text.BMS_ProtectHwDevice
                0x08002674        0x2 CMakeFiles/BMS_STM32F103.elf.dir/ASW/bms_app/bms_protect.c.obj
                0x08002674                BMS_ProtectHwDevice
 .text.BMS_ProtectHwOvrd
                0x08002676        0x2 CMakeFiles/BMS_STM32F103.elf.dir/ASW/bms_app/bms_protect.c.obj
                0x08002676                BMS_ProtectHwOvrd
 .text.right_bound
                0x08002678       0x2e CMakeFiles/BMS_STM32F103.elf.dir/ASW/bms_app/bms_utils.c.obj
                0x08002678                right_bound
 .text.BubbleFloat
                0x080026a6       0x3e CMakeFiles/BMS_STM32F103.elf.dir/ASW/bms_app/bms_utils.c.obj
                0x080026a6                BubbleFloat
 .text.swap     0x080026e4       0x1a CMakeFiles/BMS_STM32F103.elf.dir/ASW/bms_app/bms_utils.c.obj
                0x080026e4                swap
 .text.BubbleSort
                0x080026fe       0x46 CMakeFiles/BMS_STM32F103.elf.dir/ASW/bms_app/bms_utils.c.obj
                0x080026fe                BubbleSort
 .text.BMS_CmdOpenDSG
                0x08002744        0xc CMakeFiles/BMS_STM32F103.elf.dir/ASW/bms_config/bms_control.c.obj
 .text.BMS_CmdCloseDSG
                0x08002750        0xc CMakeFiles/BMS_STM32F103.elf.dir/ASW/bms_config/bms_control.c.obj
 .text.BMS_CmdOpenCHG
                0x0800275c        0xc CMakeFiles/BMS_STM32F103.elf.dir/ASW/bms_config/bms_control.c.obj
 .text.BMS_CmdCloseCHG
                0x08002768        0xc CMakeFiles/BMS_STM32F103.elf.dir/ASW/bms_config/bms_control.c.obj
 .text.BMS_CmdOpenBalance
                0x08002774        0xc CMakeFiles/BMS_STM32F103.elf.dir/ASW/bms_config/bms_control.c.obj
 .text.BMS_CmdCloseBalance
                0x08002780        0xc CMakeFiles/BMS_STM32F103.elf.dir/ASW/bms_config/bms_control.c.obj
 .text.BMS_CmdOpenInfo
                0x0800278c        0x6 CMakeFiles/BMS_STM32F103.elf.dir/ASW/bms_config/bms_control.c.obj
 .text.BMS_CmdCloseInfo
                0x08002792        0x6 CMakeFiles/BMS_STM32F103.elf.dir/ASW/bms_config/bms_control.c.obj
 .text.BMS_CmdLoadDetect
                0x08002798       0x38 CMakeFiles/BMS_STM32F103.elf.dir/ASW/bms_config/bms_control.c.obj
 .text.BMS_HalCtrlDischarge
                0x080027d0       0x28 CMakeFiles/BMS_STM32F103.elf.dir/ASW/bms_config/bms_control.c.obj
                0x080027d0                BMS_HalCtrlDischarge
 .text.BMS_HalCtrlCharge
                0x080027f8       0x28 CMakeFiles/BMS_STM32F103.elf.dir/ASW/bms_config/bms_control.c.obj
                0x080027f8                BMS_HalCtrlCharge
 .text.BMS_HalCtrlCellsBalance
                0x08002820       0x28 CMakeFiles/BMS_STM32F103.elf.dir/ASW/bms_config/bms_control.c.obj
                0x08002820                BMS_HalCtrlCellsBalance
 .text.BMS_HalUpdateCellVoltage
                0x08002848       0x24 CMakeFiles/BMS_STM32F103.elf.dir/ASW/bms_config/bms_control.c.obj
                0x08002848                BMS_HalUpdateCellVoltage
 .text.BMS_HalUpdateCellTemperature
                0x0800286c       0x20 CMakeFiles/BMS_STM32F103.elf.dir/ASW/bms_config/bms_control.c.obj
                0x0800286c                BMS_HalUpdateCellTemperature
 .text.BMS_HalUpdateCellCurrent
                0x0800288c       0x20 CMakeFiles/BMS_STM32F103.elf.dir/ASW/bms_config/bms_control.c.obj
                0x0800288c                BMS_HalUpdateCellCurrent
 .text.uart_init
                0x080028ac        0xa CMakeFiles/BMS_STM32F103.elf.dir/ASW/board.c.obj
 *fill*         0x080028b6        0x2 
 .text.rt_heap_begin_get
                0x080028b8        0x8 CMakeFiles/BMS_STM32F103.elf.dir/ASW/board.c.obj
                0x080028b8                rt_heap_begin_get
 .text.rt_heap_end_get
                0x080028c0        0x8 CMakeFiles/BMS_STM32F103.elf.dir/ASW/board.c.obj
                0x080028c0                rt_heap_end_get
 .text.rt_os_tick_callback
                0x080028c8       0x12 CMakeFiles/BMS_STM32F103.elf.dir/ASW/board.c.obj
                0x080028c8                rt_os_tick_callback
 .text.rt_hw_board_init
                0x080028da       0x20 CMakeFiles/BMS_STM32F103.elf.dir/ASW/board.c.obj
                0x080028da                rt_hw_board_init
 *fill*         0x080028fa        0x2 
 .text.rt_hw_console_output
                0x080028fc       0x40 CMakeFiles/BMS_STM32F103.elf.dir/ASW/board.c.obj
                0x080028fc                rt_hw_console_output
 .text.rt_hw_console_getchar
                0x0800293c       0x4c CMakeFiles/BMS_STM32F103.elf.dir/ASW/board.c.obj
                0x0800293c                rt_hw_console_getchar
 .text.startup.main
                0x08002988       0x10 CMakeFiles/BMS_STM32F103.elf.dir/ASW/main.c.obj
                0x08002988                main
 .text.CRC8.constprop.0
                0x08002998       0x3e CMakeFiles/BMS_STM32F103.elf.dir/BSW/CDD/bq769/bq769.c.obj
 *fill*         0x080029d6        0x2 
 .text.BQ769X0_ReadRegisterWordWithCRC
                0x080029d8       0xd0 CMakeFiles/BMS_STM32F103.elf.dir/BSW/CDD/bq769/bq769.c.obj
 .text.BQ769X0_ReadBlockWithCRC
                0x08002aa8       0xec CMakeFiles/BMS_STM32F103.elf.dir/BSW/CDD/bq769/bq769.c.obj
 .text.BQ769X0_WriteRegisterByteWithCRC
                0x08002b94       0x70 CMakeFiles/BMS_STM32F103.elf.dir/BSW/CDD/bq769/bq769.c.obj
 .text.BQ769X0_ReadRegisterByteWithCRC.isra.0
                0x08002c04       0xa0 CMakeFiles/BMS_STM32F103.elf.dir/BSW/CDD/bq769/bq769.c.obj
 .text.BQ769X0_WriteBlockWithCRC.isra.0
                0x08002ca4       0xb0 CMakeFiles/BMS_STM32F103.elf.dir/BSW/CDD/bq769/bq769.c.obj
 .text.EXTI15_10_IRQHandler
                0x08002d54       0xa8 CMakeFiles/BMS_STM32F103.elf.dir/BSW/CDD/bq769/bq769.c.obj
                0x08002d54                EXTI15_10_IRQHandler
 .text.BQ769X0_UpdateCellVolt
                0x08002dfc       0x98 CMakeFiles/BMS_STM32F103.elf.dir/BSW/CDD/bq769/bq769.c.obj
                0x08002dfc                BQ769X0_UpdateCellVolt
 *fill*         0x08002e94        0x4 
 .text.BQ769X0_UpdateTsTemp
                0x08002e98      0x138 CMakeFiles/BMS_STM32F103.elf.dir/BSW/CDD/bq769/bq769.c.obj
                0x08002e98                BQ769X0_UpdateTsTemp
 .text.BQ769X0_UpdateCurrent
                0x08002fd0       0x90 CMakeFiles/BMS_STM32F103.elf.dir/BSW/CDD/bq769/bq769.c.obj
                0x08002fd0                BQ769X0_UpdateCurrent
 .text.BQ769X0_UpdateBatVolt
                0x08003060       0x88 CMakeFiles/BMS_STM32F103.elf.dir/BSW/CDD/bq769/bq769.c.obj
                0x08003060                BQ769X0_UpdateBatVolt
 .text.BQ769X0_GetADCGainOffset
                0x080030e8       0x74 CMakeFiles/BMS_STM32F103.elf.dir/BSW/CDD/bq769/bq769.c.obj
                0x080030e8                BQ769X0_GetADCGainOffset
 .text.BQ769X0_LoadDetect
                0x0800315c       0x20 CMakeFiles/BMS_STM32F103.elf.dir/BSW/CDD/bq769/bq769.c.obj
                0x0800315c                BQ769X0_LoadDetect
 .text.BQ769X0_Wakeup
                0x0800317c       0x54 CMakeFiles/BMS_STM32F103.elf.dir/BSW/CDD/bq769/bq769.c.obj
                0x0800317c                BQ769X0_Wakeup
 .text.BQ769X0_EntryShip
                0x080031d0       0x1e CMakeFiles/BMS_STM32F103.elf.dir/BSW/CDD/bq769/bq769.c.obj
                0x080031d0                BQ769X0_EntryShip
 *fill*         0x080031ee        0x2 
 .text.BQ769X0_ControlDSGOrCHG
                0x080031f0       0x1c CMakeFiles/BMS_STM32F103.elf.dir/BSW/CDD/bq769/bq769.c.obj
                0x080031f0                BQ769X0_ControlDSGOrCHG
 .text.BQ769X0_CellBalanceControl
                0x0800320c       0x5c CMakeFiles/BMS_STM32F103.elf.dir/BSW/CDD/bq769/bq769.c.obj
                0x0800320c                BQ769X0_CellBalanceControl
 .text.BQ769X0_Initialize
                0x08003268      0x1c4 CMakeFiles/BMS_STM32F103.elf.dir/BSW/CDD/bq769/bq769.c.obj
                0x08003268                BQ769X0_Initialize
 .text.CanIf_TxConfirmation
                0x0800342c        0x2 CMakeFiles/BMS_STM32F103.elf.dir/BSW/ECUAL/CanIf.c.obj
                0x0800342c                CanIf_TxConfirmation
 .text.CanIf_ControllerBusOff
                0x0800342e        0x2 CMakeFiles/BMS_STM32F103.elf.dir/BSW/ECUAL/CanIf.c.obj
                0x0800342e                CanIf_ControllerBusOff
 .text.Can_ReadErrorState
                0x08003430       0x18 CMakeFiles/BMS_STM32F103.elf.dir/BSW/MCAL/can/can.c.obj
 .text.Can_ProcessRxFifo
                0x08003448       0xb8 CMakeFiles/BMS_STM32F103.elf.dir/BSW/MCAL/can/can.c.obj
 .text.Can_MainFunction_Write
                0x08003500       0x60 CMakeFiles/BMS_STM32F103.elf.dir/BSW/MCAL/can/can.c.obj
                0x08003500                Can_MainFunction_Write
 .text.Can_MainFunction_BusOff
                0x08003560       0x12 CMakeFiles/BMS_STM32F103.elf.dir/BSW/MCAL/can/can.c.obj
                0x08003560                Can_MainFunction_BusOff
 *fill*         0x08003572        0x2 
 .text.Can_MainFunction_Error
                0x08003574       0x14 CMakeFiles/BMS_STM32F103.elf.dir/BSW/MCAL/can/can.c.obj
                0x08003574                Can_MainFunction_Error
 .text.Can_IsrRxFifo0
                0x08003588       0x30 CMakeFiles/BMS_STM32F103.elf.dir/BSW/MCAL/can/can.c.obj
                0x08003588                Can_IsrRxFifo0
 .text.Can_IsrRxFifo1
                0x080035b8       0x30 CMakeFiles/BMS_STM32F103.elf.dir/BSW/MCAL/can/can.c.obj
                0x080035b8                Can_IsrRxFifo1
 .text.Can_IsrTx
                0x080035e8       0x2c CMakeFiles/BMS_STM32F103.elf.dir/BSW/MCAL/can/can.c.obj
                0x080035e8                Can_IsrTx
 .text.Can_IsrError
                0x08003614       0x64 CMakeFiles/BMS_STM32F103.elf.dir/BSW/MCAL/can/can.c.obj
                0x08003614                Can_IsrError
 .text.USB_LP_CAN1_RX0_IRQHandler
                0x08003678        0x4 CMakeFiles/BMS_STM32F103.elf.dir/BSW/MCAL/can/can.c.obj
                0x08003678                USB_LP_CAN1_RX0_IRQHandler
 .text.CAN1_RX1_IRQHandler
                0x0800367c        0x4 CMakeFiles/BMS_STM32F103.elf.dir/BSW/MCAL/can/can.c.obj
                0x0800367c                CAN1_RX1_IRQHandler
 .text.USB_HP_CAN1_TX_IRQHandler
                0x08003680        0x4 CMakeFiles/BMS_STM32F103.elf.dir/BSW/MCAL/can/can.c.obj
                0x08003680                USB_HP_CAN1_TX_IRQHandler
 .text.CAN1_SCE_IRQHandler
                0x08003684        0x4 CMakeFiles/BMS_STM32F103.elf.dir/BSW/MCAL/can/can.c.obj
                0x08003684                CAN1_SCE_IRQHandler
 .text.tim_tick_init
                0x08003688       0x5c CMakeFiles/BMS_STM32F103.elf.dir/BSW/MCAL/delay/delay.c.obj
                0x08003688                tim_tick_init
 .text.TIM3_IRQHandler
                0x080036e4       0x44 CMakeFiles/BMS_STM32F103.elf.dir/BSW/MCAL/delay/delay.c.obj
                0x080036e4                TIM3_IRQHandler
 .text.I2C1_LockInit
                0x08003728        0x2 CMakeFiles/BMS_STM32F103.elf.dir/BSW/MCAL/soft_i2c/soft_i2c.c.obj
 .text.delay_us
                0x0800372a       0x28 CMakeFiles/BMS_STM32F103.elf.dir/BSW/MCAL/soft_i2c/soft_i2c.c.obj
 *fill*         0x08003752        0x2 
 .text.I2C1_Unlock
                0x08003754        0xc CMakeFiles/BMS_STM32F103.elf.dir/BSW/MCAL/soft_i2c/soft_i2c.c.obj
 .text.I2C1_Lock
                0x08003760       0x10 CMakeFiles/BMS_STM32F103.elf.dir/BSW/MCAL/soft_i2c/soft_i2c.c.obj
 .text.SDA_H    0x08003770        0xa CMakeFiles/BMS_STM32F103.elf.dir/BSW/MCAL/soft_i2c/soft_i2c.c.obj
 .text.SCL_H    0x0800377a        0xa CMakeFiles/BMS_STM32F103.elf.dir/BSW/MCAL/soft_i2c/soft_i2c.c.obj
 .text.SDA_L    0x08003784        0xa CMakeFiles/BMS_STM32F103.elf.dir/BSW/MCAL/soft_i2c/soft_i2c.c.obj
 .text.I2C_Stop
                0x0800378e       0x2a CMakeFiles/BMS_STM32F103.elf.dir/BSW/MCAL/soft_i2c/soft_i2c.c.obj
 .text.SCL_L    0x080037b8        0xa CMakeFiles/BMS_STM32F103.elf.dir/BSW/MCAL/soft_i2c/soft_i2c.c.obj
 .text.I2C_Restart
                0x080037c2       0x2a CMakeFiles/BMS_STM32F103.elf.dir/BSW/MCAL/soft_i2c/soft_i2c.c.obj
 .text.I2C_Start
                0x080037ec       0x18 CMakeFiles/BMS_STM32F103.elf.dir/BSW/MCAL/soft_i2c/soft_i2c.c.obj
 .text.I2C_WriteByte
                0x08003804       0x9e CMakeFiles/BMS_STM32F103.elf.dir/BSW/MCAL/soft_i2c/soft_i2c.c.obj
 .text.I2C_SendAddress
                0x080038a2       0x42 CMakeFiles/BMS_STM32F103.elf.dir/BSW/MCAL/soft_i2c/soft_i2c.c.obj
 .text.I2C_TransferMessages
                0x080038e4      0x220 CMakeFiles/BMS_STM32F103.elf.dir/BSW/MCAL/soft_i2c/soft_i2c.c.obj
                0x080038e4                I2C_TransferMessages
 .text.I2C_BusInitialize
                0x08003b04       0x44 CMakeFiles/BMS_STM32F103.elf.dir/BSW/MCAL/soft_i2c/soft_i2c.c.obj
                0x08003b04                I2C_BusInitialize
 .text.USART1_Init
                0x08003b48       0xc4 CMakeFiles/BMS_STM32F103.elf.dir/BSW/MCAL/usart/usart.c.obj
                0x08003b48                USART1_Init
 .text.USART1_IRQHandler
                0x08003c0c       0x60 CMakeFiles/BMS_STM32F103.elf.dir/BSW/MCAL/usart/usart.c.obj
                0x08003c0c                USART1_IRQHandler
 .text.Reset_Handler
                0x08003c6c       0x44 CMakeFiles/BMS_STM32F103.elf.dir/firmware/comsis/core/startup_stm32f10x_md_gcc.S.obj
                0x08003c6c                Reset_Handler
 .text.Default_Handler
                0x08003cb0        0x2 CMakeFiles/BMS_STM32F103.elf.dir/firmware/comsis/core/startup_stm32f10x_md_gcc.S.obj
                0x08003cb0                EXTI2_IRQHandler
                0x08003cb0                TIM1_CC_IRQHandler
                0x08003cb0                SysTick_Handler
                0x08003cb0                PVD_IRQHandler
                0x08003cb0                EXTI3_IRQHandler
                0x08003cb0                EXTI0_IRQHandler
                0x08003cb0                I2C2_EV_IRQHandler
                0x08003cb0                ADC1_2_IRQHandler
                0x08003cb0                SPI1_IRQHandler
                0x08003cb0                TAMPER_IRQHandler
                0x08003cb0                DMA1_Channel4_IRQHandler
                0x08003cb0                USART3_IRQHandler
                0x08003cb0                RTC_IRQHandler
                0x08003cb0                DMA1_Channel7_IRQHandler
                0x08003cb0                TIM4_IRQHandler
                0x08003cb0                I2C1_EV_IRQHandler
                0x08003cb0                DMA1_Channel6_IRQHandler
                0x08003cb0                RCC_IRQHandler
                0x08003cb0                TIM1_TRG_COM_IRQHandler
                0x08003cb0                DMA1_Channel1_IRQHandler
                0x08003cb0                Default_Handler
                0x08003cb0                EXTI9_5_IRQHandler
                0x08003cb0                SPI2_IRQHandler
                0x08003cb0                SVC_Handler
                0x08003cb0                DMA1_Channel5_IRQHandler
                0x08003cb0                EXTI4_IRQHandler
                0x08003cb0                DMA1_Channel3_IRQHandler
                0x08003cb0                TIM1_UP_IRQHandler
                0x08003cb0                WWDG_IRQHandler
                0x08003cb0                TIM2_IRQHandler
                0x08003cb0                TIM1_BRK_IRQHandler
                0x08003cb0                EXTI1_IRQHandler
                0x08003cb0                RTCAlarm_IRQHandler
                0x08003cb0                USART2_IRQHandler
                0x08003cb0                I2C2_ER_IRQHandler
                0x08003cb0                DMA1_Channel2_IRQHandler
                0x08003cb0                FLASH_IRQHandler
                0x08003cb0                I2C1_ER_IRQHandler
                0x08003cb0                USBWakeUp_IRQHandler
 .text.NMI_Handler
                0x08003cb2        0x2 CMakeFiles/BMS_STM32F103.elf.dir/firmware/comsis/device/stm32f10x_it.c.obj
                0x08003cb2                NMI_Handler
 .text.MemManage_Handler
                0x08003cb4        0x2 CMakeFiles/BMS_STM32F103.elf.dir/firmware/comsis/device/stm32f10x_it.c.obj
                0x08003cb4                MemManage_Handler
 .text.BusFault_Handler
                0x08003cb6        0x2 CMakeFiles/BMS_STM32F103.elf.dir/firmware/comsis/device/stm32f10x_it.c.obj
                0x08003cb6                BusFault_Handler
 .text.UsageFault_Handler
                0x08003cb8        0x2 CMakeFiles/BMS_STM32F103.elf.dir/firmware/comsis/device/stm32f10x_it.c.obj
                0x08003cb8                UsageFault_Handler
 .text.DebugMon_Handler
                0x08003cba        0x2 CMakeFiles/BMS_STM32F103.elf.dir/firmware/comsis/device/stm32f10x_it.c.obj
                0x08003cba                DebugMon_Handler
 .text.SystemInit
                0x08003cbc       0xf0 CMakeFiles/BMS_STM32F103.elf.dir/firmware/comsis/device/system_stm32f10x.c.obj
                0x08003cbc                SystemInit
 .text.NVIC_PriorityGroupConfig
                0x08003dac       0x14 CMakeFiles/BMS_STM32F103.elf.dir/firmware/driver/src/misc.c.obj
                0x08003dac                NVIC_PriorityGroupConfig
 .text.NVIC_Init
                0x08003dc0       0x54 CMakeFiles/BMS_STM32F103.elf.dir/firmware/driver/src/misc.c.obj
                0x08003dc0                NVIC_Init
 .text.CAN_TransmitStatus
                0x08003e14       0x50 CMakeFiles/BMS_STM32F103.elf.dir/firmware/driver/src/stm32f10x_can.c.obj
                0x08003e14                CAN_TransmitStatus
 .text.CAN_Receive
                0x08003e64       0x96 CMakeFiles/BMS_STM32F103.elf.dir/firmware/driver/src/stm32f10x_can.c.obj
                0x08003e64                CAN_Receive
 .text.CAN_MessagePending
                0x08003efa       0x16 CMakeFiles/BMS_STM32F103.elf.dir/firmware/driver/src/stm32f10x_can.c.obj
                0x08003efa                CAN_MessagePending
 .text.CAN_GetITStatus
                0x08003f10       0xc8 CMakeFiles/BMS_STM32F103.elf.dir/firmware/driver/src/stm32f10x_can.c.obj
                0x08003f10                CAN_GetITStatus
 .text.CAN_ClearITPendingBit
                0x08003fd8       0x7c CMakeFiles/BMS_STM32F103.elf.dir/firmware/driver/src/stm32f10x_can.c.obj
                0x08003fd8                CAN_ClearITPendingBit
 .text.EXTI_Init
                0x08004054       0x70 CMakeFiles/BMS_STM32F103.elf.dir/firmware/driver/src/stm32f10x_exti.c.obj
                0x08004054                EXTI_Init
 .text.EXTI_GetITStatus
                0x080040c4       0x20 CMakeFiles/BMS_STM32F103.elf.dir/firmware/driver/src/stm32f10x_exti.c.obj
                0x080040c4                EXTI_GetITStatus
 .text.EXTI_ClearITPendingBit
                0x080040e4        0xc CMakeFiles/BMS_STM32F103.elf.dir/firmware/driver/src/stm32f10x_exti.c.obj
                0x080040e4                EXTI_ClearITPendingBit
 .text.GPIO_Init
                0x080040f0       0xa2 CMakeFiles/BMS_STM32F103.elf.dir/firmware/driver/src/stm32f10x_gpio.c.obj
                0x080040f0                GPIO_Init
 .text.GPIO_ReadInputDataBit
                0x08004192        0xc CMakeFiles/BMS_STM32F103.elf.dir/firmware/driver/src/stm32f10x_gpio.c.obj
                0x08004192                GPIO_ReadInputDataBit
 .text.GPIO_SetBits
                0x0800419e        0x4 CMakeFiles/BMS_STM32F103.elf.dir/firmware/driver/src/stm32f10x_gpio.c.obj
                0x0800419e                GPIO_SetBits
 .text.GPIO_WriteBit
                0x080041a2        0xa CMakeFiles/BMS_STM32F103.elf.dir/firmware/driver/src/stm32f10x_gpio.c.obj
                0x080041a2                GPIO_WriteBit
 .text.GPIO_PinRemapConfig
                0x080041ac       0x64 CMakeFiles/BMS_STM32F103.elf.dir/firmware/driver/src/stm32f10x_gpio.c.obj
                0x080041ac                GPIO_PinRemapConfig
 .text.GPIO_EXTILineConfig
                0x08004210       0x2a CMakeFiles/BMS_STM32F103.elf.dir/firmware/driver/src/stm32f10x_gpio.c.obj
                0x08004210                GPIO_EXTILineConfig
 *fill*         0x0800423a        0x2 
 .text.RCC_GetClocksFreq
                0x0800423c       0x80 CMakeFiles/BMS_STM32F103.elf.dir/firmware/driver/src/stm32f10x_rcc.c.obj
                0x0800423c                RCC_GetClocksFreq
 .text.RCC_APB2PeriphClockCmd
                0x080042bc       0x18 CMakeFiles/BMS_STM32F103.elf.dir/firmware/driver/src/stm32f10x_rcc.c.obj
                0x080042bc                RCC_APB2PeriphClockCmd
 .text.RCC_APB1PeriphClockCmd
                0x080042d4       0x18 CMakeFiles/BMS_STM32F103.elf.dir/firmware/driver/src/stm32f10x_rcc.c.obj
                0x080042d4                RCC_APB1PeriphClockCmd
 .text.TIM_TimeBaseInit
                0x080042ec       0x90 CMakeFiles/BMS_STM32F103.elf.dir/firmware/driver/src/stm32f10x_tim.c.obj
                0x080042ec                TIM_TimeBaseInit
 .text.TIM_Cmd  0x0800437c       0x12 CMakeFiles/BMS_STM32F103.elf.dir/firmware/driver/src/stm32f10x_tim.c.obj
                0x0800437c                TIM_Cmd
 .text.TIM_ITConfig
                0x0800438e       0x12 CMakeFiles/BMS_STM32F103.elf.dir/firmware/driver/src/stm32f10x_tim.c.obj
                0x0800438e                TIM_ITConfig
 .text.TIM_ClearFlag
                0x080043a0        0x6 CMakeFiles/BMS_STM32F103.elf.dir/firmware/driver/src/stm32f10x_tim.c.obj
                0x080043a0                TIM_ClearFlag
 .text.TIM_GetITStatus
                0x080043a6       0x18 CMakeFiles/BMS_STM32F103.elf.dir/firmware/driver/src/stm32f10x_tim.c.obj
                0x080043a6                TIM_GetITStatus
 .text.TIM_ClearITPendingBit
                0x080043be        0x6 CMakeFiles/BMS_STM32F103.elf.dir/firmware/driver/src/stm32f10x_tim.c.obj
                0x080043be                TIM_ClearITPendingBit
 .text.USART_Init
                0x080043c4       0x98 CMakeFiles/BMS_STM32F103.elf.dir/firmware/driver/src/stm32f10x_usart.c.obj
                0x080043c4                USART_Init
 .text.USART_Cmd
                0x0800445c       0x12 CMakeFiles/BMS_STM32F103.elf.dir/firmware/driver/src/stm32f10x_usart.c.obj
                0x0800445c                USART_Cmd
 .text.USART_ITConfig
                0x0800446e       0x32 CMakeFiles/BMS_STM32F103.elf.dir/firmware/driver/src/stm32f10x_usart.c.obj
                0x0800446e                USART_ITConfig
 .text.USART_SendData
                0x080044a0        0x8 CMakeFiles/BMS_STM32F103.elf.dir/firmware/driver/src/stm32f10x_usart.c.obj
                0x080044a0                USART_SendData
 .text.USART_ReceiveData
                0x080044a8        0x8 CMakeFiles/BMS_STM32F103.elf.dir/firmware/driver/src/stm32f10x_usart.c.obj
                0x080044a8                USART_ReceiveData
 .text.USART_GetFlagStatus
                0x080044b0        0xc CMakeFiles/BMS_STM32F103.elf.dir/firmware/driver/src/stm32f10x_usart.c.obj
                0x080044b0                USART_GetFlagStatus
 .text.USART_GetITStatus
                0x080044bc       0x3e CMakeFiles/BMS_STM32F103.elf.dir/firmware/driver/src/stm32f10x_usart.c.obj
                0x080044bc                USART_GetITStatus
 *fill*         0x080044fa        0x2 
 .text.clear    0x080044fc       0x10 CMakeFiles/BMS_STM32F103.elf.dir/third_lib/rt-thread/components/finsh/cmd.c.obj
 .text.show_wait_queue
                0x0800450c       0x30 CMakeFiles/BMS_STM32F103.elf.dir/third_lib/rt-thread/components/finsh/cmd.c.obj
 .text.version  0x0800453c        0xa CMakeFiles/BMS_STM32F103.elf.dir/third_lib/rt-thread/components/finsh/cmd.c.obj
                0x0800453c                version
 .text.list_get_next
                0x08004546       0x5e CMakeFiles/BMS_STM32F103.elf.dir/third_lib/rt-thread/components/finsh/cmd.c.obj
 .text.object_split.constprop.0
                0x080045a4       0x14 CMakeFiles/BMS_STM32F103.elf.dir/third_lib/rt-thread/components/finsh/cmd.c.obj
 .text.list_timer
                0x080045b8       0xec CMakeFiles/BMS_STM32F103.elf.dir/third_lib/rt-thread/components/finsh/cmd.c.obj
                0x080045b8                list_timer
 .text.list_thread
                0x080046a4      0x140 CMakeFiles/BMS_STM32F103.elf.dir/third_lib/rt-thread/components/finsh/cmd.c.obj
                0x080046a4                list_thread
 .text.list_mailbox
                0x080047e4       0xf4 CMakeFiles/BMS_STM32F103.elf.dir/third_lib/rt-thread/components/finsh/cmd.c.obj
                0x080047e4                list_mailbox
 .text.list_mutex
                0x080048d8       0xc8 CMakeFiles/BMS_STM32F103.elf.dir/third_lib/rt-thread/components/finsh/cmd.c.obj
                0x080048d8                list_mutex
 .text.list_sem
                0x080049a0       0xec CMakeFiles/BMS_STM32F103.elf.dir/third_lib/rt-thread/components/finsh/cmd.c.obj
                0x080049a0                list_sem
 .text.cmd_list
                0x08004a8c       0xc0 CMakeFiles/BMS_STM32F103.elf.dir/third_lib/rt-thread/components/finsh/cmd.c.obj
                0x08004a8c                cmd_list
 .text.msh_help
                0x08004b4c       0x40 CMakeFiles/BMS_STM32F103.elf.dir/third_lib/rt-thread/components/finsh/msh.c.obj
                0x08004b4c                msh_help
 .text.cmd_ps   0x08004b8c        0xa CMakeFiles/BMS_STM32F103.elf.dir/third_lib/rt-thread/components/finsh/msh.c.obj
                0x08004b8c                cmd_ps
 *fill*         0x08004b96        0x2 
 .text.cmd_free
                0x08004b98       0x50 CMakeFiles/BMS_STM32F103.elf.dir/third_lib/rt-thread/components/finsh/msh.c.obj
                0x08004b98                cmd_free
 .text.msh_exec
                0x08004be8      0x174 CMakeFiles/BMS_STM32F103.elf.dir/third_lib/rt-thread/components/finsh/msh.c.obj
                0x08004be8                msh_exec
 .text.msh_auto_complete
                0x08004d5c       0xa0 CMakeFiles/BMS_STM32F103.elf.dir/third_lib/rt-thread/components/finsh/msh.c.obj
                0x08004d5c                msh_auto_complete
 .text.finsh_get_prompt
                0x08004dfc       0x50 CMakeFiles/BMS_STM32F103.elf.dir/third_lib/rt-thread/components/finsh/shell.c.obj
                0x08004dfc                finsh_get_prompt
 .text.finsh_thread_entry
                0x08004e4c      0x2b8 CMakeFiles/BMS_STM32F103.elf.dir/third_lib/rt-thread/components/finsh/shell.c.obj
                0x08004e4c                finsh_thread_entry
 .text.finsh_set_prompt_mode
                0x08005104       0x30 CMakeFiles/BMS_STM32F103.elf.dir/third_lib/rt-thread/components/finsh/shell.c.obj
                0x08005104                finsh_set_prompt_mode
 .text.finsh_system_init
                0x08005134       0x88 CMakeFiles/BMS_STM32F103.elf.dir/third_lib/rt-thread/components/finsh/shell.c.obj
                0x08005134                finsh_system_init
 .text.rt_hw_stack_init
                0x080051bc       0x3c CMakeFiles/BMS_STM32F103.elf.dir/third_lib/rt-thread/libcpu/arm/cortex-m3/cpuport.c.obj
                0x080051bc                rt_hw_stack_init
 .text.rt_hw_hard_fault_exception
                0x080051f8      0x304 CMakeFiles/BMS_STM32F103.elf.dir/third_lib/rt-thread/libcpu/arm/cortex-m3/cpuport.c.obj
                0x080051f8                rt_hw_hard_fault_exception
 .text.rt_tick_get
                0x080054fc        0xc CMakeFiles/BMS_STM32F103.elf.dir/third_lib/rt-thread/src/clock.c.obj
                0x080054fc                rt_tick_get
 .text.rt_tick_increase
                0x08005508       0x4c CMakeFiles/BMS_STM32F103.elf.dir/third_lib/rt-thread/src/clock.c.obj
                0x08005508                rt_tick_increase
 .text.rt_tick_from_millisecond
                0x08005554        0x6 CMakeFiles/BMS_STM32F103.elf.dir/third_lib/rt-thread/src/clock.c.obj
                0x08005554                rt_tick_from_millisecond
 .text.rti_start
                0x0800555a        0x4 CMakeFiles/BMS_STM32F103.elf.dir/third_lib/rt-thread/src/components.c.obj
 .text.rti_board_start
                0x0800555e        0x4 CMakeFiles/BMS_STM32F103.elf.dir/third_lib/rt-thread/src/components.c.obj
 .text.rti_board_end
                0x08005562        0x4 CMakeFiles/BMS_STM32F103.elf.dir/third_lib/rt-thread/src/components.c.obj
 .text.rti_end  0x08005566        0x4 CMakeFiles/BMS_STM32F103.elf.dir/third_lib/rt-thread/src/components.c.obj
 *fill*         0x0800556a        0x2 
 .text.rt_components_board_init
                0x0800556c       0x1c CMakeFiles/BMS_STM32F103.elf.dir/third_lib/rt-thread/src/components.c.obj
                0x0800556c                rt_components_board_init
 .text.rt_components_init
                0x08005588       0x1c CMakeFiles/BMS_STM32F103.elf.dir/third_lib/rt-thread/src/components.c.obj
                0x08005588                rt_components_init
 .text.main_thread_entry
                0x080055a4        0xe CMakeFiles/BMS_STM32F103.elf.dir/third_lib/rt-thread/src/components.c.obj
                0x080055a4                main_thread_entry
 *fill*         0x080055b2        0x2 
 .text.rt_application_init
                0x080055b4       0x44 CMakeFiles/BMS_STM32F103.elf.dir/third_lib/rt-thread/src/components.c.obj
                0x080055b4                rt_application_init
 .text.rtthread_startup
                0x080055f8       0x2a CMakeFiles/BMS_STM32F103.elf.dir/third_lib/rt-thread/src/components.c.obj
                0x080055f8                rtthread_startup
 .text.entry    0x08005622        0x4 CMakeFiles/BMS_STM32F103.elf.dir/third_lib/rt-thread/src/components.c.obj
                0x08005622                entry
 *fill*         0x08005626        0x2 
 .text.rt_thread_defunct_enqueue
                0x08005628       0x18 CMakeFiles/BMS_STM32F103.elf.dir/third_lib/rt-thread/src/idle.c.obj
                0x08005628                rt_thread_defunct_enqueue
 .text.rt_thread_defunct_dequeue
                0x08005640       0x30 CMakeFiles/BMS_STM32F103.elf.dir/third_lib/rt-thread/src/idle.c.obj
                0x08005640                rt_thread_defunct_dequeue
 .text.rt_thread_idle_entry
                0x08005670       0x3e CMakeFiles/BMS_STM32F103.elf.dir/third_lib/rt-thread/src/idle.c.obj
 *fill*         0x080056ae        0x2 
 .text.rt_thread_idle_init
                0x080056b0       0x44 CMakeFiles/BMS_STM32F103.elf.dir/third_lib/rt-thread/src/idle.c.obj
                0x080056b0                rt_thread_idle_init
 .text._ipc_list_resume.isra.0
                0x080056f4        0x6 CMakeFiles/BMS_STM32F103.elf.dir/third_lib/rt-thread/src/ipc.c.obj
 *fill*         0x080056fa        0x2 
 .text._ipc_list_suspend.isra.0
                0x080056fc       0x60 CMakeFiles/BMS_STM32F103.elf.dir/third_lib/rt-thread/src/ipc.c.obj
 .text.rt_sem_init
                0x0800575c       0x64 CMakeFiles/BMS_STM32F103.elf.dir/third_lib/rt-thread/src/ipc.c.obj
                0x0800575c                rt_sem_init
 .text.rt_sem_create
                0x080057c0       0x7c CMakeFiles/BMS_STM32F103.elf.dir/third_lib/rt-thread/src/ipc.c.obj
                0x080057c0                rt_sem_create
 .text.rt_sem_take
                0x0800583c      0x120 CMakeFiles/BMS_STM32F103.elf.dir/third_lib/rt-thread/src/ipc.c.obj
                0x0800583c                rt_sem_take
 .text.rt_sem_release
                0x0800595c       0x7c CMakeFiles/BMS_STM32F103.elf.dir/third_lib/rt-thread/src/ipc.c.obj
                0x0800595c                rt_sem_release
 .text.rt_mutex_init
                0x080059d8       0x40 CMakeFiles/BMS_STM32F103.elf.dir/third_lib/rt-thread/src/ipc.c.obj
                0x080059d8                rt_mutex_init
 .text.rt_mutex_create
                0x08005a18       0x5c CMakeFiles/BMS_STM32F103.elf.dir/third_lib/rt-thread/src/ipc.c.obj
                0x08005a18                rt_mutex_create
 .text.rt_mutex_take
                0x08005a74      0x168 CMakeFiles/BMS_STM32F103.elf.dir/third_lib/rt-thread/src/ipc.c.obj
                0x08005a74                rt_mutex_take
 .text.rt_mutex_release
                0x08005bdc      0x12c CMakeFiles/BMS_STM32F103.elf.dir/third_lib/rt-thread/src/ipc.c.obj
                0x08005bdc                rt_mutex_release
 .text.rt_interrupt_enter
                0x08005d08       0x1c CMakeFiles/BMS_STM32F103.elf.dir/third_lib/rt-thread/src/irq.c.obj
                0x08005d08                rt_interrupt_enter
 .text.rt_interrupt_leave
                0x08005d24       0x1c CMakeFiles/BMS_STM32F103.elf.dir/third_lib/rt-thread/src/irq.c.obj
                0x08005d24                rt_interrupt_leave
 .text.rt_interrupt_get_nest
                0x08005d40       0x18 CMakeFiles/BMS_STM32F103.elf.dir/third_lib/rt-thread/src/irq.c.obj
                0x08005d40                rt_interrupt_get_nest
 .text.print_number
                0x08005d58      0x170 CMakeFiles/BMS_STM32F103.elf.dir/third_lib/rt-thread/src/kservice.c.obj
 .text._heap_lock
                0x08005ec8       0x1c CMakeFiles/BMS_STM32F103.elf.dir/third_lib/rt-thread/src/kservice.c.obj
 .text.rt_strerror
                0x08005ee4       0x1c CMakeFiles/BMS_STM32F103.elf.dir/third_lib/rt-thread/src/kservice.c.obj
                0x08005ee4                rt_strerror
 .text.rt_memset
                0x08005f00       0x5c CMakeFiles/BMS_STM32F103.elf.dir/third_lib/rt-thread/src/kservice.c.obj
                0x08005f00                rt_memset
 .text.rt_memcpy
                0x08005f5c       0x8c CMakeFiles/BMS_STM32F103.elf.dir/third_lib/rt-thread/src/kservice.c.obj
                0x08005f5c                rt_memcpy
 .text.rt_memmove
                0x08005fe8       0x32 CMakeFiles/BMS_STM32F103.elf.dir/third_lib/rt-thread/src/kservice.c.obj
                0x08005fe8                rt_memmove
 .text.rt_strncpy
                0x0800601a       0x28 CMakeFiles/BMS_STM32F103.elf.dir/third_lib/rt-thread/src/kservice.c.obj
                0x0800601a                rt_strncpy
 *fill*         0x08006042        0x2 
 .text.rt_vsnprintf
                0x08006044      0x374 CMakeFiles/BMS_STM32F103.elf.dir/third_lib/rt-thread/src/kservice.c.obj
                0x08006044                rt_vsnprintf
 .text.rt_vsprintf
                0x080063b8       0x10 CMakeFiles/BMS_STM32F103.elf.dir/third_lib/rt-thread/src/kservice.c.obj
                0x080063b8                rt_vsprintf
 .text.rt_sprintf
                0x080063c8       0x1a CMakeFiles/BMS_STM32F103.elf.dir/third_lib/rt-thread/src/kservice.c.obj
                0x080063c8                rt_sprintf
 *fill*         0x080063e2        0x2 
 .text.rt_kprintf
                0x080063e4       0x34 CMakeFiles/BMS_STM32F103.elf.dir/third_lib/rt-thread/src/kservice.c.obj
                0x080063e4                rt_kprintf
 .text.rt_show_version
                0x08006418       0x44 CMakeFiles/BMS_STM32F103.elf.dir/third_lib/rt-thread/src/kservice.c.obj
                0x08006418                rt_show_version
 .text.__rt_ffs
                0x0800645c       0x3c CMakeFiles/BMS_STM32F103.elf.dir/third_lib/rt-thread/src/kservice.c.obj
                0x0800645c                __rt_ffs
 .text.rt_assert_handler
                0x08006498       0x38 CMakeFiles/BMS_STM32F103.elf.dir/third_lib/rt-thread/src/kservice.c.obj
                0x08006498                rt_assert_handler
 .text.rt_system_heap_init
                0x080064d0       0x50 CMakeFiles/BMS_STM32F103.elf.dir/third_lib/rt-thread/src/kservice.c.obj
                0x080064d0                rt_system_heap_init
 .text._heap_unlock
                0x08006520       0x30 CMakeFiles/BMS_STM32F103.elf.dir/third_lib/rt-thread/src/kservice.c.obj
 .text.rt_malloc
                0x08006550       0x24 CMakeFiles/BMS_STM32F103.elf.dir/third_lib/rt-thread/src/kservice.c.obj
                0x08006550                rt_malloc
 .text.rt_calloc
                0x08006574       0x1c CMakeFiles/BMS_STM32F103.elf.dir/third_lib/rt-thread/src/kservice.c.obj
                0x08006574                rt_calloc
 .text.rt_free  0x08006590       0x1e CMakeFiles/BMS_STM32F103.elf.dir/third_lib/rt-thread/src/kservice.c.obj
                0x08006590                rt_free
 *fill*         0x080065ae        0x2 
 .text.rt_memory_info
                0x080065b0       0x38 CMakeFiles/BMS_STM32F103.elf.dir/third_lib/rt-thread/src/kservice.c.obj
                0x080065b0                rt_memory_info
 .text.plug_holes
                0x080065e8       0x88 CMakeFiles/BMS_STM32F103.elf.dir/third_lib/rt-thread/src/mem.c.obj
 .text.rt_smem_init
                0x08006670       0x88 CMakeFiles/BMS_STM32F103.elf.dir/third_lib/rt-thread/src/mem.c.obj
                0x08006670                rt_smem_init
 .text.rt_smem_alloc
                0x080066f8      0x140 CMakeFiles/BMS_STM32F103.elf.dir/third_lib/rt-thread/src/mem.c.obj
                0x080066f8                rt_smem_alloc
 .text.rt_smem_free
                0x08006838       0xf4 CMakeFiles/BMS_STM32F103.elf.dir/third_lib/rt-thread/src/mem.c.obj
                0x08006838                rt_smem_free
 .text.rt_object_get_information
                0x0800692c       0x24 CMakeFiles/BMS_STM32F103.elf.dir/third_lib/rt-thread/src/object.c.obj
                0x0800692c                rt_object_get_information
 .text.rt_object_init
                0x08006950       0x84 CMakeFiles/BMS_STM32F103.elf.dir/third_lib/rt-thread/src/object.c.obj
                0x08006950                rt_object_init
 .text.rt_object_detach
                0x080069d4       0x3c CMakeFiles/BMS_STM32F103.elf.dir/third_lib/rt-thread/src/object.c.obj
                0x080069d4                rt_object_detach
 .text.rt_object_allocate
                0x08006a10       0x90 CMakeFiles/BMS_STM32F103.elf.dir/third_lib/rt-thread/src/object.c.obj
                0x08006a10                rt_object_allocate
 .text.rt_object_delete
                0x08006aa0       0x58 CMakeFiles/BMS_STM32F103.elf.dir/third_lib/rt-thread/src/object.c.obj
                0x08006aa0                rt_object_delete
 .text.rt_object_is_systemobject
                0x08006af8       0x24 CMakeFiles/BMS_STM32F103.elf.dir/third_lib/rt-thread/src/object.c.obj
                0x08006af8                rt_object_is_systemobject
 .text.rt_object_get_type
                0x08006b1c       0x24 CMakeFiles/BMS_STM32F103.elf.dir/third_lib/rt-thread/src/object.c.obj
                0x08006b1c                rt_object_get_type
 .text.rt_system_scheduler_init
                0x08006b40       0x2c CMakeFiles/BMS_STM32F103.elf.dir/third_lib/rt-thread/src/scheduler.c.obj
                0x08006b40                rt_system_scheduler_init
 .text.rt_schedule_insert_thread
                0x08006b6c       0x8c CMakeFiles/BMS_STM32F103.elf.dir/third_lib/rt-thread/src/scheduler.c.obj
                0x08006b6c                rt_schedule_insert_thread
 .text.rt_schedule_remove_thread
                0x08006bf8       0x5c CMakeFiles/BMS_STM32F103.elf.dir/third_lib/rt-thread/src/scheduler.c.obj
                0x08006bf8                rt_schedule_remove_thread
 .text.rt_system_scheduler_start
                0x08006c54       0x3c CMakeFiles/BMS_STM32F103.elf.dir/third_lib/rt-thread/src/scheduler.c.obj
                0x08006c54                rt_system_scheduler_start
 .text.rt_schedule
                0x08006c90       0xe4 CMakeFiles/BMS_STM32F103.elf.dir/third_lib/rt-thread/src/scheduler.c.obj
                0x08006c90                rt_schedule
 .text.rt_enter_critical
                0x08006d74       0x1c CMakeFiles/BMS_STM32F103.elf.dir/third_lib/rt-thread/src/scheduler.c.obj
                0x08006d74                rt_enter_critical
 .text.rt_exit_critical
                0x08006d90       0x3c CMakeFiles/BMS_STM32F103.elf.dir/third_lib/rt-thread/src/scheduler.c.obj
                0x08006d90                rt_exit_critical
 .text.rt_critical_level
                0x08006dcc        0xc CMakeFiles/BMS_STM32F103.elf.dir/third_lib/rt-thread/src/scheduler.c.obj
                0x08006dcc                rt_critical_level
 .text._thread_timeout
                0x08006dd8       0x7c CMakeFiles/BMS_STM32F103.elf.dir/third_lib/rt-thread/src/thread.c.obj
 .text._thread_exit
                0x08006e54       0x38 CMakeFiles/BMS_STM32F103.elf.dir/third_lib/rt-thread/src/thread.c.obj
 .text._thread_init.isra.0
                0x08006e8c       0x84 CMakeFiles/BMS_STM32F103.elf.dir/third_lib/rt-thread/src/thread.c.obj
 .text.rt_thread_init
                0x08006f10       0x64 CMakeFiles/BMS_STM32F103.elf.dir/third_lib/rt-thread/src/thread.c.obj
                0x08006f10                rt_thread_init
 .text.rt_thread_self
                0x08006f74        0xc CMakeFiles/BMS_STM32F103.elf.dir/third_lib/rt-thread/src/thread.c.obj
                0x08006f74                rt_thread_self
 .text.rt_thread_detach
                0x08006f80       0x84 CMakeFiles/BMS_STM32F103.elf.dir/third_lib/rt-thread/src/thread.c.obj
                0x08006f80                rt_thread_detach
 .text.rt_thread_create
                0x08007004       0x46 CMakeFiles/BMS_STM32F103.elf.dir/third_lib/rt-thread/src/thread.c.obj
                0x08007004                rt_thread_create
 *fill*         0x0800704a        0x2 
 .text.rt_thread_delete
                0x0800704c       0x84 CMakeFiles/BMS_STM32F103.elf.dir/third_lib/rt-thread/src/thread.c.obj
                0x0800704c                rt_thread_delete
 .text.rt_thread_suspend
                0x080070d0       0x90 CMakeFiles/BMS_STM32F103.elf.dir/third_lib/rt-thread/src/thread.c.obj
                0x080070d0                rt_thread_suspend
 .text.rt_thread_sleep
                0x08007160       0x78 CMakeFiles/BMS_STM32F103.elf.dir/third_lib/rt-thread/src/thread.c.obj
                0x08007160                rt_thread_sleep
 .text.rt_thread_delay
                0x080071d8        0x4 CMakeFiles/BMS_STM32F103.elf.dir/third_lib/rt-thread/src/thread.c.obj
                0x080071d8                rt_thread_delay
 .text.rt_thread_mdelay
                0x080071dc        0xe CMakeFiles/BMS_STM32F103.elf.dir/third_lib/rt-thread/src/thread.c.obj
                0x080071dc                rt_thread_mdelay
 *fill*         0x080071ea        0x2 
 .text.rt_thread_resume
                0x080071ec       0x74 CMakeFiles/BMS_STM32F103.elf.dir/third_lib/rt-thread/src/thread.c.obj
                0x080071ec                rt_thread_resume
 .text.rt_thread_startup
                0x08007260       0x74 CMakeFiles/BMS_STM32F103.elf.dir/third_lib/rt-thread/src/thread.c.obj
                0x08007260                rt_thread_startup
 .text.rt_thread_control
                0x080072d4       0xac CMakeFiles/BMS_STM32F103.elf.dir/third_lib/rt-thread/src/thread.c.obj
                0x080072d4                rt_thread_control
 .text._timer_remove
                0x08007380       0x12 CMakeFiles/BMS_STM32F103.elf.dir/third_lib/rt-thread/src/timer.c.obj
 *fill*         0x08007392        0x2 
 .text.rt_timer_init
                0x08007394       0x78 CMakeFiles/BMS_STM32F103.elf.dir/third_lib/rt-thread/src/timer.c.obj
                0x08007394                rt_timer_init
 .text.rt_timer_detach
                0x0800740c       0x70 CMakeFiles/BMS_STM32F103.elf.dir/third_lib/rt-thread/src/timer.c.obj
                0x0800740c                rt_timer_detach
 .text.rt_timer_create
                0x0800747c       0x60 CMakeFiles/BMS_STM32F103.elf.dir/third_lib/rt-thread/src/timer.c.obj
                0x0800747c                rt_timer_create
 .text.rt_timer_start
                0x080074dc       0xe0 CMakeFiles/BMS_STM32F103.elf.dir/third_lib/rt-thread/src/timer.c.obj
                0x080074dc                rt_timer_start
 .text.rt_timer_stop
                0x080075bc       0x60 CMakeFiles/BMS_STM32F103.elf.dir/third_lib/rt-thread/src/timer.c.obj
                0x080075bc                rt_timer_stop
 .text.rt_timer_control
                0x0800761c       0x9c CMakeFiles/BMS_STM32F103.elf.dir/third_lib/rt-thread/src/timer.c.obj
                0x0800761c                rt_timer_control
 .text.rt_timer_check
                0x080076b8       0x98 CMakeFiles/BMS_STM32F103.elf.dir/third_lib/rt-thread/src/timer.c.obj
                0x080076b8                rt_timer_check
 .text.rt_soft_timer_check
                0x08007750       0xb0 CMakeFiles/BMS_STM32F103.elf.dir/third_lib/rt-thread/src/timer.c.obj
                0x08007750                rt_soft_timer_check
 .text._timer_thread_entry
                0x08007800       0x44 CMakeFiles/BMS_STM32F103.elf.dir/third_lib/rt-thread/src/timer.c.obj
 .text.rt_system_timer_init
                0x08007844        0xc CMakeFiles/BMS_STM32F103.elf.dir/third_lib/rt-thread/src/timer.c.obj
                0x08007844                rt_system_timer_init
 .text.rt_system_timer_thread_init
                0x08007850       0x48 CMakeFiles/BMS_STM32F103.elf.dir/third_lib/rt-thread/src/timer.c.obj
                0x08007850                rt_system_timer_thread_init
 .text.log      0x08007898       0x6c D:/arm_gcc/bin/../lib/gcc/arm-none-eabi/15.2.1/../../../../arm-none-eabi/lib/thumb/v7-m/nofp\libm.a(libm_a-w_log.o)
                0x08007898                log
 .text.nan      0x08007904        0xc D:/arm_gcc/bin/../lib/gcc/arm-none-eabi/15.2.1/../../../../arm-none-eabi/lib/thumb/v7-m/nofp\libm.a(libm_a-s_nan.o)
                0x08007904                nan
 .text.__ieee754_log
                0x08007910      0x3e0 D:/arm_gcc/bin/../lib/gcc/arm-none-eabi/15.2.1/../../../../arm-none-eabi/lib/thumb/v7-m/nofp\libm.a(libm_a-e_log.o)
                0x08007910                __ieee754_log
 .text.atoi     0x08007cf0        0x8 D:/arm_gcc/bin/../lib/gcc/arm-none-eabi/15.2.1/../../../../arm-none-eabi/lib/thumb/v7-m/nofp\libg_nano.a(libc_a-atoi.o)
                0x08007cf0                atoi
 .text._strtol_l.isra.0
                0x08007cf8       0xf4 D:/arm_gcc/bin/../lib/gcc/arm-none-eabi/15.2.1/../../../../arm-none-eabi/lib/thumb/v7-m/nofp\libg_nano.a(libc_a-strtol.o)
 .text.strtol   0x08007dec       0x14 D:/arm_gcc/bin/../lib/gcc/arm-none-eabi/15.2.1/../../../../arm-none-eabi/lib/thumb/v7-m/nofp\libg_nano.a(libc_a-strtol.o)
                0x08007dec                strtol
 .text.__cvt    0x08007e00       0xc2 D:/arm_gcc/bin/../lib/gcc/arm-none-eabi/15.2.1/../../../../arm-none-eabi/lib/thumb/v7-m/nofp\libg_nano.a(libc_a-nano-vfprintf_float.o)
                0x08007e00                __cvt
 .text.__exponent
                0x08007ec2       0x78 D:/arm_gcc/bin/../lib/gcc/arm-none-eabi/15.2.1/../../../../arm-none-eabi/lib/thumb/v7-m/nofp\libg_nano.a(libc_a-nano-vfprintf_float.o)
                0x08007ec2                __exponent
 *fill*         0x08007f3a        0x2 
 .text._printf_float
                0x08007f3c      0x454 D:/arm_gcc/bin/../lib/gcc/arm-none-eabi/15.2.1/../../../../arm-none-eabi/lib/thumb/v7-m/nofp\libg_nano.a(libc_a-nano-vfprintf_float.o)
                0x08007f3c                _printf_float
 .text._printf_common
                0x08008390       0xea D:/arm_gcc/bin/../lib/gcc/arm-none-eabi/15.2.1/../../../../arm-none-eabi/lib/thumb/v7-m/nofp\libg_nano.a(libc_a-nano-vfprintf_i.o)
                0x08008390                _printf_common
 *fill*         0x0800847a        0x2 
 .text._printf_i
                0x0800847c      0x254 D:/arm_gcc/bin/../lib/gcc/arm-none-eabi/15.2.1/../../../../arm-none-eabi/lib/thumb/v7-m/nofp\libg_nano.a(libc_a-nano-vfprintf_i.o)
                0x0800847c                _printf_i
 .text.std      0x080086d0       0x6c D:/arm_gcc/bin/../lib/gcc/arm-none-eabi/15.2.1/../../../../arm-none-eabi/lib/thumb/v7-m/nofp\libg_nano.a(libc_a-findfp.o)
 .text.stdio_exit_handler
                0x0800873c       0x18 D:/arm_gcc/bin/../lib/gcc/arm-none-eabi/15.2.1/../../../../arm-none-eabi/lib/thumb/v7-m/nofp\libg_nano.a(libc_a-findfp.o)
 .text.cleanup_stdio
                0x08008754       0x40 D:/arm_gcc/bin/../lib/gcc/arm-none-eabi/15.2.1/../../../../arm-none-eabi/lib/thumb/v7-m/nofp\libg_nano.a(libc_a-findfp.o)
 .text.global_stdio_init.part.0
                0x08008794       0x40 D:/arm_gcc/bin/../lib/gcc/arm-none-eabi/15.2.1/../../../../arm-none-eabi/lib/thumb/v7-m/nofp\libg_nano.a(libc_a-findfp.o)
 .text.__sfp_lock_acquire
                0x080087d4        0xc D:/arm_gcc/bin/../lib/gcc/arm-none-eabi/15.2.1/../../../../arm-none-eabi/lib/thumb/v7-m/nofp\libg_nano.a(libc_a-findfp.o)
                0x080087d4                __sfp_lock_acquire
 .text.__sfp_lock_release
                0x080087e0        0xc D:/arm_gcc/bin/../lib/gcc/arm-none-eabi/15.2.1/../../../../arm-none-eabi/lib/thumb/v7-m/nofp\libg_nano.a(libc_a-findfp.o)
                0x080087e0                __sfp_lock_release
 .text.__sinit  0x080087ec       0x30 D:/arm_gcc/bin/../lib/gcc/arm-none-eabi/15.2.1/../../../../arm-none-eabi/lib/thumb/v7-m/nofp\libg_nano.a(libc_a-findfp.o)
                0x080087ec                __sinit
 .text._fwalk_sglue
                0x0800881c       0x3a D:/arm_gcc/bin/../lib/gcc/arm-none-eabi/15.2.1/../../../../arm-none-eabi/lib/thumb/v7-m/nofp\libg_nano.a(libc_a-fwalk.o)
                0x0800881c                _fwalk_sglue
 *fill*         0x08008856        0x2 
 .text.sprintf  0x08008858       0x44 D:/arm_gcc/bin/../lib/gcc/arm-none-eabi/15.2.1/../../../../arm-none-eabi/lib/thumb/v7-m/nofp\libg_nano.a(libc_a-sprintf.o)
                0x08008858                siprintf
                0x08008858                sprintf
 .text.__sread  0x0800889c       0x22 D:/arm_gcc/bin/../lib/gcc/arm-none-eabi/15.2.1/../../../../arm-none-eabi/lib/thumb/v7-m/nofp\libg_nano.a(libc_a-stdio.o)
                0x0800889c                __sread
 .text.__swrite
                0x080088be       0x38 D:/arm_gcc/bin/../lib/gcc/arm-none-eabi/15.2.1/../../../../arm-none-eabi/lib/thumb/v7-m/nofp\libg_nano.a(libc_a-stdio.o)
                0x080088be                __swrite
 .text.__sseek  0x080088f6       0x26 D:/arm_gcc/bin/../lib/gcc/arm-none-eabi/15.2.1/../../../../arm-none-eabi/lib/thumb/v7-m/nofp\libg_nano.a(libc_a-stdio.o)
                0x080088f6                __sseek
 .text.__sclose
                0x0800891c        0x8 D:/arm_gcc/bin/../lib/gcc/arm-none-eabi/15.2.1/../../../../arm-none-eabi/lib/thumb/v7-m/nofp\libg_nano.a(libc_a-stdio.o)
                0x0800891c                __sclose
 .text.memset   0x08008924       0x10 D:/arm_gcc/bin/../lib/gcc/arm-none-eabi/15.2.1/../../../../arm-none-eabi/lib/thumb/v7-m/nofp\libg_nano.a(libc_a-memset.o)
                0x08008924                memset
 .text.strcat   0x08008934       0x1e D:/arm_gcc/bin/../lib/gcc/arm-none-eabi/15.2.1/../../../../arm-none-eabi/lib/thumb/v7-m/nofp\libg_nano.a(libc_a-strcat.o)
                0x08008934                strcat
 .text.strncmp  0x08008952       0x24 D:/arm_gcc/bin/../lib/gcc/arm-none-eabi/15.2.1/../../../../arm-none-eabi/lib/thumb/v7-m/nofp\libg_nano.a(libc_a-strncmp.o)
                0x08008952                strncmp
 .text.strncpy  0x08008976       0x26 D:/arm_gcc/bin/../lib/gcc/arm-none-eabi/15.2.1/../../../../arm-none-eabi/lib/thumb/v7-m/nofp\libg_nano.a(libc_a-strncpy.o)
                0x08008976                strncpy
 .text._localeconv_r
                0x0800899c        0x8 D:/arm_gcc/bin/../lib/gcc/arm-none-eabi/15.2.1/../../../../arm-none-eabi/lib/thumb/v7-m/nofp\libg_nano.a(libc_a-localeconv.o)
                0x0800899c                _localeconv_r
 .text._close_r
                0x080089a4       0x20 D:/arm_gcc/bin/../lib/gcc/arm-none-eabi/15.2.1/../../../../arm-none-eabi/lib/thumb/v7-m/nofp\libg_nano.a(libc_a-closer.o)
                0x080089a4                _close_r
 .text._lseek_r
                0x080089c4       0x24 D:/arm_gcc/bin/../lib/gcc/arm-none-eabi/15.2.1/../../../../arm-none-eabi/lib/thumb/v7-m/nofp\libg_nano.a(libc_a-lseekr.o)
                0x080089c4                _lseek_r
 .text._read_r  0x080089e8       0x24 D:/arm_gcc/bin/../lib/gcc/arm-none-eabi/15.2.1/../../../../arm-none-eabi/lib/thumb/v7-m/nofp\libg_nano.a(libc_a-readr.o)
                0x080089e8                _read_r
 .text._write_r
                0x08008a0c       0x24 D:/arm_gcc/bin/../lib/gcc/arm-none-eabi/15.2.1/../../../../arm-none-eabi/lib/thumb/v7-m/nofp\libg_nano.a(libc_a-writer.o)
                0x08008a0c                _write_r
 .text.__errno  0x08008a30        0xc D:/arm_gcc/bin/../lib/gcc/arm-none-eabi/15.2.1/../../../../arm-none-eabi/lib/thumb/v7-m/nofp\libg_nano.a(libc_a-errno.o)
                0x08008a30                __errno
 .text.__retarget_lock_init_recursive
                0x08008a3c        0x2 D:/arm_gcc/bin/../lib/gcc/arm-none-eabi/15.2.1/../../../../arm-none-eabi/lib/thumb/v7-m/nofp\libg_nano.a(libc_a-lock.o)
                0x08008a3c                __retarget_lock_init_recursive
 .text.__retarget_lock_acquire_recursive
                0x08008a3e        0x2 D:/arm_gcc/bin/../lib/gcc/arm-none-eabi/15.2.1/../../../../arm-none-eabi/lib/thumb/v7-m/nofp\libg_nano.a(libc_a-lock.o)
                0x08008a3e                __retarget_lock_acquire_recursive
 .text.__retarget_lock_release_recursive
                0x08008a40        0x2 D:/arm_gcc/bin/../lib/gcc/arm-none-eabi/15.2.1/../../../../arm-none-eabi/lib/thumb/v7-m/nofp\libg_nano.a(libc_a-lock.o)
                0x08008a40                __retarget_lock_release_recursive
 .text.strcpy   0x08008a42       0x10 D:/arm_gcc/bin/../lib/gcc/arm-none-eabi/15.2.1/../../../../arm-none-eabi/lib/thumb/v7-m/nofp\libg_nano.a(libc_a-strcpy.o)
                0x08008a42                strcpy
 .text.memchr   0x08008a52       0x1c D:/arm_gcc/bin/../lib/gcc/arm-none-eabi/15.2.1/../../../../arm-none-eabi/lib/thumb/v7-m/nofp\libg_nano.a(libc_a-memchr-stub.o)
                0x08008a52                memchr
 .text.quorem   0x08008a6e      0x110 D:/arm_gcc/bin/../lib/gcc/arm-none-eabi/15.2.1/../../../../arm-none-eabi/lib/thumb/v7-m/nofp\libg_nano.a(libc_a-dtoa.o)
 *fill*         0x08008b7e        0x2 
 .text._dtoa_r  0x08008b80      0xbbc D:/arm_gcc/bin/../lib/gcc/arm-none-eabi/15.2.1/../../../../arm-none-eabi/lib/thumb/v7-m/nofp\libg_nano.a(libc_a-dtoa.o)
                0x08008b80                _dtoa_r
 .text._free_r  0x0800973c       0x94 D:/arm_gcc/bin/../lib/gcc/arm-none-eabi/15.2.1/../../../../arm-none-eabi/lib/thumb/v7-m/nofp\libg_nano.a(libc_a-freer.o)
                0x0800973c                _free_r
 .text.malloc   0x080097d0       0x10 D:/arm_gcc/bin/../lib/gcc/arm-none-eabi/15.2.1/../../../../arm-none-eabi/lib/thumb/v7-m/nofp\libg_nano.a(libc_a-malloc.o)
                0x080097d0                malloc
 .text.sbrk_aligned
                0x080097e0       0x44 D:/arm_gcc/bin/../lib/gcc/arm-none-eabi/15.2.1/../../../../arm-none-eabi/lib/thumb/v7-m/nofp\libg_nano.a(libc_a-mallocr.o)
 .text._malloc_r
                0x08009824       0xf8 D:/arm_gcc/bin/../lib/gcc/arm-none-eabi/15.2.1/../../../../arm-none-eabi/lib/thumb/v7-m/nofp\libg_nano.a(libc_a-mallocr.o)
                0x08009824                _malloc_r
 .text.__malloc_lock
                0x0800991c        0xc D:/arm_gcc/bin/../lib/gcc/arm-none-eabi/15.2.1/../../../../arm-none-eabi/lib/thumb/v7-m/nofp\libg_nano.a(libc_a-mlock.o)
                0x0800991c                __malloc_lock
 .text.__malloc_unlock
                0x08009928        0xc D:/arm_gcc/bin/../lib/gcc/arm-none-eabi/15.2.1/../../../../arm-none-eabi/lib/thumb/v7-m/nofp\libg_nano.a(libc_a-mlock.o)
                0x08009928                __malloc_unlock
 .text._Balloc  0x08009934       0x7c D:/arm_gcc/bin/../lib/gcc/arm-none-eabi/15.2.1/../../../../arm-none-eabi/lib/thumb/v7-m/nofp\libg_nano.a(libc_a-mprec.o)
                0x08009934                _Balloc
 .text._Bfree   0x080099b0       0x44 D:/arm_gcc/bin/../lib/gcc/arm-none-eabi/15.2.1/../../../../arm-none-eabi/lib/thumb/v7-m/nofp\libg_nano.a(libc_a-mprec.o)
                0x080099b0                _Bfree
 .text.__multadd
                0x080099f4       0x8c D:/arm_gcc/bin/../lib/gcc/arm-none-eabi/15.2.1/../../../../arm-none-eabi/lib/thumb/v7-m/nofp\libg_nano.a(libc_a-mprec.o)
                0x080099f4                __multadd
 .text.__hi0bits
                0x08009a80       0x3c D:/arm_gcc/bin/../lib/gcc/arm-none-eabi/15.2.1/../../../../arm-none-eabi/lib/thumb/v7-m/nofp\libg_nano.a(libc_a-mprec.o)
                0x08009a80                __hi0bits
 .text.__lo0bits
                0x08009abc       0x5c D:/arm_gcc/bin/../lib/gcc/arm-none-eabi/15.2.1/../../../../arm-none-eabi/lib/thumb/v7-m/nofp\libg_nano.a(libc_a-mprec.o)
                0x08009abc                __lo0bits
 .text.__i2b    0x08009b18       0x2c D:/arm_gcc/bin/../lib/gcc/arm-none-eabi/15.2.1/../../../../arm-none-eabi/lib/thumb/v7-m/nofp\libg_nano.a(libc_a-mprec.o)
                0x08009b18                __i2b
 .text.__multiply
                0x08009b44      0x16c D:/arm_gcc/bin/../lib/gcc/arm-none-eabi/15.2.1/../../../../arm-none-eabi/lib/thumb/v7-m/nofp\libg_nano.a(libc_a-mprec.o)
                0x08009b44                __multiply
 .text.__pow5mult
                0x08009cb0       0xb8 D:/arm_gcc/bin/../lib/gcc/arm-none-eabi/15.2.1/../../../../arm-none-eabi/lib/thumb/v7-m/nofp\libg_nano.a(libc_a-mprec.o)
                0x08009cb0                __pow5mult
 .text.__lshift
                0x08009d68       0xe4 D:/arm_gcc/bin/../lib/gcc/arm-none-eabi/15.2.1/../../../../arm-none-eabi/lib/thumb/v7-m/nofp\libg_nano.a(libc_a-mprec.o)
                0x08009d68                __lshift
 .text.__mcmp   0x08009e4c       0x36 D:/arm_gcc/bin/../lib/gcc/arm-none-eabi/15.2.1/../../../../arm-none-eabi/lib/thumb/v7-m/nofp\libg_nano.a(libc_a-mprec.o)
                0x08009e4c                __mcmp
 *fill*         0x08009e82        0x2 
 .text.__mdiff  0x08009e84      0x130 D:/arm_gcc/bin/../lib/gcc/arm-none-eabi/15.2.1/../../../../arm-none-eabi/lib/thumb/v7-m/nofp\libg_nano.a(libc_a-mprec.o)
                0x08009e84                __mdiff
 .text.__d2b    0x08009fb4       0xb0 D:/arm_gcc/bin/../lib/gcc/arm-none-eabi/15.2.1/../../../../arm-none-eabi/lib/thumb/v7-m/nofp\libg_nano.a(libc_a-mprec.o)
                0x08009fb4                __d2b
 .text.__ssputs_r
                0x0800a064       0xc0 D:/arm_gcc/bin/../lib/gcc/arm-none-eabi/15.2.1/../../../../arm-none-eabi/lib/thumb/v7-m/nofp\libg_nano.a(libc_a-nano-svfprintf.o)
                0x0800a064                __ssputs_r
 .text._svfprintf_r
                0x0800a124      0x1f0 D:/arm_gcc/bin/../lib/gcc/arm-none-eabi/15.2.1/../../../../arm-none-eabi/lib/thumb/v7-m/nofp\libg_nano.a(libc_a-nano-svfprintf.o)
                0x0800a124                _svfiprintf_r
                0x0800a124                _svfprintf_r
 .text.__sflush_r
                0x0800a314       0xf8 D:/arm_gcc/bin/../lib/gcc/arm-none-eabi/15.2.1/../../../../arm-none-eabi/lib/thumb/v7-m/nofp\libg_nano.a(libc_a-fflush.o)
                0x0800a314                __sflush_r
 .text._fflush_r
                0x0800a40c       0x50 D:/arm_gcc/bin/../lib/gcc/arm-none-eabi/15.2.1/../../../../arm-none-eabi/lib/thumb/v7-m/nofp\libg_nano.a(libc_a-fflush.o)
                0x0800a40c                _fflush_r
 .text.memmove  0x0800a45c       0x32 D:/arm_gcc/bin/../lib/gcc/arm-none-eabi/15.2.1/../../../../arm-none-eabi/lib/thumb/v7-m/nofp\libg_nano.a(libc_a-memmove.o)
                0x0800a45c                memmove
 *fill*         0x0800a48e        0x2 
 .text._sbrk_r  0x0800a490       0x20 D:/arm_gcc/bin/../lib/gcc/arm-none-eabi/15.2.1/../../../../arm-none-eabi/lib/thumb/v7-m/nofp\libg_nano.a(libc_a-sbrkr.o)
                0x0800a490                _sbrk_r
 .text.memcpy   0x0800a4b0       0x1c D:/arm_gcc/bin/../lib/gcc/arm-none-eabi/15.2.1/../../../../arm-none-eabi/lib/thumb/v7-m/nofp\libg_nano.a(libc_a-memcpy-stub.o)
                0x0800a4b0                memcpy
 .text.__assert_func
                0x0800a4cc       0x3c D:/arm_gcc/bin/../lib/gcc/arm-none-eabi/15.2.1/../../../../arm-none-eabi/lib/thumb/v7-m/nofp\libg_nano.a(libc_a-assert.o)
                0x0800a4cc                __assert_func
 .text._calloc_r
                0x0800a508       0x28 D:/arm_gcc/bin/../lib/gcc/arm-none-eabi/15.2.1/../../../../arm-none-eabi/lib/thumb/v7-m/nofp\libg_nano.a(libc_a-callocr.o)
                0x0800a508                _calloc_r
 .text.__ascii_mbtowc
                0x0800a530       0x24 D:/arm_gcc/bin/../lib/gcc/arm-none-eabi/15.2.1/../../../../arm-none-eabi/lib/thumb/v7-m/nofp\libg_nano.a(libc_a-mbtowc_r.o)
                0x0800a530                __ascii_mbtowc
 .text._realloc_r
                0x0800a554       0x5c D:/arm_gcc/bin/../lib/gcc/arm-none-eabi/15.2.1/../../../../arm-none-eabi/lib/thumb/v7-m/nofp\libg_nano.a(libc_a-reallocr.o)
                0x0800a554                _realloc_r
 .text.__ascii_wctomb
                0x0800a5b0       0x1a D:/arm_gcc/bin/../lib/gcc/arm-none-eabi/15.2.1/../../../../arm-none-eabi/lib/thumb/v7-m/nofp\libg_nano.a(libc_a-wctomb_r.o)
                0x0800a5b0                __ascii_wctomb
 *fill*         0x0800a5ca        0x2 
 .text.fprintf  0x0800a5cc       0x24 D:/arm_gcc/bin/../lib/gcc/arm-none-eabi/15.2.1/../../../../arm-none-eabi/lib/thumb/v7-m/nofp\libg_nano.a(libc_a-fprintf.o)
                0x0800a5cc                fiprintf
                0x0800a5cc                fprintf
 .text.abort    0x0800a5f0        0xe D:/arm_gcc/bin/../lib/gcc/arm-none-eabi/15.2.1/../../../../arm-none-eabi/lib/thumb/v7-m/nofp\libg_nano.a(libc_a-abort.o)
                0x0800a5f0                abort
 .text._malloc_usable_size_r
                0x0800a5fe       0x10 D:/arm_gcc/bin/../lib/gcc/arm-none-eabi/15.2.1/../../../../arm-none-eabi/lib/thumb/v7-m/nofp\libg_nano.a(libc_a-msizer.o)
                0x0800a5fe                _malloc_usable_size_r
 .text.__sfputc_r
                0x0800a60e       0x2a D:/arm_gcc/bin/../lib/gcc/arm-none-eabi/15.2.1/../../../../arm-none-eabi/lib/thumb/v7-m/nofp\libg_nano.a(libc_a-nano-vfprintf.o)
 .text.__sfputs_r
                0x0800a638       0x24 D:/arm_gcc/bin/../lib/gcc/arm-none-eabi/15.2.1/../../../../arm-none-eabi/lib/thumb/v7-m/nofp\libg_nano.a(libc_a-nano-vfprintf.o)
                0x0800a638                __sfputs_r
 .text._vfprintf_r
                0x0800a65c      0x228 D:/arm_gcc/bin/../lib/gcc/arm-none-eabi/15.2.1/../../../../arm-none-eabi/lib/thumb/v7-m/nofp\libg_nano.a(libc_a-nano-vfprintf.o)
                0x0800a65c                _vfprintf_r
                0x0800a65c                _vfiprintf_r
 .text.__swbuf_r
                0x0800a884       0x7a D:/arm_gcc/bin/../lib/gcc/arm-none-eabi/15.2.1/../../../../arm-none-eabi/lib/thumb/v7-m/nofp\libg_nano.a(libc_a-wbuf.o)
                0x0800a884                __swbuf_r
 *fill*         0x0800a8fe        0x2 
 .text.__swsetup_r
                0x0800a900       0xa8 D:/arm_gcc/bin/../lib/gcc/arm-none-eabi/15.2.1/../../../../arm-none-eabi/lib/thumb/v7-m/nofp\libg_nano.a(libc_a-wsetup.o)
                0x0800a900                __swsetup_r
 .text._raise_r
                0x0800a9a8       0x50 D:/arm_gcc/bin/../lib/gcc/arm-none-eabi/15.2.1/../../../../arm-none-eabi/lib/thumb/v7-m/nofp\libg_nano.a(libc_a-signal.o)
                0x0800a9a8                _raise_r
 .text.raise    0x0800a9f8       0x10 D:/arm_gcc/bin/../lib/gcc/arm-none-eabi/15.2.1/../../../../arm-none-eabi/lib/thumb/v7-m/nofp\libg_nano.a(libc_a-signal.o)
                0x0800a9f8                raise
 .text._kill_r  0x0800aa08       0x24 D:/arm_gcc/bin/../lib/gcc/arm-none-eabi/15.2.1/../../../../arm-none-eabi/lib/thumb/v7-m/nofp\libg_nano.a(libc_a-signalr.o)
                0x0800aa08                _kill_r
 .text._getpid_r
                0x0800aa2c        0x4 D:/arm_gcc/bin/../lib/gcc/arm-none-eabi/15.2.1/../../../../arm-none-eabi/lib/thumb/v7-m/nofp\libg_nano.a(libc_a-signalr.o)
                0x0800aa2c                _getpid_r
 .text.__swhatbuf_r
                0x0800aa30       0x48 D:/arm_gcc/bin/../lib/gcc/arm-none-eabi/15.2.1/../../../../arm-none-eabi/lib/thumb/v7-m/nofp\libg_nano.a(libc_a-makebuf.o)
                0x0800aa30                __swhatbuf_r
 .text.__smakebuf_r
                0x0800aa78       0x72 D:/arm_gcc/bin/../lib/gcc/arm-none-eabi/15.2.1/../../../../arm-none-eabi/lib/thumb/v7-m/nofp\libg_nano.a(libc_a-makebuf.o)
                0x0800aa78                __smakebuf_r
 *fill*         0x0800aaea        0x2 
 .text._fstat_r
                0x0800aaec       0x24 D:/arm_gcc/bin/../lib/gcc/arm-none-eabi/15.2.1/../../../../arm-none-eabi/lib/thumb/v7-m/nofp\libg_nano.a(libc_a-fstatr.o)
                0x0800aaec                _fstat_r
 .text._isatty_r
                0x0800ab10       0x20 D:/arm_gcc/bin/../lib/gcc/arm-none-eabi/15.2.1/../../../../arm-none-eabi/lib/thumb/v7-m/nofp\libg_nano.a(libc_a-isattyr.o)
                0x0800ab10                _isatty_r
 .text._close   0x0800ab30       0x10 D:/arm_gcc/bin/../lib/gcc/arm-none-eabi/15.2.1/../../../../arm-none-eabi/lib/thumb/v7-m/nofp\libnosys.a(close.o)
                0x0800ab30                _close
 .text._fstat   0x0800ab40       0x10 D:/arm_gcc/bin/../lib/gcc/arm-none-eabi/15.2.1/../../../../arm-none-eabi/lib/thumb/v7-m/nofp\libnosys.a(fstat.o)
                0x0800ab40                _fstat
 .text._getpid  0x0800ab50       0x10 D:/arm_gcc/bin/../lib/gcc/arm-none-eabi/15.2.1/../../../../arm-none-eabi/lib/thumb/v7-m/nofp\libnosys.a(getpid.o)
                0x0800ab50                _getpid
 .text._isatty  0x0800ab60       0x10 D:/arm_gcc/bin/../lib/gcc/arm-none-eabi/15.2.1/../../../../arm-none-eabi/lib/thumb/v7-m/nofp\libnosys.a(isatty.o)
                0x0800ab60                _isatty
 .text._kill    0x0800ab70       0x10 D:/arm_gcc/bin/../lib/gcc/arm-none-eabi/15.2.1/../../../../arm-none-eabi/lib/thumb/v7-m/nofp\libnosys.a(kill.o)
                0x0800ab70                _kill
 .text._lseek   0x0800ab80       0x10 D:/arm_gcc/bin/../lib/gcc/arm-none-eabi/15.2.1/../../../../arm-none-eabi/lib/thumb/v7-m/nofp\libnosys.a(lseek.o)
                0x0800ab80                _lseek
 .text._read    0x0800ab90       0x10 D:/arm_gcc/bin/../lib/gcc/arm-none-eabi/15.2.1/../../../../arm-none-eabi/lib/thumb/v7-m/nofp\libnosys.a(read.o)
                0x0800ab90                _read
 .text._sbrk    0x0800aba0       0x1c D:/arm_gcc/bin/../lib/gcc/arm-none-eabi/15.2.1/../../../../arm-none-eabi/lib/thumb/v7-m/nofp\libnosys.a(sbrk.o)
                0x0800aba0                _sbrk
 .text._write   0x0800abbc       0x10 D:/arm_gcc/bin/../lib/gcc/arm-none-eabi/15.2.1/../../../../arm-none-eabi/lib/thumb/v7-m/nofp\libnosys.a(write.o)
                0x0800abbc                _write
 .text._exit    0x0800abcc        0x4 D:/arm_gcc/bin/../lib/gcc/arm-none-eabi/15.2.1/../../../../arm-none-eabi/lib/thumb/v7-m/nofp\libnosys.a(_exit.o)
                0x0800abcc                _exit
 *(.rodata)
 *(.rodata*)
 .rodata.app_init.str1.1
                0x0800abd0     0x1b05 CMakeFiles/BMS_STM32F103.elf.dir/ASW/app.c.obj
                                 0x27 (size before relaxing)
 .rodata.name   0x0800c6d5       0x23 CMakeFiles/BMS_STM32F103.elf.dir/ASW/app.c.obj
                0x0800c6d5                __fsym_shell_test_desc
                0x0800c6ed                __fsym_shell_test_name
 .rodata.BMS_AnalysisInit.str1.1
                0x0800c6f8        0x0 CMakeFiles/BMS_STM32F103.elf.dir/ASW/bms_app/bms_analysis.c.obj
                                 0x87 (size before relaxing)
 .rodata.BMS_BalanceTask.str1.1
                0x0800c6f8        0x0 CMakeFiles/BMS_STM32F103.elf.dir/ASW/bms_app/bms_balance.c.obj
                                 0x91 (size before relaxing)
 .rodata.BMS_BalanceInit.str1.1
                0x0800c6f8        0x0 CMakeFiles/BMS_STM32F103.elf.dir/ASW/bms_app/bms_balance.c.obj
                                 0xd9 (size before relaxing)
 .rodata.BMS_InfoTask.str1.1
                0x0800c6f8        0x0 CMakeFiles/BMS_STM32F103.elf.dir/ASW/bms_app/bms_info.c.obj
                                0x203 (size before relaxing)
 .rodata.BMS_InfoInit.str1.1
                0x0800c6f8        0x0 CMakeFiles/BMS_STM32F103.elf.dir/ASW/bms_app/bms_info.c.obj
                                 0x71 (size before relaxing)
 .rodata.str1.1
                0x0800c6f8        0x0 CMakeFiles/BMS_STM32F103.elf.dir/ASW/bms_app/bms_info.c.obj
                                 0x1f (size before relaxing)
 .rodata.CSWTCH.7
                0x0800c6f8       0x10 CMakeFiles/BMS_STM32F103.elf.dir/ASW/bms_app/bms_info.c.obj
 .rodata.BMS_MonitorInit.str1.1
                0x0800c708        0x0 CMakeFiles/BMS_STM32F103.elf.dir/ASW/bms_app/bms_monitor.c.obj
                                 0x82 (size before relaxing)
 .rodata.BMS_ProtectTask.str1.1
                0x0800c708        0x0 CMakeFiles/BMS_STM32F103.elf.dir/ASW/bms_app/bms_protect.c.obj
                                0x15c (size before relaxing)
 .rodata.BMS_ProtectInit.str1.1
                0x0800c708        0x0 CMakeFiles/BMS_STM32F103.elf.dir/ASW/bms_app/bms_protect.c.obj
                                 0x73 (size before relaxing)
 .rodata.BMS_ProtectHwOV.str1.1
                0x0800c708        0x0 CMakeFiles/BMS_STM32F103.elf.dir/ASW/bms_app/bms_protect.c.obj
                                 0x19 (size before relaxing)
 .rodata.BMS_ProtectHwOCD.str1.1
                0x0800c708        0x0 CMakeFiles/BMS_STM32F103.elf.dir/ASW/bms_app/bms_protect.c.obj
                                 0x1d (size before relaxing)
 .rodata.BMS_ProtectHwSCD.str1.1
                0x0800c708        0x0 CMakeFiles/BMS_STM32F103.elf.dir/ASW/bms_app/bms_protect.c.obj
                                 0x1d (size before relaxing)
 .rodata.BMS_ProtectHwUV.str1.1
                0x0800c708        0x0 CMakeFiles/BMS_STM32F103.elf.dir/ASW/bms_app/bms_protect.c.obj
                                 0x1c (size before relaxing)
 .rodata.BMS_CmdLoadDetect.str1.1
                0x0800c708        0x0 CMakeFiles/BMS_STM32F103.elf.dir/ASW/bms_config/bms_control.c.obj
                                 0x2e (size before relaxing)
 .rodata.name   0x0800c708      0x108 CMakeFiles/BMS_STM32F103.elf.dir/ASW/bms_config/bms_control.c.obj
                0x0800c708                __fsym_BMS_CmdCloseInfo_desc
                0x0800c71a                __fsym_BMS_CmdCloseInfo_name
                0x0800c72b                __fsym_BMS_CmdOpenInfo_desc
                0x0800c73c                __fsym_BMS_CmdOpenInfo_name
                0x0800c74c                __fsym_BMS_CmdLoadDetect_desc
                0x0800c758                __fsym_BMS_CmdLoadDetect_name
                0x0800c76a                __fsym_BMS_CmdCloseBalance_desc
                0x0800c778                __fsym_BMS_CmdCloseBalance_name
                0x0800c78c                __fsym_BMS_CmdOpenBalance_desc
                0x0800c799                __fsym_BMS_CmdOpenBalance_name
                0x0800c7ac                __fsym_BMS_CmdCloseCHG_desc
                0x0800c7b6                __fsym_BMS_CmdCloseCHG_name
                0x0800c7c6                __fsym_BMS_CmdOpenCHG_desc
                0x0800c7cf                __fsym_BMS_CmdOpenCHG_name
                0x0800c7de                __fsym_BMS_CmdCloseDSG_desc
                0x0800c7e8                __fsym_BMS_CmdCloseDSG_name
                0x0800c7f8                __fsym_BMS_CmdOpenDSG_desc
                0x0800c801                __fsym_BMS_CmdOpenDSG_name
 .rodata.BQ769X0_ReadRegisterWordWithCRC.str1.1
                0x0800c810        0x0 CMakeFiles/BMS_STM32F103.elf.dir/BSW/CDD/bq769/bq769.c.obj
                                 0x8a (size before relaxing)
 .rodata.BQ769X0_ReadBlockWithCRC.str1.1
                0x0800c810        0x0 CMakeFiles/BMS_STM32F103.elf.dir/BSW/CDD/bq769/bq769.c.obj
                                 0x6a (size before relaxing)
 .rodata.BQ769X0_WriteRegisterByteWithCRC.str1.1
                0x0800c810        0x0 CMakeFiles/BMS_STM32F103.elf.dir/BSW/CDD/bq769/bq769.c.obj
                                 0x22 (size before relaxing)
 .rodata.BQ769X0_ReadRegisterByteWithCRC.isra.0.str1.1
                0x0800c810        0x0 CMakeFiles/BMS_STM32F103.elf.dir/BSW/CDD/bq769/bq769.c.obj
                                 0x43 (size before relaxing)
 .rodata.BQ769X0_WriteBlockWithCRC.isra.0.str1.1
                0x0800c810        0x0 CMakeFiles/BMS_STM32F103.elf.dir/BSW/CDD/bq769/bq769.c.obj
                                 0x23 (size before relaxing)
 .rodata.BQ769X0_UpdateCellVolt.str1.1
                0x0800c810        0x0 CMakeFiles/BMS_STM32F103.elf.dir/BSW/CDD/bq769/bq769.c.obj
                                 0x19 (size before relaxing)
 .rodata.BQ769X0_UpdateTsTemp.str1.1
                0x0800c810        0x0 CMakeFiles/BMS_STM32F103.elf.dir/BSW/CDD/bq769/bq769.c.obj
                                 0x1c (size before relaxing)
 .rodata.BQ769X0_UpdateCurrent.str1.1
                0x0800c810        0x0 CMakeFiles/BMS_STM32F103.elf.dir/BSW/CDD/bq769/bq769.c.obj
                                 0x14 (size before relaxing)
 .rodata.BQ769X0_UpdateBatVolt.str1.1
                0x0800c810        0x0 CMakeFiles/BMS_STM32F103.elf.dir/BSW/CDD/bq769/bq769.c.obj
                                 0x1c (size before relaxing)
 .rodata.BQ769X0_Initialize.str1.1
                0x0800c810        0x0 CMakeFiles/BMS_STM32F103.elf.dir/BSW/CDD/bq769/bq769.c.obj
                                 0x60 (size before relaxing)
 .rodata.I2C_TransferMessages.str1.1
                0x0800c810        0x0 CMakeFiles/BMS_STM32F103.elf.dir/BSW/MCAL/soft_i2c/soft_i2c.c.obj
                                 0x2e (size before relaxing)
 .rodata.USART1_Init.str1.1
                0x0800c810        0x0 CMakeFiles/BMS_STM32F103.elf.dir/BSW/MCAL/usart/usart.c.obj
                                  0x8 (size before relaxing)
 .rodata.ADCPrescTable
                0x0800c810        0x4 CMakeFiles/BMS_STM32F103.elf.dir/firmware/driver/src/stm32f10x_rcc.c.obj
 .rodata.APBAHBPrescTable