Archive member included to satisfy reference by file (symbol)

D:/arm_gcc/bin/../lib/gcc/arm-none-eabi/15.2.1/../../../../arm-none-eabi/lib/thumb/v7-m/nofp\libm.a(libm_a-w_log.o)
                              CMakeFiles/BMS_STM32F103.elf.dir/BSW/CDD/bq769/bq769.c.obj (log)
D:/arm_gcc/bin/../lib/gcc/arm-none-eabi/15.2.1/../../../../arm-none-eabi/lib/thumb/v7-m/nofp\libm.a(libm_a-s_nan.o)
                              D:/arm_gcc/bin/../lib/gcc/arm-none-eabi/15.2.1/../../../../arm-none-eabi/lib/thumb/v7-m/nofp\libm.a(libm_a-w_log.o) (nan)
D:/arm_gcc/bin/../lib/gcc/arm-none-eabi/15.2.1/../../../../arm-none-eabi/lib/thumb/v7-m/nofp\libm.a(libm_a-e_log.o)
                              D:/arm_gcc/bin/../lib/gcc/arm-none-eabi/15.2.1/../../../../arm-none-eabi/lib/thumb/v7-m/nofp\libm.a(libm_a-w_log.o) (__ieee754_log)
D:/arm_gcc/bin/../lib/gcc/arm-none-eabi/15.2.1/thumb/v7-m/nofp\libgcc.a(_arm_muldf3.o)
                              CMakeFiles/BMS_STM32F103.elf.dir/BSW/CDD/bq769/bq769.c.obj (__aeabi_dmul)
D:/arm_gcc/bin/../lib/gcc/arm-none-eabi/15.2.1/thumb/v7-m/nofp\libgcc.a(_arm_mulsf3.o)
                              CMakeFiles/BMS_STM32F103.elf.dir/ASW/Com_AppIf.c.obj (__aeabi_fmul)
D:/arm_gcc/bin/../lib/gcc/arm-none-eabi/15.2.1/thumb/v7-m/nofp\libgcc.a(_arm_addsubdf3.o)
                              CMakeFiles/BMS_STM32F103.elf.dir/BSW/CDD/bq769/bq769.c.obj (__aeabi_dsub)
D:/arm_gcc/bin/../lib/gcc/arm-none-eabi/15.2.1/thumb/v7-m/nofp\libgcc.a(_arm_muldivdf3.o)
                              CMakeFiles/BMS_STM32F103.elf.dir/ASW/bms_app/bms_analysis.c.obj (__aeabi_ddiv)
D:/arm_gcc/bin/../lib/gcc/arm-none-eabi/15.2.1/thumb/v7-m/nofp\libgcc.a(_arm_cmpdf2.o)
                              D:/arm_gcc/bin/../lib/gcc/arm-none-eabi/15.2.1/../../../../arm-none-eabi/lib/thumb/v7-m/nofp\libm.a(libm_a-w_log.o) (__aeabi_dcmpeq)
D:/arm_gcc/bin/../lib/gcc/arm-none-eabi/15.2.1/thumb/v7-m/nofp\libgcc.a(_arm_unorddf2.o)
                              D:/arm_gcc/bin/../lib/gcc/arm-none-eabi/15.2.1/../../../../arm-none-eabi/lib/thumb/v7-m/nofp\libm.a(libm_a-w_log.o) (__aeabi_dcmpun)
D:/arm_gcc/bin/../lib/gcc/arm-none-eabi/15.2.1/thumb/v7-m/nofp\libgcc.a(_arm_truncdfsf2.o)
                              CMakeFiles/BMS_STM32F103.elf.dir/ASW/bms_app/bms_analysis.c.obj (__aeabi_d2f)
D:/arm_gcc/bin/../lib/gcc/arm-none-eabi/15.2.1/thumb/v7-m/nofp\libgcc.a(_arm_addsubsf3.o)
                              CMakeFiles/BMS_STM32F103.elf.dir/ASW/Com_AppIf.c.obj (__aeabi_fsub)
D:/arm_gcc/bin/../lib/gcc/arm-none-eabi/15.2.1/thumb/v7-m/nofp\libgcc.a(_arm_muldivsf3.o)
                              CMakeFiles/BMS_STM32F103.elf.dir/ASW/bms_app/bms_analysis.c.obj (__aeabi_fdiv)
D:/arm_gcc/bin/../lib/gcc/arm-none-eabi/15.2.1/thumb/v7-m/nofp\libgcc.a(_arm_cmpsf2.o)
                              CMakeFiles/BMS_STM32F103.elf.dir/ASW/bms_app/bms_info.c.obj (__aeabi_fcmpeq)
D:/arm_gcc/bin/../lib/gcc/arm-none-eabi/15.2.1/thumb/v7-m/nofp\libgcc.a(_arm_fixsfsi.o)
                              CMakeFiles/BMS_STM32F103.elf.dir/ASW/Com_AppIf.c.obj (__aeabi_f2iz)
D:/arm_gcc/bin/../lib/gcc/arm-none-eabi/15.2.1/thumb/v7-m/nofp\libgcc.a(_arm_fixunssfsi.o)
                              CMakeFiles/BMS_STM32F103.elf.dir/ASW/bms_app/bms_analysis.c.obj (__aeabi_f2uiz)
D:/arm_gcc/bin/../lib/gcc/arm-none-eabi/15.2.1/thumb/v7-m/nofp\libgcc.a(_aeabi_uldivmod.o)
                              CMakeFiles/BMS_STM32F103.elf.dir/BSW/MCAL/delay/delay.c.obj (__aeabi_uldivmod)
D:/arm_gcc/bin/../lib/gcc/arm-none-eabi/15.2.1/thumb/v7-m/nofp\libgcc.a(_udivmoddi4.o)
                              D:/arm_gcc/bin/../lib/gcc/arm-none-eabi/15.2.1/thumb/v7-m/nofp\libgcc.a(_aeabi_uldivmod.o) (__udivmoddi4)
D:/arm_gcc/bin/../lib/gcc/arm-none-eabi/15.2.1/thumb/v7-m/nofp\libgcc.a(_dvmd_tls.o)
                              D:/arm_gcc/bin/../lib/gcc/arm-none-eabi/15.2.1/thumb/v7-m/nofp\libgcc.a(_aeabi_uldivmod.o) (__aeabi_ldiv0)
D:/arm_gcc/bin/../lib/gcc/arm-none-eabi/15.2.1/../../../../arm-none-eabi/lib/thumb/v7-m/nofp\libg_nano.a(libc_a-atoi.o)
                              CMakeFiles/BMS_STM32F103.elf.dir/ASW/app.c.obj (atoi)
D:/arm_gcc/bin/../lib/gcc/arm-none-eabi/15.2.1/../../../../arm-none-eabi/lib/thumb/v7-m/nofp\libg_nano.a(libc_a-exit.o)
                              D:/arm_gcc/bin/../lib/gcc/arm-none-eabi/15.2.1/../../../../arm-none-eabi/lib/thumb/v7-m/nofp/crt0.o (exit)
D:/arm_gcc/bin/../lib/gcc/arm-none-eabi/15.2.1/../../../../arm-none-eabi/lib/thumb/v7-m/nofp\libg_nano.a(libc_a-strtol.o)
                              D:/arm_gcc/bin/../lib/gcc/arm-none-eabi/15.2.1/../../../../arm-none-eabi/lib/thumb/v7-m/nofp\libg_nano.a(libc_a-atoi.o) (_strtol_r)
D:/arm_gcc/bin/../lib/gcc/arm-none-eabi/15.2.1/../../../../arm-none-eabi/lib/thumb/v7-m/nofp\libg_nano.a(libc_a-ctype_.o)
                              CMakeFiles/BMS_STM32F103.elf.dir/third_lib/rt-thread/components/finsh/msh_parse.c.obj (_ctype_)
[...]
Memory Configuration

Name             Origin             Length             Attributes
FLASH            0x08000000         0x00010000         xr
RAM              0x20000000         0x00005000         xrw
*default*        0x00000000         0xffffffff

Linker script and memory map

LOAD D:/arm_gcc/bin/../lib/gcc/arm-none-eabi/15.2.1/thumb/v7-m/nofp/crti.o
LOAD D:/arm_gcc/bin/../lib/gcc/arm-none-eabi/15.2.1/thumb/v7-m/nofp/crtbegin.o
LOAD D:/arm_gcc/bin/../lib/gcc/arm-none-eabi/15.2.1/../../../../arm-none-eabi/lib/thumb/v7-m/nofp/crt0.o
LOAD CMakeFiles/BMS_STM32F103.elf.dir/ASW/Com_AppIf.c.obj
LOAD CMakeFiles/BMS_STM32F103.elf.dir/ASW/app.c.obj
LOAD CMakeFiles/BMS_STM32F103.elf.dir/ASW/bms_app/bms_analysis.c.obj
LOAD CMakeFiles/BMS_STM32F103.elf.dir/ASW/bms_app/bms_balance.c.obj
LOAD CMakeFiles/BMS_STM32F103.elf.dir/ASW/bms_app/bms_info.c.obj
LOAD CMakeFiles/BMS_STM32F103.elf.dir/ASW/bms_app/bms_monitor.c.obj
LOAD CMakeFiles/BMS_STM32F103.elf.dir/ASW/bms_app/bms_protect.c.obj
LOAD CMakeFiles/BMS_STM32F103.elf.dir/ASW/bms_app/bms_utils.c.obj
LOAD CMakeFiles/BMS_STM32F103.elf.dir/ASW/bms_config/bms_control.c.obj
LOAD CMakeFiles/BMS_STM32F103.elf.dir/ASW/board.c.obj
LOAD CMakeFiles/BMS_STM32F103.elf.dir/ASW/main.c.obj
LOAD CMakeFiles/BMS_STM32F103.elf.dir/BSW/CDD/bq769/bq769.c.obj
LOAD CMakeFiles/BMS_STM32F103.elf.dir/BSW/ECUAL/CanIf.c.obj
LOAD CMakeFiles/BMS_STM32F103.elf.dir/BSW/ECUM/EcuM.c.obj
LOAD CMakeFiles/BMS_STM32F103.elf.dir/BSW/MCAL/can/can.c.obj
LOAD CMakeFiles/BMS_STM32F103.elf.dir/BSW/MCAL/delay/delay.c.obj
LOAD CMakeFiles/BMS_STM32F103.elf.dir/BSW/MCAL/soft_i2c/soft_i2c.c.obj
LOAD CMakeFiles/BMS_STM32F103.elf.dir/BSW/MCAL/usart/usart.c.obj
LOAD CMakeFiles/BMS_STM32F103.elf.dir/BSW/SERVICES/Com.c.obj
LOAD CMakeFiles/BMS_STM32F103.elf.dir/RTE/Rte.c.obj
LOAD CMakeFiles/BMS_STM32F103.elf.dir/firmware/comsis/core/startup_stm32f10x_md_gcc.S.obj
LOAD CMakeFiles/BMS_STM32F103.elf.dir/firmware/comsis/device/stm32f10x_it.c.obj
LOAD CMakeFiles/BMS_STM32F103.elf.dir/firmware/comsis/device/system_stm32f10x.c.obj
LOAD CMakeFiles/BMS_STM32F103.elf.dir/firmware/driver/src/misc.c.obj
LOAD CMakeFiles/BMS_STM32F103.elf.dir/firmware/driver/src/stm32f10x_adc.c.obj
LOAD CMakeFiles/BMS_STM32F103.elf.dir/firmware/driver/src/stm32f10x_bkp.c.obj
LOAD CMakeFiles/BMS_STM32F103.elf.dir/firmware/driver/src/stm32f10x_can.c.obj
LOAD CMakeFiles/BMS_STM32F103.elf.dir/firmware/driver/src/stm32f10x_cec.c.obj
LOAD CMakeFiles/BMS_STM32F103.elf.dir/firmware/driver/src/stm32f10x_crc.c.obj
LOAD CMakeFiles/BMS_STM32F103.elf.dir/firmware/driver/src/stm32f10x_dac.c.obj
LOAD CMakeFiles/BMS_STM32F103.elf.dir/firmware/driver/src/stm32f10x_dbgmcu.c.obj
LOAD CMakeFiles/BMS_STM32F103.elf.dir/firmware/driver/src/stm32f10x_dma.c.obj
LOAD CMakeFiles/BMS_STM32F103.elf.dir/firmware/driver/src/stm32f10x_exti.c.obj
LOAD CMakeFiles/BMS_STM32F103.elf.dir/firmware/driver/src/stm32f10x_flash.c.obj
LOAD CMakeFiles/BMS_STM32F103.elf.dir/firmware/driver/src/stm32f10x_fsmc.c.obj
LOAD CMakeFiles/BMS_STM32F103.elf.dir/firmware/driver/src/stm32f10x_gpio.c.obj
LOAD CMakeFiles/BMS_STM32F103.elf.dir/firmware/driver/src/stm32f10x_i2c.c.obj
LOAD CMakeFiles/BMS_STM32F103.elf.dir/firmware/driver/src/stm32f10x_iwdg.c.obj
LOAD CMakeFiles/BMS_STM32F103.elf.dir/firmware/driver/src/stm32f10x_pwr.c.obj
LOAD CMakeFiles/BMS_STM32F103.elf.dir/firmware/driver/src/stm32f10x_rcc.c.obj
LOAD CMakeFiles/BMS_STM32F103.elf.dir/firmware/driver/src/stm32f10x_rtc.c.obj
LOAD CMakeFiles/BMS_STM32F103.elf.dir/firmware/driver/src/stm32f10x_sdio.c.obj
LOAD CMakeFiles/BMS_STM32F103.elf.dir/firmware/driver/src/stm32f10x_spi.c.obj
LOAD CMakeFiles/BMS_STM32F103.elf.dir/firmware/driver/src/stm32f10x_tim.c.obj
LOAD CMakeFiles/BMS_STM32F103.elf.dir/firmware/driver/src/stm32f10x_usart.c.obj
LOAD CMakeFiles/BMS_STM32F103.elf.dir/firmware/driver/src/stm32f10x_wwdg.c.obj
LOAD CMakeFiles/BMS_STM32F103.elf.dir/third_lib/rt-thread/components/finsh/cmd.c.obj
LOAD CMakeFiles/BMS_STM32F103.elf.dir/third_lib/rt-thread/components/finsh/msh.c.obj
LOAD CMakeFiles/BMS_STM32F103.elf.dir/third_lib/rt-thread/components/finsh/msh_file.c.obj
LOAD CMakeFiles/BMS_STM32F103.elf.dir/third_lib/rt-thread/components/finsh/msh_parse.c.obj
LOAD CMakeFiles/BMS_STM32F103.elf.dir/third_lib/rt-thread/components/finsh/shell.c.obj
LOAD CMakeFiles/BMS_STM32F103.elf.dir/third_lib/rt-thread/libcpu/arm/cortex-m3/context_gcc.S.obj
LOAD CMakeFiles/BMS_STM32F103.elf.dir/third_lib/rt-thread/libcpu/arm/cortex-m3/cpuport.c.obj
LOAD CMakeFiles/BMS_STM32F103.elf.dir/third_lib/rt-thread/src/clock.c.obj
LOAD CMakeFiles/BMS_STM32F103.elf.dir/third_lib/rt-thread/src/components.c.obj
LOAD CMakeFiles/BMS_STM32F103.elf.dir/third_lib/rt-thread/src/cpu.c.obj
LOAD CMakeFiles/BMS_STM32F103.elf.dir/third_lib/rt-thread/src/device.c.obj
LOAD CMakeFiles/BMS_STM32F103.elf.dir/third_lib/rt-thread/src/idle.c.obj
LOAD CMakeFiles/BMS_STM32F103.elf.dir/third_lib/rt-thread/src/ipc.c.obj
LOAD CMakeFiles/BMS_STM32F103.elf.dir/third_lib/rt-thread/src/irq.c.obj
LOAD CMakeFiles/BMS_STM32F103.elf.dir/third_lib/rt-thread/src/kservice.c.obj
LOAD CMakeFiles/BMS_STM32F103.elf.dir/third_lib/rt-thread/src/mem.c.obj
LOAD CMakeFiles/BMS_STM32F103.elf.dir/third_lib/rt-thread/src/memheap.c.obj
LOAD CMakeFiles/BMS_STM32F103.elf.dir/third_lib/rt-thread/src/mempool.c.obj
LOAD CMakeFiles/BMS_STM32F103.elf.dir/third_lib/rt-thread/src/object.c.obj
LOAD CMakeFiles/BMS_STM32F103.elf.dir/third_lib/rt-thread/src/scheduler.c.obj
LOAD CMakeFiles/BMS_STM32F103.elf.dir/third_lib/rt-thread/src/signal.c.obj
LOAD CMakeFiles/BMS_STM32F103.elf.dir/third_lib/rt-thread/src/slab.c.obj
LOAD CMakeFiles/BMS_STM32F103.elf.dir/third_lib/rt-thread/src/thread.c.obj
LOAD CMakeFiles/BMS_STM32F103.elf.dir/third_lib/rt-thread/src/timer.c.obj
LOAD D:/arm_gcc/bin/../lib/gcc/arm-none-eabi/15.2.1/../../../../arm-none-eabi/lib/thumb/v7-m/nofp\libm.a
START GROUP
LOAD D:/arm_gcc/bin/../lib/gcc/arm-none-eabi/15.2.1/thumb/v7-m/nofp\libgcc.a
LOAD D:/arm_gcc/bin/../lib/gcc/arm-none-eabi/15.2.1/../../../../arm-none-eabi/lib/thumb/v7-m/nofp\libg_nano.a
LOAD D:/arm_gcc/bin/../lib/gcc/arm-none-eabi/15.2.1/../../../../arm-none-eabi/lib/thumb/v7-m/nofp\libc_nano.a
END GROUP
START GROUP
LOAD D:/arm_gcc/bin/../lib/gcc/arm-none-eabi/15.2.1/thumb/v7-m/nofp\libgcc.a
LOAD D:/arm_gcc/bin/../lib/gcc/arm-none-eabi/15.2.1/../../../../arm-none-eabi/lib/thumb/v7-m/nofp\libc_nano.a
LOAD D:/arm_gcc/bin/../lib/gcc/arm-none-eabi/15.2.1/../../../../arm-none-eabi/lib/thumb/v7-m/nofp\libnosys.a
END GROUP
START GROUP
LOAD D:/arm_gcc/bin/../lib/gcc/arm-none-eabi/15.2.1/thumb/v7-m/nofp\libgcc.a
LOAD D:/arm_gcc/bin/../lib/gcc/arm-none-eabi/15.2.1/../../../../arm-none-eabi/lib/thumb/v7-m/nofp\libc_nano.a
LOAD D:/arm_gcc/bin/../lib/gcc/arm-none-eabi/15.2.1/../../../../arm-none-eabi/lib/thumb/v7-m/nofp\libnosys.a
END GROUP
LOAD D:/arm_gcc/bin/../lib/gcc/arm-none-eabi/15.2.1/thumb/v7-m/nofp/crtend.o
LOAD D:/arm_gcc/bin/../lib/gcc/arm-none-eabi/15.2.1/thumb/v7-m/nofp/crtn.o
                0x20005000                        _estack = (ORIGIN (RAM) + LENGTH (RAM))

.isr_vector     0x08000000      0x10c
                0x08000000                        . = ALIGN (0x4)
 *(.isr_vector)
 .isr_vector    0x08000000      0x10c CMakeFiles/BMS_STM32F103.elf.dir/firmware/comsis/core/startup_stm32f10x_md_gcc.S.obj
                0x08000000                g_pfnVectors
                0x0800010c                        . = ALIGN (0x4)

.rti_fn         0x0800010c       0x18
                0x0800010c                        . = ALIGN (0x4)
 *(SORT_BY_NAME(.rti_fn.*))
 .rti_fn.0      0x0800010c        0x4 CMakeFiles/BMS_STM32F103.elf.dir/third_lib/rt-thread/src/components.c.obj
                0x0800010c                __rt_init_rti_start
 .rti_fn.0.end  0x08000110        0x4 CMakeFiles/BMS_STM32F103.elf.dir/third_lib/rt-thread/src/components.c.obj
                0x08000110                __rt_init_rti_board_start
 .rti_fn.1      0x08000114        0x4 CMakeFiles/BMS_STM32F103.elf.dir/ASW/board.c.obj
                0x08000114                __rt_init_uart_init
 .rti_fn.1.end  0x08000118        0x4 CMakeFiles/BMS_STM32F103.elf.dir/third_lib/rt-thread/src/components.c.obj
                0x08000118                __rt_init_rti_board_end
 .rti_fn.6      0x0800011c        0x4 CMakeFiles/BMS_STM32F103.elf.dir/third_lib/rt-thread/components/finsh/shell.c.obj
                0x0800011c                __rt_init_finsh_system_init
 .rti_fn.6.end  0x08000120        0x4 CMakeFiles/BMS_STM32F103.elf.dir/third_lib/rt-thread/src/components.c.obj
                0x08000120                __rt_init_rti_end
                0x08000124                        . = ALIGN (0x4)

.fsymtab        0x08000124       0xfc
                0x08000124                        . = ALIGN (0x4)
                0x08000124                        __fsymtab_start = .
 *(FSymTab)
 FSymTab        0x08000124        0xc CMakeFiles/BMS_STM32F103.elf.dir/ASW/app.c.obj
                0x08000124                __fsym_shell_test
 FSymTab        0x08000130       0x6c CMakeFiles/BMS_STM32F103.elf.dir/ASW/bms_config/bms_control.c.obj
                0x08000130                __fsym_BMS_CmdCloseInfo
                0x0800013c                __fsym_BMS_CmdOpenInfo
                0x08000148                __fsym_BMS_CmdLoadDetect
                0x08000154                __fsym_BMS_CmdCloseBalance
                0x08000160                __fsym_BMS_CmdOpenBalance
                0x0800016c                __fsym_BMS_CmdCloseCHG
                0x08000178                __fsym_BMS_CmdOpenCHG
                0x08000184                __fsym_BMS_CmdCloseDSG
                0x08000190                __fsym_BMS_CmdOpenDSG
 FSymTab        0x0800019c       0x60 CMakeFiles/BMS_STM32F103.elf.dir/third_lib/rt-thread/components/finsh/cmd.c.obj
                0x0800019c                __fsym_list
                0x080001a8                __fsym_list_timer
                0x080001b4                __fsym_list_mailbox
                0x080001c0                __fsym_list_mutex
                0x080001cc                __fsym_list_sem
                0x080001d8                __fsym_list_thread
                0x080001e4                __fsym_version
                0x080001f0                __fsym_clear
 FSymTab        0x080001fc       0x24 CMakeFiles/BMS_STM32F103.elf.dir/third_lib/rt-thread/components/finsh/msh.c.obj
                0x080001fc                __fsym_free
                0x08000208                __fsym_ps
                0x08000214                __fsym_help
 *(.fsymtab*)
                0x08000220                        __fsymtab_end = .
                0x08000220                        . = ALIGN (0x4)

.text           0x08000220     0xb640
                0x08000220                        . = ALIGN (0x4)
 *(.text)
 .text          0x08000220      0x108 CMakeFiles/BMS_STM32F103.elf.dir/third_lib/rt-thread/libcpu/arm/cortex-m3/context_gcc.S.obj
                0x08000220                rt_hw_interrupt_disable
                0x08000228                rt_hw_interrupt_enable
                0x0800022e                rt_hw_context_switch_interrupt
                0x0800022e                rt_hw_context_switch
                0x0800024e                PendSV_Handler
                0x0800028a                rt_hw_context_switch_to
                0x080002cc                rt_hw_interrupt_thread_switch
                0x080002d0                HardFault_Handler
                0x08000306                rt_hw_interrupt_check
 .text          0x08000328      0x378 D:/arm_gcc/bin/../lib/gcc/arm-none-eabi/15.2.1/thumb/v7-m/nofp\libgcc.a(_arm_addsubdf3.o)
                0x08000328                __aeabi_drsub
                0x08000330                __aeabi_dsub
                0x08000330                __subdf3
                0x08000334                __aeabi_dadd
                0x08000334                __adddf3
                0x080005ac                __floatunsidf
                0x080005ac                __aeabi_ui2d
                0x080005cc                __floatsidf
                0x080005cc                __aeabi_i2d
                0x080005f0                __aeabi_f2d
                0x080005f0                __extendsfdf2
                0x08000634                __floatundidf
                0x08000634                __aeabi_ul2d
                0x08000644                __floatdidf
                0x08000644                __aeabi_l2d
 .text          0x080006a0      0x424 D:/arm_gcc/bin/../lib/gcc/arm-none-eabi/15.2.1/thumb/v7-m/nofp\libgcc.a(_arm_muldivdf3.o)
                0x080006a0                __aeabi_dmul
                0x080006a0                __muldf3
                0x080008f4                __divdf3
                0x080008f4                __aeabi_ddiv
 .text          0x08000ac4      0x110 D:/arm_gcc/bin/../lib/gcc/arm-none-eabi/15.2.1/thumb/v7-m/nofp\libgcc.a(_arm_cmpdf2.o)
                0x08000ac4                __gtdf2
                0x08000ac4                __gedf2
                0x08000acc                __ltdf2
                0x08000acc                __ledf2
                0x08000ad4                __nedf2
                0x08000ad4                __eqdf2
                0x08000ad4                __cmpdf2
                0x08000b50                __aeabi_cdrcmple
                0x08000b60                __aeabi_cdcmpeq
                0x08000b60                __aeabi_cdcmple
                0x08000b70                __aeabi_dcmpeq
                0x08000b84                __aeabi_dcmplt
                0x08000b98                __aeabi_dcmple
                0x08000bac                __aeabi_dcmpge
                0x08000bc0                __aeabi_dcmpgt
 .text          0x08000bd4       0x2c D:/arm_gcc/bin/../lib/gcc/arm-none-eabi/15.2.1/thumb/v7-m/nofp\libgcc.a(_arm_unorddf2.o)
                0x08000bd4                __unorddf2
                0x08000bd4                __aeabi_dcmpun
 .text          0x08000c00       0xa0 D:/arm_gcc/bin/../lib/gcc/arm-none-eabi/15.2.1/thumb/v7-m/nofp\libgcc.a(_arm_truncdfsf2.o)
                0x08000c00                __truncdfsf2
                0x08000c00                __aeabi_d2f
 .text          0x08000ca0      0x21c D:/arm_gcc/bin/../lib/gcc/arm-none-eabi/15.2.1/thumb/v7-m/nofp\libgcc.a(_arm_addsubsf3.o)
                0x08000ca0                __aeabi_frsub
                0x08000ca8                __subsf3
                0x08000ca8                __aeabi_fsub
                0x08000cac                __aeabi_fadd
                0x08000cac                __addsf3
                0x08000e0c                __aeabi_ui2f
                0x08000e0c                __floatunsisf
                0x08000e14                __aeabi_i2f
                0x08000e14                __floatsisf
                0x08000e30                __aeabi_ul2f
                0x08000e30                __floatundisf
                0x08000e40                __aeabi_l2f
                0x08000e40                __floatdisf
 .text          0x08000ebc      0x2a0 D:/arm_gcc/bin/../lib/gcc/arm-none-eabi/15.2.1/thumb/v7-m/nofp\libgcc.a(_arm_muldivsf3.o)
                0x08000ebc                __mulsf3
                0x08000ebc                __aeabi_fmul
                0x08001024                __aeabi_fdiv
                0x08001024                __divsf3
 .text          0x0800115c       0xec D:/arm_gcc/bin/../lib/gcc/arm-none-eabi/15.2.1/thumb/v7-m/nofp\libgcc.a(_arm_cmpsf2.o)
                0x0800115c                __gesf2
                0x0800115c                __gtsf2
                0x08001164                __lesf2
                0x08001164                __ltsf2
                0x0800116c                __nesf2
                0x0800116c                __eqsf2
                0x0800116c                __cmpsf2
                0x080011cc                __aeabi_cfrcmple
                0x080011d4                __aeabi_cfcmpeq
                0x080011d4                __aeabi_cfcmple
                0x080011e4                __aeabi_fcmpeq
                0x080011f8                __aeabi_fcmplt
                0x0800120c                __aeabi_fcmple
                0x08001220                __aeabi_fcmpge
                0x08001234                __aeabi_fcmpgt
 .text          0x08001248       0x4c D:/arm_gcc/bin/../lib/gcc/arm-none-eabi/15.2.1/thumb/v7-m/nofp\libgcc.a(_arm_fixsfsi.o)
                0x08001248                __aeabi_f2iz
                0x08001248                __fixsfsi
 .text          0x08001294       0x40 D:/arm_gcc/bin/../lib/gcc/arm-none-eabi/15.2.1/thumb/v7-m/nofp\libgcc.a(_arm_fixunssfsi.o)
                0x08001294                __fixunssfsi
                0x08001294                __aeabi_f2uiz
 .text          0x080012d4       0x14 D:/arm_gcc/bin/../lib/gcc/arm-none-eabi/15.2.1/../../../../arm-none-eabi/lib/thumb/v7-m/nofp\libg_nano.a(libc_a-strcmp.o)
                0x080012d4                strcmp
 .text          0x080012e8       0x10 D:/arm_gcc/bin/../lib/gcc/arm-none-eabi/15.2.1/../../../../arm-none-eabi/lib/thumb/v7-m/nofp\libg_nano.a(libc_a-strlen.o)
                0x080012e8                strlen
 *(.text*)
 .text.register_tm_clones
                0x080012f8       0x24 D:/arm_gcc/bin/../lib/gcc/arm-none-eabi/15.2.1/thumb/v7-m/nofp/crtbegin.o
 .text.frame_dummy
                0x0800131c       0x24 D:/arm_gcc/bin/../lib/gcc/arm-none-eabi/15.2.1/thumb/v7-m/nofp/crtbegin.o
 .text.Com_GetBmsStatusInput
                0x08001340       0x34 CMakeFiles/BMS_STM32F103.elf.dir/ASW/Com_AppIf.c.obj
                0x08001340                Com_GetBmsStatusInput
 .text.Com_RxIndicationHook
                0x08001374       0xfc CMakeFiles/BMS_STM32F103.elf.dir/ASW/Com_AppIf.c.obj
                0x08001374                Com_RxIndicationHook
 .text.rte_com_task
                0x08001470       0x3a CMakeFiles/BMS_STM32F103.elf.dir/ASW/app.c.obj
 *fill*         0x080014aa        0x2 
 .text.shell_test
                0x080014ac       0x24 CMakeFiles/BMS_STM32F103.elf.dir/ASW/app.c.obj
 .text.app_init
                0x080014d0       0xfc CMakeFiles/BMS_STM32F103.elf.dir/ASW/app.c.obj
                0x080014d0                app_init
 .text.BMS_AnalysisOcvToSoc
                0x080015cc       0x54 CMakeFiles/BMS_STM32F103.elf.dir/ASW/bms_app/bms_analysis.c.obj
 .text.BMS_AnalysisTask
                0x08001620      0x240 CMakeFiles/BMS_STM32F103.elf.dir/ASW/bms_app/bms_analysis.c.obj
 .text.BMS_AnalysisInit
                0x08001860       0x5c CMakeFiles/BMS_STM32F103.elf.dir/ASW/bms_app/bms_analysis.c.obj
                0x08001860                BMS_AnalysisInit
 .text.BalanceTimerCallback
                0x080018bc       0x38 CMakeFiles/BMS_STM32F103.elf.dir/ASW/bms_app/bms_balance.c.obj
 .text.BMS_BalanceTask
                0x080018f4      0x2b0 CMakeFiles/BMS_STM32F103.elf.dir/ASW/bms_app/bms_balance.c.obj
 .text.BMS_BalanceInit
                0x08001ba4       0xa8 CMakeFiles/BMS_STM32F103.elf.dir/ASW/bms_app/bms_balance.c.obj
                0x08001ba4                BMS_BalanceInit
 .text.format_float_1
                0x08001c4c       0x54 CMakeFiles/BMS_STM32F103.elf.dir/ASW/bms_app/bms_info.c.obj
 .text.format_float_3
                0x08001ca0       0x54 CMakeFiles/BMS_STM32F103.elf.dir/ASW/bms_app/bms_info.c.obj
 .text.BMS_InfoTask
                0x08001cf4      0x428 CMakeFiles/BMS_STM32F103.elf.dir/ASW/bms_app/bms_info.c.obj
 .text.BMS_InfoInit
                0x0800211c       0x7c CMakeFiles/BMS_STM32F103.elf.dir/ASW/bms_app/bms_info.c.obj
                0x0800211c                BMS_InfoInit
 .text.BMS_InfoControlPrintf
                0x08002198       0x10 CMakeFiles/BMS_STM32F103.elf.dir/ASW/bms_app/bms_info.c.obj
                0x08002198                BMS_InfoControlPrintf
 .text.compaer_cell
                0x080021a8       0x12 CMakeFiles/BMS_STM32F103.elf.dir/ASW/bms_app/bms_monitor.c.obj
 *fill*         0x080021ba        0x2 
 .text.Bms_MonitorTask
                0x080021bc      0x160 CMakeFiles/BMS_STM32F103.elf.dir/ASW/bms_app/bms_monitor.c.obj
 .text.BMS_MonitorInit
                0x0800231c       0x5c CMakeFiles/BMS_STM32F103.elf.dir/ASW/bms_app/bms_monitor.c.obj
                0x0800231c                BMS_MonitorInit
 .text.BMS_ProtectTask
                0x08002378      0x35c CMakeFiles/BMS_STM32F103.elf.dir/ASW/bms_app/bms_protect.c.obj
 .text.BMS_ProtectInit
                0x080026d4       0x5c CMakeFiles/BMS_STM32F103.elf.dir/ASW/bms_app/bms_protect.c.obj
                0x080026d4                BMS_ProtectInit
 .text.BMS_ProtectHwOV
                0x08002730       0x48 CMakeFiles/BMS_STM32F103.elf.dir/ASW/bms_app/bms_protect.c.obj
                0x08002730                BMS_ProtectHwOV
 .text.BMS_ProtectHwOCD
                0x08002778       0x48 CMakeFiles/BMS_STM32F103.elf.dir/ASW/bms_app/bms_protect.c.obj
                0x08002778                BMS_ProtectHwOCD
 .text.BMS_ProtectHwSCD
                0x080027c0       0x48 CMakeFiles/BMS_STM32F103.elf.dir/ASW/bms_app/bms_protect.c.obj
                0x080027c0                BMS_ProtectHwSCD
 .text.BMS_ProtectHwUV
                0x08002808       0x48 CMakeFiles/BMS_STM32F103.elf.dir/ASW/bms_app/bms_protect.c.obj
                0x08002808                BMS_ProtectHwUV
 .text.BMS_ProtectHwDevice
                0x08002850        0x2 CMakeFiles/BMS_STM32F103.elf.dir/ASW/bms_app/bms_protect.c.obj
                0x08002850                BMS_ProtectHwDevice
 .text.BMS_ProtectHwOvrd
                0x08002852        0x2 CMakeFiles/BMS_STM32F103.elf.dir/ASW/bms_app/bms_protect.c.obj
                0x08002852                BMS_ProtectHwOvrd
 .text.right_bound
                0x08002854       0x2e CMakeFiles/BMS_STM32F103.elf.dir/ASW/bms_app/bms_utils.c.obj
                0x08002854                right_bound
 .text.BubbleFloat
                0x08002882       0x3e CMakeFiles/BMS_STM32F103.elf.dir/ASW/bms_app/bms_utils.c.obj
                0x08002882                BubbleFloat
 .text.swap     0x080028c0       0x1a CMakeFiles/BMS_STM32F103.elf.dir/ASW/bms_app/bms_utils.c.obj
                0x080028c0                swap
 .text.BubbleSort
                0x080028da       0x46 CMakeFiles/BMS_STM32F103.elf.dir/ASW/bms_app/bms_utils.c.obj
                0x080028da                BubbleSort
 .text.BMS_CmdOpenDSG
                0x08002920        0xc CMakeFiles/BMS_STM32F103.elf.dir/ASW/bms_config/bms_control.c.obj
 .text.BMS_CmdCloseDSG
                0x0800292c        0xc CMakeFiles/BMS_STM32F103.elf.dir/ASW/bms_config/bms_control.c.obj
 .text.BMS_CmdOpenCHG
                0x08002938        0xc CMakeFiles/BMS_STM32F103.elf.dir/ASW/bms_config/bms_control.c.obj
 .text.BMS_CmdCloseCHG
                0x08002944        0xc CMakeFiles/BMS_STM32F103.elf.dir/ASW/bms_config/bms_control.c.obj
 .text.BMS_CmdOpenBalance
                0x08002950        0xc CMakeFiles/BMS_STM32F103.elf.dir/ASW/bms_config/bms_control.c.obj
 .text.BMS_CmdCloseBalance
                0x0800295c        0xc CMakeFiles/BMS_STM32F103.elf.dir/ASW/bms_config/bms_control.c.obj
 .text.BMS_CmdOpenInfo
                0x08002968        0x6 CMakeFiles/BMS_STM32F103.elf.dir/ASW/bms_config/bms_control.c.obj
 .text.BMS_CmdCloseInfo
                0x0800296e        0x6 CMakeFiles/BMS_STM32F103.elf.dir/ASW/bms_config/bms_control.c.obj
 .text.BMS_CmdLoadDetect
                0x08002974       0x38 CMakeFiles/BMS_STM32F103.elf.dir/ASW/bms_config/bms_control.c.obj
 .text.BMS_HalCtrlDischarge
                0x080029ac       0x28 CMakeFiles/BMS_STM32F103.elf.dir/ASW/bms_config/bms_control.c.obj
                0x080029ac                BMS_HalCtrlDischarge
 .text.BMS_HalCtrlCharge
                0x080029d4       0x28 CMakeFiles/BMS_STM32F103.elf.dir/ASW/bms_config/bms_control.c.obj
                0x080029d4                BMS_HalCtrlCharge
 .text.BMS_HalCtrlCellsBalance
                0x080029fc       0x28 CMakeFiles/BMS_STM32F103.elf.dir/ASW/bms_config/bms_control.c.obj
                0x080029fc                BMS_HalCtrlCellsBalance
 .text.BMS_HalUpdateCellVoltage
                0x08002a24       0x24 CMakeFiles/BMS_STM32F103.elf.dir/ASW/bms_config/bms_control.c.obj
                0x08002a24                BMS_HalUpdateCellVoltage
 .text.BMS_HalUpdateCellTemperature
                0x08002a48       0x20 CMakeFiles/BMS_STM32F103.elf.dir/ASW/bms_config/bms_control.c.obj
                0x08002a48                BMS_HalUpdateCellTemperature
 .text.BMS_HalUpdateCellCurrent
                0x08002a68       0x20 CMakeFiles/BMS_STM32F103.elf.dir/ASW/bms_config/bms_control.c.obj
                0x08002a68                BMS_HalUpdateCellCurrent
 .text.uart_init
                0x08002a88        0xa CMakeFiles/BMS_STM32F103.elf.dir/ASW/board.c.obj
 *fill*         0x08002a92        0x2 
 .text.rt_heap_begin_get
                0x08002a94        0x8 CMakeFiles/BMS_STM32F103.elf.dir/ASW/board.c.obj
                0x08002a94                rt_heap_begin_get
 .text.rt_heap_end_get
                0x08002a9c        0x8 CMakeFiles/BMS_STM32F103.elf.dir/ASW/board.c.obj
                0x08002a9c                rt_heap_end_get
 .text.rt_os_tick_callback
                0x08002aa4       0x12 CMakeFiles/BMS_STM32F103.elf.dir/ASW/board.c.obj
                0x08002aa4                rt_os_tick_callback
 .text.rt_hw_board_init
                0x08002ab6       0x20 CMakeFiles/BMS_STM32F103.elf.dir/ASW/board.c.obj
                0x08002ab6                rt_hw_board_init
 *fill*         0x08002ad6        0x2 
 .text.rt_hw_console_output
                0x08002ad8       0x40 CMakeFiles/BMS_STM32F103.elf.dir/ASW/board.c.obj
                0x08002ad8                rt_hw_console_output
 .text.rt_hw_console_getchar
                0x08002b18       0x4c CMakeFiles/BMS_STM32F103.elf.dir/ASW/board.c.obj
                0x08002b18                rt_hw_console_getchar
 .text.startup.main
                0x08002b64        0xe CMakeFiles/BMS_STM32F103.elf.dir/ASW/main.c.obj
                0x08002b64                main
 .text.CRC8.constprop.0
                0x08002b72       0x3e CMakeFiles/BMS_STM32F103.elf.dir/BSW/CDD/bq769/bq769.c.obj
 .text.BQ769X0_ReadRegisterWordWithCRC
                0x08002bb0       0xd0 CMakeFiles/BMS_STM32F103.elf.dir/BSW/CDD/bq769/bq769.c.obj
 .text.BQ769X0_ReadBlockWithCRC
                0x08002c80       0xec CMakeFiles/BMS_STM32F103.elf.dir/BSW/CDD/bq769/bq769.c.obj
 .text.BQ769X0_WriteRegisterByteWithCRC
                0x08002d6c       0x70 CMakeFiles/BMS_STM32F103.elf.dir/BSW/CDD/bq769/bq769.c.obj
 .text.BQ769X0_ReadRegisterByteWithCRC.isra.0
                0x08002ddc       0xa0 CMakeFiles/BMS_STM32F103.elf.dir/BSW/CDD/bq769/bq769.c.obj
 .text.BQ769X0_WriteBlockWithCRC.isra.0
                0x08002e7c       0xb0 CMakeFiles/BMS_STM32F103.elf.dir/BSW/CDD/bq769/bq769.c.obj
 .text.EXTI15_10_IRQHandler
                0x08002f2c       0xa8 CMakeFiles/BMS_STM32F103.elf.dir/BSW/CDD/bq769/bq769.c.obj
                0x08002f2c                EXTI15_10_IRQHandler
 .text.BQ769X0_UpdateCellVolt
                0x08002fd4       0x98 CMakeFiles/BMS_STM32F103.elf.dir/BSW/CDD/bq769/bq769.c.obj
                0x08002fd4                BQ769X0_UpdateCellVolt
 *fill*         0x0800306c        0x4 
 .text.BQ769X0_UpdateTsTemp
                0x08003070      0x138 CMakeFiles/BMS_STM32F103.elf.dir/BSW/CDD/bq769/bq769.c.obj
                0x08003070                BQ769X0_UpdateTsTemp
 .text.BQ769X0_UpdateCurrent
                0x080031a8       0x90 CMakeFiles/BMS_STM32F103.elf.dir/BSW/CDD/bq769/bq769.c.obj
                0x080031a8                BQ769X0_UpdateCurrent
 .text.BQ769X0_UpdateBatVolt
                0x08003238       0x88 CMakeFiles/BMS_STM32F103.elf.dir/BSW/CDD/bq769/bq769.c.obj
                0x08003238                BQ769X0_UpdateBatVolt
 .text.BQ769X0_GetADCGainOffset
                0x080032c0       0x74 CMakeFiles/BMS_STM32F103.elf.dir/BSW/CDD/bq769/bq769.c.obj
                0x080032c0                BQ769X0_GetADCGainOffset
 .text.BQ769X0_LoadDetect
                0x08003334       0x20 CMakeFiles/BMS_STM32F103.elf.dir/BSW/CDD/bq769/bq769.c.obj
                0x08003334                BQ769X0_LoadDetect
 .text.BQ769X0_Wakeup
                0x08003354       0x54 CMakeFiles/BMS_STM32F103.elf.dir/BSW/CDD/bq769/bq769.c.obj
                0x08003354                BQ769X0_Wakeup
 .text.BQ769X0_EntryShip
                0x080033a8       0x1e CMakeFiles/BMS_STM32F103.elf.dir/BSW/CDD/bq769/bq769.c.obj
                0x080033a8                BQ769X0_EntryShip
 *fill*         0x080033c6        0x2 
 .text.BQ769X0_ControlDSGOrCHG
                0x080033c8       0x1c CMakeFiles/BMS_STM32F103.elf.dir/BSW/CDD/bq769/bq769.c.obj
                0x080033c8                BQ769X0_ControlDSGOrCHG
 .text.BQ769X0_CellBalanceControl
                0x080033e4       0x5c CMakeFiles/BMS_STM32F103.elf.dir/BSW/CDD/bq769/bq769.c.obj
                0x080033e4                BQ769X0_CellBalanceControl
 .text.BQ769X0_Initialize
                0x08003440      0x1c4 CMakeFiles/BMS_STM32F103.elf.dir/BSW/CDD/bq769/bq769.c.obj
                0x08003440                BQ769X0_Initialize
 .text.CanIf_FreeMsg.part.0
                0x08003604       0x50 CMakeFiles/BMS_STM32F103.elf.dir/BSW/ECUAL/CanIf.c.obj
 .text.CanIf_Init
                0x08003654       0x58 CMakeFiles/BMS_STM32F103.elf.dir/BSW/ECUAL/CanIf.c.obj
                0x08003654                CanIf_Init
 .text.CanIf_Transmit
                0x080036ac       0x20 CMakeFiles/BMS_STM32F103.elf.dir/BSW/ECUAL/CanIf.c.obj
                0x080036ac                CanIf_Transmit
 .text.CanIf_MainFunction_Read
                0x080036cc        0x4 CMakeFiles/BMS_STM32F103.elf.dir/BSW/ECUAL/CanIf.c.obj
                0x080036cc                CanIf_MainFunction_Read
 .text.CanIf_ReadRx
                0x080036d0       0x50 CMakeFiles/BMS_STM32F103.elf.dir/BSW/ECUAL/CanIf.c.obj
                0x080036d0                CanIf_ReadRx
 .text.CanIf_RxIndication
                0x08003720       0xac CMakeFiles/BMS_STM32F103.elf.dir/BSW/ECUAL/CanIf.c.obj
                0x08003720                CanIf_RxIndication
 .text.CanIf_TxConfirmation
                0x080037cc        0x2 CMakeFiles/BMS_STM32F103.elf.dir/BSW/ECUAL/CanIf.c.obj
                0x080037cc                CanIf_TxConfirmation
 .text.CanIf_ControllerBusOff
                0x080037ce        0x2 CMakeFiles/BMS_STM32F103.elf.dir/BSW/ECUAL/CanIf.c.obj
                0x080037ce                CanIf_ControllerBusOff
 .text.CanIf_ControllerModeIndication
                0x080037d0        0x2 CMakeFiles/BMS_STM32F103.elf.dir/BSW/ECUAL/CanIf.c.obj
                0x080037d0                CanIf_ControllerModeIndication
 *fill*         0x080037d2        0x2 
 .text.EcuM_Init
                0x080037d4       0x20 CMakeFiles/BMS_STM32F103.elf.dir/BSW/ECUM/EcuM.c.obj
                0x080037d4                EcuM_Init
 .text.EcuM_StartupTwo
                0x080037f4       0x20 CMakeFiles/BMS_STM32F103.elf.dir/BSW/ECUM/EcuM.c.obj
                0x080037f4                EcuM_StartupTwo
 .text.Can_ResetTxTracking
                0x08003814       0x1c CMakeFiles/BMS_STM32F103.elf.dir/BSW/MCAL/can/can.c.obj
 .text.Can_ReadErrorState
                0x08003830       0x18 CMakeFiles/BMS_STM32F103.elf.dir/BSW/MCAL/can/can.c.obj
 .text.Can_ProcessRxFifo
                0x08003848       0xb8 CMakeFiles/BMS_STM32F103.elf.dir/BSW/MCAL/can/can.c.obj
 .text.Can_Init
                0x08003900      0x198 CMakeFiles/BMS_STM32F103.elf.dir/BSW/MCAL/can/can.c.obj
                0x08003900                Can_Init
 .text.Can_Write
                0x08003a98       0xa8 CMakeFiles/BMS_STM32F103.elf.dir/BSW/MCAL/can/can.c.obj
                0x08003a98                Can_Write
 .text.Can_SetControllerMode
                0x08003b40       0x5c CMakeFiles/BMS_STM32F103.elf.dir/BSW/MCAL/can/can.c.obj
                0x08003b40                Can_SetControllerMode
 .text.Can_MainFunction_Read
                0x08003b9c       0x6c CMakeFiles/BMS_STM32F103.elf.dir/BSW/MCAL/can/can.c.obj
                0x08003b9c                Can_MainFunction_Read
 .text.Can_MainFunction_Write
                0x08003c08       0x60 CMakeFiles/BMS_STM32F103.elf.dir/BSW/MCAL/can/can.c.obj
                0x08003c08                Can_MainFunction_Write
 .text.Can_MainFunction_BusOff
                0x08003c68       0x12 CMakeFiles/BMS_STM32F103.elf.dir/BSW/MCAL/can/can.c.obj
                0x08003c68                Can_MainFunction_BusOff
 *fill*         0x08003c7a        0x2 
 .text.Can_MainFunction_Error
                0x08003c7c       0x14 CMakeFiles/BMS_STM32F103.elf.dir/BSW/MCAL/can/can.c.obj
                0x08003c7c                Can_MainFunction_Error
 .text.Can_IsrRxFifo0
                0x08003c90       0x30 CMakeFiles/BMS_STM32F103.elf.dir/BSW/MCAL/can/can.c.obj
                0x08003c90                Can_IsrRxFifo0
 .text.Can_IsrRxFifo1
                0x08003cc0       0x30 CMakeFiles/BMS_STM32F103.elf.dir/BSW/MCAL/can/can.c.obj
                0x08003cc0                Can_IsrRxFifo1
 .text.Can_IsrTx
                0x08003cf0       0x2c CMakeFiles/BMS_STM32F103.elf.dir/BSW/MCAL/can/can.c.obj
                0x08003cf0                Can_IsrTx
 .text.Can_IsrError
                0x08003d1c       0x64 CMakeFiles/BMS_STM32F103.elf.dir/BSW/MCAL/can/can.c.obj
                0x08003d1c                Can_IsrError
 .text.USB_LP_CAN1_RX0_IRQHandler
                0x08003d80        0x4 CMakeFiles/BMS_STM32F103.elf.dir/BSW/MCAL/can/can.c.obj
                0x08003d80                USB_LP_CAN1_RX0_IRQHandler
 .text.CAN1_RX1_IRQHandler
                0x08003d84        0x4 CMakeFiles/BMS_STM32F103.elf.dir/BSW/MCAL/can/can.c.obj
                0x08003d84                CAN1_RX1_IRQHandler
 .text.USB_HP_CAN1_TX_IRQHandler
                0x08003d88        0x4 CMakeFiles/BMS_STM32F103.elf.dir/BSW/MCAL/can/can.c.obj
                0x08003d88                USB_HP_CAN1_TX_IRQHandler
 .text.CAN1_SCE_IRQHandler
                0x08003d8c        0x4 CMakeFiles/BMS_STM32F103.elf.dir/BSW/MCAL/can/can.c.obj
                0x08003d8c                CAN1_SCE_IRQHandler
 .text.tim_tick_init
                0x08003d90       0x5c CMakeFiles/BMS_STM32F103.elf.dir/BSW/MCAL/delay/delay.c.obj
                0x08003d90                tim_tick_init
 .text.TIM3_IRQHandler
                0x08003dec       0x44 CMakeFiles/BMS_STM32F103.elf.dir/BSW/MCAL/delay/delay.c.obj
                0x08003dec                TIM3_IRQHandler
 .text.I2C1_LockInit
                0x08003e30        0x2 CMakeFiles/BMS_STM32F103.elf.dir/BSW/MCAL/soft_i2c/soft_i2c.c.obj
 .text.delay_us
                0x08003e32       0x28 CMakeFiles/BMS_STM32F103.elf.dir/BSW/MCAL/soft_i2c/soft_i2c.c.obj
 *fill*         0x08003e5a        0x2 
 .text.I2C1_Unlock
                0x08003e5c        0xc CMakeFiles/BMS_STM32F103.elf.dir/BSW/MCAL/soft_i2c/soft_i2c.c.obj
 .text.I2C1_Lock
                0x08003e68       0x10 CMakeFiles/BMS_STM32F103.elf.dir/BSW/MCAL/soft_i2c/soft_i2c.c.obj
 .text.SDA_H    0x08003e78        0xa CMakeFiles/BMS_STM32F103.elf.dir/BSW/MCAL/soft_i2c/soft_i2c.c.obj
 .text.SCL_H    0x08003e82        0xa CMakeFiles/BMS_STM32F103.elf.dir/BSW/MCAL/soft_i2c/soft_i2c.c.obj
 .text.SDA_L    0x08003e8c        0xa CMakeFiles/BMS_STM32F103.elf.dir/BSW/MCAL/soft_i2c/soft_i2c.c.obj
 .text.I2C_Stop
                0x08003e96       0x2a CMakeFiles/BMS_STM32F103.elf.dir/BSW/MCAL/soft_i2c/soft_i2c.c.obj
 .text.SCL_L    0x08003ec0        0xa CMakeFiles/BMS_STM32F103.elf.dir/BSW/MCAL/soft_i2c/soft_i2c.c.obj
 .text.I2C_Restart
                0x08003eca       0x2a CMakeFiles/BMS_STM32F103.elf.dir/BSW/MCAL/soft_i2c/soft_i2c.c.obj
 .text.I2C_Start
                0x08003ef4       0x18 CMakeFiles/BMS_STM32F103.elf.dir/BSW/MCAL/soft_i2c/soft_i2c.c.obj
 .text.I2C_WriteByte
                0x08003f0c       0x9e CMakeFiles/BMS_STM32F103.elf.dir/BSW/MCAL/soft_i2c/soft_i2c.c.obj
 .text.I2C_SendAddress
                0x08003faa       0x42 CMakeFiles/BMS_STM32F103.elf.dir/BSW/MCAL/soft_i2c/soft_i2c.c.obj
 .text.I2C_TransferMessages
                0x08003fec      0x220 CMakeFiles/BMS_STM32F103.elf.dir/BSW/MCAL/soft_i2c/soft_i2c.c.obj
                0x08003fec                I2C_TransferMessages
 .text.I2C_BusInitialize
                0x0800420c       0x44 CMakeFiles/BMS_STM32F103.elf.dir/BSW/MCAL/soft_i2c/soft_i2c.c.obj
                0x0800420c                I2C_BusInitialize
 .text.USART1_Init
                0x08004250       0xc4 CMakeFiles/BMS_STM32F103.elf.dir/BSW/MCAL/usart/usart.c.obj
                0x08004250                USART1_Init
 .text.USART1_IRQHandler
                0x08004314       0x60 CMakeFiles/BMS_STM32F103.elf.dir/BSW/MCAL/usart/usart.c.obj
                0x08004314                USART1_IRQHandler
 .text.Com_Init
                0x08004374        0x2 CMakeFiles/BMS_STM32F103.elf.dir/BSW/SERVICES/Com.c.obj
                0x08004374                Com_Init
 *fill*         0x08004376        0x2 
 .text.Com_MainFunctionTx
                0x08004378       0x90 CMakeFiles/BMS_STM32F103.elf.dir/BSW/SERVICES/Com.c.obj
                0x08004378                Com_MainFunctionTx
 .text.Com_RxIndication
                0x08004408        0x8 CMakeFiles/BMS_STM32F103.elf.dir/BSW/SERVICES/Com.c.obj
                0x08004408                Com_RxIndication
 .text.Rte_Init
                0x08004410        0x4 CMakeFiles/BMS_STM32F103.elf.dir/RTE/Rte.c.obj
                0x08004410                Rte_Init
 .text.Rte_Start
                0x08004414        0x2 CMakeFiles/BMS_STM32F103.elf.dir/RTE/Rte.c.obj
                0x08004414                Rte_Start
 .text.Rte_MainFunction_ComRx
                0x08004416       0x1c CMakeFiles/BMS_STM32F103.elf.dir/RTE/Rte.c.obj
                0x08004416                Rte_MainFunction_ComRx
 .text.Rte_MainFunction_ComTx
                0x08004432        0x4 CMakeFiles/BMS_STM32F103.elf.dir/RTE/Rte.c.obj
                0x08004432                Rte_MainFunction_ComTx
 .text.Rte_Call_CanIf_Transmit
                0x08004436        0x4 CMakeFiles/BMS_STM32F103.elf.dir/RTE/Rte.c.obj
                0x08004436                Rte_Call_CanIf_Transmit
 *fill*         0x0800443a        0x2 
 .text.Reset_Handler
                0x0800443c       0x44 CMakeFiles/BMS_STM32F103.elf.dir/firmware/comsis/core/startup_stm32f10x_md_gcc.S.obj
                0x0800443c                Reset_Handler
 .text.Default_Handler
                0x08004480        0x2 CMakeFiles/BMS_STM32F103.elf.dir/firmware/comsis/core/startup_stm32f10x_md_gcc.S.obj
                0x08004480                EXTI2_IRQHandler
                0x08004480                TIM1_CC_IRQHandler
                0x08004480                SysTick_Handler
                0x08004480                PVD_IRQHandler
                0x08004480                EXTI3_IRQHandler
                0x08004480                EXTI0_IRQHandler
                0x08004480                I2C2_EV_IRQHandler
                0x08004480                ADC1_2_IRQHandler
                0x08004480                SPI1_IRQHandler
                0x08004480                TAMPER_IRQHandler
                0x08004480                DMA1_Channel4_IRQHandler
                0x08004480                USART3_IRQHandler
                0x08004480                RTC_IRQHandler
                0x08004480                DMA1_Channel7_IRQHandler
                0x08004480                TIM4_IRQHandler
                0x08004480                I2C1_EV_IRQHandler
                0x08004480                DMA1_Channel6_IRQHandler
                0x08004480                RCC_IRQHandler
                0x08004480                TIM1_TRG_COM_IRQHandler
                0x08004480                DMA1_Channel1_IRQHandler
                0x08004480                Default_Handler
                0x08004480                EXTI9_5_IRQHandler
                0x08004480                SPI2_IRQHandler
                0x08004480                SVC_Handler
                0x08004480                DMA1_Channel5_IRQHandler
                0x08004480                EXTI4_IRQHandler
                0x08004480                DMA1_Channel3_IRQHandler
                0x08004480                TIM1_UP_IRQHandler
                0x08004480                WWDG_IRQHandler
                0x08004480                TIM2_IRQHandler
                0x08004480                TIM1_BRK_IRQHandler
                0x08004480                EXTI1_IRQHandler
                0x08004480                RTCAlarm_IRQHandler
                0x08004480                USART2_IRQHandler
                0x08004480                I2C2_ER_IRQHandler
                0x08004480                DMA1_Channel2_IRQHandler
                0x08004480                FLASH_IRQHandler
                0x08004480                I2C1_ER_IRQHandler
                0x08004480                USBWakeUp_IRQHandler
 .text.NMI_Handler
                0x08004482        0x2 CMakeFiles/BMS_STM32F103.elf.dir/firmware/comsis/device/stm32f10x_it.c.obj
                0x08004482                NMI_Handler
 .text.MemManage_Handler
                0x08004484        0x2 CMakeFiles/BMS_STM32F103.elf.dir/firmware/comsis/device/stm32f10x_it.c.obj
                0x08004484                MemManage_Handler
 .text.BusFault_Handler
                0x08004486        0x2 CMakeFiles/BMS_STM32F103.elf.dir/firmware/comsis/device/stm32f10x_it.c.obj
                0x08004486                BusFault_Handler
 .text.UsageFault_Handler
                0x08004488        0x2 CMakeFiles/BMS_STM32F103.elf.dir/firmware/comsis/device/stm32f10x_it.c.obj
                0x08004488                UsageFault_Handler
 .text.DebugMon_Handler
                0x0800448a        0x2 CMakeFiles/BMS_STM32F103.elf.dir/firmware/comsis/device/stm32f10x_it.c.obj
                0x0800448a                DebugMon_Handler
 .text.SystemInit
                0x0800448c       0xf0 CMakeFiles/BMS_STM32F103.elf.dir/firmware/comsis/device/system_stm32f10x.c.obj
                0x0800448c                SystemInit
 .text.NVIC_PriorityGroupConfig
                0x0800457c       0x14 CMakeFiles/BMS_STM32F103.elf.dir/firmware/driver/src/misc.c.obj
                0x0800457c                NVIC_PriorityGroupConfig
 .text.NVIC_Init
                0x08004590       0x54 CMakeFiles/BMS_STM32F103.elf.dir/firmware/driver/src/misc.c.obj
                0x08004590                NVIC_Init
 .text.CAN_Init
                0x080045e4       0xd2 CMakeFiles/BMS_STM32F103.elf.dir/firmware/driver/src/stm32f10x_can.c.obj
                0x080045e4                CAN_Init
 *fill*         0x080046b6        0x2 
 .text.CAN_FilterInit
                0x080046b8       0xe0 CMakeFiles/BMS_STM32F103.elf.dir/firmware/driver/src/stm32f10x_can.c.obj
                0x080046b8                CAN_FilterInit
 .text.CAN_StructInit
                0x08004798       0x16 CMakeFiles/BMS_STM32F103.elf.dir/firmware/driver/src/stm32f10x_can.c.obj
                0x08004798                CAN_StructInit
 .text.CAN_Transmit
                0x080047ae       0x9c CMakeFiles/BMS_STM32F103.elf.dir/firmware/driver/src/stm32f10x_can.c.obj
                0x080047ae                CAN_Transmit
 *fill*         0x0800484a        0x2 
 .text.CAN_TransmitStatus
                0x0800484c       0x50 CMakeFiles/BMS_STM32F103.elf.dir/firmware/driver/src/stm32f10x_can.c.obj
                0x0800484c                CAN_TransmitStatus
 .text.CAN_Receive
                0x0800489c       0x96 CMakeFiles/BMS_STM32F103.elf.dir/firmware/driver/src/stm32f10x_can.c.obj
                0x0800489c                CAN_Receive
 .text.CAN_MessagePending
                0x08004932       0x16 CMakeFiles/BMS_STM32F103.elf.dir/firmware/driver/src/stm32f10x_can.c.obj
                0x08004932                CAN_MessagePending
 .text.CAN_OperatingModeRequest
                0x08004948       0x88 CMakeFiles/BMS_STM32F103.elf.dir/firmware/driver/src/stm32f10x_can.c.obj
                0x08004948                CAN_OperatingModeRequest
 .text.CAN_ITConfig
                0x080049d0       0x10 CMakeFiles/BMS_STM32F103.elf.dir/firmware/driver/src/stm32f10x_can.c.obj
                0x080049d0                CAN_ITConfig
 .text.CAN_GetITStatus
                0x080049e0       0xc8 CMakeFiles/BMS_STM32F103.elf.dir/firmware/driver/src/stm32f10x_can.c.obj
                0x080049e0                CAN_GetITStatus
 .text.CAN_ClearITPendingBit
                0x08004aa8       0x7c CMakeFiles/BMS_STM32F103.elf.dir/firmware/driver/src/stm32f10x_can.c.obj
                0x08004aa8                CAN_ClearITPendingBit
 .text.EXTI_Init
                0x08004b24       0x70 CMakeFiles/BMS_STM32F103.elf.dir/firmware/driver/src/stm32f10x_exti.c.obj
                0x08004b24                EXTI_Init
 .text.EXTI_GetITStatus
                0x08004b94       0x20 CMakeFiles/BMS_STM32F103.elf.dir/firmware/driver/src/stm32f10x_exti.c.obj
                0x08004b94                EXTI_GetITStatus
 .text.EXTI_ClearITPendingBit
                0x08004bb4        0xc CMakeFiles/BMS_STM32F103.elf.dir/firmware/driver/src/stm32f10x_exti.c.obj
                0x08004bb4                EXTI_ClearITPendingBit
 .text.GPIO_Init
                0x08004bc0       0xa2 CMakeFiles/BMS_STM32F103.elf.dir/firmware/driver/src/stm32f10x_gpio.c.obj
                0x08004bc0                GPIO_Init
 .text.GPIO_ReadInputDataBit
                0x08004c62        0xc CMakeFiles/BMS_STM32F103.elf.dir/firmware/driver/src/stm32f10x_gpio.c.obj
                0x08004c62                GPIO_ReadInputDataBit
 .text.GPIO_SetBits
                0x08004c6e        0x4 CMakeFiles/BMS_STM32F103.elf.dir/firmware/driver/src/stm32f10x_gpio.c.obj
                0x08004c6e                GPIO_SetBits
 .text.GPIO_ResetBits
                0x08004c72        0x4 CMakeFiles/BMS_STM32F103.elf.dir/firmware/driver/src/stm32f10x_gpio.c.obj
                0x08004c72                GPIO_ResetBits
 .text.GPIO_WriteBit
                0x08004c76        0xa CMakeFiles/BMS_STM32F103.elf.dir/firmware/driver/src/stm32f10x_gpio.c.obj
                0x08004c76                GPIO_WriteBit
 .text.GPIO_PinRemapConfig
                0x08004c80       0x64 CMakeFiles/BMS_STM32F103.elf.dir/firmware/driver/src/stm32f10x_gpio.c.obj
                0x08004c80                GPIO_PinRemapConfig
 .text.GPIO_EXTILineConfig
                0x08004ce4       0x2a CMakeFiles/BMS_STM32F103.elf.dir/firmware/driver/src/stm32f10x_gpio.c.obj
                0x08004ce4                GPIO_EXTILineConfig
 *fill*         0x08004d0e        0x2 
 .text.RCC_GetClocksFreq
                0x08004d10       0x80 CMakeFiles/BMS_STM32F103.elf.dir/firmware/driver/src/stm32f10x_rcc.c.obj
                0x08004d10                RCC_GetClocksFreq
 .text.RCC_APB2PeriphClockCmd
                0x08004d90       0x18 CMakeFiles/BMS_STM32F103.elf.dir/firmware/driver/src/stm32f10x_rcc.c.obj
                0x08004d90                RCC_APB2PeriphClockCmd
 .text.RCC_APB1PeriphClockCmd
                0x08004da8       0x18 CMakeFiles/BMS_STM32F103.elf.dir/firmware/driver/src/stm32f10x_rcc.c.obj
                0x08004da8                RCC_APB1PeriphClockCmd
 .text.TIM_TimeBaseInit
                0x08004dc0       0x90 CMakeFiles/BMS_STM32F103.elf.dir/firmware/driver/src/stm32f10x_tim.c.obj
                0x08004dc0                TIM_TimeBaseInit
 .text.TIM_Cmd  0x08004e50       0x12 CMakeFiles/BMS_STM32F103.elf.dir/firmware/driver/src/stm32f10x_tim.c.obj
                0x08004e50                TIM_Cmd
 .text.TIM_ITConfig
                0x08004e62       0x12 CMakeFiles/BMS_STM32F103.elf.dir/firmware/driver/src/stm32f10x_tim.c.obj
                0x08004e62                TIM_ITConfig
 .text.TIM_ClearFlag
                0x08004e74        0x6 CMakeFiles/BMS_STM32F103.elf.dir/firmware/driver/src/stm32f10x_tim.c.obj
                0x08004e74                TIM_ClearFlag
 .text.TIM_GetITStatus
                0x08004e7a       0x18 CMakeFiles/BMS_STM32F103.elf.dir/firmware/driver/src/stm32f10x_tim.c.obj
                0x08004e7a                TIM_GetITStatus
 .text.TIM_ClearITPendingBit
                0x08004e92        0x6 CMakeFiles/BMS_STM32F103.elf.dir/firmware/driver/src/stm32f10x_tim.c.obj
                0x08004e92                TIM_ClearITPendingBit
 .text.USART_Init
                0x08004e98       0x98 CMakeFiles/BMS_STM32F103.elf.dir/firmware/driver/src/stm32f10x_usart.c.obj
                0x08004e98                USART_Init
 .text.USART_Cmd
                0x08004f30       0x12 CMakeFiles/BMS_STM32F103.elf.dir/firmware/driver/src/stm32f10x_usart.c.obj
                0x08004f30                USART_Cmd
 .text.USART_ITConfig
                0x08004f42       0x32 CMakeFiles/BMS_STM32F103.elf.dir/firmware/driver/src/stm32f10x_usart.c.obj
                0x08004f42                USART_ITConfig
 .text.USART_SendData
                0x08004f74        0x8 CMakeFiles/BMS_STM32F103.elf.dir/firmware/driver/src/stm32f10x_usart.c.obj
                0x08004f74                USART_SendData
 .text.USART_ReceiveData
                0x08004f7c        0x8 CMakeFiles/BMS_STM32F103.elf.dir/firmware/driver/src/stm32f10x_usart.c.obj
                0x08004f7c                USART_ReceiveData
 .text.USART_GetFlagStatus
                0x08004f84        0xc CMakeFiles/BMS_STM32F103.elf.dir/firmware/driver/src/stm32f10x_usart.c.obj
                0x08004f84                USART_GetFlagStatus
 .text.USART_GetITStatus
                0x08004f90       0x3e CMakeFiles/BMS_STM32F103.elf.dir/firmware/driver/src/stm32f10x_usart.c.obj
                0x08004f90                USART_GetITStatus
 *fill*         0x08004fce        0x2 
 .text.clear    0x08004fd0       0x10 CMakeFiles/BMS_STM32F103.elf.dir/third_lib/rt-thread/components/finsh/cmd.c.obj
 .text.show_wait_queue
                0x08004fe0       0x30 CMakeFiles/BMS_STM32F103.elf.dir/third_lib/rt-thread/components/finsh/cmd.c.obj
 .text.version  0x08005010        0xa CMakeFiles/BMS_STM32F103.elf.dir/third_lib/rt-thread/components/finsh/cmd.c.obj
                0x08005010                version
 .text.list_get_next
                0x0800501a       0x5e CMakeFiles/BMS_STM32F103.elf.dir/third_lib/rt-thread/components/finsh/cmd.c.obj
 .text.object_split.constprop.0
                0x08005078       0x14 CMakeFiles/BMS_STM32F103.elf.dir/third_lib/rt-thread/components/finsh/cmd.c.obj
 .text.list_timer
                0x0800508c       0xec CMakeFiles/BMS_STM32F103.elf.dir/third_lib/rt-thread/components/finsh/cmd.c.obj
                0x0800508c                list_timer
 .text.list_thread
                0x08005178      0x140 CMakeFiles/BMS_STM32F103.elf.dir/third_lib/rt-thread/components/finsh/cmd.c.obj
                0x08005178                list_thread
 .text.list_mailbox
                0x080052b8       0xf4 CMakeFiles/BMS_STM32F103.elf.dir/third_lib/rt-thread/components/finsh/cmd.c.obj
                0x080052b8                list_mailbox
 .text.list_mutex
                0x080053ac       0xc8 CMakeFiles/BMS_STM32F103.elf.dir/third_lib/rt-thread/components/finsh/cmd.c.obj
                0x080053ac                list_mutex
 .text.list_sem
                0x08005474       0xec CMakeFiles/BMS_STM32F103.elf.dir/third_lib/rt-thread/components/finsh/cmd.c.obj
                0x08005474                list_sem
 .text.cmd_list
                0x08005560       0xc0 CMakeFiles/BMS_STM32F103.elf.dir/third_lib/rt-thread/components/finsh/cmd.c.obj
                0x08005560                cmd_list
 .text.msh_help
                0x08005620       0x40 CMakeFiles/BMS_STM32F103.elf.dir/third_lib/rt-thread/components/finsh/msh.c.obj
                0x08005620                msh_help
 .text.cmd_ps   0x08005660        0xa CMakeFiles/BMS_STM32F103.elf.dir/third_lib/rt-thread/components/finsh/msh.c.obj
                0x08005660                cmd_ps
 *fill*         0x0800566a        0x2 
 .text.cmd_free
                0x0800566c       0x50 CMakeFiles/BMS_STM32F103.elf.dir/third_lib/rt-thread/components/finsh/msh.c.obj
                0x0800566c                cmd_free
 .text.msh_exec
                0x080056bc      0x174 CMakeFiles/BMS_STM32F103.elf.dir/third_lib/rt-thread/components/finsh/msh.c.obj
                0x080056bc                msh_exec
 .text.msh_auto_complete
                0x08005830       0xa0 CMakeFiles/BMS_STM32F103.elf.dir/third_lib/rt-thread/components/finsh/msh.c.obj
                0x08005830                msh_auto_complete
 .text.finsh_get_prompt
                0x080058d0       0x50 CMakeFiles/BMS_STM32F103.elf.dir/third_lib/rt-thread/components/finsh/shell.c.obj
                0x080058d0                finsh_get_prompt
 .text.finsh_thread_entry
                0x08005920      0x2b8 CMakeFiles/BMS_STM32F103.elf.dir/third_lib/rt-thread/components/finsh/shell.c.obj
                0x08005920                finsh_thread_entry
 .text.finsh_set_prompt_mode
                0x08005bd8       0x30 CMakeFiles/BMS_STM32F103.elf.dir/third_lib/rt-thread/components/finsh/shell.c.obj
                0x08005bd8                finsh_set_prompt_mode
 .text.finsh_system_init
                0x08005c08       0x88 CMakeFiles/BMS_STM32F103.elf.dir/third_lib/rt-thread/components/finsh/shell.c.obj
                0x08005c08                finsh_system_init
 .text.rt_hw_stack_init
                0x08005c90       0x3c CMakeFiles/BMS_STM32F103.elf.dir/third_lib/rt-thread/libcpu/arm/cortex-m3/cpuport.c.obj
                0x08005c90                rt_hw_stack_init
 .text.rt_hw_hard_fault_exception
                0x08005ccc      0x304 CMakeFiles/BMS_STM32F103.elf.dir/third_lib/rt-thread/libcpu/arm/cortex-m3/cpuport.c.obj
                0x08005ccc                rt_hw_hard_fault_exception
 .text.rt_tick_get
                0x08005fd0        0xc CMakeFiles/BMS_STM32F103.elf.dir/third_lib/rt-thread/src/clock.c.obj
                0x08005fd0                rt_tick_get
 .text.rt_tick_increase
                0x08005fdc       0x4c CMakeFiles/BMS_STM32F103.elf.dir/third_lib/rt-thread/src/clock.c.obj
                0x08005fdc                rt_tick_increase
 .text.rt_tick_from_millisecond
                0x08006028        0x6 CMakeFiles/BMS_STM32F103.elf.dir/third_lib/rt-thread/src/clock.c.obj
                0x08006028                rt_tick_from_millisecond
 .text.rti_start
                0x0800602e        0x4 CMakeFiles/BMS_STM32F103.elf.dir/third_lib/rt-thread/src/components.c.obj
 .text.rti_board_start
                0x08006032        0x4 CMakeFiles/BMS_STM32F103.elf.dir/third_lib/rt-thread/src/components.c.obj
 .text.rti_board_end
                0x08006036        0x4 CMakeFiles/BMS_STM32F103.elf.dir/third_lib/rt-thread/src/components.c.obj
 .text.rti_end  0x0800603a        0x4 CMakeFiles/BMS_STM32F103.elf.dir/third_lib/rt-thread/src/components.c.obj
 *fill*         0x0800603e        0x2 
 .text.rt_components_board_init
                0x08006040       0x1c CMakeFiles/BMS_STM32F103.elf.dir/third_lib/rt-thread/src/components.c.obj
                0x08006040                rt_components_board_init
 .text.rt_components_init
                0x0800605c       0x1c CMakeFiles/BMS_STM32F103.elf.dir/third_lib/rt-thread/src/components.c.obj
                0x0800605c                rt_components_init
 .text.main_thread_entry
                0x08006078        0xe CMakeFiles/BMS_STM32F103.elf.dir/third_lib/rt-thread/src/components.c.obj
                0x08006078                main_thread_entry
 *fill*         0x08006086        0x2 
 .text.rt_application_init
                0x08006088       0x44 CMakeFiles/BMS_STM32F103.elf.dir/third_lib/rt-thread/src/components.c.obj
                0x08006088                rt_application_init
 .text.rtthread_startup
                0x080060cc       0x2a CMakeFiles/BMS_STM32F103.elf.dir/third_lib/rt-thread/src/components.c.obj
                0x080060cc                rtthread_startup
 .text.entry    0x080060f6        0x4 CMakeFiles/BMS_STM32F103.elf.dir/third_lib/rt-thread/src/components.c.obj
                0x080060f6                entry
 *fill*         0x080060fa        0x2 
 .text.rt_thread_defunct_enqueue
                0x080060fc       0x18 CMakeFiles/BMS_STM32F103.elf.dir/third_lib/rt-thread/src/idle.c.obj
                0x080060fc                rt_thread_defunct_enqueue
 .text.rt_thread_defunct_dequeue
                0x08006114       0x30 CMakeFiles/BMS_STM32F103.elf.dir/third_lib/rt-thread/src/idle.c.obj
                0x08006114                rt_thread_defunct_dequeue
 .text.rt_thread_idle_entry
                0x08006144       0x3e CMakeFiles/BMS_STM32F103.elf.dir/third_lib/rt-thread/src/idle.c.obj
 *fill*         0x08006182        0x2 
 .text.rt_thread_idle_init
                0x08006184       0x44 CMakeFiles/BMS_STM32F103.elf.dir/third_lib/rt-thread/src/idle.c.obj
                0x08006184                rt_thread_idle_init
 .text._ipc_list_resume.isra.0
                0x080061c8        0x6 CMakeFiles/BMS_STM32F103.elf.dir/third_lib/rt-thread/src/ipc.c.obj
 *fill*         0x080061ce        0x2 
 .text._ipc_list_suspend.isra.0
                0x080061d0       0x60 CMakeFiles/BMS_STM32F103.elf.dir/third_lib/rt-thread/src/ipc.c.obj
 .text.rt_sem_init
                0x08006230       0x64 CMakeFiles/BMS_STM32F103.elf.dir/third_lib/rt-thread/src/ipc.c.obj
                0x08006230                rt_sem_init
 .text.rt_sem_create
                0x08006294       0x7c CMakeFiles/BMS_STM32F103.elf.dir/third_lib/rt-thread/src/ipc.c.obj
                0x08006294                rt_sem_create
 .text.rt_sem_take
                0x08006310      0x120 CMakeFiles/BMS_STM32F103.elf.dir/third_lib/rt-thread/src/ipc.c.obj
                0x08006310                rt_sem_take
 .text.rt_sem_release
                0x08006430       0x7c CMakeFiles/BMS_STM32F103.elf.dir/third_lib/rt-thread/src/ipc.c.obj
                0x08006430                rt_sem_release
 .text.rt_mutex_init
                0x080064ac       0x40 CMakeFiles/BMS_STM32F103.elf.dir/third_lib/rt-thread/src/ipc.c.obj
                0x080064ac                rt_mutex_init
 .text.rt_mutex_create
                0x080064ec       0x5c CMakeFiles/BMS_STM32F103.elf.dir/third_lib/rt-thread/src/ipc.c.obj
                0x080064ec                rt_mutex_create
 .text.rt_mutex_take
                0x08006548      0x168 CMakeFiles/BMS_STM32F103.elf.dir/third_lib/rt-thread/src/ipc.c.obj
                0x08006548                rt_mutex_take
 .text.rt_mutex_release
                0x080066b0      0x12c CMakeFiles/BMS_STM32F103.elf.dir/third_lib/rt-thread/src/ipc.c.obj
                0x080066b0                rt_mutex_release
 .text.rt_mb_init
                0x080067dc       0x64 CMakeFiles/BMS_STM32F103.elf.dir/third_lib/rt-thread/src/ipc.c.obj
                0x080067dc                rt_mb_init
 .text.rt_mb_send_wait
                0x08006840      0x1a4 CMakeFiles/BMS_STM32F103.elf.dir/third_lib/rt-thread/src/ipc.c.obj
                0x08006840                rt_mb_send_wait
 .text.rt_mb_send
                0x080069e4        0x6 CMakeFiles/BMS_STM32F103.elf.dir/third_lib/rt-thread/src/ipc.c.obj
                0x080069e4                rt_mb_send
 *fill*         0x080069ea        0x2 
 .text.rt_mb_recv
                0x080069ec      0x1a8 CMakeFiles/BMS_STM32F103.elf.dir/third_lib/rt-thread/src/ipc.c.obj
                0x080069ec                rt_mb_recv
 .text.rt_interrupt_enter
                0x08006b94       0x1c CMakeFiles/BMS_STM32F103.elf.dir/third_lib/rt-thread/src/irq.c.obj
                0x08006b94                rt_interrupt_enter
 .text.rt_interrupt_leave
                0x08006bb0       0x1c CMakeFiles/BMS_STM32F103.elf.dir/third_lib/rt-thread/src/irq.c.obj
                0x08006bb0                rt_interrupt_leave
 .text.rt_interrupt_get_nest
                0x08006bcc       0x18 CMakeFiles/BMS_STM32F103.elf.dir/third_lib/rt-thread/src/irq.c.obj
                0x08006bcc                rt_interrupt_get_nest
 .text.print_number
                0x08006be4      0x170 CMakeFiles/BMS_STM32F103.elf.dir/third_lib/rt-thread/src/kservice.c.obj
 .text._heap_lock
                0x08006d54       0x1c CMakeFiles/BMS_STM32F103.elf.dir/third_lib/rt-thread/src/kservice.c.obj
 .text.rt_strerror
                0x08006d70       0x1c CMakeFiles/BMS_STM32F103.elf.dir/third_lib/rt-thread/src/kservice.c.obj
                0x08006d70                rt_strerror
 .text.rt_memset
                0x08006d8c       0x5c CMakeFiles/BMS_STM32F103.elf.dir/third_lib/rt-thread/src/kservice.c.obj
                0x08006d8c                rt_memset
 .text.rt_memcpy
                0x08006de8       0x8c CMakeFiles/BMS_STM32F103.elf.dir/third_lib/rt-thread/src/kservice.c.obj
                0x08006de8                rt_memcpy
 .text.rt_memmove
                0x08006e74       0x32 CMakeFiles/BMS_STM32F103.elf.dir/third_lib/rt-thread/src/kservice.c.obj
                0x08006e74                rt_memmove
 .text.rt_strncpy
                0x08006ea6       0x28 CMakeFiles/BMS_STM32F103.elf.dir/third_lib/rt-thread/src/kservice.c.obj
                0x08006ea6                rt_strncpy
 *fill*         0x08006ece        0x2 
 .text.rt_vsnprintf
                0x08006ed0      0x374 CMakeFiles/BMS_STM32F103.elf.dir/third_lib/rt-thread/src/kservice.c.obj
                0x08006ed0                rt_vsnprintf
 .text.rt_vsprintf
                0x08007244       0x10 CMakeFiles/BMS_STM32F103.elf.dir/third_lib/rt-thread/src/kservice.c.obj
                0x08007244                rt_vsprintf
 .text.rt_sprintf
                0x08007254       0x1a CMakeFiles/BMS_STM32F103.elf.dir/third_lib/rt-thread/src/kservice.c.obj
                0x08007254                rt_sprintf
 *fill*         0x0800726e        0x2 
 .text.rt_kprintf
                0x08007270       0x34 CMakeFiles/BMS_STM32F103.elf.dir/third_lib/rt-thread/src/kservice.c.obj
                0x08007270                rt_kprintf
 .text.rt_show_version
                0x080072a4       0x44 CMakeFiles/BMS_STM32F103.elf.dir/third_lib/rt-thread/src/kservice.c.obj
                0x080072a4                rt_show_version
 .text.__rt_ffs
                0x080072e8       0x3c CMakeFiles/BMS_STM32F103.elf.dir/third_lib/rt-thread/src/kservice.c.obj
                0x080072e8                __rt_ffs
 .text.rt_assert_handler
                0x08007324       0x38 CMakeFiles/BMS_STM32F103.elf.dir/third_lib/rt-thread/src/kservice.c.obj
                0x08007324                rt_assert_handler
 .text.rt_system_heap_init
                0x0800735c       0x50 CMakeFiles/BMS_STM32F103.elf.dir/third_lib/rt-thread/src/kservice.c.obj
                0x0800735c                rt_system_heap_init
 .text._heap_unlock
                0x080073ac       0x30 CMakeFiles/BMS_STM32F103.elf.dir/third_lib/rt-thread/src/kservice.c.obj
 .text.rt_malloc
                0x080073dc       0x24 CMakeFiles/BMS_STM32F103.elf.dir/third_lib/rt-thread/src/kservice.c.obj
                0x080073dc                rt_malloc
 .text.rt_calloc
                0x08007400       0x1c CMakeFiles/BMS_STM32F103.elf.dir/third_lib/rt-thread/src/kservice.c.obj
                0x08007400                rt_calloc
 .text.rt_free  0x0800741c       0x1e CMakeFiles/BMS_STM32F103.elf.dir/third_lib/rt-thread/src/kservice.c.obj
                0x0800741c                rt_free
 *fill*         0x0800743a        0x2 
 .text.rt_memory_info
                0x0800743c       0x38 CMakeFiles/BMS_STM32F103.elf.dir/third_lib/rt-thread/src/kservice.c.obj
                0x0800743c                rt_memory_info
 .text.plug_holes
                0x08007474       0x88 CMakeFiles/BMS_STM32F103.elf.dir/third_lib/rt-thread/src/mem.c.obj
 .text.rt_smem_init
                0x080074fc       0x88 CMakeFiles/BMS_STM32F103.elf.dir/third_lib/rt-thread/src/mem.c.obj
                0x080074fc                rt_smem_init
 .text.rt_smem_alloc
                0x08007584      0x140 CMakeFiles/BMS_STM32F103.elf.dir/third_lib/rt-thread/src/mem.c.obj
                0x08007584                rt_smem_alloc
 .text.rt_smem_free
                0x080076c4       0xf4 CMakeFiles/BMS_STM32F103.elf.dir/third_lib/rt-thread/src/mem.c.obj
                0x080076c4                rt_smem_free
 .text.rt_object_get_information
                0x080077b8       0x24 CMakeFiles/BMS_STM32F103.elf.dir/third_lib/rt-thread/src/object.c.obj
                0x080077b8                rt_object_get_information
 .text.rt_object_init
                0x080077dc       0x84 CMakeFiles/BMS_STM32F103.elf.dir/third_lib/rt-thread/src/object.c.obj
                0x080077dc                rt_object_init
 .text.rt_object_detach
                0x08007860       0x3c CMakeFiles/BMS_STM32F103.elf.dir/third_lib/rt-thread/src/object.c.obj
                0x08007860                rt_object_detach
 .text.rt_object_allocate
                0x0800789c       0x90 CMakeFiles/BMS_STM32F103.elf.dir/third_lib/rt-thread/src/object.c.obj
                0x0800789c                rt_object_allocate
 .text.rt_object_delete
                0x0800792c       0x58 CMakeFiles/BMS_STM32F103.elf.dir/third_lib/rt-thread/src/object.c.obj
                0x0800792c                rt_object_delete
 .text.rt_object_is_systemobject
                0x08007984       0x24 CMakeFiles/BMS_STM32F103.elf.dir/third_lib/rt-thread/src/object.c.obj
                0x08007984                rt_object_is_systemobject
 .text.rt_object_get_type
                0x080079a8       0x24 CMakeFiles/BMS_STM32F103.elf.dir/third_lib/rt-thread/src/object.c.obj
                0x080079a8                rt_object_get_type
 .text.rt_system_scheduler_init
                0x080079cc       0x2c CMakeFiles/BMS_STM32F103.elf.dir/third_lib/rt-thread/src/scheduler.c.obj
                0x080079cc                rt_system_scheduler_init
 .text.rt_schedule_insert_thread
                0x080079f8       0x8c CMakeFiles/BMS_STM32F103.elf.dir/third_lib/rt-thread/src/scheduler.c.obj
                0x080079f8                rt_schedule_insert_thread
 .text.rt_schedule_remove_thread
                0x08007a84       0x5c CMakeFiles/BMS_STM32F103.elf.dir/third_lib/rt-thread/src/scheduler.c.obj
                0x08007a84                rt_schedule_remove_thread
 .text.rt_system_scheduler_start
                0x08007ae0       0x3c CMakeFiles/BMS_STM32F103.elf.dir/third_lib/rt-thread/src/scheduler.c.obj
                0x08007ae0                rt_system_scheduler_start
 .text.rt_schedule
                0x08007b1c       0xe4 CMakeFiles/BMS_STM32F103.elf.dir/third_lib/rt-thread/src/scheduler.c.obj
                0x08007b1c                rt_schedule
 .text.rt_enter_critical
                0x08007c00       0x1c CMakeFiles/BMS_STM32F103.elf.dir/third_lib/rt-thread/src/scheduler.c.obj
                0x08007c00                rt_enter_critical
 .text.rt_exit_critical
                0x08007c1c       0x3c CMakeFiles/BMS_STM32F103.elf.dir/third_lib/rt-thread/src/scheduler.c.obj
                0x08007c1c                rt_exit_critical
 .text.rt_critical_level
                0x08007c58        0xc CMakeFiles/BMS_STM32F103.elf.dir/third_lib/rt-thread/src/scheduler.c.obj
                0x08007c58                rt_critical_level
 .text._thread_timeout
                0x08007c64       0x7c CMakeFiles/BMS_STM32F103.elf.dir/third_lib/rt-thread/src/thread.c.obj
 .text._thread_exit
                0x08007ce0       0x38 CMakeFiles/BMS_STM32F103.elf.dir/third_lib/rt-thread/src/thread.c.obj
 .text._thread_init.isra.0
                0x08007d18       0x84 CMakeFiles/BMS_STM32F103.elf.dir/third_lib/rt-thread/src/thread.c.obj
 .text.rt_thread_init
                0x08007d9c       0x64 CMakeFiles/BMS_STM32F103.elf.dir/third_lib/rt-thread/src/thread.c.obj
                0x08007d9c                rt_thread_init
 .text.rt_thread_self
                0x08007e00        0xc CMakeFiles/BMS_STM32F103.elf.dir/third_lib/rt-thread/src/thread.c.obj
                0x08007e00                rt_thread_self
 .text.rt_thread_detach
                0x08007e0c       0x84 CMakeFiles/BMS_STM32F103.elf.dir/third_lib/rt-thread/src/thread.c.obj
                0x08007e0c                rt_thread_detach
 .text.rt_thread_create
                0x08007e90       0x46 CMakeFiles/BMS_STM32F103.elf.dir/third_lib/rt-thread/src/thread.c.obj
                0x08007e90                rt_thread_create
 *fill*         0x08007ed6        0x2 
 .text.rt_thread_delete
                0x08007ed8       0x84 CMakeFiles/BMS_STM32F103.elf.dir/third_lib/rt-thread/src/thread.c.obj
                0x08007ed8                rt_thread_delete
 .text.rt_thread_suspend
                0x08007f5c       0x90 CMakeFiles/BMS_STM32F103.elf.dir/third_lib/rt-thread/src/thread.c.obj
                0x08007f5c                rt_thread_suspend
 .text.rt_thread_sleep
                0x08007fec       0x78 CMakeFiles/BMS_STM32F103.elf.dir/third_lib/rt-thread/src/thread.c.obj
                0x08007fec                rt_thread_sleep
 .text.rt_thread_delay
                0x08008064        0x4 CMakeFiles/BMS_STM32F103.elf.dir/third_lib/rt-thread/src/thread.c.obj
                0x08008064                rt_thread_delay
 .text.rt_thread_mdelay
                0x08008068        0xe CMakeFiles/BMS_STM32F103.elf.dir/third_lib/rt-thread/src/thread.c.obj
                0x08008068                rt_thread_mdelay
 *fill*         0x08008076        0x2 
 .text.rt_thread_resume
                0x08008078       0x74 CMakeFiles/BMS_STM32F103.elf.dir/third_lib/rt-thread/src/thread.c.obj
                0x08008078                rt_thread_resume
 .text.rt_thread_startup
                0x080080ec       0x74 CMakeFiles/BMS_STM32F103.elf.dir/third_lib/rt-thread/src/thread.c.obj
                0x080080ec                rt_thread_startup
 .text.rt_thread_control
                0x08008160       0xac CMakeFiles/BMS_STM32F103.elf.dir/third_lib/rt-thread/src/thread.c.obj
                0x08008160                rt_thread_control
 .text._timer_remove
                0x0800820c       0x12 CMakeFiles/BMS_STM32F103.elf.dir/third_lib/rt-thread/src/timer.c.obj
 *fill*         0x0800821e        0x2 
 .text.rt_timer_init
                0x08008220       0x78 CMakeFiles/BMS_STM32F103.elf.dir/third_lib/rt-thread/src/timer.c.obj
                0x08008220                rt_timer_init
 .text.rt_timer_detach
                0x08008298       0x70 CMakeFiles/BMS_STM32F103.elf.dir/third_lib/rt-thread/src/timer.c.obj
                0x08008298                rt_timer_detach
 .text.rt_timer_create
                0x08008308       0x60 CMakeFiles/BMS_STM32F103.elf.dir/third_lib/rt-thread/src/timer.c.obj
                0x08008308                rt_timer_create
 .text.rt_timer_start
                0x08008368       0xe0 CMakeFiles/BMS_STM32F103.elf.dir/third_lib/rt-thread/src/timer.c.obj
                0x08008368                rt_timer_start
 .text.rt_timer_stop
                0x08008448       0x60 CMakeFiles/BMS_STM32F103.elf.dir/third_lib/rt-thread/src/timer.c.obj
                0x08008448                rt_timer_stop
 .text.rt_timer_control
                0x080084a8       0x9c CMakeFiles/BMS_STM32F103.elf.dir/third_lib/rt-thread/src/timer.c.obj
                0x080084a8                rt_timer_control
 .text.rt_timer_check
                0x08008544       0x98 CMakeFiles/BMS_STM32F103.elf.dir/third_lib/rt-thread/src/timer.c.obj
                0x08008544                rt_timer_check
 .text.rt_soft_timer_check
                0x080085dc       0xb0 CMakeFiles/BMS_STM32F103.elf.dir/third_lib/rt-thread/src/timer.c.obj
                0x080085dc                rt_soft_timer_check
 .text._timer_thread_entry
                0x0800868c       0x44 CMakeFiles/BMS_STM32F103.elf.dir/third_lib/rt-thread/src/timer.c.obj
 .text.rt_system_timer_init
                0x080086d0        0xc CMakeFiles/BMS_STM32F103.elf.dir/third_lib/rt-thread/src/timer.c.obj
                0x080086d0                rt_system_timer_init
 .text.rt_system_timer_thread_init
                0x080086dc       0x48 CMakeFiles/BMS_STM32F103.elf.dir/third_lib/rt-thread/src/timer.c.obj
                0x080086dc                rt_system_timer_thread_init
 .text.log      0x08008724       0x6c D:/arm_gcc/bin/../lib/gcc/arm-none-eabi/15.2.1/../../../../arm-none-eabi/lib/thumb/v7-m/nofp\libm.a(libm_a-w_log.o)
                0x08008724                log
 .text.nan      0x08008790        0xc D:/arm_gcc/bin/../lib/gcc/arm-none-eabi/15.2.1/../../../../arm-none-eabi/lib/thumb/v7-m/nofp\libm.a(libm_a-s_nan.o)
                0x08008790                nan
 *fill*         0x0800879c        0x4 
 .text.__ieee754_log
                0x080087a0      0x3e0 D:/arm_gcc/bin/../lib/gcc/arm-none-eabi/15.2.1/../../../../arm-none-eabi/lib/thumb/v7-m/nofp\libm.a(libm_a-e_log.o)
                0x080087a0                __ieee754_log
 .text.atoi     0x08008b80        0x8 D:/arm_gcc/bin/../lib/gcc/arm-none-eabi/15.2.1/../../../../arm-none-eabi/lib/thumb/v7-m/nofp\libg_nano.a(libc_a-atoi.o)
                0x08008b80                atoi
 .text._strtol_l.isra.0
                0x08008b88       0xf4 D:/arm_gcc/bin/../lib/gcc/arm-none-eabi/15.2.1/../../../../arm-none-eabi/lib/thumb/v7-m/nofp\libg_nano.a(libc_a-strtol.o)
 .text.strtol   0x08008c7c       0x14 D:/arm_gcc/bin/../lib/gcc/arm-none-eabi/15.2.1/../../../../arm-none-eabi/lib/thumb/v7-m/nofp\libg_nano.a(libc_a-strtol.o)
                0x08008c7c                strtol
 .text.sprintf  0x08008c90       0x44 D:/arm_gcc/bin/../lib/gcc/arm-none-eabi/15.2.1/../../../../arm-none-eabi/lib/thumb/v7-m/nofp\libg_nano.a(libc_a-sprintf.o)
                0x08008c90                siprintf
                0x08008c90                sprintf
 .text.memset   0x08008cd4       0x10 D:/arm_gcc/bin/../lib/gcc/arm-none-eabi/15.2.1/../../../../arm-none-eabi/lib/thumb/v7-m/nofp\libg_nano.a(libc_a-memset.o)
                0x08008cd4                memset
 .text.strcat   0x08008ce4       0x1e D:/arm_gcc/bin/../lib/gcc/arm-none-eabi/15.2.1/../../../../arm-none-eabi/lib/thumb/v7-m/nofp\libg_nano.a(libc_a-strcat.o)
                0x08008ce4                strcat
 .text.strncmp  0x08008d02       0x24 D:/arm_gcc/bin/../lib/gcc/arm-none-eabi/15.2.1/../../../../arm-none-eabi/lib/thumb/v7-m/nofp\libg_nano.a(libc_a-strncmp.o)
                0x08008d02                strncmp
 .text.strncpy  0x08008d26       0x26 D:/arm_gcc/bin/../lib/gcc/arm-none-eabi/15.2.1/../../../../arm-none-eabi/lib/thumb/v7-m/nofp\libg_nano.a(libc_a-strncpy.o)
                0x08008d26                strncpy
 .text.__errno  0x08008d4c        0xc D:/arm_gcc/bin/../lib/gcc/arm-none-eabi/15.2.1/../../../../arm-none-eabi/lib/thumb/v7-m/nofp\libg_nano.a(libc_a-errno.o)
                0x08008d4c                __errno
 .text.__retarget_lock_acquire_recursive
                0x08008d58        0x2 D:/arm_gcc/bin/../lib/gcc/arm-none-eabi/15.2.1/../../../../arm-none-eabi/lib/thumb/v7-m/nofp\libg_nano.a(libc_a-lock.o)
                0x08008d58                __retarget_lock_acquire_recursive
 .text.__retarget_lock_release_recursive
                0x08008d5a        0x2 D:/arm_gcc/bin/../lib/gcc/arm-none-eabi/15.2.1/../../../../arm-none-eabi/lib/thumb/v7-m/nofp\libg_nano.a(libc_a-lock.o)
                0x08008d5a                __retarget_lock_release_recursive
 .text.strcpy   0x08008d5c       0x10 D:/arm_gcc/bin/../lib/gcc/arm-none-eabi/15.2.1/../../../../arm-none-eabi/lib/thumb/v7-m/nofp\libg_nano.a(libc_a-strcpy.o)
                0x08008d5c                strcpy
 .text._free_r  0x08008d6c       0x94 D:/arm_gcc/bin/../lib/gcc/arm-none-eabi/15.2.1/../../../../arm-none-eabi/lib/thumb/v7-m/nofp\libg_nano.a(libc_a-freer.o)
                0x08008d6c                _free_r
 .text.sbrk_aligned
                0x08008e00       0x44 D:/arm_gcc/bin/../lib/gcc/arm-none-eabi/15.2.1/../../../../arm-none-eabi/lib/thumb/v7-m/nofp\libg_nano.a(libc_a-mallocr.o)
 .text._malloc_r
                0x08008e44       0xf8 D:/arm_gcc/bin/../lib/gcc/arm-none-eabi/15.2.1/../../../../arm-none-eabi/lib/thumb/v7-m/nofp\libg_nano.a(libc_a-mallocr.o)
                0x08008e44                _malloc_r
 .text.__malloc_lock
                0x08008f3c        0xc D:/arm_gcc/bin/../lib/gcc/arm-none-eabi/15.2.1/../../../../arm-none-eabi/lib/thumb/v7-m/nofp\libg_nano.a(libc_a-mlock.o)
                0x08008f3c                __malloc_lock
 .text.__malloc_unlock
                0x08008f48        0xc D:/arm_gcc/bin/../lib/gcc/arm-none-eabi/15.2.1/../../../../arm-none-eabi/lib/thumb/v7-m/nofp\libg_nano.a(libc_a-mlock.o)
                0x08008f48                __malloc_unlock
 .text.__ssputs_r
                0x08008f54       0xc0 D:/arm_gcc/bin/../lib/gcc/arm-none-eabi/15.2.1/../../../../arm-none-eabi/lib/thumb/v7-m/nofp\libg_nano.a(libc_a-nano-svfprintf.o)
                0x08008f54                __ssputs_r
 .text._svfprintf_r
                0x08009014      0x1f0 D:/arm_gcc/bin/../lib/gcc/arm-none-eabi/15.2.1/../../../../arm-none-eabi/lib/thumb/v7-m/nofp\libg_nano.a(libc_a-nano-svfprintf.o)
                0x08009014                _svfiprintf_r
                0x08009014                _svfprintf_r
 .text._printf_common
                0x08009204       0xea D:/arm_gcc/bin/../lib/gcc/arm-none-eabi/15.2.1/../../../../arm-none-eabi/lib/thumb/v7-m/nofp\libg_nano.a(libc_a-nano-vfprintf_i.o)
                0x08009204                _printf_common
 *fill*         0x080092ee        0x2 
 .text._printf_i
                0x080092f0      0x254 D:/arm_gcc/bin/../lib/gcc/arm-none-eabi/15.2.1/../../../../arm-none-eabi/lib/thumb/v7-m/nofp\libg_nano.a(libc_a-nano-vfprintf_i.o)
                0x080092f0                _printf_i
 .text.memmove  0x08009544       0x32 D:/arm_gcc/bin/../lib/gcc/arm-none-eabi/15.2.1/../../../../arm-none-eabi/lib/thumb/v7-m/nofp\libg_nano.a(libc_a-memmove.o)
                0x08009544                memmove
 *fill*         0x08009576        0x2 
 .text._sbrk_r  0x08009578       0x20 D:/arm_gcc/bin/../lib/gcc/arm-none-eabi/15.2.1/../../../../arm-none-eabi/lib/thumb/v7-m/nofp\libg_nano.a(libc_a-sbrkr.o)
                0x08009578                _sbrk_r
 .text.memchr   0x08009598       0x1c D:/arm_gcc/bin/../lib/gcc/arm-none-eabi/15.2.1/../../../../arm-none-eabi/lib/thumb/v7-m/nofp\libg_nano.a(libc_a-memchr-stub.o)
                0x08009598                memchr
 .text.memcpy   0x080095b4       0x1c D:/arm_gcc/bin/../lib/gcc/arm-none-eabi/15.2.1/../../../../arm-none-eabi/lib/thumb/v7-m/nofp\libg_nano.a(libc_a-memcpy-stub.o)
                0x080095b4                memcpy
 .text._realloc_r
                0x080095d0       0x5c D:/arm_gcc/bin/../lib/gcc/arm-none-eabi/15.2.1/../../../../arm-none-eabi/lib/thumb/v7-m/nofp\libg_nano.a(libc_a-reallocr.o)
                0x080095d0                _realloc_r
 .text._malloc_usable_size_r
                0x0800962c       0x10 D:/arm_gcc/bin/../lib/gcc/arm-none-eabi/15.2.1/../../../../arm-none-eabi/lib/thumb/v7-m/nofp\libg_nano.a(libc_a-msizer.o)
                0x0800962c                _malloc_usable_size_r
 .text._sbrk    0x0800963c       0x1c D:/arm_gcc/bin/../lib/gcc/arm-none-eabi/15.2.1/../../../../arm-none-eabi/lib/thumb/v7-m/nofp\libnosys.a(sbrk.o)
                0x0800963c                _sbrk
 *(.rodata)
 *(.rodata*)
 .rodata.app_init.str1.1
                0x08009658     0x1a3f CMakeFiles/BMS_STM32F103.elf.dir/ASW/app.c.obj
                                 0x2f (size before relaxing)
 .rodata.name   0x0800b097       0x23 CMakeFiles/BMS_STM32F103.elf.dir/ASW/app.c.obj
                0x0800b097                __fsym_shell_test_desc
                0x0800b0af                __fsym_shell_test_name
 .rodata.BMS_AnalysisInit.str1.1
                0x0800b0ba        0x0 CMakeFiles/BMS_STM32F103.elf.dir/ASW/bms_app/bms_analysis.c.obj
                                 0x87 (size before relaxing)
 .rodata.BMS_BalanceTask.str1.1
                0x0800b0ba        0x0 CMakeFiles/BMS_STM32F103.elf.dir/ASW/bms_app/bms_balance.c.obj
                                 0x91 (size before relaxing)
 .rodata.BMS_BalanceInit.str1.1
                0x0800b0ba        0x0 CMakeFiles/BMS_STM32F103.elf.dir/ASW/bms_app/bms_balance.c.obj
                                 0xd9 (size before relaxing)
 .rodata.format_float_1.str1.1
                0x0800b0ba        0x0 CMakeFiles/BMS_STM32F103.elf.dir/ASW/bms_app/bms_info.c.obj
                                  0x6 (size before relaxing)
 .rodata.format_float_3.str1.1
                0x0800b0ba        0x0 CMakeFiles/BMS_STM32F103.elf.dir/ASW/bms_app/bms_info.c.obj
                                  0x8 (size before relaxing)
 .rodata.BMS_InfoTask.str1.1
                0x0800b0ba        0x0 CMakeFiles/BMS_STM32F103.elf.dir/ASW/bms_app/bms_info.c.obj
                                0x1e0 (size before relaxing)
 .rodata.BMS_InfoInit.str1.1
                0x0800b0ba        0x0 CMakeFiles/BMS_STM32F103.elf.dir/ASW/bms_app/bms_info.c.obj
                                 0x71 (size before relaxing)
 .rodata.str1.1
                0x0800b0ba        0x0 CMakeFiles/BMS_STM32F103.elf.dir/ASW/bms_app/bms_info.c.obj
                                 0x1f (size before relaxing)
 *fill*         0x0800b0ba        0x2 
 .rodata.CSWTCH.11
                0x0800b0bc       0x10 CMakeFiles/BMS_STM32F103.elf.dir/ASW/bms_app/bms_info.c.obj
 .rodata.BMS_MonitorInit.str1.1
                0x0800b0cc        0x0 CMakeFiles/BMS_STM32F103.elf.dir/ASW/bms_app/bms_monitor.c.obj
                                 0x82 (size before relaxing)
 .rodata.BMS_ProtectTask.str1.1
                0x0800b0cc        0x0 CMakeFiles/BMS_STM32F103.elf.dir/ASW/bms_app/bms_protect.c.obj
                                0x15c (size before relaxing)
 .rodata.BMS_ProtectInit.str1.1
                0x0800b0cc        0x0 CMakeFiles/BMS_STM32F103.elf.dir/ASW/bms_app/bms_protect.c.obj
                                 0x73 (size before relaxing)
 .rodata.BMS_ProtectHwOV.str1.1
                0x0800b0cc        0x0 CMakeFiles/BMS_STM32F103.elf.dir/ASW/bms_app/bms_protect.c.obj
                                 0x19 (size before relaxing)
 .rodata.BMS_ProtectHwOCD.str1.1
                0x0800b0cc        0x0 CMakeFiles/BMS_STM32F103.elf.dir/ASW/bms_app/bms_protect.c.obj
                                 0x1d (size before relaxing)
 .rodata.BMS_ProtectHwSCD.str1.1
                0x0800b0cc        0x0 CMakeFiles/BMS_STM32F103.elf.dir/ASW/bms_app/bms_protect.c.obj
                                 0x1d (size before relaxing)
 .rodata.BMS_ProtectHwUV.str1.1
                0x0800b0cc        0x0 CMakeFiles/BMS_STM32F103.elf.dir/ASW/bms_app/bms_protect.c.obj
                                 0x1c (size before relaxing)
 .rodata.BMS_CmdLoadDetect.str1.1
                0x0800b0cc        0x0 CMakeFiles/BMS_STM32F103.elf.dir/ASW/bms_config/bms_control.c.obj
                                 0x2e (size before relaxing)
 .rodata.name   0x0800b0cc      0x108 CMakeFiles/BMS_STM32F103.elf.dir/ASW/bms_config/bms_control.c.obj
                0x0800b0cc                __fsym_BMS_CmdCloseInfo_desc
                0x0800b0de                __fsym_BMS_CmdCloseInfo_name
                0x0800b0ef                __fsym_BMS_CmdOpenInfo_desc
                0x0800b100                __fsym_BMS_CmdOpenInfo_name
                0x0800b110                __fsym_BMS_CmdLoadDetect_desc
                0x0800b11c                __fsym_BMS_CmdLoadDetect_name
                0x0800b12e                __fsym_BMS_CmdCloseBalance_desc
                0x0800b13c                __fsym_BMS_CmdCloseBalance_name
                0x0800b150                __fsym_BMS_CmdOpenBalance_desc
                0x0800b15d                __fsym_BMS_CmdOpenBalance_name
                0x0800b170                __fsym_BMS_CmdCloseCHG_desc
                0x0800b17a                __fsym_BMS_CmdCloseCHG_name
                0x0800b18a                __fsym_BMS_CmdOpenCHG_desc
                0x0800b193                __fsym_BMS_CmdOpenCHG_name
                0x0800b1a2                __fsym_BMS_CmdCloseDSG_desc
                0x0800b1ac                __fsym_BMS_CmdCloseDSG_name
                0x0800b1bc                __fsym_BMS_CmdOpenDSG_desc
                0x0800b1c5                __fsym_BMS_CmdOpenDSG_name
 .rodata.BQ769X0_ReadRegisterWordWithCRC.str1.1
                0x0800b1d4        0x0 CMakeFiles/BMS_STM32F103.elf.dir/BSW/CDD/bq769/bq769.c.obj
                                 0x8a (size before relaxing)
 .rodata.BQ769X0_ReadBlockWithCRC.str1.1
                0x0800b1d4        0x0 CMakeFiles/BMS_STM32F103.elf.dir/BSW/CDD/bq769/bq769.c.obj
                                 0x6a (size before relaxing)
 .rodata.BQ769X0_WriteRegisterByteWithCRC.str1.1
                0x0800b1d4        0x0 CMakeFiles/BMS_STM32F103.elf.dir/BSW/CDD/bq769/bq769.c.obj
                                 0x22 (size before relaxing)
 .rodata.BQ769X0_ReadRegisterByteWithCRC.isra.0.str1.1
                0x0800b1d4        0x0 CMakeFiles/BMS_STM32F103.elf.dir/BSW/CDD/bq769/bq769.c.obj
                                 0x43 (size before relaxing)
 .rodata.BQ769X0_WriteBlockWithCRC.isra.0.str1.1
                0x0800b1d4        0x0 CMakeFiles/BMS_STM32F103.elf.dir/BSW/CDD/bq769/bq769.c.obj
                                 0x23 (size before relaxing)
 .rodata.BQ769X0_UpdateCellVolt.str1.1
                0x0800b1d4        0x0 CMakeFiles/BMS_STM32F103.elf.dir/BSW/CDD/bq769/bq769.c.obj
                                 0x19 (size before relaxing)
 .rodata.BQ769X0_UpdateTsTemp.str1.1
                0x0800b1d4        0x0 CMakeFiles/BMS_STM32F103.elf.dir/BSW/CDD/bq769/bq769.c.obj
                                 0x1c (size before relaxing)
 .rodata.BQ769X0_UpdateCurrent.str1.1
                0x0800b1d4        0x0 CMakeFiles/BMS_STM32F103.elf.dir/BSW/CDD/bq769/bq769.c.obj
                                 0x14 (size before relaxing)
 .rodata.BQ769X0_UpdateBatVolt.str1.1
                0x0800b1d4        0x0 CMakeFiles/BMS_STM32F103.elf.dir/BSW/CDD/bq769/bq769.c.obj
                                 0x1c (size before relaxing)
 .rodata.BQ769X0_Initialize.str1.1
                0x0800b1d4        0x0 CMakeFiles/BMS_STM32F103.elf.dir/BSW/CDD/bq769/bq769.c.obj
                                 0x60 (size before relaxing)
 .rodata.CanIf_Init.str1.1
                0x0800b1d4        0x0 CMakeFiles/BMS_STM32F103.elf.dir/BSW/ECUAL/CanIf.c.obj
                                  0x9 (size before relaxing)
 .rodata.I2C_TransferMessages.str1.1
                0x0800b1d4        0x0 CMakeFiles/BMS_STM32F103.elf.dir/BSW/MCAL/soft_i2c/soft_i2c.c.obj
                                 0x2e (size before relaxing)
 .rodata.USART1_Init.str1.1
                0x0800b1d4        0x0 CMakeFiles/BMS_STM32F103.elf.dir/BSW/MCAL/usart/usart.c.obj
                                  0x8 (size before relaxing)
 .rodata.ADCPrescTable
                0x0800b1d4        0x4 CMakeFiles/BMS_STM32F103.elf.dir/firmware/driver/src/stm32f10x_rcc.c.obj
 .rodata.APBAHBPrescTable
                0x0800b1d8       0x10 CMakeFiles/BMS_STM32F103.elf.dir/firmware/driver/src/stm32f10x_rcc.c.obj
 .rodata.clear.str1.1
                0x0800b1e8        0x0 CMakeFiles/BMS_STM32F103.elf.dir/third_lib/rt-thread/components/finsh/cmd.c.obj
                                  0x8 (size before relaxing)
 .rodata.show_wait_queue.str1.1
                0x0800b1e8        0x0 CMakeFiles/BMS_STM32F103.elf.dir/third_lib/rt-thread/components/finsh/cmd.c.obj
                                  0x7 (size before relaxing)
 .rodata.object_split.constprop.0.str1.1
                0x0800b1e8        0x0 CMakeFiles/BMS_STM32F103.elf.dir/third_lib/rt-thread/components/finsh/cmd.c.obj
                                  0x2 (size before relaxing)
 .rodata.list_timer.str1.1
                0x0800b1e8        0x0 CMakeFiles/BMS_STM32F103.elf.dir/third_lib/rt-thread/components/finsh/cmd.c.obj
                                 0xbe (size before relaxing)
 .rodata.list_thread.str1.1
                0x0800b1e8        0x0 CMakeFiles/BMS_STM32F103.elf.dir/third_lib/rt-thread/components/finsh/cmd.c.obj
                                 0xe7 (size before relaxing)
 .rodata.list_mailbox.str1.1
                0x0800b1e8        0x0 CMakeFiles/BMS_STM32F103.elf.dir/third_lib/rt-thread/components/finsh/cmd.c.obj
                                 0x73 (size before relaxing)
 .rodata.list_mutex.str1.1
                0x0800b1e8        0x0 CMakeFiles/BMS_STM32F103.elf.dir/third_lib/rt-thread/components/finsh/cmd.c.obj
                                 0x60 (size before relaxing)
 .rodata.list_sem.str1.1
                0x0800b1e8        0x0 CMakeFiles/BMS_STM32F103.elf.dir/third_lib/rt-thread/components/finsh/cmd.c.obj
                                 0x59 (size before relaxing)
 .rodata.cmd_list.str1.1
                0x0800b1e8        0x0 CMakeFiles/BMS_STM32F103.elf.dir/third_lib/rt-thread/components/finsh/cmd.c.obj
                                 0xac (size before relaxing)
 .rodata.name   0x0800b1e8       0xfc CMakeFiles/BMS_STM32F103.elf.dir/third_lib/rt-thread/components/finsh/cmd.c.obj
                0x0800b1e8                __fsym_list_desc
                0x0800b1f5                __fsym_list_name
                0x0800b1fa                __fsym_list_timer_desc
                0x0800b20f                __fsym_list_timer_name
                0x0800b21a                __fsym_list_mailbox_desc
                0x0800b232                __fsym_list_mailbox_name
                0x0800b23f                __fsym_list_mutex_desc
                0x0800b254                __fsym_list_mutex_name
                0x0800b25f                __fsym_list_sem_desc
                0x0800b278                __fsym_list_sem_name
                0x0800b281                __fsym_list_thread_desc
                0x0800b28d                __fsym_list_thread_name
                0x0800b299                __fsym_version_desc
                0x0800b2bc                __fsym_version_name
                0x0800b2c4                __fsym_clear_desc
                0x0800b2de                __fsym_clear_name
 .rodata.msh_help.str1.1
                0x0800b2e4        0x0 CMakeFiles/BMS_STM32F103.elf.dir/third_lib/rt-thread/components/finsh/msh.c.obj
                                 0x29 (size before relaxing)
 .rodata.cmd_free.str1.1
                0x0800b2e4        0x0 CMakeFiles/BMS_STM32F103.elf.dir/third_lib/rt-thread/components/finsh/msh.c.obj
                                 0x3c (size before relaxing)
 .rodata.msh_exec.str1.1
                0x0800b2e4        0x0 CMakeFiles/BMS_STM32F103.elf.dir/third_lib/rt-thread/components/finsh/msh.c.obj
                                 0x3a (size before relaxing)
 .rodata.msh_auto_complete.str1.1
                0x0800b2e4        0x0 CMakeFiles/BMS_STM32F103.elf.dir/third_lib/rt-thread/components/finsh/msh.c.obj
                                  0x4 (size before relaxing)
 .rodata.name   0x0800b2e4       0x64 CMakeFiles/BMS_STM32F103.elf.dir/third_lib/rt-thread/components/finsh/msh.c.obj
                0x0800b2e4                __fsym_free_desc
                0x0800b309                __fsym_free_name
                0x0800b30e                __fsym_ps_desc
                0x0800b32a                __fsym_ps_name
                0x0800b32d                __fsym_help_desc
                0x0800b343                __fsym_help_name
 .rodata.finsh_get_prompt.str1.1
                0x0800b348        0x0 CMakeFiles/BMS_STM32F103.elf.dir/third_lib/rt-thread/components/finsh/shell.c.obj
                                  0x7 (size before relaxing)
 .rodata.finsh_thread_entry.str1.1
                0x0800b348        0x0 CMakeFiles/BMS_STM32F103.elf.dir/third_lib/rt-thread/components/finsh/shell.c.obj
                                 0x1a (size before relaxing)
 .rodata.finsh_get_prompt_mode.str1.1
                0x0800b348        0x0 CMakeFiles/BMS_STM32F103.elf.dir/third_lib/rt-thread/components/finsh/shell.c.obj
                                 0x11 (size before relaxing)
 .rodata.finsh_system_init.str1.1
                0x0800b348        0x0 CMakeFiles/BMS_STM32F103.elf.dir/third_lib/rt-thread/components/finsh/shell.c.obj
                                 0x21 (size before relaxing)
 .rodata.__FUNCTION__.2
                0x0800b348       0x16 CMakeFiles/BMS_STM32F103.elf.dir/third_lib/rt-thread/components/finsh/shell.c.obj
 .rodata.rt_hw_hard_fault_exception.str1.1
                0x0800b35e        0x0 CMakeFiles/BMS_STM32F103.elf.dir/third_lib/rt-thread/libcpu/arm/cortex-m3/cpuport.c.obj
                                0x24e (size before relaxing)
 .rodata.rt_application_init.str1.1
                0x0800b35e        0x0 CMakeFiles/BMS_STM32F103.elf.dir/third_lib/rt-thread/src/components.c.obj
                                 0x14 (size before relaxing)
 .rodata.__FUNCTION__.0
                0x0800b35e       0x14 CMakeFiles/BMS_STM32F103.elf.dir/third_lib/rt-thread/src/components.c.obj
 .rodata.rt_thread_idle_init.str1.1
                0x0800b372        0x0 CMakeFiles/BMS_STM32F103.elf.dir/third_lib/rt-thread/src/idle.c.obj
                                  0x8 (size before relaxing)
 .rodata._ipc_list_suspend.isra.0.str1.1
                0x0800b372        0x0 CMakeFiles/BMS_STM32F103.elf.dir/third_lib/rt-thread/src/ipc.c.obj
                                  0x2 (size before relaxing)
 .rodata.rt_sem_init.str1.1
                0x0800b372        0x0 CMakeFiles/BMS_STM32F103.elf.dir/third_lib/rt-thread/src/ipc.c.obj
                                 0x59 (size before relaxing)
 .rodata.rt_sem_detach.str1.1
                0x0800b372        0x0 CMakeFiles/BMS_STM32F103.elf.dir/third_lib/rt-thread/src/ipc.c.obj
                                 0x74 (size before relaxing)
 .rodata.rt_sem_create.str1.1
                0x0800b372        0x0 CMakeFiles/BMS_STM32F103.elf.dir/third_lib/rt-thread/src/ipc.c.obj
                                 0x27 (size before relaxing)
 .rodata.rt_sem_take.str1.1
                0x0800b372        0x0 CMakeFiles/BMS_STM32F103.elf.dir/third_lib/rt-thread/src/ipc.c.obj
                                 0x61 (size before relaxing)
 .rodata.rt_mutex_init.str1.1
                0x0800b372        0x0 CMakeFiles/BMS_STM32F103.elf.dir/third_lib/rt-thread/src/ipc.c.obj
                                 0x11 (size before relaxing)
 .rodata.rt_mutex_detach.str1.1
                0x0800b372        0x0 CMakeFiles/BMS_STM32F103.elf.dir/third_lib/rt-thread/src/ipc.c.obj
                                 0x74 (size before relaxing)
 .rodata.rt_mb_init.str1.1