<html>
<body>
<pre>
<h1>�Vision Build Log</h1>
<h2>Tool Versions:</h2>
IDE-Version: ��Vision V5.38.0.0
Copyright (C) 2022 ARM Ltd and ARM Germany GmbH. All rights reserved.
License Information: 111 wanglaoban676@outlook.com, 111, LIC=FYKYW-QZZV9-DYFV3-AAIKF-B3KT4-74MS5
 
Tool Versions:
Toolchain:       MDK-ARM Plus  Version: 5.38.0.0
Toolchain Path:  D:\APP\keilv5\ARM\ARMCC\Bin
C Compiler:      Armcc.exe V5.06 update 6 (build 750)
Assembler:       Armasm.exe V5.06 update 6 (build 750)
Linker/Locator:  ArmLink.exe V5.06 update 6 (build 750)
Library Manager: ArmAr.exe V5.06 update 6 (build 750)
Hex Converter:   FromElf.exe V5.06 update 6 (build 750)
CPU DLL:         SARMCM3.DLL V5.38.0.0
Dialog DLL:      DCM.DLL V1.17.5.0
Target DLL:      STLink\ST-LINKIII-KEIL_SWO.dll V3.1.0.0
Dialog DLL:      TCM.DLL V1.56.4.0
 
<h2>Project:</h2>
D:\A_STM32_learn\F103\bms_rtthread_Cmake\mdk\project.uvprojx
Project File Date:  06/03/2026

<h2>Output:</h2>
*** Using Compiler 'V5.06 update 6 (build 750)', folder: 'D:\APP\keilv5\ARM\ARMCC\Bin'
Build target 'Target 1'
compiling bms_utils.c...
compiling bms_analysis.c...
compiling bms_info.c...
compiling bms_balance.c...
compiling board.c...
compiling main.c...
compiling usart.c...
compiling delay.c...
compiling Com_AppIf.c...
compiling bms_control.c...
compiling soft_i2c.c...
compiling can.c...
..\BSW\MCAL\can\can.c(9): warning:  #550-D: variable "g_canConfig"  was set but never used
  static const Can_ConfigType* g_canConfig = NULL;   // 全局配置指针，存储初始化时传入的配置
..\BSW\MCAL\can\can.c: 1 warning, 0 errors
compiling app.c...
..\ASW\app.c(141): warning:  #177-D: function "led_init"  was declared but never referenced
  static void led_init(void)
..\ASW\app.c: 1 warning, 0 errors
compiling bms_monitor.c...
..\ASW\bms_app\bms_monitor.c(53): warning:  #177-D: variable "CountSysModeSleep"  was declared but never referenced
  static uint16_t CountSysModeSleep = 0; // 系统模式切换睡眠计时器（ms�?
..\ASW\bms_app\bms_monitor.c: 1 warning, 0 errors
compiling bms_protect.c...
compiling CanIf.c...
compiling Com.c...
compiling EcuM.c...
compiling misc.c...
compiling Rte.c...
compiling stm32f10x_adc.c...
compiling stm32f10x_bkp.c...
compiling bq769.c...
..\BSW\CDD\bq769\bq769.c(285): warning:  #177-D: function "BQ769X0_WriteRegisterByte"  was declared but never referenced
  static bool BQ769X0_WriteRegisterByte(uint8_t Register, uint8_t data)
..\BSW\CDD\bq769\bq769.c(332): warning:  #177-D: function "BQ769X0_WriteRegisterWordWithCRC"  was declared but never referenced
  static bool BQ769X0_WriteRegisterWordWithCRC(uint8_t Register, uint16_t data)
..\BSW\CDD\bq769\bq769.c(398): warning:  #177-D: function "BQ769X0_ReadRegisterByte"  was declared but never referenced
  static bool BQ769X0_ReadRegisterByte(uint8_t Register, uint8_t *data)
..\BSW\CDD\bq769\bq769.c: 3 warnings, 0 errors
compiling stm32f10x_crc.c...
compiling stm32f10x_cec.c...
compiling stm32f10x_can.c...
compiling stm32f10x_dbgmcu.c...
compiling stm32f10x_dac.c...
compiling stm32f10x_dma.c...
compiling stm32f10x_exti.c...
compiling stm32f10x_fsmc.c...
compiling stm32f10x_flash.c...
compiling stm32f10x_gpio.c...
compiling stm32f10x_i2c.c...
compiling stm32f10x_iwdg.c...
compiling stm32f10x_pwr.c...
compiling stm32f10x_rcc.c...
compiling stm32f10x_sdio.c...
compiling stm32f10x_rtc.c...
compiling stm32f10x_spi.c...
compiling stm32f10x_wwdg.c...
compiling stm32f10x_usart.c...
compiling clock.c...
compiling stm32f10x_tim.c...
compiling core_cm3.c...
compiling stm32f10x_it.c...
compiling components.c...
compiling system_stm32f10x.c...
compiling cpu.c...
compiling device.c...
compiling idle.c...
compiling irq.c...
compiling ipc.c...
compiling mem.c...
compiling memheap.c...
compiling kservice.c...
compiling mempool.c...
compiling object.c...
compiling scheduler.c...
compiling slab.c...
compiling signal.c...
compiling thread.c...
compiling timer.c...
compiling cpuport.c...
compiling cmd.c...
compiling msh_file.c...
compiling msh.c...
compiling msh_parse.c...
compiling shell.c...
linking...
Program Size: Code=43166 RO-data=3630 RW-data=788 ZI-data=19140  
".\Objects\project.axf" - 0 Error(s), 6 Warning(s).

<h2>Software Packages used:</h2>

Package Vendor: Keil
                https://www.keil.com/pack/Keil.STM32F1xx_DFP.2.4.1.pack
                Keil.STM32F1xx_DFP.2.4.1
                STMicroelectronics STM32F1 Series Device Support, Drivers and Examples

<h2>Collection of Component include folders:</h2>
  D:/APP/keilv5/pack/Keil/STM32F1xx_DFP/2.4.1/Device/Include

<h2>Collection of Component Files used:</h2>
Build Time Elapsed:  00:00:06
</pre>
</body>
</html>
